2026-01-23 09:25:28,700 - INFO - device=cuda
2026-01-23 09:25:35,264 - INFO - routes: total=7502 train=6752 val=750 traj_len=256 max_way_len=160
2026-01-23 09:25:36,680 - INFO - init best_val_loss=1.055004 from current weights (epoch=0)
2026-01-23 09:25:41,196 - INFO - epoch=1 train_loss=0.1178 val_loss=0.0335
2026-01-23 09:25:44,953 - INFO - epoch=2 train_loss=0.0237 val_loss=0.0184
2026-01-23 09:25:48,741 - INFO - epoch=3 train_loss=0.0161 val_loss=0.0135
2026-01-23 09:25:52,523 - INFO - epoch=4 train_loss=0.0138 val_loss=0.0125
2026-01-23 09:25:56,330 - INFO - epoch=5 train_loss=0.0117 val_loss=0.0101
2026-01-23 09:26:00,149 - INFO - epoch=6 train_loss=0.0106 val_loss=0.0092
2026-01-23 09:26:03,925 - INFO - epoch=7 train_loss=0.0102 val_loss=0.0091
2026-01-23 09:26:07,719 - INFO - epoch=8 train_loss=0.0084 val_loss=0.0103
2026-01-23 09:26:11,414 - INFO - epoch=9 train_loss=0.0088 val_loss=0.0089
2026-01-23 09:26:15,189 - INFO - epoch=10 train_loss=0.0077 val_loss=0.0081
2026-01-23 09:26:18,963 - INFO - epoch=11 train_loss=0.0075 val_loss=0.0078
2026-01-23 09:26:22,761 - INFO - epoch=12 train_loss=0.0071 val_loss=0.0081
2026-01-23 09:26:26,473 - INFO - epoch=13 train_loss=0.0074 val_loss=0.0067
2026-01-23 09:26:30,266 - INFO - epoch=14 train_loss=0.0067 val_loss=0.0065
2026-01-23 09:26:34,043 - INFO - epoch=15 train_loss=0.0065 val_loss=0.0071
2026-01-23 09:26:37,766 - INFO - epoch=16 train_loss=0.0062 val_loss=0.0060
2026-01-23 09:26:41,563 - INFO - epoch=17 train_loss=0.0062 val_loss=0.0056
2026-01-23 09:26:45,344 - INFO - epoch=18 train_loss=0.0058 val_loss=0.0058
2026-01-23 09:26:49,076 - INFO - epoch=19 train_loss=0.0058 val_loss=0.0061
2026-01-23 09:26:52,764 - INFO - epoch=20 train_loss=0.0058 val_loss=0.0051
2026-01-23 09:26:56,752 - INFO - epoch=21 train_loss=0.0058 val_loss=0.0057
2026-01-23 09:27:00,435 - INFO - epoch=22 train_loss=0.0057 val_loss=0.0056
2026-01-23 09:27:04,123 - INFO - epoch=23 train_loss=0.0054 val_loss=0.0054
2026-01-23 09:27:07,833 - INFO - epoch=24 train_loss=0.0052 val_loss=0.0046
2026-01-23 09:27:11,598 - INFO - epoch=25 train_loss=0.0052 val_loss=0.0055
2026-01-23 09:27:15,288 - INFO - epoch=26 train_loss=0.0050 val_loss=0.0052
2026-01-23 09:27:18,972 - INFO - epoch=27 train_loss=0.0049 val_loss=0.0046
2026-01-23 09:27:22,658 - INFO - epoch=28 train_loss=0.0048 val_loss=0.0044
2026-01-23 09:27:26,462 - INFO - epoch=29 train_loss=0.0050 val_loss=0.0045
2026-01-23 09:27:30,154 - INFO - epoch=30 train_loss=0.0048 val_loss=0.0051
2026-01-23 09:27:33,864 - INFO - epoch=31 train_loss=0.0046 val_loss=0.0042
2026-01-23 09:27:37,639 - INFO - epoch=32 train_loss=0.0046 val_loss=0.0038
2026-01-23 09:27:41,427 - INFO - epoch=33 train_loss=0.0045 val_loss=0.0045
2026-01-23 09:27:45,147 - INFO - epoch=34 train_loss=0.0050 val_loss=0.0042
2026-01-23 09:27:48,879 - INFO - epoch=35 train_loss=0.0044 val_loss=0.0045
2026-01-23 09:27:52,618 - INFO - epoch=36 train_loss=0.0046 val_loss=0.0049
2026-01-23 09:27:56,337 - INFO - epoch=37 train_loss=0.0043 val_loss=0.0046
2026-01-23 09:28:00,026 - INFO - epoch=38 train_loss=0.0043 val_loss=0.0047
2026-01-23 09:28:03,723 - INFO - epoch=39 train_loss=0.0051 val_loss=0.0056
2026-01-23 09:28:07,425 - INFO - epoch=40 train_loss=0.0044 val_loss=0.0043
2026-01-23 09:28:11,411 - INFO - epoch=41 train_loss=0.0041 val_loss=0.0036
2026-01-23 09:28:15,231 - INFO - epoch=42 train_loss=0.0042 val_loss=0.0040
2026-01-23 09:28:18,917 - INFO - epoch=43 train_loss=0.0046 val_loss=0.0048
2026-01-23 09:28:22,631 - INFO - epoch=44 train_loss=0.0041 val_loss=0.0041
2026-01-23 09:28:26,338 - INFO - epoch=45 train_loss=0.0041 val_loss=0.0042
2026-01-23 09:28:30,058 - INFO - epoch=46 train_loss=0.0044 val_loss=0.0047
2026-01-23 09:28:33,755 - INFO - epoch=47 train_loss=0.0040 val_loss=0.0034
2026-01-23 09:28:37,598 - INFO - epoch=48 train_loss=0.0038 val_loss=0.0035
2026-01-23 09:28:41,313 - INFO - epoch=49 train_loss=0.0040 val_loss=0.0043
2026-01-23 09:28:45,003 - INFO - epoch=50 train_loss=0.0040 val_loss=0.0043
2026-01-23 09:28:48,718 - INFO - epoch=51 train_loss=0.0039 val_loss=0.0038
2026-01-23 09:28:52,423 - INFO - epoch=52 train_loss=0.0038 val_loss=0.0035
2026-01-23 09:28:56,142 - INFO - epoch=53 train_loss=0.0040 val_loss=0.0037
2026-01-23 09:28:59,885 - INFO - epoch=54 train_loss=0.0037 val_loss=0.0040
2026-01-23 09:29:03,586 - INFO - epoch=55 train_loss=0.0039 val_loss=0.0037
2026-01-23 09:29:07,331 - INFO - epoch=56 train_loss=0.0038 val_loss=0.0040
2026-01-23 09:29:11,035 - INFO - epoch=57 train_loss=0.0038 val_loss=0.0055
2026-01-23 09:29:14,732 - INFO - epoch=58 train_loss=0.0040 val_loss=0.0041
2026-01-23 09:29:18,427 - INFO - epoch=59 train_loss=0.0037 val_loss=0.0037
2026-01-23 09:29:22,133 - INFO - epoch=60 train_loss=0.0041 val_loss=0.0035
2026-01-23 09:29:26,139 - INFO - epoch=61 train_loss=0.0039 val_loss=0.0039
2026-01-23 09:29:29,817 - INFO - epoch=62 train_loss=0.0038 val_loss=0.0045
2026-01-23 09:29:33,559 - INFO - epoch=63 train_loss=0.0037 val_loss=0.0036
2026-01-23 09:29:37,281 - INFO - epoch=64 train_loss=0.0036 val_loss=0.0038
2026-01-23 09:29:40,963 - INFO - epoch=65 train_loss=0.0038 val_loss=0.0040
2026-01-23 09:29:44,657 - INFO - epoch=66 train_loss=0.0039 val_loss=0.0042
2026-01-23 09:29:48,352 - INFO - epoch=67 train_loss=0.0035 val_loss=0.0039
2026-01-23 09:29:52,094 - INFO - epoch=68 train_loss=0.0037 val_loss=0.0039
2026-01-23 09:29:55,806 - INFO - epoch=69 train_loss=0.0036 val_loss=0.0049
2026-01-23 09:29:59,507 - INFO - epoch=70 train_loss=0.0036 val_loss=0.0044
2026-01-23 09:30:03,203 - INFO - epoch=71 train_loss=0.0035 val_loss=0.0038
2026-01-23 09:30:06,931 - INFO - epoch=72 train_loss=0.0035 val_loss=0.0037
2026-01-23 09:30:10,628 - INFO - epoch=73 train_loss=0.0035 val_loss=0.0038
2026-01-23 09:30:14,346 - INFO - epoch=74 train_loss=0.0033 val_loss=0.0039
2026-01-23 09:30:18,060 - INFO - epoch=75 train_loss=0.0036 val_loss=0.0039
2026-01-23 09:30:21,780 - INFO - epoch=76 train_loss=0.0035 val_loss=0.0036
2026-01-23 09:30:25,488 - INFO - epoch=77 train_loss=0.0035 val_loss=0.0029
2026-01-23 09:30:29,309 - INFO - epoch=78 train_loss=0.0033 val_loss=0.0035
2026-01-23 09:30:33,032 - INFO - epoch=79 train_loss=0.0035 val_loss=0.0033
2026-01-23 09:30:36,767 - INFO - epoch=80 train_loss=0.0035 val_loss=0.0033
2026-01-23 09:30:40,782 - INFO - epoch=81 train_loss=0.0036 val_loss=0.0038
2026-01-23 09:30:44,482 - INFO - epoch=82 train_loss=0.0034 val_loss=0.0036
2026-01-23 09:30:48,193 - INFO - epoch=83 train_loss=0.0033 val_loss=0.0030
2026-01-23 09:30:51,941 - INFO - epoch=84 train_loss=0.0036 val_loss=0.0039
2026-01-23 09:30:55,698 - INFO - epoch=85 train_loss=0.0033 val_loss=0.0037
2026-01-23 09:30:59,423 - INFO - epoch=86 train_loss=0.0035 val_loss=0.0039
2026-01-23 09:31:03,112 - INFO - epoch=87 train_loss=0.0034 val_loss=0.0042
2026-01-23 09:31:06,833 - INFO - epoch=88 train_loss=0.0035 val_loss=0.0036
2026-01-23 09:31:10,521 - INFO - epoch=89 train_loss=0.0033 val_loss=0.0037
2026-01-23 09:31:14,250 - INFO - epoch=90 train_loss=0.0036 val_loss=0.0036
2026-01-23 09:31:17,942 - INFO - epoch=91 train_loss=0.0033 val_loss=0.0031
2026-01-23 09:31:21,653 - INFO - epoch=92 train_loss=0.0035 val_loss=0.0036
2026-01-23 09:31:25,345 - INFO - epoch=93 train_loss=0.0034 val_loss=0.0033
2026-01-23 09:31:29,059 - INFO - epoch=94 train_loss=0.0032 val_loss=0.0037
2026-01-23 09:31:32,788 - INFO - epoch=95 train_loss=0.0033 val_loss=0.0037
2026-01-23 09:31:36,497 - INFO - epoch=96 train_loss=0.0033 val_loss=0.0035
2026-01-23 09:31:40,208 - INFO - epoch=97 train_loss=0.0033 val_loss=0.0031
2026-01-23 09:31:43,933 - INFO - epoch=98 train_loss=0.0034 val_loss=0.0039
2026-01-23 09:31:47,631 - INFO - epoch=99 train_loss=0.0031 val_loss=0.0031
2026-01-23 09:31:51,361 - INFO - epoch=100 train_loss=0.0030 val_loss=0.0029
2026-01-23 09:31:55,462 - INFO - epoch=101 train_loss=0.0032 val_loss=0.0032
2026-01-23 09:31:59,177 - INFO - epoch=102 train_loss=0.0032 val_loss=0.0039
2026-01-23 09:32:02,883 - INFO - epoch=103 train_loss=0.0033 val_loss=0.0033
2026-01-23 09:32:06,584 - INFO - epoch=104 train_loss=0.0034 val_loss=0.0031
2026-01-23 09:32:10,290 - INFO - epoch=105 train_loss=0.0032 val_loss=0.0037
2026-01-23 09:32:14,004 - INFO - epoch=106 train_loss=0.0030 val_loss=0.0038
2026-01-23 09:32:17,689 - INFO - epoch=107 train_loss=0.0031 val_loss=0.0033
2026-01-23 09:32:21,391 - INFO - epoch=108 train_loss=0.0032 val_loss=0.0039
2026-01-23 09:32:25,090 - INFO - epoch=109 train_loss=0.0034 val_loss=0.0034
2026-01-23 09:32:28,801 - INFO - epoch=110 train_loss=0.0033 val_loss=0.0034
2026-01-23 09:32:32,495 - INFO - epoch=111 train_loss=0.0030 val_loss=0.0031
2026-01-23 09:32:36,214 - INFO - epoch=112 train_loss=0.0030 val_loss=0.0032
2026-01-23 09:32:39,912 - INFO - epoch=113 train_loss=0.0031 val_loss=0.0030
2026-01-23 09:32:43,605 - INFO - epoch=114 train_loss=0.0031 val_loss=0.0032
2026-01-23 09:32:47,337 - INFO - epoch=115 train_loss=0.0031 val_loss=0.0032
2026-01-23 09:32:51,041 - INFO - epoch=116 train_loss=0.0029 val_loss=0.0032
2026-01-23 09:32:54,744 - INFO - epoch=117 train_loss=0.0029 val_loss=0.0033
2026-01-23 09:32:58,481 - INFO - epoch=118 train_loss=0.0034 val_loss=0.0028
2026-01-23 09:33:02,276 - INFO - epoch=119 train_loss=0.0030 val_loss=0.0028
2026-01-23 09:33:05,979 - INFO - epoch=120 train_loss=0.0029 val_loss=0.0028
2026-01-23 09:33:09,975 - INFO - epoch=121 train_loss=0.0032 val_loss=0.0036
2026-01-23 09:33:13,681 - INFO - epoch=122 train_loss=0.0033 val_loss=0.0036
2026-01-23 09:33:17,373 - INFO - epoch=123 train_loss=0.0030 val_loss=0.0029
2026-01-23 09:33:21,074 - INFO - epoch=124 train_loss=0.0031 val_loss=0.0040
2026-01-23 09:33:24,777 - INFO - epoch=125 train_loss=0.0030 val_loss=0.0035
2026-01-23 09:33:28,505 - INFO - epoch=126 train_loss=0.0031 val_loss=0.0028
2026-01-23 09:33:32,285 - INFO - epoch=127 train_loss=0.0029 val_loss=0.0029
2026-01-23 09:33:36,021 - INFO - epoch=128 train_loss=0.0029 val_loss=0.0031
2026-01-23 09:33:39,722 - INFO - epoch=129 train_loss=0.0031 val_loss=0.0033
2026-01-23 09:33:43,442 - INFO - epoch=130 train_loss=0.0032 val_loss=0.0040
2026-01-23 09:33:47,128 - INFO - epoch=131 train_loss=0.0029 val_loss=0.0026
2026-01-23 09:33:50,943 - INFO - epoch=132 train_loss=0.0030 val_loss=0.0029
2026-01-23 09:33:54,664 - INFO - epoch=133 train_loss=0.0028 val_loss=0.0027
2026-01-23 09:33:58,397 - INFO - epoch=134 train_loss=0.0030 val_loss=0.0032
2026-01-23 09:34:02,087 - INFO - epoch=135 train_loss=0.0029 val_loss=0.0036
2026-01-23 09:34:05,794 - INFO - epoch=136 train_loss=0.0031 val_loss=0.0033
2026-01-23 09:34:09,500 - INFO - epoch=137 train_loss=0.0029 val_loss=0.0037
2026-01-23 09:34:13,207 - INFO - epoch=138 train_loss=0.0030 val_loss=0.0029
2026-01-23 09:34:16,899 - INFO - epoch=139 train_loss=0.0027 val_loss=0.0031
2026-01-23 09:34:20,589 - INFO - epoch=140 train_loss=0.0028 val_loss=0.0033
2026-01-23 09:34:24,572 - INFO - epoch=141 train_loss=0.0030 val_loss=0.0036
2026-01-23 09:34:28,277 - INFO - epoch=142 train_loss=0.0030 val_loss=0.0032
2026-01-23 09:34:32,003 - INFO - epoch=143 train_loss=0.0028 val_loss=0.0031
2026-01-23 09:34:35,727 - INFO - epoch=144 train_loss=0.0029 val_loss=0.0033
2026-01-23 09:34:39,426 - INFO - epoch=145 train_loss=0.0029 val_loss=0.0025
2026-01-23 09:34:43,233 - INFO - epoch=146 train_loss=0.0028 val_loss=0.0028
2026-01-23 09:34:46,917 - INFO - epoch=147 train_loss=0.0027 val_loss=0.0033
2026-01-23 09:34:50,615 - INFO - epoch=148 train_loss=0.0027 val_loss=0.0033
2026-01-23 09:34:54,315 - INFO - epoch=149 train_loss=0.0030 val_loss=0.0025
2026-01-23 09:34:58,027 - INFO - epoch=150 train_loss=0.0029 val_loss=0.0027
2026-01-23 09:35:01,732 - INFO - epoch=151 train_loss=0.0029 val_loss=0.0034
2026-01-23 09:35:05,441 - INFO - epoch=152 train_loss=0.0029 val_loss=0.0032
2026-01-23 09:35:09,133 - INFO - epoch=153 train_loss=0.0028 val_loss=0.0030
2026-01-23 09:35:12,836 - INFO - epoch=154 train_loss=0.0028 val_loss=0.0028
2026-01-23 09:35:16,557 - INFO - epoch=155 train_loss=0.0027 val_loss=0.0030
2026-01-23 09:35:20,267 - INFO - epoch=156 train_loss=0.0026 val_loss=0.0030
2026-01-23 09:35:23,950 - INFO - epoch=157 train_loss=0.0028 val_loss=0.0034
2026-01-23 09:35:27,663 - INFO - epoch=158 train_loss=0.0030 val_loss=0.0035
2026-01-23 09:35:31,364 - INFO - epoch=159 train_loss=0.0030 val_loss=0.0030
2026-01-23 09:35:35,086 - INFO - epoch=160 train_loss=0.0028 val_loss=0.0032
2026-01-23 09:35:39,074 - INFO - epoch=161 train_loss=0.0028 val_loss=0.0035
2026-01-23 09:35:42,777 - INFO - epoch=162 train_loss=0.0027 val_loss=0.0031
2026-01-23 09:35:46,507 - INFO - epoch=163 train_loss=0.0026 val_loss=0.0028
2026-01-23 09:35:50,195 - INFO - epoch=164 train_loss=0.0028 val_loss=0.0027
2026-01-23 09:35:53,888 - INFO - epoch=165 train_loss=0.0025 val_loss=0.0033
2026-01-23 09:35:57,615 - INFO - epoch=166 train_loss=0.0026 val_loss=0.0029
2026-01-23 09:36:01,322 - INFO - epoch=167 train_loss=0.0027 val_loss=0.0035
2026-01-23 09:36:05,012 - INFO - epoch=168 train_loss=0.0028 val_loss=0.0030
2026-01-23 09:36:08,723 - INFO - epoch=169 train_loss=0.0026 val_loss=0.0027
2026-01-23 09:36:12,435 - INFO - epoch=170 train_loss=0.0028 val_loss=0.0033
2026-01-23 09:36:16,146 - INFO - epoch=171 train_loss=0.0029 val_loss=0.0031
2026-01-23 09:36:19,854 - INFO - epoch=172 train_loss=0.0027 val_loss=0.0028
2026-01-23 09:36:23,584 - INFO - epoch=173 train_loss=0.0025 val_loss=0.0030
2026-01-23 09:36:27,301 - INFO - epoch=174 train_loss=0.0026 val_loss=0.0026
2026-01-23 09:36:30,989 - INFO - epoch=175 train_loss=0.0027 val_loss=0.0031
2026-01-23 09:36:34,686 - INFO - epoch=176 train_loss=0.0028 val_loss=0.0029
2026-01-23 09:36:38,429 - INFO - epoch=177 train_loss=0.0027 val_loss=0.0026
2026-01-23 09:36:42,189 - INFO - epoch=178 train_loss=0.0026 val_loss=0.0028
2026-01-23 09:36:45,957 - INFO - epoch=179 train_loss=0.0026 val_loss=0.0034
2026-01-23 09:36:49,679 - INFO - epoch=180 train_loss=0.0028 val_loss=0.0031
2026-01-23 09:36:53,686 - INFO - epoch=181 train_loss=0.0026 val_loss=0.0032
2026-01-23 09:36:57,415 - INFO - epoch=182 train_loss=0.0026 val_loss=0.0035
2026-01-23 09:37:01,115 - INFO - epoch=183 train_loss=0.0026 val_loss=0.0026
2026-01-23 09:37:04,802 - INFO - epoch=184 train_loss=0.0028 val_loss=0.0030
2026-01-23 09:37:08,498 - INFO - epoch=185 train_loss=0.0026 val_loss=0.0034
2026-01-23 09:37:12,191 - INFO - epoch=186 train_loss=0.0026 val_loss=0.0031
2026-01-23 09:37:15,881 - INFO - epoch=187 train_loss=0.0026 val_loss=0.0026
2026-01-23 09:37:19,611 - INFO - epoch=188 train_loss=0.0026 val_loss=0.0029
2026-01-23 09:37:23,331 - INFO - epoch=189 train_loss=0.0024 val_loss=0.0029
2026-01-23 09:37:27,044 - INFO - epoch=190 train_loss=0.0023 val_loss=0.0027
2026-01-23 09:37:30,742 - INFO - epoch=191 train_loss=0.0028 val_loss=0.0028
2026-01-23 09:37:34,440 - INFO - epoch=192 train_loss=0.0025 val_loss=0.0027
2026-01-23 09:37:38,157 - INFO - epoch=193 train_loss=0.0025 val_loss=0.0026
2026-01-23 09:37:41,866 - INFO - epoch=194 train_loss=0.0025 val_loss=0.0026
2026-01-23 09:37:45,597 - INFO - epoch=195 train_loss=0.0024 val_loss=0.0028
2026-01-23 09:37:49,276 - INFO - epoch=196 train_loss=0.0025 val_loss=0.0032
2026-01-23 09:37:52,993 - INFO - epoch=197 train_loss=0.0025 val_loss=0.0029
2026-01-23 09:37:56,689 - INFO - epoch=198 train_loss=0.0025 val_loss=0.0030
2026-01-23 09:38:00,377 - INFO - epoch=199 train_loss=0.0025 val_loss=0.0030
2026-01-23 09:38:04,078 - INFO - epoch=200 train_loss=0.0025 val_loss=0.0024
2026-01-23 09:38:08,196 - INFO - epoch=201 train_loss=0.0025 val_loss=0.0027
2026-01-23 09:38:11,906 - INFO - epoch=202 train_loss=0.0025 val_loss=0.0025
2026-01-23 09:38:15,594 - INFO - epoch=203 train_loss=0.0025 val_loss=0.0028
2026-01-23 09:38:19,298 - INFO - epoch=204 train_loss=0.0025 val_loss=0.0032
2026-01-23 09:38:22,975 - INFO - epoch=205 train_loss=0.0024 val_loss=0.0031
2026-01-23 09:38:26,668 - INFO - epoch=206 train_loss=0.0024 val_loss=0.0030
2026-01-23 09:38:30,354 - INFO - epoch=207 train_loss=0.0024 val_loss=0.0028
2026-01-23 09:38:34,068 - INFO - epoch=208 train_loss=0.0023 val_loss=0.0026
2026-01-23 09:38:37,798 - INFO - epoch=209 train_loss=0.0025 val_loss=0.0025
2026-01-23 09:38:41,517 - INFO - epoch=210 train_loss=0.0026 val_loss=0.0030
2026-01-23 09:38:45,229 - INFO - epoch=211 train_loss=0.0022 val_loss=0.0026
2026-01-23 09:38:48,933 - INFO - epoch=212 train_loss=0.0023 val_loss=0.0032
2026-01-23 09:38:52,666 - INFO - epoch=213 train_loss=0.0024 val_loss=0.0030
2026-01-23 09:38:56,411 - INFO - epoch=214 train_loss=0.0023 val_loss=0.0030
2026-01-23 09:39:00,089 - INFO - epoch=215 train_loss=0.0024 val_loss=0.0028
2026-01-23 09:39:03,808 - INFO - epoch=216 train_loss=0.0024 val_loss=0.0028
2026-01-23 09:39:07,535 - INFO - epoch=217 train_loss=0.0023 val_loss=0.0032
2026-01-23 09:39:11,228 - INFO - epoch=218 train_loss=0.0022 val_loss=0.0027
2026-01-23 09:39:14,922 - INFO - epoch=219 train_loss=0.0025 val_loss=0.0026
2026-01-23 09:39:18,625 - INFO - epoch=220 train_loss=0.0023 val_loss=0.0029
2026-01-23 09:39:22,598 - INFO - epoch=221 train_loss=0.0025 val_loss=0.0028
2026-01-23 09:39:26,332 - INFO - epoch=222 train_loss=0.0024 val_loss=0.0027
2026-01-23 09:39:30,037 - INFO - epoch=223 train_loss=0.0023 val_loss=0.0025
2026-01-23 09:39:33,754 - INFO - epoch=224 train_loss=0.0024 val_loss=0.0025
2026-01-23 09:39:37,451 - INFO - epoch=225 train_loss=0.0024 val_loss=0.0028
2026-01-23 09:39:41,150 - INFO - epoch=226 train_loss=0.0025 val_loss=0.0028
2026-01-23 09:39:44,847 - INFO - epoch=227 train_loss=0.0025 val_loss=0.0029
2026-01-23 09:39:48,538 - INFO - epoch=228 train_loss=0.0024 val_loss=0.0029
2026-01-23 09:39:52,221 - INFO - epoch=229 train_loss=0.0022 val_loss=0.0027
2026-01-23 09:39:55,959 - INFO - epoch=230 train_loss=0.0022 val_loss=0.0033
2026-01-23 09:39:59,657 - INFO - epoch=231 train_loss=0.0022 val_loss=0.0026
2026-01-23 09:40:03,358 - INFO - epoch=232 train_loss=0.0023 val_loss=0.0032
2026-01-23 09:40:07,094 - INFO - epoch=233 train_loss=0.0024 val_loss=0.0025
2026-01-23 09:40:10,792 - INFO - epoch=234 train_loss=0.0022 val_loss=0.0029
2026-01-23 09:40:14,513 - INFO - epoch=235 train_loss=0.0022 val_loss=0.0032
2026-01-23 09:40:18,229 - INFO - epoch=236 train_loss=0.0024 val_loss=0.0032
2026-01-23 09:40:21,938 - INFO - epoch=237 train_loss=0.0023 val_loss=0.0030
2026-01-23 09:40:25,647 - INFO - epoch=238 train_loss=0.0023 val_loss=0.0026
2026-01-23 09:40:29,336 - INFO - epoch=239 train_loss=0.0021 val_loss=0.0043
2026-01-23 09:40:33,028 - INFO - epoch=240 train_loss=0.0023 val_loss=0.0028
2026-01-23 09:40:37,059 - INFO - epoch=241 train_loss=0.0022 val_loss=0.0031
2026-01-23 09:40:40,751 - INFO - epoch=242 train_loss=0.0022 val_loss=0.0030
2026-01-23 09:40:44,473 - INFO - epoch=243 train_loss=0.0023 val_loss=0.0031
2026-01-23 09:40:48,159 - INFO - epoch=244 train_loss=0.0021 val_loss=0.0030
2026-01-23 09:40:51,850 - INFO - epoch=245 train_loss=0.0022 val_loss=0.0029
2026-01-23 09:40:55,544 - INFO - epoch=246 train_loss=0.0022 val_loss=0.0026
2026-01-23 09:40:59,238 - INFO - epoch=247 train_loss=0.0022 val_loss=0.0026
2026-01-23 09:41:02,931 - INFO - epoch=248 train_loss=0.0024 val_loss=0.0027
2026-01-23 09:41:06,640 - INFO - epoch=249 train_loss=0.0022 val_loss=0.0027
2026-01-23 09:41:10,365 - INFO - epoch=250 train_loss=0.0022 val_loss=0.0029
2026-01-23 09:41:14,078 - INFO - epoch=251 train_loss=0.0022 val_loss=0.0024
2026-01-23 09:41:17,774 - INFO - epoch=252 train_loss=0.0021 val_loss=0.0027
2026-01-23 09:41:21,482 - INFO - epoch=253 train_loss=0.0022 val_loss=0.0028
2026-01-23 09:41:25,196 - INFO - epoch=254 train_loss=0.0022 val_loss=0.0029
2026-01-23 09:41:28,910 - INFO - epoch=255 train_loss=0.0021 val_loss=0.0028
2026-01-23 09:41:32,604 - INFO - epoch=256 train_loss=0.0023 val_loss=0.0028
2026-01-23 09:41:36,317 - INFO - epoch=257 train_loss=0.0021 val_loss=0.0026
2026-01-23 09:41:40,030 - INFO - epoch=258 train_loss=0.0020 val_loss=0.0027
2026-01-23 09:41:43,727 - INFO - epoch=259 train_loss=0.0022 val_loss=0.0028
2026-01-23 09:41:47,416 - INFO - epoch=260 train_loss=0.0021 val_loss=0.0028
2026-01-23 09:41:51,428 - INFO - epoch=261 train_loss=0.0023 val_loss=0.0027
2026-01-23 09:41:55,150 - INFO - epoch=262 train_loss=0.0021 val_loss=0.0023
2026-01-23 09:41:58,929 - INFO - epoch=263 train_loss=0.0021 val_loss=0.0032
2026-01-23 09:42:02,629 - INFO - epoch=264 train_loss=0.0023 val_loss=0.0028
2026-01-23 09:42:06,320 - INFO - epoch=265 train_loss=0.0021 val_loss=0.0026
2026-01-23 09:42:10,022 - INFO - epoch=266 train_loss=0.0023 val_loss=0.0028
2026-01-23 09:42:13,736 - INFO - epoch=267 train_loss=0.0021 val_loss=0.0030
2026-01-23 09:42:17,432 - INFO - epoch=268 train_loss=0.0022 val_loss=0.0026
2026-01-23 09:42:21,145 - INFO - epoch=269 train_loss=0.0021 val_loss=0.0026
2026-01-23 09:42:24,849 - INFO - epoch=270 train_loss=0.0021 val_loss=0.0022
2026-01-23 09:42:28,669 - INFO - epoch=271 train_loss=0.0021 val_loss=0.0028
2026-01-23 09:42:32,375 - INFO - epoch=272 train_loss=0.0021 val_loss=0.0026
2026-01-23 09:42:36,087 - INFO - epoch=273 train_loss=0.0023 val_loss=0.0028
2026-01-23 09:42:39,780 - INFO - epoch=274 train_loss=0.0020 val_loss=0.0028
2026-01-23 09:42:43,494 - INFO - epoch=275 train_loss=0.0021 val_loss=0.0024
2026-01-23 09:42:47,186 - INFO - epoch=276 train_loss=0.0024 val_loss=0.0026
2026-01-23 09:42:50,918 - INFO - epoch=277 train_loss=0.0022 val_loss=0.0028
2026-01-23 09:42:54,629 - INFO - epoch=278 train_loss=0.0021 val_loss=0.0027
2026-01-23 09:42:58,326 - INFO - epoch=279 train_loss=0.0020 val_loss=0.0033
2026-01-23 09:43:02,033 - INFO - epoch=280 train_loss=0.0022 val_loss=0.0027
2026-01-23 09:43:06,032 - INFO - epoch=281 train_loss=0.0021 val_loss=0.0027
2026-01-23 09:43:09,735 - INFO - epoch=282 train_loss=0.0022 val_loss=0.0032
2026-01-23 09:43:13,422 - INFO - epoch=283 train_loss=0.0023 val_loss=0.0032
2026-01-23 09:43:17,151 - INFO - epoch=284 train_loss=0.0021 val_loss=0.0030
2026-01-23 09:43:20,864 - INFO - epoch=285 train_loss=0.0022 val_loss=0.0029
2026-01-23 09:43:24,580 - INFO - epoch=286 train_loss=0.0020 val_loss=0.0027
2026-01-23 09:43:28,289 - INFO - epoch=287 train_loss=0.0021 val_loss=0.0024
2026-01-23 09:43:32,018 - INFO - epoch=288 train_loss=0.0021 val_loss=0.0025
2026-01-23 09:43:35,745 - INFO - epoch=289 train_loss=0.0019 val_loss=0.0028
2026-01-23 09:43:39,460 - INFO - epoch=290 train_loss=0.0021 val_loss=0.0027
2026-01-23 09:43:43,157 - INFO - epoch=291 train_loss=0.0021 val_loss=0.0027
2026-01-23 09:43:46,840 - INFO - epoch=292 train_loss=0.0023 val_loss=0.0028
2026-01-23 09:43:50,558 - INFO - epoch=293 train_loss=0.0022 val_loss=0.0028
2026-01-23 09:43:54,255 - INFO - epoch=294 train_loss=0.0021 val_loss=0.0024
2026-01-23 09:43:57,989 - INFO - epoch=295 train_loss=0.0019 val_loss=0.0026
2026-01-23 09:44:01,718 - INFO - epoch=296 train_loss=0.0022 val_loss=0.0027
2026-01-23 09:44:05,429 - INFO - epoch=297 train_loss=0.0020 val_loss=0.0025
2026-01-23 09:44:09,131 - INFO - epoch=298 train_loss=0.0020 val_loss=0.0028
2026-01-23 09:44:12,829 - INFO - epoch=299 train_loss=0.0020 val_loss=0.0026
2026-01-23 09:44:16,530 - INFO - epoch=300 train_loss=0.0021 val_loss=0.0024
2026-01-23 09:44:20,492 - INFO - epoch=301 train_loss=0.0020 val_loss=0.0025
2026-01-23 09:44:24,225 - INFO - epoch=302 train_loss=0.0020 val_loss=0.0024
2026-01-23 09:44:27,937 - INFO - epoch=303 train_loss=0.0021 val_loss=0.0031
2026-01-23 09:44:31,645 - INFO - epoch=304 train_loss=0.0020 val_loss=0.0025
2026-01-23 09:44:35,364 - INFO - epoch=305 train_loss=0.0021 val_loss=0.0028
2026-01-23 09:44:39,096 - INFO - epoch=306 train_loss=0.0020 val_loss=0.0029
2026-01-23 09:44:42,797 - INFO - epoch=307 train_loss=0.0019 val_loss=0.0026
2026-01-23 09:44:46,529 - INFO - epoch=308 train_loss=0.0021 val_loss=0.0034
2026-01-23 09:44:50,227 - INFO - epoch=309 train_loss=0.0020 val_loss=0.0030
2026-01-23 09:44:53,909 - INFO - epoch=310 train_loss=0.0020 val_loss=0.0027
2026-01-23 09:44:57,639 - INFO - epoch=311 train_loss=0.0019 val_loss=0.0027
2026-01-23 09:45:01,329 - INFO - epoch=312 train_loss=0.0021 val_loss=0.0027
2026-01-23 09:45:05,042 - INFO - epoch=313 train_loss=0.0019 val_loss=0.0027
2026-01-23 09:45:08,741 - INFO - epoch=314 train_loss=0.0020 val_loss=0.0026
2026-01-23 09:45:12,425 - INFO - epoch=315 train_loss=0.0021 val_loss=0.0024
2026-01-23 09:45:16,137 - INFO - epoch=316 train_loss=0.0019 val_loss=0.0025
2026-01-23 09:45:19,833 - INFO - epoch=317 train_loss=0.0018 val_loss=0.0029
2026-01-23 09:45:23,560 - INFO - epoch=318 train_loss=0.0020 val_loss=0.0026
2026-01-23 09:45:27,274 - INFO - epoch=319 train_loss=0.0023 val_loss=0.0030
2026-01-23 09:45:30,971 - INFO - epoch=320 train_loss=0.0020 val_loss=0.0026
2026-01-23 09:45:34,955 - INFO - epoch=321 train_loss=0.0019 val_loss=0.0028
2026-01-23 09:45:38,657 - INFO - epoch=322 train_loss=0.0019 val_loss=0.0027
2026-01-23 09:45:42,394 - INFO - epoch=323 train_loss=0.0019 val_loss=0.0026
2026-01-23 09:45:46,105 - INFO - epoch=324 train_loss=0.0021 val_loss=0.0026
2026-01-23 09:45:49,807 - INFO - epoch=325 train_loss=0.0020 val_loss=0.0025
2026-01-23 09:45:53,525 - INFO - epoch=326 train_loss=0.0020 val_loss=0.0024
2026-01-23 09:45:57,217 - INFO - epoch=327 train_loss=0.0022 val_loss=0.0029
2026-01-23 09:46:00,926 - INFO - epoch=328 train_loss=0.0019 val_loss=0.0026
2026-01-23 09:46:04,620 - INFO - epoch=329 train_loss=0.0019 val_loss=0.0026
2026-01-23 09:46:08,315 - INFO - epoch=330 train_loss=0.0018 val_loss=0.0025
2026-01-23 09:46:12,004 - INFO - epoch=331 train_loss=0.0020 val_loss=0.0024
2026-01-23 09:46:15,702 - INFO - epoch=332 train_loss=0.0021 val_loss=0.0027
2026-01-23 09:46:19,408 - INFO - epoch=333 train_loss=0.0021 val_loss=0.0028
2026-01-23 09:46:23,106 - INFO - epoch=334 train_loss=0.0020 val_loss=0.0023
2026-01-23 09:46:26,815 - INFO - epoch=335 train_loss=0.0019 val_loss=0.0026
2026-01-23 09:46:30,496 - INFO - epoch=336 train_loss=0.0019 val_loss=0.0025
2026-01-23 09:46:34,208 - INFO - epoch=337 train_loss=0.0019 val_loss=0.0026
2026-01-23 09:46:37,901 - INFO - epoch=338 train_loss=0.0018 val_loss=0.0025
2026-01-23 09:46:41,595 - INFO - epoch=339 train_loss=0.0018 val_loss=0.0027
2026-01-23 09:46:45,310 - INFO - epoch=340 train_loss=0.0022 val_loss=0.0025
2026-01-23 09:46:49,337 - INFO - epoch=341 train_loss=0.0020 val_loss=0.0024
2026-01-23 09:46:53,038 - INFO - epoch=342 train_loss=0.0019 val_loss=0.0026
2026-01-23 09:46:56,723 - INFO - epoch=343 train_loss=0.0020 val_loss=0.0024
2026-01-23 09:47:00,427 - INFO - epoch=344 train_loss=0.0019 val_loss=0.0027
2026-01-23 09:47:04,104 - INFO - epoch=345 train_loss=0.0019 val_loss=0.0026
2026-01-23 09:47:07,828 - INFO - epoch=346 train_loss=0.0019 val_loss=0.0026
2026-01-23 09:47:11,518 - INFO - epoch=347 train_loss=0.0021 val_loss=0.0028
2026-01-23 09:47:15,220 - INFO - epoch=348 train_loss=0.0020 val_loss=0.0030
2026-01-23 09:47:18,915 - INFO - epoch=349 train_loss=0.0020 val_loss=0.0026
2026-01-23 09:47:22,616 - INFO - epoch=350 train_loss=0.0018 val_loss=0.0024
2026-01-23 09:47:26,319 - INFO - epoch=351 train_loss=0.0018 val_loss=0.0028
2026-01-23 09:47:30,021 - INFO - epoch=352 train_loss=0.0019 val_loss=0.0026
2026-01-23 09:47:33,744 - INFO - epoch=353 train_loss=0.0019 val_loss=0.0026
2026-01-23 09:47:37,427 - INFO - epoch=354 train_loss=0.0019 val_loss=0.0028
2026-01-23 09:47:41,139 - INFO - epoch=355 train_loss=0.0019 val_loss=0.0027
2026-01-23 09:47:44,849 - INFO - epoch=356 train_loss=0.0017 val_loss=0.0024
2026-01-23 09:47:48,573 - INFO - epoch=357 train_loss=0.0018 val_loss=0.0026
2026-01-23 09:47:52,310 - INFO - epoch=358 train_loss=0.0018 val_loss=0.0028
2026-01-23 09:47:56,033 - INFO - epoch=359 train_loss=0.0019 val_loss=0.0026
2026-01-23 09:47:59,746 - INFO - epoch=360 train_loss=0.0017 val_loss=0.0027
2026-01-23 09:48:03,751 - INFO - epoch=361 train_loss=0.0018 val_loss=0.0023
2026-01-23 09:48:07,458 - INFO - epoch=362 train_loss=0.0019 val_loss=0.0025
2026-01-23 09:48:11,172 - INFO - epoch=363 train_loss=0.0021 val_loss=0.0027
2026-01-23 09:48:14,876 - INFO - epoch=364 train_loss=0.0019 val_loss=0.0027
2026-01-23 09:48:18,577 - INFO - epoch=365 train_loss=0.0019 val_loss=0.0027
2026-01-23 09:48:22,275 - INFO - epoch=366 train_loss=0.0017 val_loss=0.0025
2026-01-23 09:48:25,964 - INFO - epoch=367 train_loss=0.0018 val_loss=0.0026
2026-01-23 09:48:29,666 - INFO - epoch=368 train_loss=0.0019 val_loss=0.0026
2026-01-23 09:48:33,361 - INFO - epoch=369 train_loss=0.0019 val_loss=0.0029
2026-01-23 09:48:37,065 - INFO - epoch=370 train_loss=0.0018 val_loss=0.0025
2026-01-23 09:48:40,818 - INFO - epoch=371 train_loss=0.0018 val_loss=0.0022
2026-01-23 09:48:44,508 - INFO - epoch=372 train_loss=0.0019 val_loss=0.0026
2026-01-23 09:48:48,210 - INFO - epoch=373 train_loss=0.0017 val_loss=0.0022
2026-01-23 09:48:52,008 - INFO - epoch=374 train_loss=0.0017 val_loss=0.0025
2026-01-23 09:48:55,722 - INFO - epoch=375 train_loss=0.0020 val_loss=0.0023
2026-01-23 09:48:59,430 - INFO - epoch=376 train_loss=0.0019 val_loss=0.0026
2026-01-23 09:49:03,133 - INFO - epoch=377 train_loss=0.0019 val_loss=0.0033
2026-01-23 09:49:06,839 - INFO - epoch=378 train_loss=0.0020 val_loss=0.0024
2026-01-23 09:49:10,531 - INFO - epoch=379 train_loss=0.0017 val_loss=0.0022
2026-01-23 09:49:14,254 - INFO - epoch=380 train_loss=0.0018 val_loss=0.0024
2026-01-23 09:49:18,250 - INFO - epoch=381 train_loss=0.0017 val_loss=0.0025
2026-01-23 09:49:21,944 - INFO - epoch=382 train_loss=0.0018 val_loss=0.0025
2026-01-23 09:49:25,655 - INFO - epoch=383 train_loss=0.0019 val_loss=0.0028
2026-01-23 09:49:29,367 - INFO - epoch=384 train_loss=0.0018 val_loss=0.0026
2026-01-23 09:49:33,062 - INFO - epoch=385 train_loss=0.0018 val_loss=0.0029
2026-01-23 09:49:36,756 - INFO - epoch=386 train_loss=0.0019 val_loss=0.0031
2026-01-23 09:49:40,490 - INFO - epoch=387 train_loss=0.0018 val_loss=0.0033
2026-01-23 09:49:44,212 - INFO - epoch=388 train_loss=0.0017 val_loss=0.0023
2026-01-23 09:49:47,921 - INFO - epoch=389 train_loss=0.0018 val_loss=0.0029
2026-01-23 09:49:51,635 - INFO - epoch=390 train_loss=0.0017 val_loss=0.0027
2026-01-23 09:49:55,358 - INFO - epoch=391 train_loss=0.0018 val_loss=0.0027
2026-01-23 09:49:59,089 - INFO - epoch=392 train_loss=0.0017 val_loss=0.0025
2026-01-23 09:50:02,793 - INFO - epoch=393 train_loss=0.0017 val_loss=0.0026
2026-01-23 09:50:06,518 - INFO - epoch=394 train_loss=0.0017 val_loss=0.0028
2026-01-23 09:50:10,255 - INFO - epoch=395 train_loss=0.0017 val_loss=0.0029
2026-01-23 09:50:13,969 - INFO - epoch=396 train_loss=0.0017 val_loss=0.0028
2026-01-23 09:50:17,661 - INFO - epoch=397 train_loss=0.0019 val_loss=0.0023
2026-01-23 09:50:21,370 - INFO - epoch=398 train_loss=0.0017 val_loss=0.0030
2026-01-23 09:50:25,053 - INFO - epoch=399 train_loss=0.0018 val_loss=0.0029
2026-01-23 09:50:28,755 - INFO - epoch=400 train_loss=0.0018 val_loss=0.0025
2026-01-23 09:50:32,710 - INFO - epoch=401 train_loss=0.0018 val_loss=0.0030
2026-01-23 09:50:36,403 - INFO - epoch=402 train_loss=0.0017 val_loss=0.0026
2026-01-23 09:50:40,096 - INFO - epoch=403 train_loss=0.0017 val_loss=0.0027
2026-01-23 09:50:43,807 - INFO - epoch=404 train_loss=0.0017 val_loss=0.0021
2026-01-23 09:50:47,619 - INFO - epoch=405 train_loss=0.0019 val_loss=0.0029
2026-01-23 09:50:51,337 - INFO - epoch=406 train_loss=0.0017 val_loss=0.0026
2026-01-23 09:50:55,055 - INFO - epoch=407 train_loss=0.0018 val_loss=0.0026
2026-01-23 09:50:58,763 - INFO - epoch=408 train_loss=0.0017 val_loss=0.0022
2026-01-23 09:51:02,514 - INFO - epoch=409 train_loss=0.0017 val_loss=0.0026
2026-01-23 09:51:06,240 - INFO - epoch=410 train_loss=0.0016 val_loss=0.0026
2026-01-23 09:51:09,938 - INFO - epoch=411 train_loss=0.0015 val_loss=0.0024
2026-01-23 09:51:13,645 - INFO - epoch=412 train_loss=0.0017 val_loss=0.0027
2026-01-23 09:51:17,363 - INFO - epoch=413 train_loss=0.0017 val_loss=0.0027
2026-01-23 09:51:21,060 - INFO - epoch=414 train_loss=0.0019 val_loss=0.0026
2026-01-23 09:51:24,780 - INFO - epoch=415 train_loss=0.0019 val_loss=0.0027
2026-01-23 09:51:28,475 - INFO - epoch=416 train_loss=0.0018 val_loss=0.0024
2026-01-23 09:51:32,167 - INFO - epoch=417 train_loss=0.0017 val_loss=0.0027
2026-01-23 09:51:35,857 - INFO - epoch=418 train_loss=0.0017 val_loss=0.0028
2026-01-23 09:51:39,585 - INFO - epoch=419 train_loss=0.0017 val_loss=0.0029
2026-01-23 09:51:43,303 - INFO - epoch=420 train_loss=0.0017 val_loss=0.0025
2026-01-23 09:51:47,261 - INFO - epoch=421 train_loss=0.0019 val_loss=0.0027
2026-01-23 09:51:50,987 - INFO - epoch=422 train_loss=0.0018 val_loss=0.0024
2026-01-23 09:51:54,688 - INFO - epoch=423 train_loss=0.0015 val_loss=0.0025
2026-01-23 09:51:58,393 - INFO - epoch=424 train_loss=0.0016 val_loss=0.0025
2026-01-23 09:52:02,093 - INFO - epoch=425 train_loss=0.0019 val_loss=0.0026
2026-01-23 09:52:05,802 - INFO - epoch=426 train_loss=0.0018 val_loss=0.0029
2026-01-23 09:52:09,490 - INFO - epoch=427 train_loss=0.0018 val_loss=0.0028
2026-01-23 09:52:13,202 - INFO - epoch=428 train_loss=0.0019 val_loss=0.0026
2026-01-23 09:52:16,916 - INFO - epoch=429 train_loss=0.0018 val_loss=0.0026
2026-01-23 09:52:20,633 - INFO - epoch=430 train_loss=0.0017 val_loss=0.0027
2026-01-23 09:52:24,342 - INFO - epoch=431 train_loss=0.0017 val_loss=0.0026
2026-01-23 09:52:28,029 - INFO - epoch=432 train_loss=0.0018 val_loss=0.0026
2026-01-23 09:52:31,730 - INFO - epoch=433 train_loss=0.0016 val_loss=0.0022
2026-01-23 09:52:35,430 - INFO - epoch=434 train_loss=0.0017 val_loss=0.0027
2026-01-23 09:52:39,142 - INFO - epoch=435 train_loss=0.0018 val_loss=0.0026
2026-01-23 09:52:42,843 - INFO - epoch=436 train_loss=0.0017 val_loss=0.0024
2026-01-23 09:52:46,556 - INFO - epoch=437 train_loss=0.0017 val_loss=0.0024
2026-01-23 09:52:50,244 - INFO - epoch=438 train_loss=0.0017 val_loss=0.0028
2026-01-23 09:52:53,950 - INFO - epoch=439 train_loss=0.0017 val_loss=0.0024
2026-01-23 09:52:57,638 - INFO - epoch=440 train_loss=0.0016 val_loss=0.0028
2026-01-23 09:53:01,590 - INFO - epoch=441 train_loss=0.0016 val_loss=0.0026
2026-01-23 09:53:05,310 - INFO - epoch=442 train_loss=0.0017 val_loss=0.0028
2026-01-23 09:53:09,022 - INFO - epoch=443 train_loss=0.0017 val_loss=0.0029
2026-01-23 09:53:12,719 - INFO - epoch=444 train_loss=0.0017 val_loss=0.0024
2026-01-23 09:53:16,432 - INFO - epoch=445 train_loss=0.0018 val_loss=0.0027
2026-01-23 09:53:20,147 - INFO - epoch=446 train_loss=0.0017 val_loss=0.0025
2026-01-23 09:53:23,859 - INFO - epoch=447 train_loss=0.0018 val_loss=0.0028
2026-01-23 09:53:27,577 - INFO - epoch=448 train_loss=0.0016 val_loss=0.0023
2026-01-23 09:53:31,282 - INFO - epoch=449 train_loss=0.0017 val_loss=0.0024
2026-01-23 09:53:34,973 - INFO - epoch=450 train_loss=0.0017 val_loss=0.0025
2026-01-23 09:53:38,674 - INFO - epoch=451 train_loss=0.0017 val_loss=0.0024
2026-01-23 09:53:42,381 - INFO - epoch=452 train_loss=0.0017 val_loss=0.0030
2026-01-23 09:53:46,078 - INFO - epoch=453 train_loss=0.0017 val_loss=0.0029
2026-01-23 09:53:49,792 - INFO - epoch=454 train_loss=0.0016 val_loss=0.0025
2026-01-23 09:53:53,494 - INFO - epoch=455 train_loss=0.0017 val_loss=0.0024
2026-01-23 09:53:57,191 - INFO - epoch=456 train_loss=0.0017 val_loss=0.0026
2026-01-23 09:54:00,893 - INFO - epoch=457 train_loss=0.0017 val_loss=0.0025
2026-01-23 09:54:04,598 - INFO - epoch=458 train_loss=0.0016 val_loss=0.0028
2026-01-23 09:54:08,300 - INFO - epoch=459 train_loss=0.0016 val_loss=0.0025
2026-01-23 09:54:12,012 - INFO - epoch=460 train_loss=0.0017 val_loss=0.0025
2026-01-23 09:54:16,010 - INFO - epoch=461 train_loss=0.0017 val_loss=0.0028
2026-01-23 09:54:19,720 - INFO - epoch=462 train_loss=0.0017 val_loss=0.0027
2026-01-23 09:54:23,420 - INFO - epoch=463 train_loss=0.0017 val_loss=0.0028
2026-01-23 09:54:27,119 - INFO - epoch=464 train_loss=0.0017 val_loss=0.0024
2026-01-23 09:54:30,881 - INFO - epoch=465 train_loss=0.0017 val_loss=0.0028
2026-01-23 09:54:34,571 - INFO - epoch=466 train_loss=0.0017 val_loss=0.0027
2026-01-23 09:54:38,261 - INFO - epoch=467 train_loss=0.0017 val_loss=0.0026
2026-01-23 09:54:41,991 - INFO - epoch=468 train_loss=0.0018 val_loss=0.0028
2026-01-23 09:54:45,701 - INFO - epoch=469 train_loss=0.0017 val_loss=0.0024
2026-01-23 09:54:49,399 - INFO - epoch=470 train_loss=0.0018 val_loss=0.0027
2026-01-23 09:54:53,119 - INFO - epoch=471 train_loss=0.0017 val_loss=0.0024
2026-01-23 09:54:56,836 - INFO - epoch=472 train_loss=0.0017 val_loss=0.0025
2026-01-23 09:55:00,555 - INFO - epoch=473 train_loss=0.0016 val_loss=0.0026
2026-01-23 09:55:04,263 - INFO - epoch=474 train_loss=0.0018 val_loss=0.0027
2026-01-23 09:55:07,952 - INFO - epoch=475 train_loss=0.0016 val_loss=0.0021
2026-01-23 09:55:11,658 - INFO - epoch=476 train_loss=0.0015 val_loss=0.0023
2026-01-23 09:55:15,372 - INFO - epoch=477 train_loss=0.0016 val_loss=0.0026
2026-01-23 09:55:19,067 - INFO - epoch=478 train_loss=0.0017 val_loss=0.0024
2026-01-23 09:55:22,773 - INFO - epoch=479 train_loss=0.0016 val_loss=0.0027
2026-01-23 09:55:26,463 - INFO - epoch=480 train_loss=0.0016 val_loss=0.0026
2026-01-23 09:55:30,436 - INFO - epoch=481 train_loss=0.0017 val_loss=0.0028
2026-01-23 09:55:34,148 - INFO - epoch=482 train_loss=0.0017 val_loss=0.0028
2026-01-23 09:55:37,848 - INFO - epoch=483 train_loss=0.0016 val_loss=0.0024
2026-01-23 09:55:41,569 - INFO - epoch=484 train_loss=0.0019 val_loss=0.0027
2026-01-23 09:55:45,258 - INFO - epoch=485 train_loss=0.0015 val_loss=0.0028
2026-01-23 09:55:48,948 - INFO - epoch=486 train_loss=0.0017 val_loss=0.0028
2026-01-23 09:55:52,651 - INFO - epoch=487 train_loss=0.0014 val_loss=0.0031
2026-01-23 09:55:56,355 - INFO - epoch=488 train_loss=0.0016 val_loss=0.0027
2026-01-23 09:56:00,064 - INFO - epoch=489 train_loss=0.0016 val_loss=0.0027
2026-01-23 09:56:03,796 - INFO - epoch=490 train_loss=0.0016 val_loss=0.0032
2026-01-23 09:56:07,502 - INFO - epoch=491 train_loss=0.0017 val_loss=0.0024
2026-01-23 09:56:11,216 - INFO - epoch=492 train_loss=0.0017 val_loss=0.0026
2026-01-23 09:56:14,908 - INFO - epoch=493 train_loss=0.0017 val_loss=0.0028
2026-01-23 09:56:18,630 - INFO - epoch=494 train_loss=0.0017 val_loss=0.0028
2026-01-23 09:56:22,348 - INFO - epoch=495 train_loss=0.0015 val_loss=0.0026
2026-01-23 09:56:26,062 - INFO - epoch=496 train_loss=0.0017 val_loss=0.0026
2026-01-23 09:56:29,789 - INFO - epoch=497 train_loss=0.0015 val_loss=0.0024
2026-01-23 09:56:33,493 - INFO - epoch=498 train_loss=0.0016 val_loss=0.0025
2026-01-23 09:56:37,188 - INFO - epoch=499 train_loss=0.0017 val_loss=0.0025
2026-01-23 09:56:40,904 - INFO - epoch=500 train_loss=0.0017 val_loss=0.0028
2026-01-23 09:56:44,965 - INFO - epoch=501 train_loss=0.0016 val_loss=0.0026
2026-01-23 09:56:48,709 - INFO - epoch=502 train_loss=0.0015 val_loss=0.0023
2026-01-23 09:56:52,423 - INFO - epoch=503 train_loss=0.0015 val_loss=0.0024
2026-01-23 09:56:56,147 - INFO - epoch=504 train_loss=0.0016 val_loss=0.0024
2026-01-23 09:56:59,846 - INFO - epoch=505 train_loss=0.0016 val_loss=0.0026
2026-01-23 09:57:03,551 - INFO - epoch=506 train_loss=0.0016 val_loss=0.0026
2026-01-23 09:57:07,242 - INFO - epoch=507 train_loss=0.0016 val_loss=0.0027
2026-01-23 09:57:10,945 - INFO - epoch=508 train_loss=0.0015 val_loss=0.0023
2026-01-23 09:57:14,630 - INFO - epoch=509 train_loss=0.0015 val_loss=0.0022
2026-01-23 09:57:18,319 - INFO - epoch=510 train_loss=0.0016 val_loss=0.0024
2026-01-23 09:57:22,012 - INFO - epoch=511 train_loss=0.0017 val_loss=0.0028
2026-01-23 09:57:25,708 - INFO - epoch=512 train_loss=0.0015 val_loss=0.0023
2026-01-23 09:57:29,417 - INFO - epoch=513 train_loss=0.0019 val_loss=0.0023
2026-01-23 09:57:33,118 - INFO - epoch=514 train_loss=0.0015 val_loss=0.0028
2026-01-23 09:57:36,831 - INFO - epoch=515 train_loss=0.0017 val_loss=0.0023
2026-01-23 09:57:40,548 - INFO - epoch=516 train_loss=0.0016 val_loss=0.0027
2026-01-23 09:57:44,269 - INFO - epoch=517 train_loss=0.0015 val_loss=0.0026
2026-01-23 09:57:47,972 - INFO - epoch=518 train_loss=0.0015 val_loss=0.0032
2026-01-23 09:57:51,713 - INFO - epoch=519 train_loss=0.0016 val_loss=0.0022
2026-01-23 09:57:55,414 - INFO - epoch=520 train_loss=0.0016 val_loss=0.0021
2026-01-23 09:57:59,501 - INFO - epoch=521 train_loss=0.0016 val_loss=0.0024
2026-01-23 09:58:03,207 - INFO - epoch=522 train_loss=0.0016 val_loss=0.0024
2026-01-23 09:58:06,948 - INFO - epoch=523 train_loss=0.0014 val_loss=0.0025
2026-01-23 09:58:10,656 - INFO - epoch=524 train_loss=0.0015 val_loss=0.0027
2026-01-23 09:58:14,353 - INFO - epoch=525 train_loss=0.0016 val_loss=0.0024
2026-01-23 09:58:18,041 - INFO - epoch=526 train_loss=0.0016 val_loss=0.0024
2026-01-23 09:58:21,751 - INFO - epoch=527 train_loss=0.0015 val_loss=0.0026
2026-01-23 09:58:25,489 - INFO - epoch=528 train_loss=0.0015 val_loss=0.0025
2026-01-23 09:58:29,209 - INFO - epoch=529 train_loss=0.0015 val_loss=0.0024
2026-01-23 09:58:32,911 - INFO - epoch=530 train_loss=0.0015 val_loss=0.0021
2026-01-23 09:58:36,624 - INFO - epoch=531 train_loss=0.0016 val_loss=0.0024
2026-01-23 09:58:40,336 - INFO - epoch=532 train_loss=0.0015 val_loss=0.0026
2026-01-23 09:58:44,035 - INFO - epoch=533 train_loss=0.0014 val_loss=0.0022
2026-01-23 09:58:47,734 - INFO - epoch=534 train_loss=0.0016 val_loss=0.0024
2026-01-23 09:58:51,425 - INFO - epoch=535 train_loss=0.0016 val_loss=0.0029
2026-01-23 09:58:55,115 - INFO - epoch=536 train_loss=0.0018 val_loss=0.0020
2026-01-23 09:58:58,908 - INFO - epoch=537 train_loss=0.0015 val_loss=0.0028
2026-01-23 09:59:02,593 - INFO - epoch=538 train_loss=0.0016 val_loss=0.0022
2026-01-23 09:59:06,312 - INFO - epoch=539 train_loss=0.0015 val_loss=0.0027
2026-01-23 09:59:10,030 - INFO - epoch=540 train_loss=0.0015 val_loss=0.0030
2026-01-23 09:59:14,047 - INFO - epoch=541 train_loss=0.0015 val_loss=0.0024
2026-01-23 09:59:17,741 - INFO - epoch=542 train_loss=0.0015 val_loss=0.0026
2026-01-23 09:59:21,458 - INFO - epoch=543 train_loss=0.0015 val_loss=0.0028
2026-01-23 09:59:25,164 - INFO - epoch=544 train_loss=0.0016 val_loss=0.0026
2026-01-23 09:59:28,856 - INFO - epoch=545 train_loss=0.0015 val_loss=0.0027
2026-01-23 09:59:32,576 - INFO - epoch=546 train_loss=0.0014 val_loss=0.0027
2026-01-23 09:59:36,293 - INFO - epoch=547 train_loss=0.0015 val_loss=0.0024
2026-01-23 09:59:39,977 - INFO - epoch=548 train_loss=0.0015 val_loss=0.0024
2026-01-23 09:59:43,688 - INFO - epoch=549 train_loss=0.0016 val_loss=0.0028
2026-01-23 09:59:47,406 - INFO - epoch=550 train_loss=0.0015 val_loss=0.0027
2026-01-23 09:59:51,093 - INFO - epoch=551 train_loss=0.0015 val_loss=0.0026
2026-01-23 09:59:54,803 - INFO - epoch=552 train_loss=0.0016 val_loss=0.0025
2026-01-23 09:59:58,518 - INFO - epoch=553 train_loss=0.0014 val_loss=0.0027
2026-01-23 10:00:02,217 - INFO - epoch=554 train_loss=0.0015 val_loss=0.0026
2026-01-23 10:00:05,909 - INFO - epoch=555 train_loss=0.0016 val_loss=0.0026
2026-01-23 10:00:09,610 - INFO - epoch=556 train_loss=0.0015 val_loss=0.0025
2026-01-23 10:00:13,328 - INFO - epoch=557 train_loss=0.0016 val_loss=0.0027
2026-01-23 10:00:17,035 - INFO - epoch=558 train_loss=0.0015 val_loss=0.0025
2026-01-23 10:00:20,757 - INFO - epoch=559 train_loss=0.0015 val_loss=0.0024
2026-01-23 10:00:24,512 - INFO - epoch=560 train_loss=0.0015 val_loss=0.0029
2026-01-23 10:00:28,488 - INFO - epoch=561 train_loss=0.0016 val_loss=0.0028
2026-01-23 10:00:32,207 - INFO - epoch=562 train_loss=0.0014 val_loss=0.0026
2026-01-23 10:00:35,910 - INFO - epoch=563 train_loss=0.0016 val_loss=0.0026
2026-01-23 10:00:39,613 - INFO - epoch=564 train_loss=0.0015 val_loss=0.0028
2026-01-23 10:00:43,312 - INFO - epoch=565 train_loss=0.0015 val_loss=0.0024
2026-01-23 10:00:47,019 - INFO - epoch=566 train_loss=0.0015 val_loss=0.0021
2026-01-23 10:00:50,722 - INFO - epoch=567 train_loss=0.0015 val_loss=0.0031
2026-01-23 10:00:54,448 - INFO - epoch=568 train_loss=0.0014 val_loss=0.0028
2026-01-23 10:00:58,151 - INFO - epoch=569 train_loss=0.0015 val_loss=0.0025
2026-01-23 10:01:01,864 - INFO - epoch=570 train_loss=0.0016 val_loss=0.0027
2026-01-23 10:01:05,592 - INFO - epoch=571 train_loss=0.0016 val_loss=0.0027
2026-01-23 10:01:09,297 - INFO - epoch=572 train_loss=0.0015 val_loss=0.0027
2026-01-23 10:01:12,993 - INFO - epoch=573 train_loss=0.0014 val_loss=0.0024
2026-01-23 10:01:16,708 - INFO - epoch=574 train_loss=0.0015 val_loss=0.0031
2026-01-23 10:01:20,404 - INFO - epoch=575 train_loss=0.0014 val_loss=0.0026
2026-01-23 10:01:24,104 - INFO - epoch=576 train_loss=0.0015 val_loss=0.0025
2026-01-23 10:01:27,811 - INFO - epoch=577 train_loss=0.0015 val_loss=0.0029
2026-01-23 10:01:31,506 - INFO - epoch=578 train_loss=0.0015 val_loss=0.0025
2026-01-23 10:01:35,230 - INFO - epoch=579 train_loss=0.0016 val_loss=0.0027
2026-01-23 10:01:38,946 - INFO - epoch=580 train_loss=0.0014 val_loss=0.0023
2026-01-23 10:01:42,995 - INFO - epoch=581 train_loss=0.0015 val_loss=0.0022
2026-01-23 10:01:46,727 - INFO - epoch=582 train_loss=0.0015 val_loss=0.0024
2026-01-23 10:01:50,456 - INFO - epoch=583 train_loss=0.0014 val_loss=0.0023
2026-01-23 10:01:54,153 - INFO - epoch=584 train_loss=0.0015 val_loss=0.0029
2026-01-23 10:01:57,869 - INFO - epoch=585 train_loss=0.0015 val_loss=0.0032
2026-01-23 10:02:01,572 - INFO - epoch=586 train_loss=0.0014 val_loss=0.0026
2026-01-23 10:02:05,258 - INFO - epoch=587 train_loss=0.0015 val_loss=0.0028
2026-01-23 10:02:08,983 - INFO - epoch=588 train_loss=0.0016 val_loss=0.0025
2026-01-23 10:02:12,683 - INFO - epoch=589 train_loss=0.0015 val_loss=0.0024
2026-01-23 10:02:16,398 - INFO - epoch=590 train_loss=0.0014 val_loss=0.0026
2026-01-23 10:02:20,096 - INFO - epoch=591 train_loss=0.0014 val_loss=0.0029
2026-01-23 10:02:23,788 - INFO - epoch=592 train_loss=0.0015 val_loss=0.0027
2026-01-23 10:02:27,509 - INFO - epoch=593 train_loss=0.0015 val_loss=0.0024
2026-01-23 10:02:31,249 - INFO - epoch=594 train_loss=0.0016 val_loss=0.0026
2026-01-23 10:02:34,931 - INFO - epoch=595 train_loss=0.0014 val_loss=0.0027
2026-01-23 10:02:38,636 - INFO - epoch=596 train_loss=0.0014 val_loss=0.0027
2026-01-23 10:02:42,367 - INFO - epoch=597 train_loss=0.0015 val_loss=0.0031
2026-01-23 10:02:46,114 - INFO - epoch=598 train_loss=0.0014 val_loss=0.0025
2026-01-23 10:02:49,836 - INFO - epoch=599 train_loss=0.0015 val_loss=0.0023
2026-01-23 10:02:53,557 - INFO - epoch=600 train_loss=0.0015 val_loss=0.0027
2026-01-23 10:02:57,552 - INFO - epoch=601 train_loss=0.0016 val_loss=0.0024
2026-01-23 10:03:01,269 - INFO - epoch=602 train_loss=0.0015 val_loss=0.0027
2026-01-23 10:03:04,961 - INFO - epoch=603 train_loss=0.0015 val_loss=0.0026
2026-01-23 10:03:08,665 - INFO - epoch=604 train_loss=0.0014 val_loss=0.0021
2026-01-23 10:03:12,364 - INFO - epoch=605 train_loss=0.0014 val_loss=0.0028
2026-01-23 10:03:16,083 - INFO - epoch=606 train_loss=0.0015 val_loss=0.0025
2026-01-23 10:03:19,774 - INFO - epoch=607 train_loss=0.0014 val_loss=0.0026
2026-01-23 10:03:23,472 - INFO - epoch=608 train_loss=0.0014 val_loss=0.0026
2026-01-23 10:03:27,183 - INFO - epoch=609 train_loss=0.0015 val_loss=0.0026
2026-01-23 10:03:30,906 - INFO - epoch=610 train_loss=0.0015 val_loss=0.0027
2026-01-23 10:03:34,607 - INFO - epoch=611 train_loss=0.0016 val_loss=0.0025
2026-01-23 10:03:38,323 - INFO - epoch=612 train_loss=0.0014 val_loss=0.0025
2026-01-23 10:03:42,047 - INFO - epoch=613 train_loss=0.0015 val_loss=0.0021
2026-01-23 10:03:45,741 - INFO - epoch=614 train_loss=0.0014 val_loss=0.0025
2026-01-23 10:03:49,445 - INFO - epoch=615 train_loss=0.0014 val_loss=0.0027
2026-01-23 10:03:53,151 - INFO - epoch=616 train_loss=0.0014 val_loss=0.0026
2026-01-23 10:03:56,853 - INFO - epoch=617 train_loss=0.0014 val_loss=0.0026
2026-01-23 10:04:00,542 - INFO - epoch=618 train_loss=0.0015 val_loss=0.0023
2026-01-23 10:04:04,264 - INFO - epoch=619 train_loss=0.0016 val_loss=0.0024
2026-01-23 10:04:07,966 - INFO - epoch=620 train_loss=0.0015 val_loss=0.0026
2026-01-23 10:04:11,963 - INFO - epoch=621 train_loss=0.0014 val_loss=0.0025
2026-01-23 10:04:15,681 - INFO - epoch=622 train_loss=0.0015 val_loss=0.0023
2026-01-23 10:04:19,376 - INFO - epoch=623 train_loss=0.0014 val_loss=0.0032
2026-01-23 10:04:23,085 - INFO - epoch=624 train_loss=0.0015 val_loss=0.0028
2026-01-23 10:04:26,772 - INFO - epoch=625 train_loss=0.0014 val_loss=0.0023
2026-01-23 10:04:30,474 - INFO - epoch=626 train_loss=0.0015 val_loss=0.0031
2026-01-23 10:04:34,189 - INFO - epoch=627 train_loss=0.0016 val_loss=0.0031
2026-01-23 10:04:37,903 - INFO - epoch=628 train_loss=0.0015 val_loss=0.0022
2026-01-23 10:04:41,620 - INFO - epoch=629 train_loss=0.0014 val_loss=0.0026
2026-01-23 10:04:45,369 - INFO - epoch=630 train_loss=0.0014 val_loss=0.0021
2026-01-23 10:04:49,070 - INFO - epoch=631 train_loss=0.0014 val_loss=0.0024
2026-01-23 10:04:52,791 - INFO - epoch=632 train_loss=0.0014 val_loss=0.0030
2026-01-23 10:04:56,512 - INFO - epoch=633 train_loss=0.0015 val_loss=0.0027
2026-01-23 10:05:00,214 - INFO - epoch=634 train_loss=0.0015 val_loss=0.0026
2026-01-23 10:05:03,938 - INFO - epoch=635 train_loss=0.0014 val_loss=0.0025
2026-01-23 10:05:07,644 - INFO - epoch=636 train_loss=0.0015 val_loss=0.0028
2026-01-23 10:05:11,347 - INFO - epoch=637 train_loss=0.0015 val_loss=0.0028
2026-01-23 10:05:15,058 - INFO - epoch=638 train_loss=0.0014 val_loss=0.0028
2026-01-23 10:05:18,754 - INFO - epoch=639 train_loss=0.0015 val_loss=0.0025
2026-01-23 10:05:22,455 - INFO - epoch=640 train_loss=0.0014 val_loss=0.0029
2026-01-23 10:05:26,458 - INFO - epoch=641 train_loss=0.0015 val_loss=0.0025
2026-01-23 10:05:30,188 - INFO - epoch=642 train_loss=0.0013 val_loss=0.0027
2026-01-23 10:05:33,899 - INFO - epoch=643 train_loss=0.0015 val_loss=0.0032
2026-01-23 10:05:37,608 - INFO - epoch=644 train_loss=0.0015 val_loss=0.0021
2026-01-23 10:05:41,340 - INFO - epoch=645 train_loss=0.0014 val_loss=0.0028
2026-01-23 10:05:45,039 - INFO - epoch=646 train_loss=0.0014 val_loss=0.0027
2026-01-23 10:05:48,725 - INFO - epoch=647 train_loss=0.0013 val_loss=0.0024
2026-01-23 10:05:52,414 - INFO - epoch=648 train_loss=0.0015 val_loss=0.0026
2026-01-23 10:05:56,097 - INFO - epoch=649 train_loss=0.0015 val_loss=0.0026
2026-01-23 10:05:59,792 - INFO - epoch=650 train_loss=0.0015 val_loss=0.0030
2026-01-23 10:06:03,521 - INFO - epoch=651 train_loss=0.0015 val_loss=0.0025
2026-01-23 10:06:07,259 - INFO - epoch=652 train_loss=0.0013 val_loss=0.0021
2026-01-23 10:06:10,980 - INFO - epoch=653 train_loss=0.0013 val_loss=0.0027
2026-01-23 10:06:14,706 - INFO - epoch=654 train_loss=0.0014 val_loss=0.0026
2026-01-23 10:06:18,418 - INFO - epoch=655 train_loss=0.0014 val_loss=0.0022
2026-01-23 10:06:22,123 - INFO - epoch=656 train_loss=0.0013 val_loss=0.0024
2026-01-23 10:06:25,832 - INFO - epoch=657 train_loss=0.0014 val_loss=0.0031
2026-01-23 10:06:29,533 - INFO - epoch=658 train_loss=0.0014 val_loss=0.0025
2026-01-23 10:06:33,258 - INFO - epoch=659 train_loss=0.0014 val_loss=0.0025
2026-01-23 10:06:36,972 - INFO - epoch=660 train_loss=0.0014 val_loss=0.0026
2026-01-23 10:06:40,992 - INFO - epoch=661 train_loss=0.0014 val_loss=0.0026
2026-01-23 10:06:44,704 - INFO - epoch=662 train_loss=0.0014 val_loss=0.0025
2026-01-23 10:06:48,391 - INFO - epoch=663 train_loss=0.0014 val_loss=0.0029
2026-01-23 10:06:52,097 - INFO - epoch=664 train_loss=0.0014 val_loss=0.0030
2026-01-23 10:06:55,791 - INFO - epoch=665 train_loss=0.0015 val_loss=0.0027
2026-01-23 10:06:59,503 - INFO - epoch=666 train_loss=0.0014 val_loss=0.0025
2026-01-23 10:07:03,230 - INFO - epoch=667 train_loss=0.0013 val_loss=0.0027
2026-01-23 10:07:06,953 - INFO - epoch=668 train_loss=0.0014 val_loss=0.0030
2026-01-23 10:07:10,682 - INFO - epoch=669 train_loss=0.0014 val_loss=0.0028
2026-01-23 10:07:14,389 - INFO - epoch=670 train_loss=0.0014 val_loss=0.0027
2026-01-23 10:07:18,099 - INFO - epoch=671 train_loss=0.0015 val_loss=0.0025
2026-01-23 10:07:21,815 - INFO - epoch=672 train_loss=0.0012 val_loss=0.0028
2026-01-23 10:07:25,528 - INFO - epoch=673 train_loss=0.0012 val_loss=0.0026
2026-01-23 10:07:29,235 - INFO - epoch=674 train_loss=0.0014 val_loss=0.0029
2026-01-23 10:07:32,928 - INFO - epoch=675 train_loss=0.0014 val_loss=0.0028
2026-01-23 10:07:36,670 - INFO - epoch=676 train_loss=0.0013 val_loss=0.0024
2026-01-23 10:07:40,412 - INFO - epoch=677 train_loss=0.0014 val_loss=0.0027
2026-01-23 10:07:44,116 - INFO - epoch=678 train_loss=0.0014 val_loss=0.0026
2026-01-23 10:07:47,831 - INFO - epoch=679 train_loss=0.0013 val_loss=0.0025
2026-01-23 10:07:51,534 - INFO - epoch=680 train_loss=0.0015 val_loss=0.0027
2026-01-23 10:07:55,522 - INFO - epoch=681 train_loss=0.0016 val_loss=0.0026
2026-01-23 10:07:59,246 - INFO - epoch=682 train_loss=0.0014 val_loss=0.0034
2026-01-23 10:08:02,958 - INFO - epoch=683 train_loss=0.0013 val_loss=0.0024
2026-01-23 10:08:06,654 - INFO - epoch=684 train_loss=0.0014 val_loss=0.0029
2026-01-23 10:08:10,386 - INFO - epoch=685 train_loss=0.0014 val_loss=0.0028
2026-01-23 10:08:14,110 - INFO - epoch=686 train_loss=0.0014 val_loss=0.0028
2026-01-23 10:08:17,800 - INFO - epoch=687 train_loss=0.0013 val_loss=0.0031
2026-01-23 10:08:21,492 - INFO - epoch=688 train_loss=0.0014 val_loss=0.0029
2026-01-23 10:08:25,203 - INFO - epoch=689 train_loss=0.0013 val_loss=0.0028
2026-01-23 10:08:28,922 - INFO - epoch=690 train_loss=0.0013 val_loss=0.0026
2026-01-23 10:08:32,643 - INFO - epoch=691 train_loss=0.0013 val_loss=0.0026
2026-01-23 10:08:36,397 - INFO - epoch=692 train_loss=0.0014 val_loss=0.0031
2026-01-23 10:08:40,109 - INFO - epoch=693 train_loss=0.0014 val_loss=0.0029
2026-01-23 10:08:43,833 - INFO - epoch=694 train_loss=0.0013 val_loss=0.0023
2026-01-23 10:08:47,563 - INFO - epoch=695 train_loss=0.0014 val_loss=0.0024
2026-01-23 10:08:51,260 - INFO - epoch=696 train_loss=0.0014 val_loss=0.0022
2026-01-23 10:08:54,981 - INFO - epoch=697 train_loss=0.0013 val_loss=0.0024
2026-01-23 10:08:58,686 - INFO - epoch=698 train_loss=0.0015 val_loss=0.0023
2026-01-23 10:09:02,386 - INFO - epoch=699 train_loss=0.0014 val_loss=0.0027
2026-01-23 10:09:06,100 - INFO - epoch=700 train_loss=0.0014 val_loss=0.0025
2026-01-23 10:09:10,152 - INFO - epoch=701 train_loss=0.0014 val_loss=0.0031
2026-01-23 10:09:13,854 - INFO - epoch=702 train_loss=0.0015 val_loss=0.0023
2026-01-23 10:09:17,593 - INFO - epoch=703 train_loss=0.0014 val_loss=0.0027
2026-01-23 10:09:21,293 - INFO - epoch=704 train_loss=0.0014 val_loss=0.0026
2026-01-23 10:09:25,032 - INFO - epoch=705 train_loss=0.0013 val_loss=0.0026
2026-01-23 10:09:28,749 - INFO - epoch=706 train_loss=0.0015 val_loss=0.0023
2026-01-23 10:09:32,450 - INFO - epoch=707 train_loss=0.0014 val_loss=0.0027
2026-01-23 10:09:36,151 - INFO - epoch=708 train_loss=0.0013 val_loss=0.0027
2026-01-23 10:09:39,840 - INFO - epoch=709 train_loss=0.0013 val_loss=0.0025
2026-01-23 10:09:43,565 - INFO - epoch=710 train_loss=0.0014 val_loss=0.0024
2026-01-23 10:09:47,268 - INFO - epoch=711 train_loss=0.0014 val_loss=0.0026
2026-01-23 10:09:50,958 - INFO - epoch=712 train_loss=0.0014 val_loss=0.0023
2026-01-23 10:09:54,645 - INFO - epoch=713 train_loss=0.0013 val_loss=0.0026
2026-01-23 10:09:58,341 - INFO - epoch=714 train_loss=0.0013 val_loss=0.0031
2026-01-23 10:10:02,034 - INFO - epoch=715 train_loss=0.0014 val_loss=0.0028
2026-01-23 10:10:05,743 - INFO - epoch=716 train_loss=0.0013 val_loss=0.0026
2026-01-23 10:10:09,428 - INFO - epoch=717 train_loss=0.0013 val_loss=0.0026
2026-01-23 10:10:13,113 - INFO - epoch=718 train_loss=0.0014 val_loss=0.0030
2026-01-23 10:10:16,815 - INFO - epoch=719 train_loss=0.0014 val_loss=0.0023
2026-01-23 10:10:20,512 - INFO - epoch=720 train_loss=0.0013 val_loss=0.0027
2026-01-23 10:10:24,530 - INFO - epoch=721 train_loss=0.0014 val_loss=0.0024
2026-01-23 10:10:28,246 - INFO - epoch=722 train_loss=0.0012 val_loss=0.0026
2026-01-23 10:10:31,983 - INFO - epoch=723 train_loss=0.0014 val_loss=0.0028
2026-01-23 10:10:35,682 - INFO - epoch=724 train_loss=0.0016 val_loss=0.0023
2026-01-23 10:10:39,372 - INFO - epoch=725 train_loss=0.0013 val_loss=0.0024
2026-01-23 10:10:43,099 - INFO - epoch=726 train_loss=0.0014 val_loss=0.0025
2026-01-23 10:10:46,843 - INFO - epoch=727 train_loss=0.0013 val_loss=0.0027
2026-01-23 10:10:50,543 - INFO - epoch=728 train_loss=0.0012 val_loss=0.0031
2026-01-23 10:10:54,254 - INFO - epoch=729 train_loss=0.0013 val_loss=0.0031
2026-01-23 10:10:57,977 - INFO - epoch=730 train_loss=0.0012 val_loss=0.0027
2026-01-23 10:11:01,681 - INFO - epoch=731 train_loss=0.0014 val_loss=0.0029
2026-01-23 10:11:05,409 - INFO - epoch=732 train_loss=0.0014 val_loss=0.0026
2026-01-23 10:11:09,135 - INFO - epoch=733 train_loss=0.0013 val_loss=0.0022
2026-01-23 10:11:12,829 - INFO - epoch=734 train_loss=0.0012 val_loss=0.0027
2026-01-23 10:11:16,531 - INFO - epoch=735 train_loss=0.0014 val_loss=0.0029
2026-01-23 10:11:20,254 - INFO - epoch=736 train_loss=0.0013 val_loss=0.0028
2026-01-23 10:11:23,959 - INFO - epoch=737 train_loss=0.0013 val_loss=0.0027
2026-01-23 10:11:27,681 - INFO - epoch=738 train_loss=0.0013 val_loss=0.0026
2026-01-23 10:11:31,384 - INFO - epoch=739 train_loss=0.0014 val_loss=0.0022
2026-01-23 10:11:35,113 - INFO - epoch=740 train_loss=0.0012 val_loss=0.0028
2026-01-23 10:11:39,142 - INFO - epoch=741 train_loss=0.0013 val_loss=0.0026
2026-01-23 10:11:42,869 - INFO - epoch=742 train_loss=0.0014 val_loss=0.0022
2026-01-23 10:11:46,577 - INFO - epoch=743 train_loss=0.0013 val_loss=0.0029
2026-01-23 10:11:50,273 - INFO - epoch=744 train_loss=0.0013 val_loss=0.0027
2026-01-23 10:11:53,974 - INFO - epoch=745 train_loss=0.0014 val_loss=0.0033
2026-01-23 10:11:57,676 - INFO - epoch=746 train_loss=0.0013 val_loss=0.0029
2026-01-23 10:12:01,387 - INFO - epoch=747 train_loss=0.0013 val_loss=0.0022
2026-01-23 10:12:05,095 - INFO - epoch=748 train_loss=0.0013 val_loss=0.0024
2026-01-23 10:12:08,787 - INFO - epoch=749 train_loss=0.0015 val_loss=0.0024
2026-01-23 10:12:12,503 - INFO - epoch=750 train_loss=0.0013 val_loss=0.0024
2026-01-23 10:12:16,234 - INFO - epoch=751 train_loss=0.0013 val_loss=0.0028
2026-01-23 10:12:19,929 - INFO - epoch=752 train_loss=0.0013 val_loss=0.0023
2026-01-23 10:12:23,648 - INFO - epoch=753 train_loss=0.0014 val_loss=0.0025
2026-01-23 10:12:27,367 - INFO - epoch=754 train_loss=0.0014 val_loss=0.0025
2026-01-23 10:12:31,116 - INFO - epoch=755 train_loss=0.0013 val_loss=0.0026
2026-01-23 10:12:34,845 - INFO - epoch=756 train_loss=0.0014 val_loss=0.0028
2026-01-23 10:12:38,538 - INFO - epoch=757 train_loss=0.0016 val_loss=0.0028
2026-01-23 10:12:42,272 - INFO - epoch=758 train_loss=0.0013 val_loss=0.0025
2026-01-23 10:12:45,979 - INFO - epoch=759 train_loss=0.0013 val_loss=0.0029
2026-01-23 10:12:49,683 - INFO - epoch=760 train_loss=0.0013 val_loss=0.0026
2026-01-23 10:12:53,695 - INFO - epoch=761 train_loss=0.0012 val_loss=0.0028
2026-01-23 10:12:57,424 - INFO - epoch=762 train_loss=0.0013 val_loss=0.0023
2026-01-23 10:13:01,160 - INFO - epoch=763 train_loss=0.0015 val_loss=0.0029
2026-01-23 10:13:04,869 - INFO - epoch=764 train_loss=0.0013 val_loss=0.0028
2026-01-23 10:13:08,582 - INFO - epoch=765 train_loss=0.0013 val_loss=0.0030
2026-01-23 10:13:12,282 - INFO - epoch=766 train_loss=0.0013 val_loss=0.0025
2026-01-23 10:13:15,974 - INFO - epoch=767 train_loss=0.0013 val_loss=0.0025
2026-01-23 10:13:19,676 - INFO - epoch=768 train_loss=0.0013 val_loss=0.0024
2026-01-23 10:13:23,386 - INFO - epoch=769 train_loss=0.0013 val_loss=0.0030
2026-01-23 10:13:27,102 - INFO - epoch=770 train_loss=0.0013 val_loss=0.0024
2026-01-23 10:13:30,811 - INFO - epoch=771 train_loss=0.0013 val_loss=0.0025
2026-01-23 10:13:34,530 - INFO - epoch=772 train_loss=0.0013 val_loss=0.0026
2026-01-23 10:13:38,233 - INFO - epoch=773 train_loss=0.0013 val_loss=0.0030
2026-01-23 10:13:41,945 - INFO - epoch=774 train_loss=0.0013 val_loss=0.0029
2026-01-23 10:13:45,638 - INFO - epoch=775 train_loss=0.0015 val_loss=0.0023
2026-01-23 10:13:49,333 - INFO - epoch=776 train_loss=0.0012 val_loss=0.0024
2026-01-23 10:13:53,040 - INFO - epoch=777 train_loss=0.0012 val_loss=0.0031
2026-01-23 10:13:56,735 - INFO - epoch=778 train_loss=0.0013 val_loss=0.0026
2026-01-23 10:14:00,432 - INFO - epoch=779 train_loss=0.0012 val_loss=0.0024
2026-01-23 10:14:04,160 - INFO - epoch=780 train_loss=0.0014 val_loss=0.0023
2026-01-23 10:14:08,170 - INFO - epoch=781 train_loss=0.0014 val_loss=0.0024
2026-01-23 10:14:11,885 - INFO - epoch=782 train_loss=0.0013 val_loss=0.0028
2026-01-23 10:14:15,601 - INFO - epoch=783 train_loss=0.0013 val_loss=0.0027
2026-01-23 10:14:19,305 - INFO - epoch=784 train_loss=0.0013 val_loss=0.0027
2026-01-23 10:14:23,014 - INFO - epoch=785 train_loss=0.0014 val_loss=0.0024
2026-01-23 10:14:26,741 - INFO - epoch=786 train_loss=0.0012 val_loss=0.0023
2026-01-23 10:14:30,430 - INFO - epoch=787 train_loss=0.0013 val_loss=0.0026
2026-01-23 10:14:34,133 - INFO - epoch=788 train_loss=0.0013 val_loss=0.0031
2026-01-23 10:14:37,831 - INFO - epoch=789 train_loss=0.0013 val_loss=0.0026
2026-01-23 10:14:41,547 - INFO - epoch=790 train_loss=0.0012 val_loss=0.0028
2026-01-23 10:14:45,250 - INFO - epoch=791 train_loss=0.0012 val_loss=0.0029
2026-01-23 10:14:48,969 - INFO - epoch=792 train_loss=0.0013 val_loss=0.0030
2026-01-23 10:14:52,687 - INFO - epoch=793 train_loss=0.0013 val_loss=0.0032
2026-01-23 10:14:56,408 - INFO - epoch=794 train_loss=0.0012 val_loss=0.0025
2026-01-23 10:15:00,117 - INFO - epoch=795 train_loss=0.0013 val_loss=0.0025
2026-01-23 10:15:03,816 - INFO - epoch=796 train_loss=0.0012 val_loss=0.0026
2026-01-23 10:15:07,508 - INFO - epoch=797 train_loss=0.0012 val_loss=0.0022
2026-01-23 10:15:11,239 - INFO - epoch=798 train_loss=0.0013 val_loss=0.0027
2026-01-23 10:15:14,972 - INFO - epoch=799 train_loss=0.0013 val_loss=0.0025
2026-01-23 10:15:18,658 - INFO - epoch=800 train_loss=0.0012 val_loss=0.0025
2026-01-23 10:15:22,684 - INFO - epoch=801 train_loss=0.0013 val_loss=0.0025
2026-01-23 10:15:26,386 - INFO - epoch=802 train_loss=0.0013 val_loss=0.0025
2026-01-23 10:15:30,076 - INFO - epoch=803 train_loss=0.0013 val_loss=0.0027
2026-01-23 10:15:33,780 - INFO - epoch=804 train_loss=0.0014 val_loss=0.0023
2026-01-23 10:15:37,472 - INFO - epoch=805 train_loss=0.0014 val_loss=0.0024
2026-01-23 10:15:41,230 - INFO - epoch=806 train_loss=0.0013 val_loss=0.0025
2026-01-23 10:15:44,944 - INFO - epoch=807 train_loss=0.0012 val_loss=0.0023
2026-01-23 10:15:48,683 - INFO - epoch=808 train_loss=0.0012 val_loss=0.0023
2026-01-23 10:15:52,383 - INFO - epoch=809 train_loss=0.0012 val_loss=0.0025
2026-01-23 10:15:56,065 - INFO - epoch=810 train_loss=0.0012 val_loss=0.0026
2026-01-23 10:15:59,755 - INFO - epoch=811 train_loss=0.0012 val_loss=0.0027
2026-01-23 10:16:03,435 - INFO - epoch=812 train_loss=0.0012 val_loss=0.0029
2026-01-23 10:16:07,156 - INFO - epoch=813 train_loss=0.0013 val_loss=0.0025
2026-01-23 10:16:10,875 - INFO - epoch=814 train_loss=0.0012 val_loss=0.0022
2026-01-23 10:16:14,601 - INFO - epoch=815 train_loss=0.0012 val_loss=0.0021
2026-01-23 10:16:18,311 - INFO - epoch=816 train_loss=0.0013 val_loss=0.0028
2026-01-23 10:16:22,015 - INFO - epoch=817 train_loss=0.0011 val_loss=0.0026
2026-01-23 10:16:25,714 - INFO - epoch=818 train_loss=0.0013 val_loss=0.0028
2026-01-23 10:16:29,421 - INFO - epoch=819 train_loss=0.0011 val_loss=0.0028
2026-01-23 10:16:33,180 - INFO - epoch=820 train_loss=0.0014 val_loss=0.0023
2026-01-23 10:16:37,233 - INFO - epoch=821 train_loss=0.0014 val_loss=0.0029
2026-01-23 10:16:40,994 - INFO - epoch=822 train_loss=0.0013 val_loss=0.0028
2026-01-23 10:16:44,777 - INFO - epoch=823 train_loss=0.0014 val_loss=0.0026
2026-01-23 10:16:48,532 - INFO - epoch=824 train_loss=0.0014 val_loss=0.0026
2026-01-23 10:16:52,303 - INFO - epoch=825 train_loss=0.0013 val_loss=0.0024
2026-01-23 10:16:56,032 - INFO - epoch=826 train_loss=0.0013 val_loss=0.0029
2026-01-23 10:16:59,726 - INFO - epoch=827 train_loss=0.0013 val_loss=0.0024
2026-01-23 10:17:03,433 - INFO - epoch=828 train_loss=0.0014 val_loss=0.0027
2026-01-23 10:17:07,152 - INFO - epoch=829 train_loss=0.0012 val_loss=0.0027
2026-01-23 10:17:10,888 - INFO - epoch=830 train_loss=0.0011 val_loss=0.0026
2026-01-23 10:17:14,601 - INFO - epoch=831 train_loss=0.0012 val_loss=0.0029
2026-01-23 10:17:18,299 - INFO - epoch=832 train_loss=0.0013 val_loss=0.0027
2026-01-23 10:17:22,035 - INFO - epoch=833 train_loss=0.0013 val_loss=0.0026
2026-01-23 10:17:25,755 - INFO - epoch=834 train_loss=0.0013 val_loss=0.0028
2026-01-23 10:17:29,471 - INFO - epoch=835 train_loss=0.0012 val_loss=0.0024
2026-01-23 10:17:33,169 - INFO - epoch=836 train_loss=0.0013 val_loss=0.0030
2026-01-23 10:17:36,880 - INFO - epoch=837 train_loss=0.0012 val_loss=0.0030
2026-01-23 10:17:40,613 - INFO - epoch=838 train_loss=0.0012 val_loss=0.0026
2026-01-23 10:17:44,337 - INFO - epoch=839 train_loss=0.0013 val_loss=0.0022
2026-01-23 10:17:48,032 - INFO - epoch=840 train_loss=0.0014 val_loss=0.0029
2026-01-23 10:17:51,997 - INFO - epoch=841 train_loss=0.0012 val_loss=0.0021
2026-01-23 10:17:55,707 - INFO - epoch=842 train_loss=0.0012 val_loss=0.0023
2026-01-23 10:17:59,438 - INFO - epoch=843 train_loss=0.0012 val_loss=0.0027
2026-01-23 10:18:03,152 - INFO - epoch=844 train_loss=0.0013 val_loss=0.0029
2026-01-23 10:18:06,848 - INFO - epoch=845 train_loss=0.0014 val_loss=0.0027
2026-01-23 10:18:10,565 - INFO - epoch=846 train_loss=0.0013 val_loss=0.0026
2026-01-23 10:18:14,277 - INFO - epoch=847 train_loss=0.0013 val_loss=0.0030
2026-01-23 10:18:17,987 - INFO - epoch=848 train_loss=0.0012 val_loss=0.0029
2026-01-23 10:18:21,709 - INFO - epoch=849 train_loss=0.0013 val_loss=0.0023
2026-01-23 10:18:25,418 - INFO - epoch=850 train_loss=0.0013 val_loss=0.0023
2026-01-23 10:18:29,122 - INFO - epoch=851 train_loss=0.0012 val_loss=0.0028
2026-01-23 10:18:32,826 - INFO - epoch=852 train_loss=0.0012 val_loss=0.0024
2026-01-23 10:18:36,537 - INFO - epoch=853 train_loss=0.0013 val_loss=0.0028
2026-01-23 10:18:40,244 - INFO - epoch=854 train_loss=0.0013 val_loss=0.0028
2026-01-23 10:18:43,977 - INFO - epoch=855 train_loss=0.0012 val_loss=0.0028
2026-01-23 10:18:47,670 - INFO - epoch=856 train_loss=0.0013 val_loss=0.0022
2026-01-23 10:18:51,408 - INFO - epoch=857 train_loss=0.0012 val_loss=0.0027
2026-01-23 10:18:55,166 - INFO - epoch=858 train_loss=0.0013 val_loss=0.0025
2026-01-23 10:18:58,919 - INFO - epoch=859 train_loss=0.0013 val_loss=0.0026
2026-01-23 10:19:02,673 - INFO - epoch=860 train_loss=0.0011 val_loss=0.0026
2026-01-23 10:19:06,792 - INFO - epoch=861 train_loss=0.0012 val_loss=0.0026
2026-01-23 10:19:10,529 - INFO - epoch=862 train_loss=0.0012 val_loss=0.0024
2026-01-23 10:19:14,217 - INFO - epoch=863 train_loss=0.0012 val_loss=0.0027
2026-01-23 10:19:17,959 - INFO - epoch=864 train_loss=0.0012 val_loss=0.0028
2026-01-23 10:19:21,677 - INFO - epoch=865 train_loss=0.0013 val_loss=0.0026
2026-01-23 10:19:25,377 - INFO - epoch=866 train_loss=0.0013 val_loss=0.0024
2026-01-23 10:19:29,085 - INFO - epoch=867 train_loss=0.0013 val_loss=0.0033
2026-01-23 10:19:32,803 - INFO - epoch=868 train_loss=0.0013 val_loss=0.0026
2026-01-23 10:19:36,514 - INFO - epoch=869 train_loss=0.0012 val_loss=0.0025
2026-01-23 10:19:40,219 - INFO - epoch=870 train_loss=0.0012 val_loss=0.0023
2026-01-23 10:19:43,925 - INFO - epoch=871 train_loss=0.0012 val_loss=0.0027
2026-01-23 10:19:47,632 - INFO - epoch=872 train_loss=0.0012 val_loss=0.0031
2026-01-23 10:19:51,351 - INFO - epoch=873 train_loss=0.0013 val_loss=0.0028
2026-01-23 10:19:55,042 - INFO - epoch=874 train_loss=0.0012 val_loss=0.0023
2026-01-23 10:19:58,739 - INFO - epoch=875 train_loss=0.0012 val_loss=0.0031
2026-01-23 10:20:02,454 - INFO - epoch=876 train_loss=0.0012 val_loss=0.0029
2026-01-23 10:20:06,198 - INFO - epoch=877 train_loss=0.0012 val_loss=0.0025
2026-01-23 10:20:09,919 - INFO - epoch=878 train_loss=0.0012 val_loss=0.0029
2026-01-23 10:20:13,614 - INFO - epoch=879 train_loss=0.0012 val_loss=0.0025
2026-01-23 10:20:17,324 - INFO - epoch=880 train_loss=0.0013 val_loss=0.0026
2026-01-23 10:20:21,348 - INFO - epoch=881 train_loss=0.0012 val_loss=0.0027
2026-01-23 10:20:25,072 - INFO - epoch=882 train_loss=0.0013 val_loss=0.0030
2026-01-23 10:20:28,800 - INFO - epoch=883 train_loss=0.0013 val_loss=0.0023
2026-01-23 10:20:32,519 - INFO - epoch=884 train_loss=0.0012 val_loss=0.0026
2026-01-23 10:20:36,207 - INFO - epoch=885 train_loss=0.0013 val_loss=0.0026
2026-01-23 10:20:39,926 - INFO - epoch=886 train_loss=0.0013 val_loss=0.0022
2026-01-23 10:20:43,635 - INFO - epoch=887 train_loss=0.0012 val_loss=0.0025
2026-01-23 10:20:47,367 - INFO - epoch=888 train_loss=0.0012 val_loss=0.0026
2026-01-23 10:20:51,078 - INFO - epoch=889 train_loss=0.0012 val_loss=0.0027
2026-01-23 10:20:54,788 - INFO - epoch=890 train_loss=0.0012 val_loss=0.0025
2026-01-23 10:20:58,490 - INFO - epoch=891 train_loss=0.0013 val_loss=0.0022
2026-01-23 10:21:02,227 - INFO - epoch=892 train_loss=0.0012 val_loss=0.0021
2026-01-23 10:21:05,940 - INFO - epoch=893 train_loss=0.0012 val_loss=0.0025
2026-01-23 10:21:09,671 - INFO - epoch=894 train_loss=0.0011 val_loss=0.0023
2026-01-23 10:21:13,386 - INFO - epoch=895 train_loss=0.0012 val_loss=0.0027
2026-01-23 10:21:17,080 - INFO - epoch=896 train_loss=0.0012 val_loss=0.0024
2026-01-23 10:21:20,762 - INFO - epoch=897 train_loss=0.0013 val_loss=0.0029
2026-01-23 10:21:24,447 - INFO - epoch=898 train_loss=0.0012 val_loss=0.0027
2026-01-23 10:21:28,143 - INFO - epoch=899 train_loss=0.0013 val_loss=0.0028
2026-01-23 10:21:31,842 - INFO - epoch=900 train_loss=0.0011 val_loss=0.0031
2026-01-23 10:21:35,805 - INFO - epoch=901 train_loss=0.0012 val_loss=0.0031
2026-01-23 10:21:39,522 - INFO - epoch=902 train_loss=0.0011 val_loss=0.0027
2026-01-23 10:21:43,241 - INFO - epoch=903 train_loss=0.0014 val_loss=0.0028
2026-01-23 10:21:46,948 - INFO - epoch=904 train_loss=0.0012 val_loss=0.0026
2026-01-23 10:21:50,664 - INFO - epoch=905 train_loss=0.0011 val_loss=0.0027
2026-01-23 10:21:54,375 - INFO - epoch=906 train_loss=0.0011 val_loss=0.0025
2026-01-23 10:21:58,061 - INFO - epoch=907 train_loss=0.0011 val_loss=0.0024
2026-01-23 10:22:01,749 - INFO - epoch=908 train_loss=0.0012 val_loss=0.0030
2026-01-23 10:22:05,454 - INFO - epoch=909 train_loss=0.0013 val_loss=0.0029
2026-01-23 10:22:09,166 - INFO - epoch=910 train_loss=0.0012 val_loss=0.0029
2026-01-23 10:22:12,876 - INFO - epoch=911 train_loss=0.0011 val_loss=0.0027
2026-01-23 10:22:16,579 - INFO - epoch=912 train_loss=0.0012 val_loss=0.0026
2026-01-23 10:22:20,269 - INFO - epoch=913 train_loss=0.0014 val_loss=0.0028
2026-01-23 10:22:23,973 - INFO - epoch=914 train_loss=0.0013 val_loss=0.0028
2026-01-23 10:22:27,686 - INFO - epoch=915 train_loss=0.0012 val_loss=0.0028
2026-01-23 10:22:31,404 - INFO - epoch=916 train_loss=0.0012 val_loss=0.0026
2026-01-23 10:22:35,105 - INFO - epoch=917 train_loss=0.0012 val_loss=0.0031
2026-01-23 10:22:38,817 - INFO - epoch=918 train_loss=0.0012 val_loss=0.0029
2026-01-23 10:22:42,511 - INFO - epoch=919 train_loss=0.0012 val_loss=0.0029
2026-01-23 10:22:46,196 - INFO - epoch=920 train_loss=0.0012 val_loss=0.0032
2026-01-23 10:22:50,241 - INFO - epoch=921 train_loss=0.0012 val_loss=0.0026
2026-01-23 10:22:53,944 - INFO - epoch=922 train_loss=0.0012 val_loss=0.0025
2026-01-23 10:22:57,656 - INFO - epoch=923 train_loss=0.0013 val_loss=0.0023
2026-01-23 10:23:01,378 - INFO - epoch=924 train_loss=0.0012 val_loss=0.0027
2026-01-23 10:23:05,096 - INFO - epoch=925 train_loss=0.0012 val_loss=0.0026
2026-01-23 10:23:08,795 - INFO - epoch=926 train_loss=0.0012 val_loss=0.0028
2026-01-23 10:23:12,490 - INFO - epoch=927 train_loss=0.0011 val_loss=0.0034
2026-01-23 10:23:16,205 - INFO - epoch=928 train_loss=0.0012 val_loss=0.0021
2026-01-23 10:23:19,927 - INFO - epoch=929 train_loss=0.0013 val_loss=0.0029
2026-01-23 10:23:23,674 - INFO - epoch=930 train_loss=0.0013 val_loss=0.0026
2026-01-23 10:23:27,357 - INFO - epoch=931 train_loss=0.0012 val_loss=0.0025
2026-01-23 10:23:31,067 - INFO - epoch=932 train_loss=0.0012 val_loss=0.0031
2026-01-23 10:23:34,779 - INFO - epoch=933 train_loss=0.0012 val_loss=0.0029
2026-01-23 10:23:38,495 - INFO - epoch=934 train_loss=0.0012 val_loss=0.0027
2026-01-23 10:23:42,197 - INFO - epoch=935 train_loss=0.0011 val_loss=0.0029
2026-01-23 10:23:45,916 - INFO - epoch=936 train_loss=0.0012 val_loss=0.0028
2026-01-23 10:23:49,652 - INFO - epoch=937 train_loss=0.0012 val_loss=0.0032
2026-01-23 10:23:53,393 - INFO - epoch=938 train_loss=0.0011 val_loss=0.0028
2026-01-23 10:23:57,083 - INFO - epoch=939 train_loss=0.0011 val_loss=0.0025
2026-01-23 10:24:00,789 - INFO - epoch=940 train_loss=0.0012 val_loss=0.0026
2026-01-23 10:24:04,787 - INFO - epoch=941 train_loss=0.0011 val_loss=0.0029
2026-01-23 10:24:08,501 - INFO - epoch=942 train_loss=0.0012 val_loss=0.0028
2026-01-23 10:24:12,200 - INFO - epoch=943 train_loss=0.0012 val_loss=0.0030
2026-01-23 10:24:15,906 - INFO - epoch=944 train_loss=0.0012 val_loss=0.0027
2026-01-23 10:24:19,618 - INFO - epoch=945 train_loss=0.0012 val_loss=0.0022
2026-01-23 10:24:23,348 - INFO - epoch=946 train_loss=0.0013 val_loss=0.0029
2026-01-23 10:24:27,036 - INFO - epoch=947 train_loss=0.0012 val_loss=0.0024
2026-01-23 10:24:30,738 - INFO - epoch=948 train_loss=0.0012 val_loss=0.0026
2026-01-23 10:24:34,472 - INFO - epoch=949 train_loss=0.0012 val_loss=0.0022
2026-01-23 10:24:38,182 - INFO - epoch=950 train_loss=0.0013 val_loss=0.0027
2026-01-23 10:24:41,912 - INFO - epoch=951 train_loss=0.0011 val_loss=0.0028
2026-01-23 10:24:45,622 - INFO - epoch=952 train_loss=0.0011 val_loss=0.0032
2026-01-23 10:24:49,307 - INFO - epoch=953 train_loss=0.0011 val_loss=0.0028
2026-01-23 10:24:52,990 - INFO - epoch=954 train_loss=0.0013 val_loss=0.0024
2026-01-23 10:24:56,695 - INFO - epoch=955 train_loss=0.0011 val_loss=0.0027
2026-01-23 10:25:00,407 - INFO - epoch=956 train_loss=0.0012 val_loss=0.0033
2026-01-23 10:25:04,137 - INFO - epoch=957 train_loss=0.0012 val_loss=0.0027
2026-01-23 10:25:07,853 - INFO - epoch=958 train_loss=0.0012 val_loss=0.0025
2026-01-23 10:25:11,571 - INFO - epoch=959 train_loss=0.0011 val_loss=0.0025
2026-01-23 10:25:15,265 - INFO - epoch=960 train_loss=0.0012 val_loss=0.0027
2026-01-23 10:25:19,267 - INFO - epoch=961 train_loss=0.0013 val_loss=0.0032
2026-01-23 10:25:22,955 - INFO - epoch=962 train_loss=0.0012 val_loss=0.0032
2026-01-23 10:25:26,669 - INFO - epoch=963 train_loss=0.0012 val_loss=0.0025
2026-01-23 10:25:30,380 - INFO - epoch=964 train_loss=0.0011 val_loss=0.0025
2026-01-23 10:25:34,107 - INFO - epoch=965 train_loss=0.0012 val_loss=0.0024
2026-01-23 10:25:37,820 - INFO - epoch=966 train_loss=0.0012 val_loss=0.0026
2026-01-23 10:25:41,532 - INFO - epoch=967 train_loss=0.0013 val_loss=0.0033
2026-01-23 10:25:45,236 - INFO - epoch=968 train_loss=0.0012 val_loss=0.0030
2026-01-23 10:25:48,933 - INFO - epoch=969 train_loss=0.0012 val_loss=0.0025
2026-01-23 10:25:52,625 - INFO - epoch=970 train_loss=0.0011 val_loss=0.0025
2026-01-23 10:25:56,315 - INFO - epoch=971 train_loss=0.0012 val_loss=0.0025
2026-01-23 10:26:00,043 - INFO - epoch=972 train_loss=0.0013 val_loss=0.0027
2026-01-23 10:26:03,741 - INFO - epoch=973 train_loss=0.0012 val_loss=0.0025
2026-01-23 10:26:07,457 - INFO - epoch=974 train_loss=0.0013 val_loss=0.0029
2026-01-23 10:26:11,180 - INFO - epoch=975 train_loss=0.0012 val_loss=0.0027
2026-01-23 10:26:14,892 - INFO - epoch=976 train_loss=0.0011 val_loss=0.0023
2026-01-23 10:26:18,603 - INFO - epoch=977 train_loss=0.0011 val_loss=0.0024
2026-01-23 10:26:22,298 - INFO - epoch=978 train_loss=0.0012 val_loss=0.0028
2026-01-23 10:26:25,994 - INFO - epoch=979 train_loss=0.0011 val_loss=0.0026
2026-01-23 10:26:29,704 - INFO - epoch=980 train_loss=0.0011 val_loss=0.0031
2026-01-23 10:26:33,717 - INFO - epoch=981 train_loss=0.0011 val_loss=0.0028
2026-01-23 10:26:37,442 - INFO - epoch=982 train_loss=0.0011 val_loss=0.0027
2026-01-23 10:26:41,139 - INFO - epoch=983 train_loss=0.0012 val_loss=0.0027
2026-01-23 10:26:44,842 - INFO - epoch=984 train_loss=0.0012 val_loss=0.0028
2026-01-23 10:26:48,585 - INFO - epoch=985 train_loss=0.0011 val_loss=0.0033
2026-01-23 10:26:52,295 - INFO - epoch=986 train_loss=0.0012 val_loss=0.0029
2026-01-23 10:26:55,995 - INFO - epoch=987 train_loss=0.0012 val_loss=0.0031
2026-01-23 10:26:59,692 - INFO - epoch=988 train_loss=0.0011 val_loss=0.0026
2026-01-23 10:27:03,381 - INFO - epoch=989 train_loss=0.0012 val_loss=0.0032
2026-01-23 10:27:07,099 - INFO - epoch=990 train_loss=0.0013 val_loss=0.0024
2026-01-23 10:27:10,827 - INFO - epoch=991 train_loss=0.0012 val_loss=0.0030
2026-01-23 10:27:14,549 - INFO - epoch=992 train_loss=0.0012 val_loss=0.0024
2026-01-23 10:27:18,273 - INFO - epoch=993 train_loss=0.0012 val_loss=0.0033
2026-01-23 10:27:21,989 - INFO - epoch=994 train_loss=0.0011 val_loss=0.0025
2026-01-23 10:27:25,702 - INFO - epoch=995 train_loss=0.0012 val_loss=0.0026
2026-01-23 10:27:29,423 - INFO - epoch=996 train_loss=0.0010 val_loss=0.0028
2026-01-23 10:27:33,157 - INFO - epoch=997 train_loss=0.0013 val_loss=0.0029
2026-01-23 10:27:36,846 - INFO - epoch=998 train_loss=0.0013 val_loss=0.0032
2026-01-23 10:27:40,560 - INFO - epoch=999 train_loss=0.0011 val_loss=0.0027
2026-01-23 10:27:44,261 - INFO - epoch=1000 train_loss=0.0012 val_loss=0.0027
2026-01-23 10:27:44,853 - INFO - saved: /home/jinlin/data/geoexplicit_data/experiments/icml2026_routegen/WAYCASD_STRICT_stepdest_nL64_rustbelt_seed0_e1000/W9_train_exec/report.json
