2026-01-26 19:10:14,686 - INFO - device=cuda
2026-01-26 19:10:14,692 - INFO - loaded way_semantic: n_channels=5
2026-01-26 19:10:14,697 - INFO - routes: total=5392 train=4853 val=539 max_way_len=160
/home/jinlin/miniconda3/envs/dpl/lib/python3.11/site-packages/torch/nn/modules/transformer.py:392: UserWarning: enable_nested_tensor is True, but self.use_nested_tensor is False because encoder_layer.norm_first was True
  warnings.warn(
2026-01-26 19:10:16,010 - INFO - init best_val_loss=0.333070 from current weights (epoch=0)
2026-01-26 19:10:19,209 - INFO - epoch=1 train_loss=0.3108 train_acc=0.805 val_loss=0.3241 val_acc=0.790
2026-01-26 19:10:21,879 - INFO - epoch=2 train_loss=0.3032 train_acc=0.809 val_loss=0.3142 val_acc=0.803
2026-01-26 19:10:24,525 - INFO - epoch=3 train_loss=0.2964 train_acc=0.816 val_loss=0.3105 val_acc=0.807
2026-01-26 19:10:27,189 - INFO - epoch=4 train_loss=0.2930 train_acc=0.820 val_loss=0.3064 val_acc=0.815
2026-01-26 19:10:29,845 - INFO - epoch=5 train_loss=0.2873 train_acc=0.826 val_loss=0.2986 val_acc=0.819
2026-01-26 19:10:32,537 - INFO - epoch=6 train_loss=0.2815 train_acc=0.831 val_loss=0.2977 val_acc=0.821
2026-01-26 19:10:35,230 - INFO - epoch=7 train_loss=0.2772 train_acc=0.833 val_loss=0.2925 val_acc=0.823
2026-01-26 19:10:37,892 - INFO - epoch=8 train_loss=0.2730 train_acc=0.837 val_loss=0.2867 val_acc=0.830
2026-01-26 19:10:40,570 - INFO - epoch=9 train_loss=0.2673 train_acc=0.844 val_loss=0.2818 val_acc=0.837
2026-01-26 19:10:43,294 - INFO - epoch=10 train_loss=0.2611 train_acc=0.853 val_loss=0.2757 val_acc=0.852
2026-01-26 19:10:46,011 - INFO - epoch=11 train_loss=0.2541 train_acc=0.863 val_loss=0.2709 val_acc=0.860
2026-01-26 19:10:48,733 - INFO - epoch=12 train_loss=0.2461 train_acc=0.874 val_loss=0.2596 val_acc=0.870
2026-01-26 19:10:51,444 - INFO - epoch=13 train_loss=0.2368 train_acc=0.882 val_loss=0.2528 val_acc=0.877
2026-01-26 19:10:54,162 - INFO - epoch=14 train_loss=0.2315 train_acc=0.886 val_loss=0.2494 val_acc=0.881
2026-01-26 19:10:56,889 - INFO - epoch=15 train_loss=0.2250 train_acc=0.890 val_loss=0.2447 val_acc=0.884
2026-01-26 19:10:59,630 - INFO - epoch=16 train_loss=0.2200 train_acc=0.895 val_loss=0.2422 val_acc=0.885
2026-01-26 19:11:02,417 - INFO - epoch=17 train_loss=0.2142 train_acc=0.898 val_loss=0.2363 val_acc=0.891
2026-01-26 19:11:05,199 - INFO - epoch=18 train_loss=0.2092 train_acc=0.901 val_loss=0.2288 val_acc=0.896
2026-01-26 19:11:07,975 - INFO - epoch=19 train_loss=0.2028 train_acc=0.906 val_loss=0.2258 val_acc=0.899
2026-01-26 19:11:10,739 - INFO - epoch=20 train_loss=0.1973 train_acc=0.909 val_loss=0.2252 val_acc=0.901
2026-01-26 19:11:13,576 - INFO - epoch=21 train_loss=0.1934 train_acc=0.910 val_loss=0.2214 val_acc=0.902
2026-01-26 19:11:16,367 - INFO - epoch=22 train_loss=0.1913 train_acc=0.912 val_loss=0.2173 val_acc=0.904
2026-01-26 19:11:19,172 - INFO - epoch=23 train_loss=0.1878 train_acc=0.914 val_loss=0.2137 val_acc=0.906
2026-01-26 19:11:21,956 - INFO - epoch=24 train_loss=0.1804 train_acc=0.917 val_loss=0.2128 val_acc=0.909
2026-01-26 19:11:24,756 - INFO - epoch=25 train_loss=0.1757 train_acc=0.921 val_loss=0.2129 val_acc=0.906
2026-01-26 19:11:27,589 - INFO - epoch=26 train_loss=0.1733 train_acc=0.920 val_loss=0.2098 val_acc=0.910
2026-01-26 19:11:30,459 - INFO - epoch=27 train_loss=0.1700 train_acc=0.923 val_loss=0.2071 val_acc=0.911
2026-01-26 19:11:33,261 - INFO - epoch=28 train_loss=0.1668 train_acc=0.924 val_loss=0.2057 val_acc=0.915
2026-01-26 19:11:36,126 - INFO - epoch=29 train_loss=0.1614 train_acc=0.928 val_loss=0.2021 val_acc=0.917
2026-01-26 19:11:38,945 - INFO - epoch=30 train_loss=0.1582 train_acc=0.930 val_loss=0.2023 val_acc=0.914
2026-01-26 19:11:41,743 - INFO - epoch=31 train_loss=0.1566 train_acc=0.930 val_loss=0.1992 val_acc=0.919
2026-01-26 19:11:44,628 - INFO - epoch=32 train_loss=0.1544 train_acc=0.931 val_loss=0.1957 val_acc=0.918
2026-01-26 19:11:47,530 - INFO - epoch=33 train_loss=0.1498 train_acc=0.933 val_loss=0.1961 val_acc=0.921
2026-01-26 19:11:50,355 - INFO - epoch=34 train_loss=0.1481 train_acc=0.935 val_loss=0.1921 val_acc=0.923
2026-01-26 19:11:53,194 - INFO - epoch=35 train_loss=0.1460 train_acc=0.936 val_loss=0.1960 val_acc=0.922
2026-01-26 19:11:56,014 - INFO - epoch=36 train_loss=0.1421 train_acc=0.938 val_loss=0.1924 val_acc=0.922
2026-01-26 19:11:58,841 - INFO - epoch=37 train_loss=0.1400 train_acc=0.940 val_loss=0.1878 val_acc=0.926
2026-01-26 19:12:01,688 - INFO - epoch=38 train_loss=0.1374 train_acc=0.940 val_loss=0.1977 val_acc=0.923
2026-01-26 19:12:04,592 - INFO - epoch=39 train_loss=0.1356 train_acc=0.941 val_loss=0.1925 val_acc=0.922
2026-01-26 19:12:07,445 - INFO - epoch=40 train_loss=0.1315 train_acc=0.944 val_loss=0.1887 val_acc=0.926
2026-01-26 19:12:10,403 - INFO - epoch=41 train_loss=0.1286 train_acc=0.944 val_loss=0.1921 val_acc=0.928
2026-01-26 19:12:13,317 - INFO - epoch=42 train_loss=0.1275 train_acc=0.945 val_loss=0.1879 val_acc=0.928
2026-01-26 19:12:16,213 - INFO - epoch=43 train_loss=0.1242 train_acc=0.946 val_loss=0.1913 val_acc=0.929
2026-01-26 19:12:19,106 - INFO - epoch=44 train_loss=0.1226 train_acc=0.947 val_loss=0.1916 val_acc=0.928
2026-01-26 19:12:22,015 - INFO - epoch=45 train_loss=0.1212 train_acc=0.948 val_loss=0.1882 val_acc=0.930
2026-01-26 19:12:24,906 - INFO - epoch=46 train_loss=0.1204 train_acc=0.948 val_loss=0.1888 val_acc=0.930
2026-01-26 19:12:27,777 - INFO - epoch=47 train_loss=0.1173 train_acc=0.950 val_loss=0.1957 val_acc=0.929
2026-01-26 19:12:30,682 - INFO - epoch=48 train_loss=0.1158 train_acc=0.951 val_loss=0.1927 val_acc=0.931
2026-01-26 19:12:33,559 - INFO - epoch=49 train_loss=0.1120 train_acc=0.953 val_loss=0.1908 val_acc=0.931
2026-01-26 19:12:36,423 - INFO - epoch=50 train_loss=0.1094 train_acc=0.953 val_loss=0.1914 val_acc=0.934
2026-01-26 19:12:39,295 - INFO - epoch=51 train_loss=0.1088 train_acc=0.954 val_loss=0.1886 val_acc=0.932
2026-01-26 19:12:42,177 - INFO - epoch=52 train_loss=0.1078 train_acc=0.954 val_loss=0.1919 val_acc=0.931
2026-01-26 19:12:45,092 - INFO - epoch=53 train_loss=0.1056 train_acc=0.956 val_loss=0.1871 val_acc=0.933
2026-01-26 19:12:47,999 - INFO - epoch=54 train_loss=0.1037 train_acc=0.956 val_loss=0.1933 val_acc=0.933
2026-01-26 19:12:50,935 - INFO - epoch=55 train_loss=0.1027 train_acc=0.957 val_loss=0.1913 val_acc=0.934
2026-01-26 19:12:53,814 - INFO - epoch=56 train_loss=0.1000 train_acc=0.958 val_loss=0.1938 val_acc=0.934
2026-01-26 19:12:56,694 - INFO - epoch=57 train_loss=0.0987 train_acc=0.958 val_loss=0.1966 val_acc=0.933
2026-01-26 19:12:59,574 - INFO - epoch=58 train_loss=0.0983 train_acc=0.959 val_loss=0.2055 val_acc=0.933
2026-01-26 19:13:02,489 - INFO - epoch=59 train_loss=0.0962 train_acc=0.960 val_loss=0.1953 val_acc=0.937
2026-01-26 19:13:05,431 - INFO - epoch=60 train_loss=0.0943 train_acc=0.961 val_loss=0.1976 val_acc=0.936
2026-01-26 19:13:08,384 - INFO - epoch=61 train_loss=0.0933 train_acc=0.962 val_loss=0.2044 val_acc=0.934
2026-01-26 19:13:11,306 - INFO - epoch=62 train_loss=0.0925 train_acc=0.962 val_loss=0.2029 val_acc=0.935
2026-01-26 19:13:14,210 - INFO - epoch=63 train_loss=0.0914 train_acc=0.963 val_loss=0.2064 val_acc=0.935
2026-01-26 19:13:17,116 - INFO - epoch=64 train_loss=0.0908 train_acc=0.962 val_loss=0.2046 val_acc=0.936
2026-01-26 19:13:20,082 - INFO - epoch=65 train_loss=0.0883 train_acc=0.963 val_loss=0.2009 val_acc=0.937
2026-01-26 19:13:23,017 - INFO - epoch=66 train_loss=0.0868 train_acc=0.964 val_loss=0.2087 val_acc=0.940
2026-01-26 19:13:25,907 - INFO - epoch=67 train_loss=0.0877 train_acc=0.964 val_loss=0.2108 val_acc=0.936
2026-01-26 19:13:28,864 - INFO - epoch=68 train_loss=0.0852 train_acc=0.965 val_loss=0.2099 val_acc=0.936
2026-01-26 19:13:31,751 - INFO - epoch=69 train_loss=0.0848 train_acc=0.965 val_loss=0.2089 val_acc=0.939
2026-01-26 19:13:34,713 - INFO - epoch=70 train_loss=0.0837 train_acc=0.966 val_loss=0.2016 val_acc=0.938
2026-01-26 19:13:37,598 - INFO - epoch=71 train_loss=0.0830 train_acc=0.966 val_loss=0.2019 val_acc=0.940
2026-01-26 19:13:40,523 - INFO - epoch=72 train_loss=0.0796 train_acc=0.967 val_loss=0.2106 val_acc=0.938
2026-01-26 19:13:43,456 - INFO - epoch=73 train_loss=0.0785 train_acc=0.968 val_loss=0.2057 val_acc=0.939
2026-01-26 19:13:46,371 - INFO - epoch=74 train_loss=0.0786 train_acc=0.968 val_loss=0.2145 val_acc=0.937
2026-01-26 19:13:49,285 - INFO - epoch=75 train_loss=0.0781 train_acc=0.968 val_loss=0.2135 val_acc=0.937
2026-01-26 19:13:52,239 - INFO - epoch=76 train_loss=0.0776 train_acc=0.969 val_loss=0.2123 val_acc=0.940
2026-01-26 19:13:55,164 - INFO - epoch=77 train_loss=0.0750 train_acc=0.970 val_loss=0.2078 val_acc=0.942
2026-01-26 19:13:58,139 - INFO - epoch=78 train_loss=0.0738 train_acc=0.970 val_loss=0.2160 val_acc=0.940
2026-01-26 19:14:01,097 - INFO - epoch=79 train_loss=0.0729 train_acc=0.971 val_loss=0.2123 val_acc=0.939
2026-01-26 19:14:04,009 - INFO - epoch=80 train_loss=0.0748 train_acc=0.970 val_loss=0.2116 val_acc=0.939
2026-01-26 19:14:07,085 - INFO - epoch=81 train_loss=0.0715 train_acc=0.971 val_loss=0.2035 val_acc=0.940
2026-01-26 19:14:10,005 - INFO - epoch=82 train_loss=0.0728 train_acc=0.970 val_loss=0.2226 val_acc=0.939
2026-01-26 19:14:12,917 - INFO - epoch=83 train_loss=0.0718 train_acc=0.971 val_loss=0.2218 val_acc=0.941
2026-01-26 19:14:15,846 - INFO - epoch=84 train_loss=0.0703 train_acc=0.972 val_loss=0.2129 val_acc=0.941
2026-01-26 19:14:18,752 - INFO - epoch=85 train_loss=0.0689 train_acc=0.973 val_loss=0.2188 val_acc=0.941
2026-01-26 19:14:21,679 - INFO - epoch=86 train_loss=0.0679 train_acc=0.973 val_loss=0.2168 val_acc=0.942
2026-01-26 19:14:24,645 - INFO - epoch=87 train_loss=0.0693 train_acc=0.972 val_loss=0.2186 val_acc=0.940
2026-01-26 19:14:27,557 - INFO - epoch=88 train_loss=0.0688 train_acc=0.972 val_loss=0.2215 val_acc=0.942
2026-01-26 19:14:30,469 - INFO - epoch=89 train_loss=0.0664 train_acc=0.973 val_loss=0.2126 val_acc=0.943
2026-01-26 19:14:33,440 - INFO - epoch=90 train_loss=0.0644 train_acc=0.974 val_loss=0.2275 val_acc=0.940
2026-01-26 19:14:36,379 - INFO - epoch=91 train_loss=0.0646 train_acc=0.974 val_loss=0.2202 val_acc=0.942
2026-01-26 19:14:39,299 - INFO - epoch=92 train_loss=0.0667 train_acc=0.973 val_loss=0.2279 val_acc=0.942
2026-01-26 19:14:42,275 - INFO - epoch=93 train_loss=0.0653 train_acc=0.974 val_loss=0.2241 val_acc=0.942
2026-01-26 19:14:45,203 - INFO - epoch=94 train_loss=0.0633 train_acc=0.975 val_loss=0.2244 val_acc=0.943
2026-01-26 19:14:48,160 - INFO - epoch=95 train_loss=0.0613 train_acc=0.976 val_loss=0.2269 val_acc=0.944
2026-01-26 19:14:51,078 - INFO - epoch=96 train_loss=0.0623 train_acc=0.976 val_loss=0.2230 val_acc=0.944
2026-01-26 19:14:54,058 - INFO - epoch=97 train_loss=0.0594 train_acc=0.976 val_loss=0.2374 val_acc=0.942
2026-01-26 19:14:57,011 - INFO - epoch=98 train_loss=0.0594 train_acc=0.976 val_loss=0.2381 val_acc=0.943
2026-01-26 19:14:59,926 - INFO - epoch=99 train_loss=0.0595 train_acc=0.976 val_loss=0.2292 val_acc=0.944
2026-01-26 19:15:02,863 - INFO - epoch=100 train_loss=0.0569 train_acc=0.978 val_loss=0.2326 val_acc=0.942
2026-01-26 19:15:05,846 - INFO - epoch=101 train_loss=0.0564 train_acc=0.978 val_loss=0.2368 val_acc=0.942
2026-01-26 19:15:08,788 - INFO - epoch=102 train_loss=0.0590 train_acc=0.977 val_loss=0.2378 val_acc=0.942
2026-01-26 19:15:11,749 - INFO - epoch=103 train_loss=0.0572 train_acc=0.978 val_loss=0.2329 val_acc=0.944
2026-01-26 19:15:14,735 - INFO - epoch=104 train_loss=0.0558 train_acc=0.978 val_loss=0.2414 val_acc=0.945
2026-01-26 19:15:17,658 - INFO - epoch=105 train_loss=0.0576 train_acc=0.978 val_loss=0.2475 val_acc=0.942
2026-01-26 19:15:20,583 - INFO - epoch=106 train_loss=0.0584 train_acc=0.977 val_loss=0.2440 val_acc=0.942
2026-01-26 19:15:23,537 - INFO - epoch=107 train_loss=0.0558 train_acc=0.978 val_loss=0.2421 val_acc=0.943
2026-01-26 19:15:26,485 - INFO - epoch=108 train_loss=0.0548 train_acc=0.978 val_loss=0.2489 val_acc=0.944
2026-01-26 19:15:29,428 - INFO - epoch=109 train_loss=0.0522 train_acc=0.979 val_loss=0.2382 val_acc=0.946
2026-01-26 19:15:32,403 - INFO - epoch=110 train_loss=0.0511 train_acc=0.980 val_loss=0.2434 val_acc=0.946
2026-01-26 19:15:35,385 - INFO - epoch=111 train_loss=0.0497 train_acc=0.981 val_loss=0.2401 val_acc=0.946
2026-01-26 19:15:38,313 - INFO - epoch=112 train_loss=0.0514 train_acc=0.979 val_loss=0.2307 val_acc=0.943
2026-01-26 19:15:41,244 - INFO - epoch=113 train_loss=0.0516 train_acc=0.980 val_loss=0.2385 val_acc=0.945
2026-01-26 19:15:44,179 - INFO - epoch=114 train_loss=0.0533 train_acc=0.979 val_loss=0.2444 val_acc=0.945
2026-01-26 19:15:47,117 - INFO - epoch=115 train_loss=0.0519 train_acc=0.980 val_loss=0.2476 val_acc=0.945
2026-01-26 19:15:50,036 - INFO - epoch=116 train_loss=0.0501 train_acc=0.981 val_loss=0.2541 val_acc=0.944
2026-01-26 19:15:52,994 - INFO - epoch=117 train_loss=0.0509 train_acc=0.980 val_loss=0.2401 val_acc=0.945
2026-01-26 19:15:55,968 - INFO - epoch=118 train_loss=0.0501 train_acc=0.980 val_loss=0.2342 val_acc=0.947
2026-01-26 19:15:58,901 - INFO - epoch=119 train_loss=0.0494 train_acc=0.981 val_loss=0.2448 val_acc=0.945
2026-01-26 19:16:01,838 - INFO - epoch=120 train_loss=0.0495 train_acc=0.981 val_loss=0.2432 val_acc=0.944
2026-01-26 19:16:04,863 - INFO - epoch=121 train_loss=0.0487 train_acc=0.981 val_loss=0.2439 val_acc=0.946
2026-01-26 19:16:07,797 - INFO - epoch=122 train_loss=0.0454 train_acc=0.982 val_loss=0.2523 val_acc=0.946
2026-01-26 19:16:10,729 - INFO - epoch=123 train_loss=0.0458 train_acc=0.982 val_loss=0.2590 val_acc=0.945
2026-01-26 19:16:13,656 - INFO - epoch=124 train_loss=0.0448 train_acc=0.982 val_loss=0.2556 val_acc=0.944
2026-01-26 19:16:16,601 - INFO - epoch=125 train_loss=0.0472 train_acc=0.982 val_loss=0.2551 val_acc=0.943
2026-01-26 19:16:19,516 - INFO - epoch=126 train_loss=0.0471 train_acc=0.981 val_loss=0.2577 val_acc=0.945
2026-01-26 19:16:22,450 - INFO - epoch=127 train_loss=0.0460 train_acc=0.982 val_loss=0.2641 val_acc=0.944
2026-01-26 19:16:25,383 - INFO - epoch=128 train_loss=0.0450 train_acc=0.983 val_loss=0.2593 val_acc=0.946
2026-01-26 19:16:28,288 - INFO - epoch=129 train_loss=0.0462 train_acc=0.982 val_loss=0.2533 val_acc=0.945
2026-01-26 19:16:31,230 - INFO - epoch=130 train_loss=0.0446 train_acc=0.983 val_loss=0.2677 val_acc=0.945
2026-01-26 19:16:34,174 - INFO - epoch=131 train_loss=0.0436 train_acc=0.983 val_loss=0.2649 val_acc=0.948
2026-01-26 19:16:37,165 - INFO - epoch=132 train_loss=0.0450 train_acc=0.983 val_loss=0.2640 val_acc=0.947
2026-01-26 19:16:40,132 - INFO - epoch=133 train_loss=0.0428 train_acc=0.984 val_loss=0.2671 val_acc=0.946
2026-01-26 19:16:43,085 - INFO - epoch=134 train_loss=0.0406 train_acc=0.984 val_loss=0.2673 val_acc=0.948
2026-01-26 19:16:46,022 - INFO - epoch=135 train_loss=0.0425 train_acc=0.984 val_loss=0.2645 val_acc=0.949
2026-01-26 19:16:48,952 - INFO - epoch=136 train_loss=0.0422 train_acc=0.984 val_loss=0.2748 val_acc=0.946
2026-01-26 19:16:51,929 - INFO - epoch=137 train_loss=0.0410 train_acc=0.985 val_loss=0.2628 val_acc=0.948
2026-01-26 19:16:54,850 - INFO - epoch=138 train_loss=0.0407 train_acc=0.985 val_loss=0.2751 val_acc=0.949
2026-01-26 19:16:57,763 - INFO - epoch=139 train_loss=0.0401 train_acc=0.984 val_loss=0.2733 val_acc=0.947
2026-01-26 19:17:00,691 - INFO - epoch=140 train_loss=0.0403 train_acc=0.985 val_loss=0.2899 val_acc=0.946
2026-01-26 19:17:03,724 - INFO - epoch=141 train_loss=0.0414 train_acc=0.984 val_loss=0.2782 val_acc=0.947
2026-01-26 19:17:06,712 - INFO - epoch=142 train_loss=0.0423 train_acc=0.984 val_loss=0.2754 val_acc=0.947
2026-01-26 19:17:09,690 - INFO - epoch=143 train_loss=0.0409 train_acc=0.985 val_loss=0.2603 val_acc=0.948
2026-01-26 19:17:12,603 - INFO - epoch=144 train_loss=0.0376 train_acc=0.986 val_loss=0.2706 val_acc=0.947
2026-01-26 19:17:15,525 - INFO - epoch=145 train_loss=0.0377 train_acc=0.985 val_loss=0.2772 val_acc=0.949
2026-01-26 19:17:18,511 - INFO - epoch=146 train_loss=0.0385 train_acc=0.986 val_loss=0.2741 val_acc=0.948
2026-01-26 19:17:21,451 - INFO - epoch=147 train_loss=0.0387 train_acc=0.985 val_loss=0.2753 val_acc=0.949
2026-01-26 19:17:24,408 - INFO - epoch=148 train_loss=0.0376 train_acc=0.986 val_loss=0.2817 val_acc=0.948
2026-01-26 19:17:27,328 - INFO - epoch=149 train_loss=0.0373 train_acc=0.986 val_loss=0.2838 val_acc=0.949
2026-01-26 19:17:30,282 - INFO - epoch=150 train_loss=0.0371 train_acc=0.986 val_loss=0.2714 val_acc=0.948
2026-01-26 19:17:33,209 - INFO - epoch=151 train_loss=0.0383 train_acc=0.986 val_loss=0.2804 val_acc=0.948
2026-01-26 19:17:36,173 - INFO - epoch=152 train_loss=0.0383 train_acc=0.986 val_loss=0.2657 val_acc=0.948
2026-01-26 19:17:39,107 - INFO - epoch=153 train_loss=0.0371 train_acc=0.986 val_loss=0.2777 val_acc=0.949
2026-01-26 19:17:42,087 - INFO - epoch=154 train_loss=0.0358 train_acc=0.987 val_loss=0.2794 val_acc=0.948
2026-01-26 19:17:45,046 - INFO - epoch=155 train_loss=0.0371 train_acc=0.986 val_loss=0.2825 val_acc=0.948
2026-01-26 19:17:48,000 - INFO - epoch=156 train_loss=0.0350 train_acc=0.987 val_loss=0.2848 val_acc=0.949
2026-01-26 19:17:50,952 - INFO - epoch=157 train_loss=0.0356 train_acc=0.987 val_loss=0.2866 val_acc=0.948
2026-01-26 19:17:53,879 - INFO - epoch=158 train_loss=0.0358 train_acc=0.986 val_loss=0.2814 val_acc=0.948
2026-01-26 19:17:56,858 - INFO - epoch=159 train_loss=0.0352 train_acc=0.987 val_loss=0.2945 val_acc=0.949
2026-01-26 19:17:59,767 - INFO - epoch=160 train_loss=0.0351 train_acc=0.987 val_loss=0.2890 val_acc=0.948
2026-01-26 19:18:02,735 - INFO - epoch=161 train_loss=0.0362 train_acc=0.987 val_loss=0.2915 val_acc=0.946
2026-01-26 19:18:05,688 - INFO - epoch=162 train_loss=0.0355 train_acc=0.987 val_loss=0.2849 val_acc=0.949
2026-01-26 19:18:08,642 - INFO - epoch=163 train_loss=0.0356 train_acc=0.986 val_loss=0.2863 val_acc=0.949
2026-01-26 19:18:11,573 - INFO - epoch=164 train_loss=0.0334 train_acc=0.987 val_loss=0.2973 val_acc=0.950
2026-01-26 19:18:14,497 - INFO - epoch=165 train_loss=0.0328 train_acc=0.987 val_loss=0.3134 val_acc=0.948
2026-01-26 19:18:17,415 - INFO - epoch=166 train_loss=0.0337 train_acc=0.987 val_loss=0.2857 val_acc=0.949
2026-01-26 19:18:20,346 - INFO - epoch=167 train_loss=0.0331 train_acc=0.987 val_loss=0.2939 val_acc=0.947
2026-01-26 19:18:23,312 - INFO - epoch=168 train_loss=0.0344 train_acc=0.987 val_loss=0.2931 val_acc=0.948
2026-01-26 19:18:26,269 - INFO - epoch=169 train_loss=0.0330 train_acc=0.988 val_loss=0.3014 val_acc=0.948
2026-01-26 19:18:29,187 - INFO - epoch=170 train_loss=0.0334 train_acc=0.987 val_loss=0.2873 val_acc=0.950
2026-01-26 19:18:32,102 - INFO - epoch=171 train_loss=0.0342 train_acc=0.988 val_loss=0.2975 val_acc=0.948
2026-01-26 19:18:35,069 - INFO - epoch=172 train_loss=0.0337 train_acc=0.987 val_loss=0.2837 val_acc=0.949
2026-01-26 19:18:38,000 - INFO - epoch=173 train_loss=0.0321 train_acc=0.988 val_loss=0.3048 val_acc=0.948
2026-01-26 19:18:40,922 - INFO - epoch=174 train_loss=0.0305 train_acc=0.989 val_loss=0.3041 val_acc=0.950
2026-01-26 19:18:43,910 - INFO - epoch=175 train_loss=0.0298 train_acc=0.989 val_loss=0.3040 val_acc=0.950
2026-01-26 19:18:46,831 - INFO - epoch=176 train_loss=0.0303 train_acc=0.989 val_loss=0.2942 val_acc=0.950
2026-01-26 19:18:49,751 - INFO - epoch=177 train_loss=0.0314 train_acc=0.989 val_loss=0.2976 val_acc=0.948
2026-01-26 19:18:52,743 - INFO - epoch=178 train_loss=0.0330 train_acc=0.987 val_loss=0.3167 val_acc=0.948
2026-01-26 19:18:55,698 - INFO - epoch=179 train_loss=0.0318 train_acc=0.988 val_loss=0.3046 val_acc=0.948
2026-01-26 19:18:58,659 - INFO - epoch=180 train_loss=0.0332 train_acc=0.988 val_loss=0.2997 val_acc=0.950
2026-01-26 19:19:01,657 - INFO - epoch=181 train_loss=0.0313 train_acc=0.988 val_loss=0.2965 val_acc=0.950
2026-01-26 19:19:04,591 - INFO - epoch=182 train_loss=0.0292 train_acc=0.989 val_loss=0.3084 val_acc=0.950
2026-01-26 19:19:07,576 - INFO - epoch=183 train_loss=0.0297 train_acc=0.989 val_loss=0.2855 val_acc=0.951
2026-01-26 19:19:10,493 - INFO - epoch=184 train_loss=0.0300 train_acc=0.989 val_loss=0.3088 val_acc=0.949
2026-01-26 19:19:13,448 - INFO - epoch=185 train_loss=0.0298 train_acc=0.989 val_loss=0.2996 val_acc=0.948
2026-01-26 19:19:16,375 - INFO - epoch=186 train_loss=0.0284 train_acc=0.989 val_loss=0.3071 val_acc=0.948
2026-01-26 19:19:19,349 - INFO - epoch=187 train_loss=0.0284 train_acc=0.990 val_loss=0.2995 val_acc=0.949
2026-01-26 19:19:22,318 - INFO - epoch=188 train_loss=0.0267 train_acc=0.990 val_loss=0.3088 val_acc=0.949
2026-01-26 19:19:25,254 - INFO - epoch=189 train_loss=0.0286 train_acc=0.989 val_loss=0.3070 val_acc=0.950
2026-01-26 19:19:28,232 - INFO - epoch=190 train_loss=0.0300 train_acc=0.989 val_loss=0.3175 val_acc=0.948
2026-01-26 19:19:31,204 - INFO - epoch=191 train_loss=0.0287 train_acc=0.989 val_loss=0.3120 val_acc=0.950
2026-01-26 19:19:34,182 - INFO - epoch=192 train_loss=0.0301 train_acc=0.989 val_loss=0.3029 val_acc=0.949
2026-01-26 19:19:37,154 - INFO - epoch=193 train_loss=0.0287 train_acc=0.989 val_loss=0.3066 val_acc=0.950
2026-01-26 19:19:40,137 - INFO - epoch=194 train_loss=0.0286 train_acc=0.990 val_loss=0.3105 val_acc=0.949
2026-01-26 19:19:43,066 - INFO - epoch=195 train_loss=0.0282 train_acc=0.989 val_loss=0.3237 val_acc=0.948
2026-01-26 19:19:46,009 - INFO - epoch=196 train_loss=0.0279 train_acc=0.990 val_loss=0.3143 val_acc=0.948
2026-01-26 19:19:48,938 - INFO - epoch=197 train_loss=0.0285 train_acc=0.989 val_loss=0.3172 val_acc=0.950
2026-01-26 19:19:51,854 - INFO - epoch=198 train_loss=0.0283 train_acc=0.990 val_loss=0.3237 val_acc=0.949
2026-01-26 19:19:54,821 - INFO - epoch=199 train_loss=0.0285 train_acc=0.989 val_loss=0.3062 val_acc=0.948
2026-01-26 19:19:57,768 - INFO - epoch=200 train_loss=0.0280 train_acc=0.990 val_loss=0.3234 val_acc=0.948
2026-01-26 19:20:00,783 - INFO - epoch=201 train_loss=0.0272 train_acc=0.990 val_loss=0.3154 val_acc=0.948
2026-01-26 19:20:03,752 - INFO - epoch=202 train_loss=0.0257 train_acc=0.991 val_loss=0.3202 val_acc=0.948
2026-01-26 19:20:06,729 - INFO - epoch=203 train_loss=0.0279 train_acc=0.990 val_loss=0.3179 val_acc=0.950
2026-01-26 19:20:09,727 - INFO - epoch=204 train_loss=0.0263 train_acc=0.991 val_loss=0.3211 val_acc=0.949
2026-01-26 19:20:12,680 - INFO - epoch=205 train_loss=0.0270 train_acc=0.990 val_loss=0.3306 val_acc=0.949
2026-01-26 19:20:15,684 - INFO - epoch=206 train_loss=0.0291 train_acc=0.989 val_loss=0.3066 val_acc=0.948
2026-01-26 19:20:18,602 - INFO - epoch=207 train_loss=0.0304 train_acc=0.989 val_loss=0.3123 val_acc=0.948
2026-01-26 19:20:21,533 - INFO - epoch=208 train_loss=0.0277 train_acc=0.990 val_loss=0.3178 val_acc=0.948
2026-01-26 19:20:24,458 - INFO - epoch=209 train_loss=0.0269 train_acc=0.990 val_loss=0.3053 val_acc=0.949
2026-01-26 19:20:27,450 - INFO - epoch=210 train_loss=0.0265 train_acc=0.990 val_loss=0.3314 val_acc=0.949
2026-01-26 19:20:30,372 - INFO - epoch=211 train_loss=0.0274 train_acc=0.990 val_loss=0.3211 val_acc=0.948
2026-01-26 19:20:33,328 - INFO - epoch=212 train_loss=0.0277 train_acc=0.990 val_loss=0.3202 val_acc=0.949
2026-01-26 19:20:36,299 - INFO - epoch=213 train_loss=0.0264 train_acc=0.990 val_loss=0.3344 val_acc=0.949
2026-01-26 19:20:39,223 - INFO - epoch=214 train_loss=0.0269 train_acc=0.990 val_loss=0.3204 val_acc=0.951
2026-01-26 19:20:42,162 - INFO - epoch=215 train_loss=0.0254 train_acc=0.991 val_loss=0.3317 val_acc=0.949
2026-01-26 19:20:45,117 - INFO - epoch=216 train_loss=0.0255 train_acc=0.991 val_loss=0.3247 val_acc=0.950
2026-01-26 19:20:48,042 - INFO - epoch=217 train_loss=0.0259 train_acc=0.991 val_loss=0.3176 val_acc=0.949
2026-01-26 19:20:51,022 - INFO - epoch=218 train_loss=0.0255 train_acc=0.991 val_loss=0.3151 val_acc=0.948
2026-01-26 19:20:53,968 - INFO - epoch=219 train_loss=0.0263 train_acc=0.990 val_loss=0.3056 val_acc=0.950
2026-01-26 19:20:56,909 - INFO - epoch=220 train_loss=0.0259 train_acc=0.991 val_loss=0.3257 val_acc=0.949
2026-01-26 19:20:59,936 - INFO - epoch=221 train_loss=0.0252 train_acc=0.991 val_loss=0.3317 val_acc=0.949
2026-01-26 19:21:02,925 - INFO - epoch=222 train_loss=0.0247 train_acc=0.991 val_loss=0.3202 val_acc=0.950
2026-01-26 19:21:05,855 - INFO - epoch=223 train_loss=0.0249 train_acc=0.991 val_loss=0.3323 val_acc=0.949
2026-01-26 19:21:08,784 - INFO - epoch=224 train_loss=0.0248 train_acc=0.991 val_loss=0.3185 val_acc=0.950
2026-01-26 19:21:11,728 - INFO - epoch=225 train_loss=0.0241 train_acc=0.991 val_loss=0.3339 val_acc=0.950
2026-01-26 19:21:14,654 - INFO - epoch=226 train_loss=0.0238 train_acc=0.991 val_loss=0.3433 val_acc=0.949
2026-01-26 19:21:17,589 - INFO - epoch=227 train_loss=0.0231 train_acc=0.991 val_loss=0.3334 val_acc=0.951
2026-01-26 19:21:20,506 - INFO - epoch=228 train_loss=0.0245 train_acc=0.991 val_loss=0.3206 val_acc=0.949
2026-01-26 19:21:23,489 - INFO - epoch=229 train_loss=0.0253 train_acc=0.991 val_loss=0.3136 val_acc=0.948
2026-01-26 19:21:26,428 - INFO - epoch=230 train_loss=0.0243 train_acc=0.991 val_loss=0.3197 val_acc=0.951
2026-01-26 19:21:29,354 - INFO - epoch=231 train_loss=0.0232 train_acc=0.991 val_loss=0.3410 val_acc=0.949
2026-01-26 19:21:32,306 - INFO - epoch=232 train_loss=0.0237 train_acc=0.991 val_loss=0.3436 val_acc=0.950
2026-01-26 19:21:35,230 - INFO - epoch=233 train_loss=0.0229 train_acc=0.992 val_loss=0.3346 val_acc=0.951
2026-01-26 19:21:38,147 - INFO - epoch=234 train_loss=0.0232 train_acc=0.992 val_loss=0.3343 val_acc=0.952
2026-01-26 19:21:41,089 - INFO - epoch=235 train_loss=0.0233 train_acc=0.991 val_loss=0.3349 val_acc=0.951
2026-01-26 19:21:44,009 - INFO - epoch=236 train_loss=0.0231 train_acc=0.992 val_loss=0.3254 val_acc=0.951
2026-01-26 19:21:46,980 - INFO - epoch=237 train_loss=0.0224 train_acc=0.992 val_loss=0.3265 val_acc=0.951
2026-01-26 19:21:49,958 - INFO - epoch=238 train_loss=0.0222 train_acc=0.992 val_loss=0.3460 val_acc=0.950
2026-01-26 19:21:52,910 - INFO - epoch=239 train_loss=0.0223 train_acc=0.992 val_loss=0.3389 val_acc=0.950
2026-01-26 19:21:55,865 - INFO - epoch=240 train_loss=0.0222 train_acc=0.992 val_loss=0.3371 val_acc=0.950
2026-01-26 19:21:58,883 - INFO - epoch=241 train_loss=0.0214 train_acc=0.992 val_loss=0.3322 val_acc=0.951
2026-01-26 19:22:01,820 - INFO - epoch=242 train_loss=0.0207 train_acc=0.993 val_loss=0.3414 val_acc=0.951
2026-01-26 19:22:04,751 - INFO - epoch=243 train_loss=0.0220 train_acc=0.992 val_loss=0.3411 val_acc=0.951
2026-01-26 19:22:07,701 - INFO - epoch=244 train_loss=0.0244 train_acc=0.991 val_loss=0.3338 val_acc=0.950
2026-01-26 19:22:10,675 - INFO - epoch=245 train_loss=0.0220 train_acc=0.992 val_loss=0.3460 val_acc=0.951
2026-01-26 19:22:13,618 - INFO - epoch=246 train_loss=0.0209 train_acc=0.992 val_loss=0.3479 val_acc=0.951
2026-01-26 19:22:16,597 - INFO - epoch=247 train_loss=0.0210 train_acc=0.992 val_loss=0.3424 val_acc=0.951
2026-01-26 19:22:19,531 - INFO - epoch=248 train_loss=0.0212 train_acc=0.992 val_loss=0.3350 val_acc=0.951
2026-01-26 19:22:22,473 - INFO - epoch=249 train_loss=0.0214 train_acc=0.993 val_loss=0.3398 val_acc=0.950
2026-01-26 19:22:25,430 - INFO - epoch=250 train_loss=0.0227 train_acc=0.992 val_loss=0.3477 val_acc=0.950
2026-01-26 19:22:28,356 - INFO - epoch=251 train_loss=0.0220 train_acc=0.992 val_loss=0.3388 val_acc=0.952
2026-01-26 19:22:31,278 - INFO - epoch=252 train_loss=0.0210 train_acc=0.992 val_loss=0.3495 val_acc=0.950
2026-01-26 19:22:34,261 - INFO - epoch=253 train_loss=0.0209 train_acc=0.993 val_loss=0.3310 val_acc=0.949
2026-01-26 19:22:37,236 - INFO - epoch=254 train_loss=0.0216 train_acc=0.992 val_loss=0.3348 val_acc=0.953
2026-01-26 19:22:40,225 - INFO - epoch=255 train_loss=0.0208 train_acc=0.992 val_loss=0.3411 val_acc=0.951
2026-01-26 19:22:43,166 - INFO - epoch=256 train_loss=0.0207 train_acc=0.992 val_loss=0.3418 val_acc=0.951
2026-01-26 19:22:46,091 - INFO - epoch=257 train_loss=0.0224 train_acc=0.992 val_loss=0.3652 val_acc=0.950
2026-01-26 19:22:49,008 - INFO - epoch=258 train_loss=0.0249 train_acc=0.991 val_loss=0.3586 val_acc=0.949
2026-01-26 19:22:51,924 - INFO - epoch=259 train_loss=0.0224 train_acc=0.992 val_loss=0.3535 val_acc=0.951
2026-01-26 19:22:54,883 - INFO - epoch=260 train_loss=0.0215 train_acc=0.993 val_loss=0.3469 val_acc=0.951
2026-01-26 19:22:57,842 - INFO - epoch=261 train_loss=0.0221 train_acc=0.992 val_loss=0.3531 val_acc=0.951
2026-01-26 19:23:00,776 - INFO - epoch=262 train_loss=0.0224 train_acc=0.992 val_loss=0.3342 val_acc=0.950
2026-01-26 19:23:03,711 - INFO - epoch=263 train_loss=0.0221 train_acc=0.992 val_loss=0.3491 val_acc=0.951
2026-01-26 19:23:06,686 - INFO - epoch=264 train_loss=0.0197 train_acc=0.993 val_loss=0.3344 val_acc=0.951
2026-01-26 19:23:09,617 - INFO - epoch=265 train_loss=0.0198 train_acc=0.993 val_loss=0.3312 val_acc=0.950
2026-01-26 19:23:12,570 - INFO - epoch=266 train_loss=0.0196 train_acc=0.993 val_loss=0.3435 val_acc=0.950
2026-01-26 19:23:15,553 - INFO - epoch=267 train_loss=0.0197 train_acc=0.993 val_loss=0.3397 val_acc=0.951
2026-01-26 19:23:18,494 - INFO - epoch=268 train_loss=0.0200 train_acc=0.993 val_loss=0.3534 val_acc=0.952
2026-01-26 19:23:21,444 - INFO - epoch=269 train_loss=0.0197 train_acc=0.993 val_loss=0.3522 val_acc=0.951
2026-01-26 19:23:24,350 - INFO - epoch=270 train_loss=0.0206 train_acc=0.993 val_loss=0.3650 val_acc=0.952
2026-01-26 19:23:27,262 - INFO - epoch=271 train_loss=0.0211 train_acc=0.992 val_loss=0.3538 val_acc=0.953
2026-01-26 19:23:30,180 - INFO - epoch=272 train_loss=0.0213 train_acc=0.992 val_loss=0.3699 val_acc=0.951
2026-01-26 19:23:33,102 - INFO - epoch=273 train_loss=0.0206 train_acc=0.993 val_loss=0.3744 val_acc=0.950
2026-01-26 19:23:36,029 - INFO - epoch=274 train_loss=0.0210 train_acc=0.993 val_loss=0.3560 val_acc=0.951
2026-01-26 19:23:38,970 - INFO - epoch=275 train_loss=0.0201 train_acc=0.993 val_loss=0.3581 val_acc=0.950
2026-01-26 19:23:41,951 - INFO - epoch=276 train_loss=0.0191 train_acc=0.993 val_loss=0.3737 val_acc=0.949
2026-01-26 19:23:44,936 - INFO - epoch=277 train_loss=0.0214 train_acc=0.993 val_loss=0.3430 val_acc=0.951
2026-01-26 19:23:47,922 - INFO - epoch=278 train_loss=0.0222 train_acc=0.992 val_loss=0.3551 val_acc=0.951
2026-01-26 19:23:50,892 - INFO - epoch=279 train_loss=0.0203 train_acc=0.993 val_loss=0.3455 val_acc=0.950
2026-01-26 19:23:53,807 - INFO - epoch=280 train_loss=0.0196 train_acc=0.993 val_loss=0.3643 val_acc=0.952
2026-01-26 19:23:56,808 - INFO - epoch=281 train_loss=0.0194 train_acc=0.993 val_loss=0.3605 val_acc=0.952
2026-01-26 19:23:59,777 - INFO - epoch=282 train_loss=0.0205 train_acc=0.993 val_loss=0.3706 val_acc=0.951
2026-01-26 19:24:02,708 - INFO - epoch=283 train_loss=0.0223 train_acc=0.992 val_loss=0.3640 val_acc=0.950
2026-01-26 19:24:05,643 - INFO - epoch=284 train_loss=0.0215 train_acc=0.993 val_loss=0.3612 val_acc=0.950
2026-01-26 19:24:08,627 - INFO - epoch=285 train_loss=0.0196 train_acc=0.993 val_loss=0.3678 val_acc=0.952
2026-01-26 19:24:11,588 - INFO - epoch=286 train_loss=0.0203 train_acc=0.993 val_loss=0.3653 val_acc=0.949
2026-01-26 19:24:14,546 - INFO - epoch=287 train_loss=0.0200 train_acc=0.993 val_loss=0.3668 val_acc=0.950
2026-01-26 19:24:17,466 - INFO - epoch=288 train_loss=0.0176 train_acc=0.993 val_loss=0.3656 val_acc=0.951
2026-01-26 19:24:20,439 - INFO - epoch=289 train_loss=0.0188 train_acc=0.993 val_loss=0.3642 val_acc=0.950
2026-01-26 19:24:23,394 - INFO - epoch=290 train_loss=0.0193 train_acc=0.993 val_loss=0.3646 val_acc=0.949
2026-01-26 19:24:26,336 - INFO - epoch=291 train_loss=0.0181 train_acc=0.994 val_loss=0.3687 val_acc=0.951
2026-01-26 19:24:29,292 - INFO - epoch=292 train_loss=0.0177 train_acc=0.994 val_loss=0.3665 val_acc=0.950
2026-01-26 19:24:32,239 - INFO - epoch=293 train_loss=0.0182 train_acc=0.994 val_loss=0.3855 val_acc=0.950
2026-01-26 19:24:35,231 - INFO - epoch=294 train_loss=0.0191 train_acc=0.993 val_loss=0.3669 val_acc=0.952
2026-01-26 19:24:38,189 - INFO - epoch=295 train_loss=0.0168 train_acc=0.994 val_loss=0.3848 val_acc=0.950
2026-01-26 19:24:41,110 - INFO - epoch=296 train_loss=0.0159 train_acc=0.994 val_loss=0.3978 val_acc=0.949
2026-01-26 19:24:44,089 - INFO - epoch=297 train_loss=0.0157 train_acc=0.994 val_loss=0.3963 val_acc=0.952
2026-01-26 19:24:47,042 - INFO - epoch=298 train_loss=0.0171 train_acc=0.994 val_loss=0.3899 val_acc=0.950
2026-01-26 19:24:49,964 - INFO - epoch=299 train_loss=0.0189 train_acc=0.993 val_loss=0.3871 val_acc=0.950
2026-01-26 19:24:52,941 - INFO - epoch=300 train_loss=0.0175 train_acc=0.994 val_loss=0.4040 val_acc=0.950
2026-01-26 19:24:55,961 - INFO - epoch=301 train_loss=0.0196 train_acc=0.993 val_loss=0.3923 val_acc=0.951
2026-01-26 19:24:58,951 - INFO - epoch=302 train_loss=0.0212 train_acc=0.993 val_loss=0.3758 val_acc=0.950
2026-01-26 19:25:01,918 - INFO - epoch=303 train_loss=0.0193 train_acc=0.993 val_loss=0.4020 val_acc=0.950
2026-01-26 19:25:04,877 - INFO - epoch=304 train_loss=0.0205 train_acc=0.993 val_loss=0.3809 val_acc=0.949
2026-01-26 19:25:07,835 - INFO - epoch=305 train_loss=0.0204 train_acc=0.993 val_loss=0.3786 val_acc=0.949
2026-01-26 19:25:10,789 - INFO - epoch=306 train_loss=0.0190 train_acc=0.994 val_loss=0.3721 val_acc=0.949
2026-01-26 19:25:13,753 - INFO - epoch=307 train_loss=0.0196 train_acc=0.993 val_loss=0.3646 val_acc=0.952
2026-01-26 19:25:16,677 - INFO - epoch=308 train_loss=0.0175 train_acc=0.994 val_loss=0.3839 val_acc=0.949
2026-01-26 19:25:19,602 - INFO - epoch=309 train_loss=0.0170 train_acc=0.994 val_loss=0.3758 val_acc=0.950
2026-01-26 19:25:22,570 - INFO - epoch=310 train_loss=0.0174 train_acc=0.994 val_loss=0.3753 val_acc=0.951
2026-01-26 19:25:25,538 - INFO - epoch=311 train_loss=0.0157 train_acc=0.994 val_loss=0.3866 val_acc=0.949
2026-01-26 19:25:28,500 - INFO - epoch=312 train_loss=0.0157 train_acc=0.994 val_loss=0.3605 val_acc=0.950
2026-01-26 19:25:31,429 - INFO - epoch=313 train_loss=0.0162 train_acc=0.994 val_loss=0.3824 val_acc=0.950
2026-01-26 19:25:34,378 - INFO - epoch=314 train_loss=0.0152 train_acc=0.995 val_loss=0.3809 val_acc=0.951
2026-01-26 19:25:37,322 - INFO - epoch=315 train_loss=0.0156 train_acc=0.994 val_loss=0.3751 val_acc=0.951
2026-01-26 19:25:40,254 - INFO - epoch=316 train_loss=0.0151 train_acc=0.995 val_loss=0.4062 val_acc=0.950
2026-01-26 19:25:43,220 - INFO - epoch=317 train_loss=0.0159 train_acc=0.994 val_loss=0.3932 val_acc=0.951
2026-01-26 19:25:46,171 - INFO - epoch=318 train_loss=0.0169 train_acc=0.994 val_loss=0.4059 val_acc=0.952
2026-01-26 19:25:49,105 - INFO - epoch=319 train_loss=0.0176 train_acc=0.994 val_loss=0.3895 val_acc=0.950
2026-01-26 19:25:52,055 - INFO - epoch=320 train_loss=0.0159 train_acc=0.994 val_loss=0.3919 val_acc=0.951
2026-01-26 19:25:55,069 - INFO - epoch=321 train_loss=0.0171 train_acc=0.994 val_loss=0.3825 val_acc=0.951
2026-01-26 19:25:57,995 - INFO - epoch=322 train_loss=0.0178 train_acc=0.994 val_loss=0.4075 val_acc=0.949
2026-01-26 19:26:00,937 - INFO - epoch=323 train_loss=0.0174 train_acc=0.994 val_loss=0.3902 val_acc=0.950
2026-01-26 19:26:03,908 - INFO - epoch=324 train_loss=0.0181 train_acc=0.994 val_loss=0.3870 val_acc=0.950
2026-01-26 19:26:06,847 - INFO - epoch=325 train_loss=0.0184 train_acc=0.994 val_loss=0.3873 val_acc=0.950
2026-01-26 19:26:09,818 - INFO - epoch=326 train_loss=0.0192 train_acc=0.993 val_loss=0.3908 val_acc=0.951
2026-01-26 19:26:12,743 - INFO - epoch=327 train_loss=0.0201 train_acc=0.993 val_loss=0.3865 val_acc=0.953
2026-01-26 19:26:15,668 - INFO - epoch=328 train_loss=0.0183 train_acc=0.993 val_loss=0.3653 val_acc=0.951
2026-01-26 19:26:18,642 - INFO - epoch=329 train_loss=0.0174 train_acc=0.994 val_loss=0.3755 val_acc=0.951
2026-01-26 19:26:21,568 - INFO - epoch=330 train_loss=0.0172 train_acc=0.994 val_loss=0.3825 val_acc=0.951
2026-01-26 19:26:24,516 - INFO - epoch=331 train_loss=0.0170 train_acc=0.994 val_loss=0.3820 val_acc=0.949
2026-01-26 19:26:27,457 - INFO - epoch=332 train_loss=0.0165 train_acc=0.994 val_loss=0.3911 val_acc=0.951
2026-01-26 19:26:30,405 - INFO - epoch=333 train_loss=0.0169 train_acc=0.994 val_loss=0.3796 val_acc=0.952
2026-01-26 19:26:33,350 - INFO - epoch=334 train_loss=0.0158 train_acc=0.994 val_loss=0.3785 val_acc=0.952
2026-01-26 19:26:36,272 - INFO - epoch=335 train_loss=0.0161 train_acc=0.994 val_loss=0.3901 val_acc=0.951
2026-01-26 19:26:39,233 - INFO - epoch=336 train_loss=0.0168 train_acc=0.994 val_loss=0.3695 val_acc=0.949
2026-01-26 19:26:42,155 - INFO - epoch=337 train_loss=0.0172 train_acc=0.994 val_loss=0.3811 val_acc=0.950
2026-01-26 19:26:45,089 - INFO - epoch=338 train_loss=0.0174 train_acc=0.994 val_loss=0.3762 val_acc=0.951
2026-01-26 19:26:48,057 - INFO - epoch=339 train_loss=0.0154 train_acc=0.995 val_loss=0.4024 val_acc=0.952
2026-01-26 19:26:51,045 - INFO - epoch=340 train_loss=0.0167 train_acc=0.994 val_loss=0.4120 val_acc=0.950
2026-01-26 19:26:54,038 - INFO - epoch=341 train_loss=0.0172 train_acc=0.994 val_loss=0.3759 val_acc=0.950
2026-01-26 19:26:57,002 - INFO - epoch=342 train_loss=0.0167 train_acc=0.994 val_loss=0.3800 val_acc=0.950
2026-01-26 19:26:59,946 - INFO - epoch=343 train_loss=0.0157 train_acc=0.994 val_loss=0.3870 val_acc=0.951
2026-01-26 19:27:02,888 - INFO - epoch=344 train_loss=0.0154 train_acc=0.995 val_loss=0.3895 val_acc=0.951
2026-01-26 19:27:05,847 - INFO - epoch=345 train_loss=0.0156 train_acc=0.995 val_loss=0.4079 val_acc=0.950
2026-01-26 19:27:08,782 - INFO - epoch=346 train_loss=0.0169 train_acc=0.994 val_loss=0.3897 val_acc=0.950
2026-01-26 19:27:11,762 - INFO - epoch=347 train_loss=0.0168 train_acc=0.994 val_loss=0.3940 val_acc=0.950
2026-01-26 19:27:14,761 - INFO - epoch=348 train_loss=0.0167 train_acc=0.994 val_loss=0.3985 val_acc=0.950
2026-01-26 19:27:17,736 - INFO - epoch=349 train_loss=0.0165 train_acc=0.994 val_loss=0.3919 val_acc=0.952
2026-01-26 19:27:20,680 - INFO - epoch=350 train_loss=0.0161 train_acc=0.994 val_loss=0.3970 val_acc=0.952
2026-01-26 19:27:23,608 - INFO - epoch=351 train_loss=0.0162 train_acc=0.994 val_loss=0.3952 val_acc=0.952
2026-01-26 19:27:26,554 - INFO - epoch=352 train_loss=0.0175 train_acc=0.994 val_loss=0.3900 val_acc=0.950
2026-01-26 19:27:29,488 - INFO - epoch=353 train_loss=0.0168 train_acc=0.994 val_loss=0.3921 val_acc=0.950
2026-01-26 19:27:32,440 - INFO - epoch=354 train_loss=0.0158 train_acc=0.994 val_loss=0.3993 val_acc=0.949
2026-01-26 19:27:35,360 - INFO - epoch=355 train_loss=0.0157 train_acc=0.994 val_loss=0.4027 val_acc=0.951
2026-01-26 19:27:38,306 - INFO - epoch=356 train_loss=0.0155 train_acc=0.995 val_loss=0.3925 val_acc=0.952
2026-01-26 19:27:41,221 - INFO - epoch=357 train_loss=0.0153 train_acc=0.995 val_loss=0.4037 val_acc=0.949
2026-01-26 19:27:44,146 - INFO - epoch=358 train_loss=0.0152 train_acc=0.995 val_loss=0.3795 val_acc=0.952
2026-01-26 19:27:47,124 - INFO - epoch=359 train_loss=0.0156 train_acc=0.995 val_loss=0.3889 val_acc=0.950
2026-01-26 19:27:50,112 - INFO - epoch=360 train_loss=0.0157 train_acc=0.995 val_loss=0.4006 val_acc=0.950
2026-01-26 19:27:53,093 - INFO - epoch=361 train_loss=0.0158 train_acc=0.995 val_loss=0.4034 val_acc=0.952
2026-01-26 19:27:56,077 - INFO - epoch=362 train_loss=0.0157 train_acc=0.994 val_loss=0.3991 val_acc=0.950
2026-01-26 19:27:59,002 - INFO - epoch=363 train_loss=0.0165 train_acc=0.994 val_loss=0.4003 val_acc=0.949
2026-01-26 19:28:01,907 - INFO - epoch=364 train_loss=0.0173 train_acc=0.994 val_loss=0.4092 val_acc=0.950
2026-01-26 19:28:04,880 - INFO - epoch=365 train_loss=0.0180 train_acc=0.994 val_loss=0.3865 val_acc=0.951
2026-01-26 19:28:07,802 - INFO - epoch=366 train_loss=0.0181 train_acc=0.994 val_loss=0.3833 val_acc=0.950
2026-01-26 19:28:10,748 - INFO - epoch=367 train_loss=0.0170 train_acc=0.994 val_loss=0.3962 val_acc=0.951
2026-01-26 19:28:13,693 - INFO - epoch=368 train_loss=0.0157 train_acc=0.995 val_loss=0.3766 val_acc=0.951
2026-01-26 19:28:16,639 - INFO - epoch=369 train_loss=0.0150 train_acc=0.995 val_loss=0.4042 val_acc=0.950
2026-01-26 19:28:19,574 - INFO - epoch=370 train_loss=0.0144 train_acc=0.995 val_loss=0.3937 val_acc=0.952
2026-01-26 19:28:22,504 - INFO - epoch=371 train_loss=0.0140 train_acc=0.995 val_loss=0.3919 val_acc=0.952
2026-01-26 19:28:25,479 - INFO - epoch=372 train_loss=0.0136 train_acc=0.995 val_loss=0.4214 val_acc=0.949
2026-01-26 19:28:28,474 - INFO - epoch=373 train_loss=0.0142 train_acc=0.995 val_loss=0.3969 val_acc=0.952
2026-01-26 19:28:31,419 - INFO - epoch=374 train_loss=0.0150 train_acc=0.995 val_loss=0.4142 val_acc=0.952
2026-01-26 19:28:34,338 - INFO - epoch=375 train_loss=0.0147 train_acc=0.995 val_loss=0.4242 val_acc=0.949
2026-01-26 19:28:37,308 - INFO - epoch=376 train_loss=0.0161 train_acc=0.994 val_loss=0.4107 val_acc=0.951
2026-01-26 19:28:40,234 - INFO - epoch=377 train_loss=0.0147 train_acc=0.995 val_loss=0.4069 val_acc=0.951
2026-01-26 19:28:43,190 - INFO - epoch=378 train_loss=0.0158 train_acc=0.994 val_loss=0.4124 val_acc=0.952
2026-01-26 19:28:46,120 - INFO - epoch=379 train_loss=0.0153 train_acc=0.995 val_loss=0.4078 val_acc=0.952
2026-01-26 19:28:49,049 - INFO - epoch=380 train_loss=0.0145 train_acc=0.995 val_loss=0.3991 val_acc=0.954
2026-01-26 19:28:52,040 - INFO - epoch=381 train_loss=0.0150 train_acc=0.995 val_loss=0.3901 val_acc=0.953
2026-01-26 19:28:54,969 - INFO - epoch=382 train_loss=0.0139 train_acc=0.995 val_loss=0.4117 val_acc=0.952
2026-01-26 19:28:57,898 - INFO - epoch=383 train_loss=0.0142 train_acc=0.995 val_loss=0.3902 val_acc=0.953
2026-01-26 19:29:00,815 - INFO - epoch=384 train_loss=0.0146 train_acc=0.995 val_loss=0.3965 val_acc=0.953
2026-01-26 19:29:03,780 - INFO - epoch=385 train_loss=0.0150 train_acc=0.995 val_loss=0.4071 val_acc=0.952
2026-01-26 19:29:06,753 - INFO - epoch=386 train_loss=0.0140 train_acc=0.995 val_loss=0.3982 val_acc=0.951
2026-01-26 19:29:09,726 - INFO - epoch=387 train_loss=0.0155 train_acc=0.995 val_loss=0.3971 val_acc=0.951
2026-01-26 19:29:12,657 - INFO - epoch=388 train_loss=0.0170 train_acc=0.994 val_loss=0.3817 val_acc=0.951
2026-01-26 19:29:15,640 - INFO - epoch=389 train_loss=0.0160 train_acc=0.994 val_loss=0.3888 val_acc=0.951
2026-01-26 19:29:18,635 - INFO - epoch=390 train_loss=0.0138 train_acc=0.995 val_loss=0.3907 val_acc=0.952
2026-01-26 19:29:21,601 - INFO - epoch=391 train_loss=0.0136 train_acc=0.995 val_loss=0.3930 val_acc=0.952
2026-01-26 19:29:24,533 - INFO - epoch=392 train_loss=0.0136 train_acc=0.995 val_loss=0.3931 val_acc=0.951
2026-01-26 19:29:27,461 - INFO - epoch=393 train_loss=0.0142 train_acc=0.995 val_loss=0.3874 val_acc=0.953
2026-01-26 19:29:30,439 - INFO - epoch=394 train_loss=0.0134 train_acc=0.995 val_loss=0.3845 val_acc=0.952
2026-01-26 19:29:33,417 - INFO - epoch=395 train_loss=0.0138 train_acc=0.995 val_loss=0.4135 val_acc=0.950
2026-01-26 19:29:36,409 - INFO - epoch=396 train_loss=0.0141 train_acc=0.995 val_loss=0.4055 val_acc=0.951
2026-01-26 19:29:39,374 - INFO - epoch=397 train_loss=0.0138 train_acc=0.995 val_loss=0.4157 val_acc=0.952
2026-01-26 19:29:42,297 - INFO - epoch=398 train_loss=0.0144 train_acc=0.995 val_loss=0.4087 val_acc=0.950
2026-01-26 19:29:45,215 - INFO - epoch=399 train_loss=0.0133 train_acc=0.995 val_loss=0.4055 val_acc=0.950
2026-01-26 19:29:48,178 - INFO - epoch=400 train_loss=0.0137 train_acc=0.995 val_loss=0.4306 val_acc=0.952
2026-01-26 19:29:51,201 - INFO - epoch=401 train_loss=0.0135 train_acc=0.995 val_loss=0.3954 val_acc=0.953
2026-01-26 19:29:54,124 - INFO - epoch=402 train_loss=0.0145 train_acc=0.995 val_loss=0.4119 val_acc=0.952
2026-01-26 19:29:57,080 - INFO - epoch=403 train_loss=0.0151 train_acc=0.995 val_loss=0.4052 val_acc=0.952
2026-01-26 19:30:00,052 - INFO - epoch=404 train_loss=0.0152 train_acc=0.995 val_loss=0.4173 val_acc=0.951
2026-01-26 19:30:02,991 - INFO - epoch=405 train_loss=0.0156 train_acc=0.994 val_loss=0.4080 val_acc=0.952
2026-01-26 19:30:05,914 - INFO - epoch=406 train_loss=0.0152 train_acc=0.995 val_loss=0.4062 val_acc=0.952
2026-01-26 19:30:08,823 - INFO - epoch=407 train_loss=0.0155 train_acc=0.995 val_loss=0.4222 val_acc=0.950
2026-01-26 19:30:11,757 - INFO - epoch=408 train_loss=0.0164 train_acc=0.994 val_loss=0.3953 val_acc=0.952
2026-01-26 19:30:14,674 - INFO - epoch=409 train_loss=0.0158 train_acc=0.995 val_loss=0.4097 val_acc=0.951
2026-01-26 19:30:17,634 - INFO - epoch=410 train_loss=0.0145 train_acc=0.995 val_loss=0.4182 val_acc=0.951
2026-01-26 19:30:20,551 - INFO - epoch=411 train_loss=0.0149 train_acc=0.995 val_loss=0.4136 val_acc=0.951
2026-01-26 19:30:23,530 - INFO - epoch=412 train_loss=0.0152 train_acc=0.995 val_loss=0.4081 val_acc=0.949
2026-01-26 19:30:26,459 - INFO - epoch=413 train_loss=0.0130 train_acc=0.995 val_loss=0.4092 val_acc=0.952
2026-01-26 19:30:29,383 - INFO - epoch=414 train_loss=0.0134 train_acc=0.995 val_loss=0.4105 val_acc=0.951
2026-01-26 19:30:32,349 - INFO - epoch=415 train_loss=0.0133 train_acc=0.995 val_loss=0.4435 val_acc=0.951
2026-01-26 19:30:35,281 - INFO - epoch=416 train_loss=0.0129 train_acc=0.995 val_loss=0.4007 val_acc=0.950
2026-01-26 19:30:38,258 - INFO - epoch=417 train_loss=0.0136 train_acc=0.995 val_loss=0.4135 val_acc=0.951
2026-01-26 19:30:41,224 - INFO - epoch=418 train_loss=0.0124 train_acc=0.996 val_loss=0.4063 val_acc=0.951
2026-01-26 19:30:44,159 - INFO - epoch=419 train_loss=0.0124 train_acc=0.996 val_loss=0.4146 val_acc=0.950
2026-01-26 19:30:47,089 - INFO - epoch=420 train_loss=0.0120 train_acc=0.996 val_loss=0.4189 val_acc=0.951
2026-01-26 19:30:50,100 - INFO - epoch=421 train_loss=0.0126 train_acc=0.996 val_loss=0.4334 val_acc=0.952
2026-01-26 19:30:53,036 - INFO - epoch=422 train_loss=0.0138 train_acc=0.995 val_loss=0.4141 val_acc=0.950
2026-01-26 19:30:56,012 - INFO - epoch=423 train_loss=0.0137 train_acc=0.995 val_loss=0.4202 val_acc=0.951
2026-01-26 19:30:58,935 - INFO - epoch=424 train_loss=0.0145 train_acc=0.995 val_loss=0.3967 val_acc=0.952
2026-01-26 19:31:01,874 - INFO - epoch=425 train_loss=0.0131 train_acc=0.995 val_loss=0.4058 val_acc=0.952
2026-01-26 19:31:04,835 - INFO - epoch=426 train_loss=0.0137 train_acc=0.996 val_loss=0.4222 val_acc=0.952
2026-01-26 19:31:07,769 - INFO - epoch=427 train_loss=0.0132 train_acc=0.995 val_loss=0.4270 val_acc=0.950
2026-01-26 19:31:10,758 - INFO - epoch=428 train_loss=0.0129 train_acc=0.995 val_loss=0.4313 val_acc=0.951
2026-01-26 19:31:13,703 - INFO - epoch=429 train_loss=0.0123 train_acc=0.996 val_loss=0.4403 val_acc=0.951
2026-01-26 19:31:16,649 - INFO - epoch=430 train_loss=0.0123 train_acc=0.996 val_loss=0.4194 val_acc=0.951
2026-01-26 19:31:19,596 - INFO - epoch=431 train_loss=0.0113 train_acc=0.996 val_loss=0.4184 val_acc=0.952
2026-01-26 19:31:22,580 - INFO - epoch=432 train_loss=0.0119 train_acc=0.996 val_loss=0.4235 val_acc=0.952
2026-01-26 19:31:25,550 - INFO - epoch=433 train_loss=0.0121 train_acc=0.996 val_loss=0.4211 val_acc=0.949
2026-01-26 19:31:28,519 - INFO - epoch=434 train_loss=0.0116 train_acc=0.996 val_loss=0.4294 val_acc=0.948
2026-01-26 19:31:31,489 - INFO - epoch=435 train_loss=0.0126 train_acc=0.996 val_loss=0.4341 val_acc=0.951
2026-01-26 19:31:34,403 - INFO - epoch=436 train_loss=0.0122 train_acc=0.996 val_loss=0.4389 val_acc=0.949
2026-01-26 19:31:37,322 - INFO - epoch=437 train_loss=0.0117 train_acc=0.996 val_loss=0.4459 val_acc=0.951
2026-01-26 19:31:40,280 - INFO - epoch=438 train_loss=0.0129 train_acc=0.996 val_loss=0.4493 val_acc=0.951
2026-01-26 19:31:43,247 - INFO - epoch=439 train_loss=0.0126 train_acc=0.996 val_loss=0.4302 val_acc=0.952
2026-01-26 19:31:46,196 - INFO - epoch=440 train_loss=0.0140 train_acc=0.995 val_loss=0.4342 val_acc=0.950
2026-01-26 19:31:49,173 - INFO - epoch=441 train_loss=0.0145 train_acc=0.995 val_loss=0.4338 val_acc=0.949
2026-01-26 19:31:52,170 - INFO - epoch=442 train_loss=0.0147 train_acc=0.995 val_loss=0.4275 val_acc=0.949
2026-01-26 19:31:55,107 - INFO - epoch=443 train_loss=0.0134 train_acc=0.995 val_loss=0.4105 val_acc=0.951
2026-01-26 19:31:58,032 - INFO - epoch=444 train_loss=0.0134 train_acc=0.995 val_loss=0.4208 val_acc=0.952
2026-01-26 19:32:00,948 - INFO - epoch=445 train_loss=0.0134 train_acc=0.996 val_loss=0.4194 val_acc=0.949
2026-01-26 19:32:03,927 - INFO - epoch=446 train_loss=0.0137 train_acc=0.995 val_loss=0.4301 val_acc=0.950
2026-01-26 19:32:06,907 - INFO - epoch=447 train_loss=0.0148 train_acc=0.995 val_loss=0.4195 val_acc=0.951
2026-01-26 19:32:09,819 - INFO - epoch=448 train_loss=0.0149 train_acc=0.995 val_loss=0.4106 val_acc=0.951
2026-01-26 19:32:12,767 - INFO - epoch=449 train_loss=0.0134 train_acc=0.995 val_loss=0.4498 val_acc=0.952
2026-01-26 19:32:15,746 - INFO - epoch=450 train_loss=0.0124 train_acc=0.996 val_loss=0.4111 val_acc=0.952
2026-01-26 19:32:18,704 - INFO - epoch=451 train_loss=0.0120 train_acc=0.996 val_loss=0.4106 val_acc=0.952
2026-01-26 19:32:21,621 - INFO - epoch=452 train_loss=0.0117 train_acc=0.996 val_loss=0.4229 val_acc=0.951
2026-01-26 19:32:24,582 - INFO - epoch=453 train_loss=0.0128 train_acc=0.996 val_loss=0.4289 val_acc=0.952
2026-01-26 19:32:27,554 - INFO - epoch=454 train_loss=0.0137 train_acc=0.995 val_loss=0.4212 val_acc=0.949
2026-01-26 19:32:30,521 - INFO - epoch=455 train_loss=0.0139 train_acc=0.995 val_loss=0.4125 val_acc=0.951
2026-01-26 19:32:33,504 - INFO - epoch=456 train_loss=0.0139 train_acc=0.995 val_loss=0.4238 val_acc=0.950
2026-01-26 19:32:36,461 - INFO - epoch=457 train_loss=0.0130 train_acc=0.996 val_loss=0.4196 val_acc=0.952
2026-01-26 19:32:39,416 - INFO - epoch=458 train_loss=0.0119 train_acc=0.996 val_loss=0.4248 val_acc=0.950
2026-01-26 19:32:42,338 - INFO - epoch=459 train_loss=0.0120 train_acc=0.996 val_loss=0.4113 val_acc=0.952
2026-01-26 19:32:45,301 - INFO - epoch=460 train_loss=0.0115 train_acc=0.996 val_loss=0.4106 val_acc=0.951
2026-01-26 19:32:48,313 - INFO - epoch=461 train_loss=0.0126 train_acc=0.996 val_loss=0.4221 val_acc=0.952
2026-01-26 19:32:51,287 - INFO - epoch=462 train_loss=0.0132 train_acc=0.996 val_loss=0.4099 val_acc=0.950
2026-01-26 19:32:54,209 - INFO - epoch=463 train_loss=0.0136 train_acc=0.995 val_loss=0.4347 val_acc=0.951
2026-01-26 19:32:57,134 - INFO - epoch=464 train_loss=0.0126 train_acc=0.995 val_loss=0.4439 val_acc=0.950
2026-01-26 19:33:00,117 - INFO - epoch=465 train_loss=0.0139 train_acc=0.995 val_loss=0.4132 val_acc=0.950
2026-01-26 19:33:03,092 - INFO - epoch=466 train_loss=0.0136 train_acc=0.995 val_loss=0.4111 val_acc=0.950
2026-01-26 19:33:06,072 - INFO - epoch=467 train_loss=0.0128 train_acc=0.996 val_loss=0.3939 val_acc=0.952
2026-01-26 19:33:09,008 - INFO - epoch=468 train_loss=0.0135 train_acc=0.996 val_loss=0.4370 val_acc=0.952
2026-01-26 19:33:11,959 - INFO - epoch=469 train_loss=0.0142 train_acc=0.996 val_loss=0.4346 val_acc=0.950
2026-01-26 19:33:14,912 - INFO - epoch=470 train_loss=0.0142 train_acc=0.995 val_loss=0.4440 val_acc=0.952
2026-01-26 19:33:17,851 - INFO - epoch=471 train_loss=0.0133 train_acc=0.995 val_loss=0.4204 val_acc=0.950
2026-01-26 19:33:20,783 - INFO - epoch=472 train_loss=0.0139 train_acc=0.995 val_loss=0.4284 val_acc=0.951
2026-01-26 19:33:23,739 - INFO - epoch=473 train_loss=0.0133 train_acc=0.996 val_loss=0.4262 val_acc=0.951
2026-01-26 19:33:26,669 - INFO - epoch=474 train_loss=0.0135 train_acc=0.995 val_loss=0.4211 val_acc=0.952
2026-01-26 19:33:29,621 - INFO - epoch=475 train_loss=0.0121 train_acc=0.996 val_loss=0.4440 val_acc=0.950
2026-01-26 19:33:32,541 - INFO - epoch=476 train_loss=0.0144 train_acc=0.995 val_loss=0.4392 val_acc=0.952
2026-01-26 19:33:35,519 - INFO - epoch=477 train_loss=0.0131 train_acc=0.995 val_loss=0.4100 val_acc=0.952
2026-01-26 19:33:38,478 - INFO - epoch=478 train_loss=0.0131 train_acc=0.996 val_loss=0.4340 val_acc=0.952
2026-01-26 19:33:41,418 - INFO - epoch=479 train_loss=0.0124 train_acc=0.996 val_loss=0.4110 val_acc=0.953
2026-01-26 19:33:44,348 - INFO - epoch=480 train_loss=0.0121 train_acc=0.996 val_loss=0.4388 val_acc=0.951
2026-01-26 19:33:47,311 - INFO - epoch=481 train_loss=0.0123 train_acc=0.996 val_loss=0.4372 val_acc=0.951
2026-01-26 19:33:50,239 - INFO - epoch=482 train_loss=0.0124 train_acc=0.996 val_loss=0.4394 val_acc=0.951
2026-01-26 19:33:53,187 - INFO - epoch=483 train_loss=0.0127 train_acc=0.996 val_loss=0.4148 val_acc=0.952
2026-01-26 19:33:56,135 - INFO - epoch=484 train_loss=0.0109 train_acc=0.996 val_loss=0.4226 val_acc=0.952
2026-01-26 19:33:59,085 - INFO - epoch=485 train_loss=0.0106 train_acc=0.996 val_loss=0.4209 val_acc=0.952
2026-01-26 19:34:02,053 - INFO - epoch=486 train_loss=0.0102 train_acc=0.996 val_loss=0.4243 val_acc=0.955
2026-01-26 19:34:04,980 - INFO - epoch=487 train_loss=0.0108 train_acc=0.996 val_loss=0.4324 val_acc=0.952
2026-01-26 19:34:07,934 - INFO - epoch=488 train_loss=0.0117 train_acc=0.996 val_loss=0.4154 val_acc=0.951
2026-01-26 19:34:10,873 - INFO - epoch=489 train_loss=0.0120 train_acc=0.996 val_loss=0.4328 val_acc=0.953
2026-01-26 19:34:13,824 - INFO - epoch=490 train_loss=0.0120 train_acc=0.996 val_loss=0.4340 val_acc=0.950
2026-01-26 19:34:16,740 - INFO - epoch=491 train_loss=0.0132 train_acc=0.995 val_loss=0.4439 val_acc=0.952
2026-01-26 19:34:19,666 - INFO - epoch=492 train_loss=0.0127 train_acc=0.996 val_loss=0.4340 val_acc=0.951
2026-01-26 19:34:22,604 - INFO - epoch=493 train_loss=0.0132 train_acc=0.996 val_loss=0.4376 val_acc=0.950
2026-01-26 19:34:25,543 - INFO - epoch=494 train_loss=0.0128 train_acc=0.996 val_loss=0.4153 val_acc=0.950
2026-01-26 19:34:28,480 - INFO - epoch=495 train_loss=0.0116 train_acc=0.996 val_loss=0.4376 val_acc=0.951
2026-01-26 19:34:31,438 - INFO - epoch=496 train_loss=0.0113 train_acc=0.996 val_loss=0.4297 val_acc=0.948
2026-01-26 19:34:34,418 - INFO - epoch=497 train_loss=0.0115 train_acc=0.996 val_loss=0.4555 val_acc=0.951
2026-01-26 19:34:37,363 - INFO - epoch=498 train_loss=0.0113 train_acc=0.996 val_loss=0.4308 val_acc=0.951
2026-01-26 19:34:40,332 - INFO - epoch=499 train_loss=0.0106 train_acc=0.996 val_loss=0.4148 val_acc=0.951
2026-01-26 19:34:43,288 - INFO - epoch=500 train_loss=0.0114 train_acc=0.996 val_loss=0.4148 val_acc=0.952
2026-01-26 19:34:43,381 - INFO - saved: /home/jinlin/data/geoexplicit_data/experiments/icml2026_routegen/WAYCASD_PASTCTX_strict_sem5_rustbelt_seed0/W6_train_ae_pastctx_k8/report.json
