2026-01-28 23:47:26,741 - INFO - device=cuda
2026-01-28 23:47:26,747 - INFO - loaded way_semantic: n_channels=5
2026-01-28 23:47:26,753 - INFO - routes: total=5392 train=4853 val=539 max_way_len=160
/home/jinlin/miniconda3/envs/dpl/lib/python3.11/site-packages/torch/nn/modules/transformer.py:392: UserWarning: enable_nested_tensor is True, but self.use_nested_tensor is False because encoder_layer.norm_first was True
  warnings.warn(
2026-01-28 23:47:28,049 - INFO - init best_val_loss=0.332551 from current weights (epoch=0)
2026-01-28 23:47:33,120 - INFO - epoch=1 train_loss=0.3108 train_acc=0.805 val_loss=0.3249 val_acc=0.789
2026-01-28 23:47:37,653 - INFO - epoch=2 train_loss=0.3054 train_acc=0.809 val_loss=0.3142 val_acc=0.800
2026-01-28 23:47:42,262 - INFO - epoch=3 train_loss=0.2967 train_acc=0.816 val_loss=0.3078 val_acc=0.809
2026-01-28 23:47:46,831 - INFO - epoch=4 train_loss=0.2900 train_acc=0.820 val_loss=0.3013 val_acc=0.818
2026-01-28 23:47:51,422 - INFO - epoch=5 train_loss=0.2832 train_acc=0.828 val_loss=0.2951 val_acc=0.823
2026-01-28 23:47:56,000 - INFO - epoch=6 train_loss=0.2766 train_acc=0.832 val_loss=0.2902 val_acc=0.826
2026-01-28 23:48:00,625 - INFO - epoch=7 train_loss=0.2711 train_acc=0.839 val_loss=0.2857 val_acc=0.835
2026-01-28 23:48:05,203 - INFO - epoch=8 train_loss=0.2661 train_acc=0.846 val_loss=0.2782 val_acc=0.843
2026-01-28 23:48:09,781 - INFO - epoch=9 train_loss=0.2596 train_acc=0.852 val_loss=0.2739 val_acc=0.850
2026-01-28 23:48:14,388 - INFO - epoch=10 train_loss=0.2512 train_acc=0.863 val_loss=0.2635 val_acc=0.865
2026-01-28 23:48:19,010 - INFO - epoch=11 train_loss=0.2428 train_acc=0.874 val_loss=0.2500 val_acc=0.877
2026-01-28 23:48:23,621 - INFO - epoch=12 train_loss=0.2344 train_acc=0.883 val_loss=0.2489 val_acc=0.879
2026-01-28 23:48:28,259 - INFO - epoch=13 train_loss=0.2254 train_acc=0.890 val_loss=0.2328 val_acc=0.888
2026-01-28 23:48:32,877 - INFO - epoch=14 train_loss=0.2156 train_acc=0.896 val_loss=0.2302 val_acc=0.891
2026-01-28 23:48:37,479 - INFO - epoch=15 train_loss=0.2077 train_acc=0.901 val_loss=0.2226 val_acc=0.897
2026-01-28 23:48:42,104 - INFO - epoch=16 train_loss=0.1981 train_acc=0.905 val_loss=0.2097 val_acc=0.907
2026-01-28 23:48:46,704 - INFO - epoch=17 train_loss=0.1914 train_acc=0.909 val_loss=0.2020 val_acc=0.908
2026-01-28 23:48:51,310 - INFO - epoch=18 train_loss=0.1845 train_acc=0.913 val_loss=0.1968 val_acc=0.911
2026-01-28 23:48:55,936 - INFO - epoch=19 train_loss=0.1772 train_acc=0.917 val_loss=0.1976 val_acc=0.911
2026-01-28 23:49:00,551 - INFO - epoch=20 train_loss=0.1737 train_acc=0.919 val_loss=0.1827 val_acc=0.920
2026-01-28 23:49:05,178 - INFO - epoch=21 train_loss=0.1635 train_acc=0.924 val_loss=0.1781 val_acc=0.922
2026-01-28 23:49:09,836 - INFO - epoch=22 train_loss=0.1582 train_acc=0.927 val_loss=0.1658 val_acc=0.928
2026-01-28 23:49:14,449 - INFO - epoch=23 train_loss=0.1516 train_acc=0.930 val_loss=0.1655 val_acc=0.926
2026-01-28 23:49:19,045 - INFO - epoch=24 train_loss=0.1487 train_acc=0.932 val_loss=0.1671 val_acc=0.925
2026-01-28 23:49:23,623 - INFO - epoch=25 train_loss=0.1429 train_acc=0.935 val_loss=0.1619 val_acc=0.927
2026-01-28 23:49:28,267 - INFO - epoch=26 train_loss=0.1381 train_acc=0.938 val_loss=0.1591 val_acc=0.931
2026-01-28 23:49:32,868 - INFO - epoch=27 train_loss=0.1339 train_acc=0.940 val_loss=0.1485 val_acc=0.934
2026-01-28 23:49:37,542 - INFO - epoch=28 train_loss=0.1303 train_acc=0.942 val_loss=0.1459 val_acc=0.937
2026-01-28 23:49:42,213 - INFO - epoch=29 train_loss=0.1247 train_acc=0.944 val_loss=0.1404 val_acc=0.938
2026-01-28 23:49:46,811 - INFO - epoch=30 train_loss=0.1195 train_acc=0.947 val_loss=0.1433 val_acc=0.939
2026-01-28 23:49:51,438 - INFO - epoch=31 train_loss=0.1182 train_acc=0.947 val_loss=0.1398 val_acc=0.940
2026-01-28 23:49:56,037 - INFO - epoch=32 train_loss=0.1169 train_acc=0.948 val_loss=0.1487 val_acc=0.937
2026-01-28 23:50:00,698 - INFO - epoch=33 train_loss=0.1144 train_acc=0.949 val_loss=0.1412 val_acc=0.940
2026-01-28 23:50:05,375 - INFO - epoch=34 train_loss=0.1096 train_acc=0.951 val_loss=0.1381 val_acc=0.942
2026-01-28 23:50:09,991 - INFO - epoch=35 train_loss=0.1052 train_acc=0.953 val_loss=0.1337 val_acc=0.944
2026-01-28 23:50:14,621 - INFO - epoch=36 train_loss=0.1035 train_acc=0.954 val_loss=0.1315 val_acc=0.946
2026-01-28 23:50:19,247 - INFO - epoch=37 train_loss=0.1001 train_acc=0.956 val_loss=0.1320 val_acc=0.946
2026-01-28 23:50:23,906 - INFO - epoch=38 train_loss=0.0981 train_acc=0.956 val_loss=0.1296 val_acc=0.948
2026-01-28 23:50:28,538 - INFO - epoch=39 train_loss=0.0958 train_acc=0.958 val_loss=0.1292 val_acc=0.948
2026-01-28 23:50:33,181 - INFO - epoch=40 train_loss=0.0965 train_acc=0.957 val_loss=0.1316 val_acc=0.948
2026-01-28 23:50:37,860 - INFO - epoch=41 train_loss=0.0953 train_acc=0.958 val_loss=0.1338 val_acc=0.950
2026-01-28 23:50:42,451 - INFO - epoch=42 train_loss=0.0945 train_acc=0.959 val_loss=0.1292 val_acc=0.949
2026-01-28 23:50:47,067 - INFO - epoch=43 train_loss=0.0893 train_acc=0.960 val_loss=0.1283 val_acc=0.949
2026-01-28 23:50:51,673 - INFO - epoch=44 train_loss=0.0883 train_acc=0.961 val_loss=0.1268 val_acc=0.951
2026-01-28 23:50:56,289 - INFO - epoch=45 train_loss=0.0879 train_acc=0.961 val_loss=0.1269 val_acc=0.950
2026-01-28 23:51:00,895 - INFO - epoch=46 train_loss=0.0871 train_acc=0.962 val_loss=0.1296 val_acc=0.950
2026-01-28 23:51:05,545 - INFO - epoch=47 train_loss=0.0823 train_acc=0.964 val_loss=0.1223 val_acc=0.954
2026-01-28 23:51:10,206 - INFO - epoch=48 train_loss=0.0806 train_acc=0.965 val_loss=0.1223 val_acc=0.952
2026-01-28 23:51:14,826 - INFO - epoch=49 train_loss=0.0809 train_acc=0.965 val_loss=0.1232 val_acc=0.953
2026-01-28 23:51:19,463 - INFO - epoch=50 train_loss=0.0780 train_acc=0.965 val_loss=0.1271 val_acc=0.953
2026-01-28 23:51:24,103 - INFO - epoch=51 train_loss=0.0785 train_acc=0.965 val_loss=0.1263 val_acc=0.952
2026-01-28 23:51:28,746 - INFO - epoch=52 train_loss=0.0781 train_acc=0.966 val_loss=0.1281 val_acc=0.952
2026-01-28 23:51:33,369 - INFO - epoch=53 train_loss=0.0788 train_acc=0.966 val_loss=0.1227 val_acc=0.954
2026-01-28 23:51:38,002 - INFO - epoch=54 train_loss=0.0733 train_acc=0.968 val_loss=0.1250 val_acc=0.954
2026-01-28 23:51:42,634 - INFO - epoch=55 train_loss=0.0722 train_acc=0.968 val_loss=0.1240 val_acc=0.953
2026-01-28 23:51:47,315 - INFO - epoch=56 train_loss=0.0724 train_acc=0.969 val_loss=0.1265 val_acc=0.953
2026-01-28 23:51:51,938 - INFO - epoch=57 train_loss=0.0713 train_acc=0.969 val_loss=0.1265 val_acc=0.955
2026-01-28 23:51:56,567 - INFO - epoch=58 train_loss=0.0701 train_acc=0.970 val_loss=0.1237 val_acc=0.956
2026-01-28 23:52:01,177 - INFO - epoch=59 train_loss=0.0686 train_acc=0.970 val_loss=0.1230 val_acc=0.957
2026-01-28 23:52:05,841 - INFO - epoch=60 train_loss=0.0659 train_acc=0.972 val_loss=0.1228 val_acc=0.956
2026-01-28 23:52:10,531 - INFO - epoch=61 train_loss=0.0664 train_acc=0.971 val_loss=0.1289 val_acc=0.955
2026-01-28 23:52:15,143 - INFO - epoch=62 train_loss=0.0652 train_acc=0.972 val_loss=0.1220 val_acc=0.956
2026-01-28 23:52:19,787 - INFO - epoch=63 train_loss=0.0631 train_acc=0.973 val_loss=0.1246 val_acc=0.956
2026-01-28 23:52:24,460 - INFO - epoch=64 train_loss=0.0625 train_acc=0.973 val_loss=0.1274 val_acc=0.956
2026-01-28 23:52:29,058 - INFO - epoch=65 train_loss=0.0622 train_acc=0.973 val_loss=0.1245 val_acc=0.958
2026-01-28 23:52:33,691 - INFO - epoch=66 train_loss=0.0611 train_acc=0.974 val_loss=0.1285 val_acc=0.958
2026-01-28 23:52:38,316 - INFO - epoch=67 train_loss=0.0599 train_acc=0.974 val_loss=0.1215 val_acc=0.959
2026-01-28 23:52:42,974 - INFO - epoch=68 train_loss=0.0616 train_acc=0.974 val_loss=0.1258 val_acc=0.955
2026-01-28 23:52:47,590 - INFO - epoch=69 train_loss=0.0588 train_acc=0.975 val_loss=0.1262 val_acc=0.957
2026-01-28 23:52:52,172 - INFO - epoch=70 train_loss=0.0576 train_acc=0.975 val_loss=0.1212 val_acc=0.959
2026-01-28 23:52:56,810 - INFO - epoch=71 train_loss=0.0564 train_acc=0.976 val_loss=0.1190 val_acc=0.961
2026-01-28 23:53:01,448 - INFO - epoch=72 train_loss=0.0564 train_acc=0.976 val_loss=0.1241 val_acc=0.959
2026-01-28 23:53:06,106 - INFO - epoch=73 train_loss=0.0544 train_acc=0.977 val_loss=0.1171 val_acc=0.960
2026-01-28 23:53:10,751 - INFO - epoch=74 train_loss=0.0530 train_acc=0.977 val_loss=0.1240 val_acc=0.959
2026-01-28 23:53:15,414 - INFO - epoch=75 train_loss=0.0535 train_acc=0.977 val_loss=0.1242 val_acc=0.959
2026-01-28 23:53:20,021 - INFO - epoch=76 train_loss=0.0551 train_acc=0.977 val_loss=0.1199 val_acc=0.960
2026-01-28 23:53:24,586 - INFO - epoch=77 train_loss=0.0512 train_acc=0.978 val_loss=0.1274 val_acc=0.960
2026-01-28 23:53:29,180 - INFO - epoch=78 train_loss=0.0503 train_acc=0.979 val_loss=0.1219 val_acc=0.961
2026-01-28 23:53:33,746 - INFO - epoch=79 train_loss=0.0526 train_acc=0.977 val_loss=0.1262 val_acc=0.960
2026-01-28 23:53:38,387 - INFO - epoch=80 train_loss=0.0505 train_acc=0.979 val_loss=0.1220 val_acc=0.961
2026-01-28 23:53:43,037 - INFO - epoch=81 train_loss=0.0512 train_acc=0.978 val_loss=0.1297 val_acc=0.959
2026-01-28 23:53:47,631 - INFO - epoch=82 train_loss=0.0522 train_acc=0.978 val_loss=0.1232 val_acc=0.959
2026-01-28 23:53:52,214 - INFO - epoch=83 train_loss=0.0480 train_acc=0.980 val_loss=0.1182 val_acc=0.962
2026-01-28 23:53:56,882 - INFO - epoch=84 train_loss=0.0478 train_acc=0.980 val_loss=0.1259 val_acc=0.962
2026-01-28 23:54:01,460 - INFO - epoch=85 train_loss=0.0479 train_acc=0.980 val_loss=0.1158 val_acc=0.963
2026-01-28 23:54:06,092 - INFO - epoch=86 train_loss=0.0457 train_acc=0.981 val_loss=0.1224 val_acc=0.962
2026-01-28 23:54:10,698 - INFO - epoch=87 train_loss=0.0465 train_acc=0.981 val_loss=0.1288 val_acc=0.957
2026-01-28 23:54:15,363 - INFO - epoch=88 train_loss=0.0479 train_acc=0.980 val_loss=0.1208 val_acc=0.962
2026-01-28 23:54:19,943 - INFO - epoch=89 train_loss=0.0451 train_acc=0.981 val_loss=0.1263 val_acc=0.962
2026-01-28 23:54:24,538 - INFO - epoch=90 train_loss=0.0450 train_acc=0.981 val_loss=0.1220 val_acc=0.961
2026-01-28 23:54:29,158 - INFO - epoch=91 train_loss=0.0446 train_acc=0.981 val_loss=0.1190 val_acc=0.965
2026-01-28 23:54:33,761 - INFO - epoch=92 train_loss=0.0431 train_acc=0.982 val_loss=0.1228 val_acc=0.964
2026-01-28 23:54:38,386 - INFO - epoch=93 train_loss=0.0424 train_acc=0.982 val_loss=0.1211 val_acc=0.962
2026-01-28 23:54:43,042 - INFO - epoch=94 train_loss=0.0432 train_acc=0.982 val_loss=0.1199 val_acc=0.964
2026-01-28 23:54:47,700 - INFO - epoch=95 train_loss=0.0415 train_acc=0.983 val_loss=0.1249 val_acc=0.964
2026-01-28 23:54:52,319 - INFO - epoch=96 train_loss=0.0407 train_acc=0.983 val_loss=0.1283 val_acc=0.963
2026-01-28 23:54:56,938 - INFO - epoch=97 train_loss=0.0396 train_acc=0.984 val_loss=0.1261 val_acc=0.964
2026-01-28 23:55:01,531 - INFO - epoch=98 train_loss=0.0403 train_acc=0.983 val_loss=0.1261 val_acc=0.964
2026-01-28 23:55:06,130 - INFO - epoch=99 train_loss=0.0407 train_acc=0.983 val_loss=0.1240 val_acc=0.964
2026-01-28 23:55:10,745 - INFO - epoch=100 train_loss=0.0387 train_acc=0.984 val_loss=0.1237 val_acc=0.966
2026-01-28 23:55:10,842 - INFO - saved: /home/jinlin/data/geoexplicit_data/experiments/icml2026_routegen/WAYCASD_AB_candq1_pastctx_k8_strict_sem5_seed0_e100/W6_train_ae/report.json
