{
  "ok": true,
  "segments_parquet": "/home/jinlin/data/geoexplicit_data/worldtrace/detroit_core_v1/segments.parquet",
  "num_segments": 2295,
  "full": {
    "n_points_p50": 521.0,
    "chord_p50": 209.2462615966797,
    "detour_p50": 1.2939918041229248
  },
  "prefix": {
    "prefix_len": 256,
    "chord_p50": 127.25761032104492,
    "detour_p50": 1.2179123163223267
  },
  "paired": {
    "n_pairs": 1788,
    "detour_corr": 0.07020155120788223,
    "lost_detour_frac_thr0p2": 0.2505592841163311
  },
  "keep": 1094,
  "out_json": "/home/jinlin/data/geoexplicit_data/experiments/icml2026_routegen/E_D0_segment_stats_detroit_seed0/report.json"
}
