[INFO] scanned=50000 wrote=49
[INFO] scanned=100000 wrote=99
[INFO] scanned=150000 wrote=146
[INFO] scanned=200000 wrote=186
[INFO] scanned=250000 wrote=241
[INFO] scanned=300000 wrote=288
[INFO] scanned=350000 wrote=336
[INFO] scanned=400000 wrote=380
[INFO] scanned=450000 wrote=421
[INFO] scanned=500000 wrote=465
[INFO] scanned=550000 wrote=531
[INFO] scanned=600000 wrote=577
[INFO] scanned=650000 wrote=625
[INFO] scanned=700000 wrote=669
[INFO] scanned=750000 wrote=716
[INFO] scanned=800000 wrote=758
[INFO] scanned=850000 wrote=800
[INFO] scanned=900000 wrote=840
[INFO] scanned=950000 wrote=885
[INFO] scanned=1000000 wrote=925
[INFO] scanned=1050000 wrote=971
[INFO] scanned=1100000 wrote=1023
[INFO] scanned=1150000 wrote=1073
[INFO] scanned=1200000 wrote=1120
[INFO] scanned=1250000 wrote=1171
[INFO] scanned=1300000 wrote=1208
[INFO] scanned=1350000 wrote=1255
[INFO] scanned=1400000 wrote=1304
[INFO] scanned=1450000 wrote=1345
[INFO] scanned=1500000 wrote=1385
[INFO] scanned=1550000 wrote=1426
[INFO] scanned=1600000 wrote=1473
[INFO] scanned=1650000 wrote=1523
[INFO] scanned=1700000 wrote=1568
[INFO] scanned=1750000 wrote=1624
[INFO] scanned=1800000 wrote=1662
[INFO] scanned=1850000 wrote=1703
[INFO] scanned=1900000 wrote=1750
[INFO] scanned=1950000 wrote=1795
[INFO] scanned=2000000 wrote=1836
[INFO] scanned=2050000 wrote=1877
[INFO] scanned=2100000 wrote=1935
[INFO] scanned=2150000 wrote=1987
[INFO] scanned=2200000 wrote=2051
[INFO] scanned=2250000 wrote=2098
[INFO] scanned=2300000 wrote=2149
[INFO] scanned=2350000 wrote=2201
{
  "trajectory_zip": "/home/jinlin/data/geoexplicit_data/worldtrace/OpenTrace_WorldTrace/Trajectory.zip",
  "out_parquet": "/home/jinlin/data/geoexplicit_data/worldtrace/detroit_core_v1/segments_with_wayid.parquet",
  "grid": {
    "H": 1024,
    "W": 1024,
    "bbox": {
      "min_lon": -83.25,
      "max_lon": -82.95,
      "min_lat": 42.25,
      "max_lat": 42.5
    }
  },
  "cfg": {
    "dt_gap_s": 5,
    "min_segment_points": 120,
    "matched_distance_max_m": 30.0,
    "max_unmatched_ratio": 0.2,
    "require_way_id": true
  },
  "scanned_files": 2451298,
  "kept_segments": 2295
}
