/home/jinlin/miniconda3/envs/dpl/lib/python3.11/site-packages/torch/nn/modules/transformer.py:392: UserWarning: enable_nested_tensor is True, but self.use_nested_tensor is False because encoder_layer.norm_first was True
  warnings.warn(
[city0] start n_routes=5000 K=1
[city0] done=100/5000 sample_sr=0.4600
[city0] done=200/5000 sample_sr=0.4800
[city0] done=300/5000 sample_sr=0.4700
[city0] done=400/5000 sample_sr=0.4675
[city0] done=500/5000 sample_sr=0.4720
[city0] done=600/5000 sample_sr=0.4667
[city0] done=700/5000 sample_sr=0.4643
[city0] done=800/5000 sample_sr=0.4625
[city0] done=900/5000 sample_sr=0.4611
[city0] done=1000/5000 sample_sr=0.4490
[city0] done=1100/5000 sample_sr=0.4509
[city0] done=1200/5000 sample_sr=0.4525
[city0] done=1300/5000 sample_sr=0.4531
[city0] done=1400/5000 sample_sr=0.4493
[city0] done=1500/5000 sample_sr=0.4480
[city0] done=1600/5000 sample_sr=0.4525
[city0] done=1700/5000 sample_sr=0.4529
[city0] done=1800/5000 sample_sr=0.4506
[city0] done=1900/5000 sample_sr=0.4495
[city0] done=2000/5000 sample_sr=0.4490
[city0] done=2100/5000 sample_sr=0.4481
[city0] done=2200/5000 sample_sr=0.4477
[city0] done=2300/5000 sample_sr=0.4496
[city0] done=2400/5000 sample_sr=0.4512
[city0] done=2500/5000 sample_sr=0.4500
[city0] done=2600/5000 sample_sr=0.4508
[city0] done=2700/5000 sample_sr=0.4504
[city0] done=2800/5000 sample_sr=0.4529
[city0] done=2900/5000 sample_sr=0.4521
[city0] done=3000/5000 sample_sr=0.4537
[city0] done=3100/5000 sample_sr=0.4558
[city0] done=3200/5000 sample_sr=0.4534
[city0] done=3300/5000 sample_sr=0.4524
[city0] done=3400/5000 sample_sr=0.4500
[city0] done=3500/5000 sample_sr=0.4503
[city0] done=3600/5000 sample_sr=0.4506
[city0] done=3700/5000 sample_sr=0.4524
[city0] done=3800/5000 sample_sr=0.4518
[city0] done=3900/5000 sample_sr=0.4508
[city0] done=4000/5000 sample_sr=0.4507
[city0] done=4100/5000 sample_sr=0.4522
[city0] done=4200/5000 sample_sr=0.4550
[city0] done=4300/5000 sample_sr=0.4535
[city0] done=4400/5000 sample_sr=0.4525
[city0] done=4500/5000 sample_sr=0.4511
[city0] done=4600/5000 sample_sr=0.4511
[city0] done=4700/5000 sample_sr=0.4496
[city0] done=4800/5000 sample_sr=0.4492
[city0] done=4900/5000 sample_sr=0.4486
[city0] done=5000/5000 sample_sr=0.4466
[OK] saved flat per_route: _sync/wsa/pi_verify/20260222_porto_tf_stepwise_e100_probe_v2_s0/tf_stepwise_k1_cand32_n5000_e100_v2_flat.json
[OK] saved: _sync/wsa/pi_verify/20260222_porto_tf_stepwise_e100_probe_v2_s0/tf_stepwise_k1_cand32_n5000_e100_v2.json
Teacher-Forcing Probe | sample_arrival=0.4466 | route_any_success=0.4466 | coverage_mean=0.1459 | div_mean=0.5152 | n_od=154
