2026-01-18 02:40:23,053 - INFO - device=cuda
2026-01-18 02:40:31,146 - INFO - routes: total=7502 train=6752 val=750 traj_len=256 max_way_len=128
2026-01-18 02:40:33,362 - INFO - init best_val_loss=1.175207 from current weights (epoch=0)
2026-01-18 02:40:42,445 - INFO - epoch=1 train_loss=0.1414 val_loss=0.0345
2026-01-18 02:40:50,714 - INFO - epoch=2 train_loss=0.0241 val_loss=0.0181
2026-01-18 02:40:59,168 - INFO - epoch=3 train_loss=0.0164 val_loss=0.0157
2026-01-18 02:41:07,436 - INFO - epoch=4 train_loss=0.0145 val_loss=0.0129
2026-01-18 02:41:15,608 - INFO - epoch=5 train_loss=0.0125 val_loss=0.0103
2026-01-18 02:41:23,667 - INFO - epoch=6 train_loss=0.0103 val_loss=0.0096
2026-01-18 02:41:31,565 - INFO - epoch=7 train_loss=0.0104 val_loss=0.0110
2026-01-18 02:41:39,588 - INFO - epoch=8 train_loss=0.0089 val_loss=0.0093
2026-01-18 02:41:47,655 - INFO - epoch=9 train_loss=0.0086 val_loss=0.0081
2026-01-18 02:41:55,500 - INFO - epoch=10 train_loss=0.0078 val_loss=0.0084
2026-01-18 02:42:03,398 - INFO - epoch=11 train_loss=0.0077 val_loss=0.0082
2026-01-18 02:42:11,301 - INFO - epoch=12 train_loss=0.0072 val_loss=0.0066
2026-01-18 02:42:19,372 - INFO - epoch=13 train_loss=0.0073 val_loss=0.0062
2026-01-18 02:42:27,587 - INFO - epoch=14 train_loss=0.0068 val_loss=0.0069
2026-01-18 02:42:35,789 - INFO - epoch=15 train_loss=0.0065 val_loss=0.0068
2026-01-18 02:42:43,978 - INFO - epoch=16 train_loss=0.0065 val_loss=0.0060
2026-01-18 02:42:52,337 - INFO - epoch=17 train_loss=0.0060 val_loss=0.0057
2026-01-18 02:43:00,394 - INFO - epoch=18 train_loss=0.0057 val_loss=0.0066
2026-01-18 02:43:08,303 - INFO - epoch=19 train_loss=0.0058 val_loss=0.0063
2026-01-18 02:43:16,194 - INFO - epoch=20 train_loss=0.0057 val_loss=0.0054
2026-01-18 02:43:24,221 - INFO - epoch=21 train_loss=0.0057 val_loss=0.0053
2026-01-18 02:43:32,271 - INFO - epoch=22 train_loss=0.0054 val_loss=0.0058
2026-01-18 02:43:40,112 - INFO - epoch=23 train_loss=0.0057 val_loss=0.0069
2026-01-18 02:43:47,941 - INFO - epoch=24 train_loss=0.0054 val_loss=0.0046
2026-01-18 02:43:55,967 - INFO - epoch=25 train_loss=0.0054 val_loss=0.0061
2026-01-18 02:44:03,921 - INFO - epoch=26 train_loss=0.0050 val_loss=0.0051
2026-01-18 02:44:11,900 - INFO - epoch=27 train_loss=0.0053 val_loss=0.0046
2026-01-18 02:44:20,052 - INFO - epoch=28 train_loss=0.0050 val_loss=0.0042
2026-01-18 02:44:28,333 - INFO - epoch=29 train_loss=0.0050 val_loss=0.0053
2026-01-18 02:44:36,531 - INFO - epoch=30 train_loss=0.0045 val_loss=0.0044
2026-01-18 02:44:44,574 - INFO - epoch=31 train_loss=0.0046 val_loss=0.0039
2026-01-18 02:44:52,629 - INFO - epoch=32 train_loss=0.0046 val_loss=0.0045
2026-01-18 02:45:00,557 - INFO - epoch=33 train_loss=0.0047 val_loss=0.0046
2026-01-18 02:45:08,339 - INFO - epoch=34 train_loss=0.0046 val_loss=0.0040
2026-01-18 02:45:16,490 - INFO - epoch=35 train_loss=0.0044 val_loss=0.0047
2026-01-18 02:45:24,320 - INFO - epoch=36 train_loss=0.0045 val_loss=0.0044
2026-01-18 02:45:32,156 - INFO - epoch=37 train_loss=0.0043 val_loss=0.0045
2026-01-18 02:45:40,066 - INFO - epoch=38 train_loss=0.0043 val_loss=0.0045
2026-01-18 02:45:47,951 - INFO - epoch=39 train_loss=0.0045 val_loss=0.0045
2026-01-18 02:45:55,877 - INFO - epoch=40 train_loss=0.0043 val_loss=0.0041
2026-01-18 02:46:03,871 - INFO - epoch=41 train_loss=0.0041 val_loss=0.0037
2026-01-18 02:46:12,168 - INFO - epoch=42 train_loss=0.0041 val_loss=0.0042
2026-01-18 02:46:20,437 - INFO - epoch=43 train_loss=0.0041 val_loss=0.0047
2026-01-18 02:46:28,545 - INFO - epoch=44 train_loss=0.0040 val_loss=0.0040
2026-01-18 02:46:36,469 - INFO - epoch=45 train_loss=0.0042 val_loss=0.0038
2026-01-18 02:46:44,283 - INFO - epoch=46 train_loss=0.0040 val_loss=0.0048
2026-01-18 02:46:52,064 - INFO - epoch=47 train_loss=0.0040 val_loss=0.0033
2026-01-18 02:46:59,984 - INFO - epoch=48 train_loss=0.0040 val_loss=0.0034
2026-01-18 02:47:07,776 - INFO - epoch=49 train_loss=0.0039 val_loss=0.0040
2026-01-18 02:47:15,655 - INFO - epoch=50 train_loss=0.0039 val_loss=0.0038
2026-01-18 02:47:23,820 - INFO - epoch=51 train_loss=0.0039 val_loss=0.0041
2026-01-18 02:47:31,772 - INFO - epoch=52 train_loss=0.0039 val_loss=0.0038
2026-01-18 02:47:39,756 - INFO - epoch=53 train_loss=0.0039 val_loss=0.0038
2026-01-18 02:47:48,104 - INFO - epoch=54 train_loss=0.0039 val_loss=0.0044
2026-01-18 02:47:56,346 - INFO - epoch=55 train_loss=0.0039 val_loss=0.0039
2026-01-18 02:48:04,461 - INFO - epoch=56 train_loss=0.0038 val_loss=0.0039
2026-01-18 02:48:12,373 - INFO - epoch=57 train_loss=0.0037 val_loss=0.0043
2026-01-18 02:48:20,181 - INFO - epoch=58 train_loss=0.0038 val_loss=0.0039
2026-01-18 02:48:28,205 - INFO - epoch=59 train_loss=0.0037 val_loss=0.0038
2026-01-18 02:48:36,369 - INFO - epoch=60 train_loss=0.0040 val_loss=0.0034
2026-01-18 02:48:44,335 - INFO - epoch=61 train_loss=0.0037 val_loss=0.0038
2026-01-18 02:48:52,320 - INFO - epoch=62 train_loss=0.0036 val_loss=0.0037
2026-01-18 02:49:00,314 - INFO - epoch=63 train_loss=0.0035 val_loss=0.0035
2026-01-18 02:49:08,427 - INFO - epoch=64 train_loss=0.0037 val_loss=0.0038
2026-01-18 02:49:16,272 - INFO - epoch=65 train_loss=0.0036 val_loss=0.0043
2026-01-18 02:49:24,046 - INFO - epoch=66 train_loss=0.0037 val_loss=0.0042
2026-01-18 02:49:31,881 - INFO - epoch=67 train_loss=0.0034 val_loss=0.0040
2026-01-18 02:49:39,692 - INFO - epoch=68 train_loss=0.0037 val_loss=0.0043
2026-01-18 02:49:47,569 - INFO - epoch=69 train_loss=0.0036 val_loss=0.0039
2026-01-18 02:49:55,604 - INFO - epoch=70 train_loss=0.0033 val_loss=0.0054
2026-01-18 02:50:03,702 - INFO - epoch=71 train_loss=0.0037 val_loss=0.0047
2026-01-18 02:50:11,748 - INFO - epoch=72 train_loss=0.0036 val_loss=0.0039
2026-01-18 02:50:19,579 - INFO - epoch=73 train_loss=0.0036 val_loss=0.0044
2026-01-18 02:50:27,344 - INFO - epoch=74 train_loss=0.0033 val_loss=0.0037
2026-01-18 02:50:35,182 - INFO - epoch=75 train_loss=0.0035 val_loss=0.0037
2026-01-18 02:50:43,195 - INFO - epoch=76 train_loss=0.0034 val_loss=0.0033
2026-01-18 02:50:51,444 - INFO - epoch=77 train_loss=0.0034 val_loss=0.0032
2026-01-18 02:50:59,373 - INFO - epoch=78 train_loss=0.0034 val_loss=0.0040
2026-01-18 02:51:07,176 - INFO - epoch=79 train_loss=0.0035 val_loss=0.0038
2026-01-18 02:51:14,976 - INFO - epoch=80 train_loss=0.0036 val_loss=0.0034
2026-01-18 02:51:22,860 - INFO - epoch=81 train_loss=0.0037 val_loss=0.0036
2026-01-18 02:51:30,931 - INFO - epoch=82 train_loss=0.0034 val_loss=0.0032
2026-01-18 02:51:38,920 - INFO - epoch=83 train_loss=0.0032 val_loss=0.0030
2026-01-18 02:51:46,959 - INFO - epoch=84 train_loss=0.0034 val_loss=0.0040
2026-01-18 02:51:54,813 - INFO - epoch=85 train_loss=0.0033 val_loss=0.0035
2026-01-18 02:52:02,893 - INFO - epoch=86 train_loss=0.0034 val_loss=0.0033
2026-01-18 02:52:10,977 - INFO - epoch=87 train_loss=0.0034 val_loss=0.0032
2026-01-18 02:52:18,960 - INFO - epoch=88 train_loss=0.0031 val_loss=0.0035
2026-01-18 02:52:27,123 - INFO - epoch=89 train_loss=0.0032 val_loss=0.0033
2026-01-18 02:52:35,290 - INFO - epoch=90 train_loss=0.0035 val_loss=0.0038
2026-01-18 02:52:43,471 - INFO - epoch=91 train_loss=0.0032 val_loss=0.0035
2026-01-18 02:52:51,418 - INFO - epoch=92 train_loss=0.0035 val_loss=0.0032
2026-01-18 02:52:59,139 - INFO - epoch=93 train_loss=0.0034 val_loss=0.0035
2026-01-18 02:53:07,189 - INFO - epoch=94 train_loss=0.0034 val_loss=0.0035
2026-01-18 02:53:15,113 - INFO - epoch=95 train_loss=0.0031 val_loss=0.0034
2026-01-18 02:53:22,870 - INFO - epoch=96 train_loss=0.0034 val_loss=0.0035
2026-01-18 02:53:30,691 - INFO - epoch=97 train_loss=0.0032 val_loss=0.0034
2026-01-18 02:53:38,776 - INFO - epoch=98 train_loss=0.0033 val_loss=0.0036
2026-01-18 02:53:46,910 - INFO - epoch=99 train_loss=0.0030 val_loss=0.0030
2026-01-18 02:53:55,052 - INFO - epoch=100 train_loss=0.0029 val_loss=0.0028
2026-01-18 02:54:03,460 - INFO - epoch=101 train_loss=0.0030 val_loss=0.0029
2026-01-18 02:54:11,586 - INFO - epoch=102 train_loss=0.0031 val_loss=0.0033
2026-01-18 02:54:19,777 - INFO - epoch=103 train_loss=0.0031 val_loss=0.0029
2026-01-18 02:54:27,969 - INFO - epoch=104 train_loss=0.0030 val_loss=0.0027
2026-01-18 02:54:36,248 - INFO - epoch=105 train_loss=0.0030 val_loss=0.0034
2026-01-18 02:54:43,983 - INFO - epoch=106 train_loss=0.0030 val_loss=0.0031
2026-01-18 02:54:51,865 - INFO - epoch=107 train_loss=0.0032 val_loss=0.0033
2026-01-18 02:54:59,865 - INFO - epoch=108 train_loss=0.0034 val_loss=0.0039
2026-01-18 02:55:07,723 - INFO - epoch=109 train_loss=0.0034 val_loss=0.0032
2026-01-18 02:55:15,449 - INFO - epoch=110 train_loss=0.0029 val_loss=0.0031
2026-01-18 02:55:23,476 - INFO - epoch=111 train_loss=0.0029 val_loss=0.0036
2026-01-18 02:55:31,461 - INFO - epoch=112 train_loss=0.0032 val_loss=0.0031
2026-01-18 02:55:39,499 - INFO - epoch=113 train_loss=0.0030 val_loss=0.0030
2026-01-18 02:55:47,580 - INFO - epoch=114 train_loss=0.0031 val_loss=0.0033
2026-01-18 02:55:55,654 - INFO - epoch=115 train_loss=0.0029 val_loss=0.0029
2026-01-18 02:56:03,760 - INFO - epoch=116 train_loss=0.0029 val_loss=0.0032
2026-01-18 02:56:11,846 - INFO - epoch=117 train_loss=0.0029 val_loss=0.0032
2026-01-18 02:56:20,089 - INFO - epoch=118 train_loss=0.0030 val_loss=0.0027
2026-01-18 02:56:28,288 - INFO - epoch=119 train_loss=0.0028 val_loss=0.0033
2026-01-18 02:56:36,511 - INFO - epoch=120 train_loss=0.0029 val_loss=0.0027
2026-01-18 02:56:44,683 - INFO - epoch=121 train_loss=0.0031 val_loss=0.0035
2026-01-18 02:56:52,681 - INFO - epoch=122 train_loss=0.0032 val_loss=0.0036
2026-01-18 02:57:00,563 - INFO - epoch=123 train_loss=0.0030 val_loss=0.0028
2026-01-18 02:57:08,616 - INFO - epoch=124 train_loss=0.0030 val_loss=0.0039
2026-01-18 02:57:16,686 - INFO - epoch=125 train_loss=0.0030 val_loss=0.0038
2026-01-18 02:57:24,742 - INFO - epoch=126 train_loss=0.0030 val_loss=0.0027
2026-01-18 02:57:32,803 - INFO - epoch=127 train_loss=0.0028 val_loss=0.0024
2026-01-18 02:57:41,050 - INFO - epoch=128 train_loss=0.0027 val_loss=0.0029
2026-01-18 02:57:49,232 - INFO - epoch=129 train_loss=0.0029 val_loss=0.0026
2026-01-18 02:57:57,314 - INFO - epoch=130 train_loss=0.0031 val_loss=0.0036
2026-01-18 02:58:05,221 - INFO - epoch=131 train_loss=0.0029 val_loss=0.0025
2026-01-18 02:58:13,152 - INFO - epoch=132 train_loss=0.0029 val_loss=0.0030
2026-01-18 02:58:21,094 - INFO - epoch=133 train_loss=0.0029 val_loss=0.0027
2026-01-18 02:58:29,082 - INFO - epoch=134 train_loss=0.0028 val_loss=0.0031
2026-01-18 02:58:37,049 - INFO - epoch=135 train_loss=0.0027 val_loss=0.0028
2026-01-18 02:58:44,997 - INFO - epoch=136 train_loss=0.0028 val_loss=0.0028
2026-01-18 02:58:53,044 - INFO - epoch=137 train_loss=0.0029 val_loss=0.0035
2026-01-18 02:59:01,105 - INFO - epoch=138 train_loss=0.0030 val_loss=0.0031
2026-01-18 02:59:09,164 - INFO - epoch=139 train_loss=0.0027 val_loss=0.0033
2026-01-18 02:59:17,247 - INFO - epoch=140 train_loss=0.0028 val_loss=0.0030
2026-01-18 02:59:25,360 - INFO - epoch=141 train_loss=0.0031 val_loss=0.0035
2026-01-18 02:59:33,492 - INFO - epoch=142 train_loss=0.0027 val_loss=0.0030
2026-01-18 02:59:41,609 - INFO - epoch=143 train_loss=0.0025 val_loss=0.0034
2026-01-18 02:59:49,570 - INFO - epoch=144 train_loss=0.0029 val_loss=0.0027
2026-01-18 02:59:57,502 - INFO - epoch=145 train_loss=0.0028 val_loss=0.0023
2026-01-18 03:00:05,563 - INFO - epoch=146 train_loss=0.0028 val_loss=0.0026
2026-01-18 03:00:13,628 - INFO - epoch=147 train_loss=0.0028 val_loss=0.0033
2026-01-18 03:00:21,642 - INFO - epoch=148 train_loss=0.0026 val_loss=0.0031
2026-01-18 03:00:29,631 - INFO - epoch=149 train_loss=0.0030 val_loss=0.0026
2026-01-18 03:00:37,533 - INFO - epoch=150 train_loss=0.0028 val_loss=0.0030
2026-01-18 03:00:45,793 - INFO - epoch=151 train_loss=0.0027 val_loss=0.0032
2026-01-18 03:00:53,693 - INFO - epoch=152 train_loss=0.0029 val_loss=0.0028
2026-01-18 03:01:01,625 - INFO - epoch=153 train_loss=0.0027 val_loss=0.0031
2026-01-18 03:01:09,536 - INFO - epoch=154 train_loss=0.0027 val_loss=0.0031
2026-01-18 03:01:16,830 - INFO - epoch=155 train_loss=0.0026 val_loss=0.0029
2026-01-18 03:01:24,605 - INFO - epoch=156 train_loss=0.0026 val_loss=0.0030
2026-01-18 03:01:32,508 - INFO - epoch=157 train_loss=0.0028 val_loss=0.0036
2026-01-18 03:01:40,407 - INFO - epoch=158 train_loss=0.0030 val_loss=0.0033
2026-01-18 03:01:48,350 - INFO - epoch=159 train_loss=0.0027 val_loss=0.0026
2026-01-18 03:01:56,311 - INFO - epoch=160 train_loss=0.0029 val_loss=0.0032
2026-01-18 03:02:04,598 - INFO - epoch=161 train_loss=0.0027 val_loss=0.0032
2026-01-18 03:02:12,973 - INFO - epoch=162 train_loss=0.0026 val_loss=0.0034
2026-01-18 03:02:21,031 - INFO - epoch=163 train_loss=0.0026 val_loss=0.0029
2026-01-18 03:02:28,985 - INFO - epoch=164 train_loss=0.0027 val_loss=0.0034
2026-01-18 03:02:36,799 - INFO - epoch=165 train_loss=0.0024 val_loss=0.0030
2026-01-18 03:02:44,545 - INFO - epoch=166 train_loss=0.0026 val_loss=0.0027
2026-01-18 03:02:52,353 - INFO - epoch=167 train_loss=0.0027 val_loss=0.0034
2026-01-18 03:03:00,203 - INFO - epoch=168 train_loss=0.0026 val_loss=0.0027
2026-01-18 03:03:08,033 - INFO - epoch=169 train_loss=0.0026 val_loss=0.0027
2026-01-18 03:03:15,889 - INFO - epoch=170 train_loss=0.0027 val_loss=0.0029
2026-01-18 03:03:23,877 - INFO - epoch=171 train_loss=0.0027 val_loss=0.0031
2026-01-18 03:03:31,798 - INFO - epoch=172 train_loss=0.0024 val_loss=0.0028
2026-01-18 03:03:39,921 - INFO - epoch=173 train_loss=0.0027 val_loss=0.0033
2026-01-18 03:03:48,001 - INFO - epoch=174 train_loss=0.0026 val_loss=0.0027
2026-01-18 03:03:56,415 - INFO - epoch=175 train_loss=0.0026 val_loss=0.0027
2026-01-18 03:04:04,471 - INFO - epoch=176 train_loss=0.0026 val_loss=0.0028
2026-01-18 03:04:12,425 - INFO - epoch=177 train_loss=0.0026 val_loss=0.0029
2026-01-18 03:04:20,311 - INFO - epoch=178 train_loss=0.0026 val_loss=0.0025
2026-01-18 03:04:28,367 - INFO - epoch=179 train_loss=0.0026 val_loss=0.0029
2026-01-18 03:04:36,270 - INFO - epoch=180 train_loss=0.0025 val_loss=0.0030
2026-01-18 03:04:44,055 - INFO - epoch=181 train_loss=0.0025 val_loss=0.0032
2026-01-18 03:04:51,954 - INFO - epoch=182 train_loss=0.0026 val_loss=0.0029
2026-01-18 03:04:59,797 - INFO - epoch=183 train_loss=0.0026 val_loss=0.0025
2026-01-18 03:05:07,679 - INFO - epoch=184 train_loss=0.0027 val_loss=0.0028
2026-01-18 03:05:15,676 - INFO - epoch=185 train_loss=0.0025 val_loss=0.0031
2026-01-18 03:05:23,674 - INFO - epoch=186 train_loss=0.0024 val_loss=0.0030
2026-01-18 03:05:32,129 - INFO - epoch=187 train_loss=0.0026 val_loss=0.0026
2026-01-18 03:05:40,264 - INFO - epoch=188 train_loss=0.0027 val_loss=0.0034
2026-01-18 03:05:48,335 - INFO - epoch=189 train_loss=0.0025 val_loss=0.0029
2026-01-18 03:05:56,226 - INFO - epoch=190 train_loss=0.0022 val_loss=0.0024
2026-01-18 03:06:04,077 - INFO - epoch=191 train_loss=0.0026 val_loss=0.0030
2026-01-18 03:06:12,050 - INFO - epoch=192 train_loss=0.0025 val_loss=0.0026
2026-01-18 03:06:20,081 - INFO - epoch=193 train_loss=0.0025 val_loss=0.0024
2026-01-18 03:06:28,026 - INFO - epoch=194 train_loss=0.0024 val_loss=0.0028
2026-01-18 03:06:35,908 - INFO - epoch=195 train_loss=0.0023 val_loss=0.0027
2026-01-18 03:06:43,625 - INFO - epoch=196 train_loss=0.0023 val_loss=0.0028
2026-01-18 03:06:51,526 - INFO - epoch=197 train_loss=0.0023 val_loss=0.0028
2026-01-18 03:06:59,453 - INFO - epoch=198 train_loss=0.0024 val_loss=0.0027
2026-01-18 03:07:07,386 - INFO - epoch=199 train_loss=0.0025 val_loss=0.0031
2026-01-18 03:07:15,373 - INFO - epoch=200 train_loss=0.0024 val_loss=0.0022
2026-01-18 03:07:23,992 - INFO - epoch=201 train_loss=0.0025 val_loss=0.0028
2026-01-18 03:07:32,329 - INFO - epoch=202 train_loss=0.0025 val_loss=0.0025
2026-01-18 03:07:40,326 - INFO - epoch=203 train_loss=0.0025 val_loss=0.0030
2026-01-18 03:07:48,258 - INFO - epoch=204 train_loss=0.0023 val_loss=0.0032
2026-01-18 03:07:56,020 - INFO - epoch=205 train_loss=0.0023 val_loss=0.0032
2026-01-18 03:08:03,942 - INFO - epoch=206 train_loss=0.0023 val_loss=0.0029
2026-01-18 03:08:11,889 - INFO - epoch=207 train_loss=0.0024 val_loss=0.0029
2026-01-18 03:08:19,982 - INFO - epoch=208 train_loss=0.0022 val_loss=0.0028
2026-01-18 03:08:27,923 - INFO - epoch=209 train_loss=0.0026 val_loss=0.0025
2026-01-18 03:08:35,713 - INFO - epoch=210 train_loss=0.0025 val_loss=0.0031
2026-01-18 03:08:43,669 - INFO - epoch=211 train_loss=0.0023 val_loss=0.0025
2026-01-18 03:08:51,614 - INFO - epoch=212 train_loss=0.0024 val_loss=0.0030
2026-01-18 03:08:59,445 - INFO - epoch=213 train_loss=0.0023 val_loss=0.0032
2026-01-18 03:09:07,490 - INFO - epoch=214 train_loss=0.0024 val_loss=0.0032
2026-01-18 03:09:15,694 - INFO - epoch=215 train_loss=0.0025 val_loss=0.0029
2026-01-18 03:09:24,095 - INFO - epoch=216 train_loss=0.0024 val_loss=0.0026
2026-01-18 03:09:32,167 - INFO - epoch=217 train_loss=0.0022 val_loss=0.0026
2026-01-18 03:09:40,101 - INFO - epoch=218 train_loss=0.0023 val_loss=0.0026
2026-01-18 03:09:47,983 - INFO - epoch=219 train_loss=0.0024 val_loss=0.0025
2026-01-18 03:09:56,102 - INFO - epoch=220 train_loss=0.0022 val_loss=0.0027
2026-01-18 03:10:04,204 - INFO - epoch=221 train_loss=0.0027 val_loss=0.0030
2026-01-18 03:10:12,157 - INFO - epoch=222 train_loss=0.0024 val_loss=0.0027
2026-01-18 03:10:19,907 - INFO - epoch=223 train_loss=0.0024 val_loss=0.0024
2026-01-18 03:10:27,752 - INFO - epoch=224 train_loss=0.0023 val_loss=0.0025
2026-01-18 03:10:35,680 - INFO - epoch=225 train_loss=0.0023 val_loss=0.0031
2026-01-18 03:10:43,626 - INFO - epoch=226 train_loss=0.0025 val_loss=0.0027
2026-01-18 03:10:51,554 - INFO - epoch=227 train_loss=0.0023 val_loss=0.0028
2026-01-18 03:10:59,795 - INFO - epoch=228 train_loss=0.0023 val_loss=0.0028
2026-01-18 03:11:08,087 - INFO - epoch=229 train_loss=0.0023 val_loss=0.0025
2026-01-18 03:11:16,239 - INFO - epoch=230 train_loss=0.0022 val_loss=0.0030
2026-01-18 03:11:24,120 - INFO - epoch=231 train_loss=0.0021 val_loss=0.0025
2026-01-18 03:11:32,048 - INFO - epoch=232 train_loss=0.0024 val_loss=0.0028
2026-01-18 03:11:39,847 - INFO - epoch=233 train_loss=0.0022 val_loss=0.0023
2026-01-18 03:11:47,942 - INFO - epoch=234 train_loss=0.0023 val_loss=0.0032
2026-01-18 03:11:56,093 - INFO - epoch=235 train_loss=0.0022 val_loss=0.0035
2026-01-18 03:12:04,076 - INFO - epoch=236 train_loss=0.0024 val_loss=0.0030
2026-01-18 03:12:11,960 - INFO - epoch=237 train_loss=0.0023 val_loss=0.0028
2026-01-18 03:12:19,787 - INFO - epoch=238 train_loss=0.0024 val_loss=0.0027
2026-01-18 03:12:27,708 - INFO - epoch=239 train_loss=0.0022 val_loss=0.0033
2026-01-18 03:12:35,626 - INFO - epoch=240 train_loss=0.0023 val_loss=0.0027
2026-01-18 03:12:43,475 - INFO - epoch=241 train_loss=0.0023 val_loss=0.0032
2026-01-18 03:12:51,490 - INFO - epoch=242 train_loss=0.0023 val_loss=0.0029
2026-01-18 03:12:59,570 - INFO - epoch=243 train_loss=0.0023 val_loss=0.0032
2026-01-18 03:13:07,946 - INFO - epoch=244 train_loss=0.0021 val_loss=0.0030
2026-01-18 03:13:16,098 - INFO - epoch=245 train_loss=0.0021 val_loss=0.0030
2026-01-18 03:13:23,985 - INFO - epoch=246 train_loss=0.0022 val_loss=0.0025
2026-01-18 03:13:31,818 - INFO - epoch=247 train_loss=0.0023 val_loss=0.0024
2026-01-18 03:13:39,559 - INFO - epoch=248 train_loss=0.0023 val_loss=0.0027
2026-01-18 03:13:47,588 - INFO - epoch=249 train_loss=0.0022 val_loss=0.0027
2026-01-18 03:13:55,386 - INFO - epoch=250 train_loss=0.0021 val_loss=0.0027
2026-01-18 03:14:03,474 - INFO - epoch=251 train_loss=0.0025 val_loss=0.0024
2026-01-18 03:14:11,355 - INFO - epoch=252 train_loss=0.0022 val_loss=0.0029
2026-01-18 03:14:19,258 - INFO - epoch=253 train_loss=0.0022 val_loss=0.0027
2026-01-18 03:14:27,202 - INFO - epoch=254 train_loss=0.0020 val_loss=0.0030
2026-01-18 03:14:35,160 - INFO - epoch=255 train_loss=0.0022 val_loss=0.0024
2026-01-18 03:14:43,242 - INFO - epoch=256 train_loss=0.0021 val_loss=0.0027
2026-01-18 03:14:51,463 - INFO - epoch=257 train_loss=0.0021 val_loss=0.0024
2026-01-18 03:14:59,717 - INFO - epoch=258 train_loss=0.0020 val_loss=0.0026
2026-01-18 03:15:07,724 - INFO - epoch=259 train_loss=0.0021 val_loss=0.0029
2026-01-18 03:15:15,625 - INFO - epoch=260 train_loss=0.0021 val_loss=0.0027
2026-01-18 03:15:23,781 - INFO - epoch=261 train_loss=0.0023 val_loss=0.0025
2026-01-18 03:15:31,711 - INFO - epoch=262 train_loss=0.0020 val_loss=0.0022
2026-01-18 03:15:39,496 - INFO - epoch=263 train_loss=0.0022 val_loss=0.0029
2026-01-18 03:15:47,390 - INFO - epoch=264 train_loss=0.0021 val_loss=0.0028
2026-01-18 03:15:55,304 - INFO - epoch=265 train_loss=0.0021 val_loss=0.0027
2026-01-18 03:16:03,224 - INFO - epoch=266 train_loss=0.0022 val_loss=0.0028
2026-01-18 03:16:11,265 - INFO - epoch=267 train_loss=0.0021 val_loss=0.0029
2026-01-18 03:16:19,356 - INFO - epoch=268 train_loss=0.0021 val_loss=0.0025
2026-01-18 03:16:27,619 - INFO - epoch=269 train_loss=0.0022 val_loss=0.0025
2026-01-18 03:16:35,877 - INFO - epoch=270 train_loss=0.0021 val_loss=0.0022
2026-01-18 03:16:43,892 - INFO - epoch=271 train_loss=0.0021 val_loss=0.0026
2026-01-18 03:16:51,774 - INFO - epoch=272 train_loss=0.0021 val_loss=0.0026
2026-01-18 03:16:59,586 - INFO - epoch=273 train_loss=0.0022 val_loss=0.0027
2026-01-18 03:17:07,632 - INFO - epoch=274 train_loss=0.0020 val_loss=0.0027
2026-01-18 03:17:15,554 - INFO - epoch=275 train_loss=0.0020 val_loss=0.0023
2026-01-18 03:17:23,309 - INFO - epoch=276 train_loss=0.0023 val_loss=0.0023
2026-01-18 03:17:31,218 - INFO - epoch=277 train_loss=0.0021 val_loss=0.0026
2026-01-18 03:17:39,127 - INFO - epoch=278 train_loss=0.0020 val_loss=0.0024
2026-01-18 03:17:47,033 - INFO - epoch=279 train_loss=0.0020 val_loss=0.0031
2026-01-18 03:17:55,093 - INFO - epoch=280 train_loss=0.0022 val_loss=0.0025
2026-01-18 03:18:03,304 - INFO - epoch=281 train_loss=0.0020 val_loss=0.0024
2026-01-18 03:18:11,458 - INFO - epoch=282 train_loss=0.0020 val_loss=0.0027
2026-01-18 03:18:19,612 - INFO - epoch=283 train_loss=0.0021 val_loss=0.0027
2026-01-18 03:18:27,660 - INFO - epoch=284 train_loss=0.0022 val_loss=0.0032
2026-01-18 03:18:35,453 - INFO - epoch=285 train_loss=0.0021 val_loss=0.0030
2026-01-18 03:18:43,275 - INFO - epoch=286 train_loss=0.0020 val_loss=0.0027
2026-01-18 03:18:51,402 - INFO - epoch=287 train_loss=0.0020 val_loss=0.0022
2026-01-18 03:18:59,303 - INFO - epoch=288 train_loss=0.0020 val_loss=0.0024
2026-01-18 03:19:07,155 - INFO - epoch=289 train_loss=0.0020 val_loss=0.0025
2026-01-18 03:19:15,000 - INFO - epoch=290 train_loss=0.0020 val_loss=0.0023
2026-01-18 03:19:22,828 - INFO - epoch=291 train_loss=0.0021 val_loss=0.0024
2026-01-18 03:19:30,735 - INFO - epoch=292 train_loss=0.0021 val_loss=0.0031
2026-01-18 03:19:38,731 - INFO - epoch=293 train_loss=0.0020 val_loss=0.0025
2026-01-18 03:19:46,736 - INFO - epoch=294 train_loss=0.0020 val_loss=0.0026
2026-01-18 03:19:55,178 - INFO - epoch=295 train_loss=0.0020 val_loss=0.0026
2026-01-18 03:20:03,319 - INFO - epoch=296 train_loss=0.0020 val_loss=0.0028
2026-01-18 03:20:11,404 - INFO - epoch=297 train_loss=0.0021 val_loss=0.0024
2026-01-18 03:20:19,343 - INFO - epoch=298 train_loss=0.0020 val_loss=0.0026
2026-01-18 03:20:27,139 - INFO - epoch=299 train_loss=0.0020 val_loss=0.0024
2026-01-18 03:20:34,861 - INFO - epoch=300 train_loss=0.0021 val_loss=0.0026
2026-01-18 03:20:35,184 - INFO - early_stop: patience=100 reached (best_epoch=200 best_val_loss=0.002205)
2026-01-18 03:20:35,526 - INFO - saved: /home/jinlin/data/geoexplicit_data/experiments/icml2026_routegen/WAYCASD3_xattn_nL64_rustbelt_seed0_e1000/W9_train_exec/report.json
