2026-02-04 14:24:34,301 - INFO - device=cuda
2026-02-04 14:24:34,307 - INFO - loaded way_semantic: n_channels=5
2026-02-04 14:24:34,312 - INFO - routes: total=5022 train=4520 val=502 min_hops=5 max_way_len=160
/home/jinlin/miniconda3/envs/dpl/lib/python3.11/site-packages/torch/nn/modules/transformer.py:392: UserWarning: enable_nested_tensor is True, but self.use_nested_tensor is False because encoder_layer.norm_first was True
  warnings.warn(
2026-02-04 14:24:35,552 - INFO - init best_val_loss=0.312431 from current weights (epoch=0)
2026-02-04 14:24:39,722 - INFO - epoch=1 train_loss=0.3110 train_acc=0.804 val_loss=0.3060 val_acc=0.803
2026-02-04 14:24:43,416 - INFO - epoch=2 train_loss=0.3088 train_acc=0.805 val_loss=0.3047 val_acc=0.804
2026-02-04 14:24:47,169 - INFO - epoch=3 train_loss=0.3059 train_acc=0.807 val_loss=0.2999 val_acc=0.807
2026-02-04 14:24:50,932 - INFO - epoch=4 train_loss=0.2997 train_acc=0.812 val_loss=0.2934 val_acc=0.817
2026-02-04 14:24:54,687 - INFO - epoch=5 train_loss=0.2946 train_acc=0.816 val_loss=0.2886 val_acc=0.822
2026-02-04 14:24:58,478 - INFO - epoch=6 train_loss=0.2896 train_acc=0.822 val_loss=0.2843 val_acc=0.825
2026-02-04 14:25:02,292 - INFO - epoch=7 train_loss=0.2849 train_acc=0.826 val_loss=0.2798 val_acc=0.831
2026-02-04 14:25:06,154 - INFO - epoch=8 train_loss=0.2804 train_acc=0.830 val_loss=0.2761 val_acc=0.832
2026-02-04 14:25:10,012 - INFO - epoch=9 train_loss=0.2767 train_acc=0.833 val_loss=0.2732 val_acc=0.835
2026-02-04 14:25:13,883 - INFO - epoch=10 train_loss=0.2717 train_acc=0.838 val_loss=0.2688 val_acc=0.842
2026-02-04 14:25:17,782 - INFO - epoch=11 train_loss=0.2683 train_acc=0.842 val_loss=0.2679 val_acc=0.845
2026-02-04 14:25:21,973 - INFO - epoch=12 train_loss=0.2644 train_acc=0.848 val_loss=0.2647 val_acc=0.855
2026-02-04 14:25:25,923 - INFO - epoch=13 train_loss=0.2603 train_acc=0.854 val_loss=0.2586 val_acc=0.864
2026-02-04 14:25:29,898 - INFO - epoch=14 train_loss=0.2534 train_acc=0.863 val_loss=0.2531 val_acc=0.871
2026-02-04 14:25:33,891 - INFO - epoch=15 train_loss=0.2454 train_acc=0.872 val_loss=0.2450 val_acc=0.880
2026-02-04 14:25:37,881 - INFO - epoch=16 train_loss=0.2407 train_acc=0.877 val_loss=0.2445 val_acc=0.877
2026-02-04 14:25:41,886 - INFO - epoch=17 train_loss=0.2417 train_acc=0.874 val_loss=0.2385 val_acc=0.882
2026-02-04 14:25:45,915 - INFO - epoch=18 train_loss=0.2375 train_acc=0.878 val_loss=0.2403 val_acc=0.881
2026-02-04 14:25:49,934 - INFO - epoch=19 train_loss=0.2305 train_acc=0.885 val_loss=0.2369 val_acc=0.884
2026-02-04 14:25:53,997 - INFO - epoch=20 train_loss=0.2254 train_acc=0.890 val_loss=0.2311 val_acc=0.889
2026-02-04 14:25:58,127 - INFO - epoch=21 train_loss=0.2217 train_acc=0.892 val_loss=0.2257 val_acc=0.892
2026-02-04 14:26:02,226 - INFO - epoch=22 train_loss=0.2175 train_acc=0.894 val_loss=0.2216 val_acc=0.895
2026-02-04 14:26:06,323 - INFO - epoch=23 train_loss=0.2136 train_acc=0.897 val_loss=0.2190 val_acc=0.898
2026-02-04 14:26:10,397 - INFO - epoch=24 train_loss=0.2103 train_acc=0.899 val_loss=0.2146 val_acc=0.898
2026-02-04 14:26:14,489 - INFO - epoch=25 train_loss=0.2064 train_acc=0.901 val_loss=0.2130 val_acc=0.898
2026-02-04 14:26:18,544 - INFO - epoch=26 train_loss=0.2048 train_acc=0.901 val_loss=0.2114 val_acc=0.902
2026-02-04 14:26:22,711 - INFO - epoch=27 train_loss=0.2013 train_acc=0.903 val_loss=0.2073 val_acc=0.900
2026-02-04 14:26:26,848 - INFO - epoch=28 train_loss=0.1992 train_acc=0.903 val_loss=0.2159 val_acc=0.898
2026-02-04 14:26:30,991 - INFO - epoch=29 train_loss=0.2103 train_acc=0.897 val_loss=0.2181 val_acc=0.894
2026-02-04 14:26:35,091 - INFO - epoch=30 train_loss=0.2036 train_acc=0.902 val_loss=0.2090 val_acc=0.905
2026-02-04 14:26:39,204 - INFO - epoch=31 train_loss=0.1952 train_acc=0.905 val_loss=0.2049 val_acc=0.907
2026-02-04 14:26:43,379 - INFO - epoch=32 train_loss=0.1922 train_acc=0.907 val_loss=0.2009 val_acc=0.906
2026-02-04 14:26:47,535 - INFO - epoch=33 train_loss=0.1877 train_acc=0.910 val_loss=0.1980 val_acc=0.907
2026-02-04 14:26:51,724 - INFO - epoch=34 train_loss=0.1848 train_acc=0.911 val_loss=0.1975 val_acc=0.909
2026-02-04 14:26:55,922 - INFO - epoch=35 train_loss=0.1815 train_acc=0.913 val_loss=0.1996 val_acc=0.907
2026-02-04 14:27:00,100 - INFO - epoch=36 train_loss=0.1794 train_acc=0.913 val_loss=0.1923 val_acc=0.911
2026-02-04 14:27:04,281 - INFO - epoch=37 train_loss=0.1756 train_acc=0.916 val_loss=0.1920 val_acc=0.911
2026-02-04 14:27:08,464 - INFO - epoch=38 train_loss=0.1729 train_acc=0.916 val_loss=0.1925 val_acc=0.911
2026-02-04 14:27:12,665 - INFO - epoch=39 train_loss=0.1725 train_acc=0.916 val_loss=0.1898 val_acc=0.913
2026-02-04 14:27:16,886 - INFO - epoch=40 train_loss=0.1832 train_acc=0.912 val_loss=0.2019 val_acc=0.910
2026-02-04 14:27:21,121 - INFO - epoch=41 train_loss=0.1789 train_acc=0.914 val_loss=0.1924 val_acc=0.912
2026-02-04 14:27:25,331 - INFO - epoch=42 train_loss=0.1699 train_acc=0.918 val_loss=0.1876 val_acc=0.915
2026-02-04 14:27:29,496 - INFO - epoch=43 train_loss=0.1655 train_acc=0.920 val_loss=0.1874 val_acc=0.914
2026-02-04 14:27:33,698 - INFO - epoch=44 train_loss=0.1630 train_acc=0.921 val_loss=0.1888 val_acc=0.913
2026-02-04 14:27:37,936 - INFO - epoch=45 train_loss=0.1612 train_acc=0.922 val_loss=0.1852 val_acc=0.915
2026-02-04 14:27:42,132 - INFO - epoch=46 train_loss=0.1581 train_acc=0.923 val_loss=0.1878 val_acc=0.914
2026-02-04 14:27:46,380 - INFO - epoch=47 train_loss=0.1572 train_acc=0.925 val_loss=0.1815 val_acc=0.917
2026-02-04 14:27:50,618 - INFO - epoch=48 train_loss=0.1565 train_acc=0.925 val_loss=0.1851 val_acc=0.916
2026-02-04 14:27:54,851 - INFO - epoch=49 train_loss=0.1546 train_acc=0.926 val_loss=0.1818 val_acc=0.919
2026-02-04 14:27:59,045 - INFO - epoch=50 train_loss=0.1558 train_acc=0.925 val_loss=0.1864 val_acc=0.917
2026-02-04 14:28:03,283 - INFO - epoch=51 train_loss=0.1562 train_acc=0.925 val_loss=0.1835 val_acc=0.916
2026-02-04 14:28:07,502 - INFO - epoch=52 train_loss=0.1554 train_acc=0.925 val_loss=0.1849 val_acc=0.917
2026-02-04 14:28:11,679 - INFO - epoch=53 train_loss=0.1529 train_acc=0.927 val_loss=0.1839 val_acc=0.916
2026-02-04 14:28:15,886 - INFO - epoch=54 train_loss=0.1508 train_acc=0.928 val_loss=0.1805 val_acc=0.918
2026-02-04 14:28:20,130 - INFO - epoch=55 train_loss=0.1465 train_acc=0.930 val_loss=0.1829 val_acc=0.920
2026-02-04 14:28:24,350 - INFO - epoch=56 train_loss=0.1441 train_acc=0.931 val_loss=0.1798 val_acc=0.922
2026-02-04 14:28:28,549 - INFO - epoch=57 train_loss=0.1416 train_acc=0.933 val_loss=0.1782 val_acc=0.923
2026-02-04 14:28:32,761 - INFO - epoch=58 train_loss=0.1406 train_acc=0.933 val_loss=0.1784 val_acc=0.921
2026-02-04 14:28:36,963 - INFO - epoch=59 train_loss=0.1433 train_acc=0.931 val_loss=0.1763 val_acc=0.923
2026-02-04 14:28:41,164 - INFO - epoch=60 train_loss=0.1398 train_acc=0.933 val_loss=0.1818 val_acc=0.921
2026-02-04 14:28:41,268 - INFO - saved: _sync/wsa/pi_verify/20260204_E8a_multiscale_ae_s0/report.json
