2026-03-01 14:08:53,610 - INFO - device=cuda
2026-03-01 14:08:54,332 - INFO - split_json=/home/jinlin/data/geoexplicit_data/experiments/icml2026_routegen/WAYCASD0_waydata_porto_seed0/W5_way_routes_strict_gate/od_split_min3_max160_seed0_dev10p.json train_routes=108153 val_routes=13086 => train_idx=107706 val_idx=13041
2026-03-01 14:08:54,333 - INFO - routes: total=1343467 train=107706 val=13041 min_hops=5 max_way_len=160
2026-03-01 14:08:54,894 - WARNING - region_seq_npz filter mismatch: meta(min_hops=3, max_way_len=160) vs train(min_hops=5, max_way_len=160)
/home/jinlin/miniconda3/envs/dpl/lib/python3.11/site-packages/torch/nn/modules/transformer.py:392: UserWarning: enable_nested_tensor is True, but self.use_nested_tensor is False because encoder_layer.norm_first was True
  warnings.warn(
2026-03-01 14:08:55,383 - WARNING - flow_target=vae_mu overrides Flow shape: user(d_model=256,n_latent=64) -> effective(d_model=64,n_latent=1)
2026-03-01 14:08:56,806 - INFO - init best_val_loss=2.599430 from current weights (epoch=0)
2026-03-01 14:09:01,740 - INFO - epoch=1 train_loss=1.8757 val_loss=1.2189
2026-03-01 14:09:06,583 - INFO - epoch=2 train_loss=1.1065 val_loss=0.8384
2026-03-01 14:09:11,171 - INFO - epoch=3 train_loss=0.8900 val_loss=0.6916
2026-03-01 14:09:15,861 - INFO - epoch=4 train_loss=0.7786 val_loss=0.6107
2026-03-01 14:09:20,458 - INFO - epoch=5 train_loss=0.7133 val_loss=0.5728
2026-03-01 14:09:25,248 - INFO - epoch=6 train_loss=0.6751 val_loss=0.5499
2026-03-01 14:09:29,969 - INFO - epoch=7 train_loss=0.6481 val_loss=0.5323
2026-03-01 14:09:34,799 - INFO - epoch=8 train_loss=0.6302 val_loss=0.5232
2026-03-01 14:09:39,538 - INFO - epoch=9 train_loss=0.6156 val_loss=0.5169
2026-03-01 14:09:44,438 - INFO - epoch=10 train_loss=0.6049 val_loss=0.5099
2026-03-01 14:09:49,253 - INFO - epoch=11 train_loss=0.5965 val_loss=0.5040
2026-03-01 14:09:54,264 - INFO - epoch=12 train_loss=0.5900 val_loss=0.5011
2026-03-01 14:09:58,764 - INFO - epoch=13 train_loss=0.5830 val_loss=0.4982
2026-03-01 14:10:03,522 - INFO - epoch=14 train_loss=0.5778 val_loss=0.4987
2026-03-01 14:10:08,452 - INFO - epoch=15 train_loss=0.5728 val_loss=0.4958
2026-03-01 14:10:12,908 - INFO - epoch=16 train_loss=0.5690 val_loss=0.4935
2026-03-01 14:10:17,722 - INFO - epoch=17 train_loss=0.5641 val_loss=0.4896
2026-03-01 14:10:22,188 - INFO - epoch=18 train_loss=0.5605 val_loss=0.4871
2026-03-01 14:10:27,056 - INFO - epoch=19 train_loss=0.5566 val_loss=0.4816
2026-03-01 14:10:31,900 - INFO - epoch=20 train_loss=0.5534 val_loss=0.4794
2026-03-01 14:10:36,675 - INFO - epoch=21 train_loss=0.5496 val_loss=0.4796
2026-03-01 14:10:41,458 - INFO - epoch=22 train_loss=0.5478 val_loss=0.4747
2026-03-01 14:10:46,161 - INFO - epoch=23 train_loss=0.5455 val_loss=0.4722
2026-03-01 14:10:50,982 - INFO - epoch=24 train_loss=0.5428 val_loss=0.4714
2026-03-01 14:10:55,864 - INFO - epoch=25 train_loss=0.5411 val_loss=0.4698
2026-03-01 14:11:00,419 - INFO - epoch=26 train_loss=0.5401 val_loss=0.4676
2026-03-01 14:11:05,250 - INFO - epoch=27 train_loss=0.5369 val_loss=0.4677
2026-03-01 14:11:10,063 - INFO - epoch=28 train_loss=0.5374 val_loss=0.4664
2026-03-01 14:11:15,139 - INFO - epoch=29 train_loss=0.5346 val_loss=0.4662
2026-03-01 14:11:19,764 - INFO - epoch=30 train_loss=0.5322 val_loss=0.4654
2026-03-01 14:11:24,435 - INFO - epoch=31 train_loss=0.5318 val_loss=0.4648
2026-03-01 14:11:29,228 - INFO - epoch=32 train_loss=0.5301 val_loss=0.4631
2026-03-01 14:11:34,144 - INFO - epoch=33 train_loss=0.5289 val_loss=0.4667
2026-03-01 14:11:38,722 - INFO - epoch=34 train_loss=0.5272 val_loss=0.4610
2026-03-01 14:11:43,658 - INFO - epoch=35 train_loss=0.5242 val_loss=0.4599
2026-03-01 14:11:48,432 - INFO - epoch=36 train_loss=0.5217 val_loss=0.4570
2026-03-01 14:11:53,347 - INFO - epoch=37 train_loss=0.5196 val_loss=0.4577
2026-03-01 14:11:58,049 - INFO - epoch=38 train_loss=0.5184 val_loss=0.4543
2026-03-01 14:12:02,766 - INFO - epoch=39 train_loss=0.5181 val_loss=0.4558
2026-03-01 14:12:07,690 - INFO - epoch=40 train_loss=0.5148 val_loss=0.4564
2026-03-01 14:12:12,673 - INFO - epoch=41 train_loss=0.5139 val_loss=0.4540
2026-03-01 14:12:17,624 - INFO - epoch=42 train_loss=0.5117 val_loss=0.4506
2026-03-01 14:12:22,651 - INFO - epoch=43 train_loss=0.5109 val_loss=0.4506
2026-03-01 14:12:27,412 - INFO - epoch=44 train_loss=0.5091 val_loss=0.4501
2026-03-01 14:12:32,244 - INFO - epoch=45 train_loss=0.5086 val_loss=0.4501
2026-03-01 14:12:36,913 - INFO - epoch=46 train_loss=0.5073 val_loss=0.4498
2026-03-01 14:12:41,758 - INFO - epoch=47 train_loss=0.5044 val_loss=0.4473
2026-03-01 14:12:46,358 - INFO - epoch=48 train_loss=0.5043 val_loss=0.4484
2026-03-01 14:12:51,356 - INFO - epoch=49 train_loss=0.5029 val_loss=0.4501
2026-03-01 14:12:56,189 - INFO - epoch=50 train_loss=0.5025 val_loss=0.4502
2026-03-01 14:13:00,933 - INFO - epoch=51 train_loss=0.5007 val_loss=0.4436
2026-03-01 14:13:05,886 - INFO - epoch=52 train_loss=0.5010 val_loss=0.4462
2026-03-01 14:13:10,521 - INFO - epoch=53 train_loss=0.4990 val_loss=0.4457
2026-03-01 14:13:15,410 - INFO - epoch=54 train_loss=0.4990 val_loss=0.4486
2026-03-01 14:13:20,153 - INFO - epoch=55 train_loss=0.4970 val_loss=0.4473
2026-03-01 14:13:24,785 - INFO - epoch=56 train_loss=0.4975 val_loss=0.4456
2026-03-01 14:13:29,632 - INFO - epoch=57 train_loss=0.4939 val_loss=0.4436
2026-03-01 14:13:34,390 - INFO - epoch=58 train_loss=0.4941 val_loss=0.4452
2026-03-01 14:13:39,364 - INFO - epoch=59 train_loss=0.4933 val_loss=0.4440
2026-03-01 14:13:44,773 - INFO - epoch=60 train_loss=0.4916 val_loss=0.4464
2026-03-01 14:13:44,804 - INFO - saved: _sync/wsa/pi_verify/20260225_porto_beta_vae64_flowmu_s1/A2_flow_on_mu64/report.json

