2026-02-19 01:10:06,972 - INFO - device=cuda
2026-02-19 01:10:07,760 - INFO - split_json=/home/jinlin/data/geoexplicit_data/experiments/icml2026_routegen/WAYCASD0_waydata_porto_seed0/W5_way_routes_strict_gate/od_split_min3_max160_seed0_dev10p.json train_routes=108153 val_routes=13086 => train_idx=107706 val_idx=13041
2026-02-19 01:10:07,762 - INFO - routes: total=1343467 train=107706 val=13041 min_hops=5 max_way_len=160
/home/jinlin/miniconda3/envs/dpl/lib/python3.11/site-packages/torch/nn/modules/transformer.py:392: UserWarning: enable_nested_tensor is True, but self.use_nested_tensor is False because encoder_layer.norm_first was True
  warnings.warn(
2026-02-19 01:10:12,466 - INFO - init best_val_loss=3.158637 from current weights (epoch=0)
2026-02-19 01:11:39,351 - INFO - epoch=1 train_loss=2.3202 train_acc=0.225 val_loss=2.0099 val_acc=0.310
2026-02-19 01:13:08,862 - INFO - epoch=2 train_loss=1.9091 train_acc=0.337 val_loss=1.6581 val_acc=0.423
2026-02-19 01:14:38,524 - INFO - epoch=3 train_loss=1.6621 train_acc=0.416 val_loss=1.4505 val_acc=0.493
2026-02-19 01:16:08,235 - INFO - epoch=4 train_loss=1.5136 train_acc=0.467 val_loss=1.3334 val_acc=0.539
2026-02-19 01:17:37,761 - INFO - epoch=5 train_loss=1.4101 train_acc=0.504 val_loss=1.2355 val_acc=0.572
2026-02-19 01:19:07,255 - INFO - epoch=6 train_loss=1.3282 train_acc=0.532 val_loss=1.1475 val_acc=0.603
2026-02-19 01:20:36,784 - INFO - epoch=7 train_loss=1.2591 train_acc=0.555 val_loss=1.1012 val_acc=0.620
2026-02-19 01:22:06,200 - INFO - epoch=8 train_loss=1.1928 train_acc=0.578 val_loss=1.0164 val_acc=0.648
2026-02-19 01:23:35,563 - INFO - epoch=9 train_loss=1.0940 train_acc=0.611 val_loss=0.9075 val_acc=0.682
2026-02-19 01:25:04,876 - INFO - epoch=10 train_loss=0.9778 train_acc=0.649 val_loss=0.8234 val_acc=0.711
2026-02-19 01:26:34,168 - INFO - epoch=11 train_loss=0.8955 train_acc=0.677 val_loss=0.7657 val_acc=0.731
2026-02-19 01:28:03,219 - INFO - epoch=12 train_loss=0.8407 train_acc=0.696 val_loss=0.7147 val_acc=0.746
2026-02-19 01:29:32,574 - INFO - epoch=13 train_loss=0.8039 train_acc=0.709 val_loss=0.6904 val_acc=0.755
2026-02-19 01:31:01,743 - INFO - epoch=14 train_loss=0.7758 train_acc=0.719 val_loss=0.6729 val_acc=0.760
2026-02-19 01:32:31,038 - INFO - epoch=15 train_loss=0.7528 train_acc=0.728 val_loss=0.6524 val_acc=0.767
2026-02-19 01:34:00,372 - INFO - epoch=16 train_loss=0.7333 train_acc=0.734 val_loss=0.6409 val_acc=0.771
2026-02-19 01:35:29,421 - INFO - epoch=17 train_loss=0.7159 train_acc=0.740 val_loss=0.6249 val_acc=0.778
2026-02-19 01:36:58,634 - INFO - epoch=18 train_loss=0.7015 train_acc=0.746 val_loss=0.6143 val_acc=0.781
2026-02-19 01:38:27,863 - INFO - epoch=19 train_loss=0.6884 train_acc=0.750 val_loss=0.5971 val_acc=0.786
2026-02-19 01:39:57,137 - INFO - epoch=20 train_loss=0.6769 train_acc=0.754 val_loss=0.5899 val_acc=0.790
2026-02-19 01:41:26,337 - INFO - epoch=21 train_loss=0.6663 train_acc=0.758 val_loss=0.5792 val_acc=0.793
2026-02-19 01:42:55,379 - INFO - epoch=22 train_loss=0.6559 train_acc=0.762 val_loss=0.5801 val_acc=0.793
2026-02-19 01:44:24,654 - INFO - epoch=23 train_loss=0.6470 train_acc=0.765 val_loss=0.5655 val_acc=0.798
2026-02-19 01:45:53,807 - INFO - epoch=24 train_loss=0.6383 train_acc=0.768 val_loss=0.5589 val_acc=0.800
2026-02-19 01:47:22,877 - INFO - epoch=25 train_loss=0.6295 train_acc=0.771 val_loss=0.5453 val_acc=0.806
2026-02-19 01:48:52,169 - INFO - epoch=26 train_loss=0.6218 train_acc=0.774 val_loss=0.5483 val_acc=0.804
2026-02-19 01:50:21,357 - INFO - epoch=27 train_loss=0.6144 train_acc=0.777 val_loss=0.5397 val_acc=0.807
2026-02-19 01:51:50,581 - INFO - epoch=28 train_loss=0.6080 train_acc=0.779 val_loss=0.5332 val_acc=0.810
2026-02-19 01:53:19,704 - INFO - epoch=29 train_loss=0.6013 train_acc=0.781 val_loss=0.5308 val_acc=0.809
2026-02-19 01:54:48,881 - INFO - epoch=30 train_loss=0.5951 train_acc=0.783 val_loss=0.5223 val_acc=0.814
2026-02-19 01:56:18,067 - INFO - epoch=31 train_loss=0.5888 train_acc=0.785 val_loss=0.5122 val_acc=0.817
2026-02-19 01:57:47,269 - INFO - epoch=32 train_loss=0.5834 train_acc=0.787 val_loss=0.5138 val_acc=0.815
2026-02-19 01:59:16,417 - INFO - epoch=33 train_loss=0.5787 train_acc=0.789 val_loss=0.5038 val_acc=0.819
2026-02-19 02:00:45,618 - INFO - epoch=34 train_loss=0.5729 train_acc=0.791 val_loss=0.5079 val_acc=0.817
2026-02-19 02:02:14,993 - INFO - epoch=35 train_loss=0.5686 train_acc=0.793 val_loss=0.5070 val_acc=0.818
2026-02-19 02:03:44,244 - INFO - epoch=36 train_loss=0.5627 train_acc=0.795 val_loss=0.4948 val_acc=0.823
2026-02-19 02:05:13,536 - INFO - epoch=37 train_loss=0.5590 train_acc=0.796 val_loss=0.4890 val_acc=0.824
2026-02-19 02:06:42,633 - INFO - epoch=38 train_loss=0.5548 train_acc=0.798 val_loss=0.4941 val_acc=0.823
2026-02-19 02:08:11,686 - INFO - epoch=39 train_loss=0.5510 train_acc=0.799 val_loss=0.4846 val_acc=0.826
2026-02-19 02:09:40,809 - INFO - epoch=40 train_loss=0.5471 train_acc=0.800 val_loss=0.4783 val_acc=0.828
2026-02-19 02:11:09,946 - INFO - epoch=41 train_loss=0.5416 train_acc=0.802 val_loss=0.4762 val_acc=0.829
2026-02-19 02:12:39,174 - INFO - epoch=42 train_loss=0.5388 train_acc=0.803 val_loss=0.4654 val_acc=0.832
2026-02-19 02:14:08,253 - INFO - epoch=43 train_loss=0.5338 train_acc=0.805 val_loss=0.4695 val_acc=0.831
2026-02-19 02:15:37,348 - INFO - epoch=44 train_loss=0.5298 train_acc=0.806 val_loss=0.4737 val_acc=0.830
2026-02-19 02:17:06,391 - INFO - epoch=45 train_loss=0.5265 train_acc=0.807 val_loss=0.4768 val_acc=0.828
2026-02-19 02:18:35,540 - INFO - epoch=46 train_loss=0.5237 train_acc=0.808 val_loss=0.4719 val_acc=0.831
2026-02-19 02:20:04,600 - INFO - epoch=47 train_loss=0.5194 train_acc=0.810 val_loss=0.4616 val_acc=0.834
2026-02-19 02:21:33,614 - INFO - epoch=48 train_loss=0.5172 train_acc=0.811 val_loss=0.4618 val_acc=0.833
2026-02-19 02:23:02,525 - INFO - epoch=49 train_loss=0.5134 train_acc=0.812 val_loss=0.4568 val_acc=0.836
2026-02-19 02:24:31,519 - INFO - epoch=50 train_loss=0.5094 train_acc=0.813 val_loss=0.4539 val_acc=0.837
2026-02-19 02:26:00,728 - INFO - epoch=51 train_loss=0.5066 train_acc=0.815 val_loss=0.4492 val_acc=0.838
2026-02-19 02:27:29,865 - INFO - epoch=52 train_loss=0.5028 train_acc=0.816 val_loss=0.4502 val_acc=0.838
2026-02-19 02:28:58,860 - INFO - epoch=53 train_loss=0.5002 train_acc=0.817 val_loss=0.4491 val_acc=0.839
2026-02-19 02:30:27,978 - INFO - epoch=54 train_loss=0.4963 train_acc=0.818 val_loss=0.4498 val_acc=0.838
2026-02-19 02:31:57,076 - INFO - epoch=55 train_loss=0.4934 train_acc=0.819 val_loss=0.4501 val_acc=0.838
2026-02-19 02:33:26,218 - INFO - epoch=56 train_loss=0.4916 train_acc=0.820 val_loss=0.4474 val_acc=0.839
2026-02-19 02:34:55,432 - INFO - epoch=57 train_loss=0.4879 train_acc=0.821 val_loss=0.4342 val_acc=0.843
2026-02-19 02:36:24,649 - INFO - epoch=58 train_loss=0.4851 train_acc=0.822 val_loss=0.4360 val_acc=0.842
2026-02-19 02:37:53,768 - INFO - epoch=59 train_loss=0.4808 train_acc=0.824 val_loss=0.4349 val_acc=0.843
2026-02-19 02:39:22,718 - INFO - epoch=60 train_loss=0.4770 train_acc=0.825 val_loss=0.4300 val_acc=0.845
2026-02-19 02:40:51,874 - INFO - epoch=61 train_loss=0.4746 train_acc=0.826 val_loss=0.4229 val_acc=0.848
2026-02-19 02:42:20,666 - INFO - epoch=62 train_loss=0.4703 train_acc=0.827 val_loss=0.4208 val_acc=0.848
2026-02-19 02:43:49,696 - INFO - epoch=63 train_loss=0.4667 train_acc=0.829 val_loss=0.4169 val_acc=0.850
2026-02-19 02:45:18,729 - INFO - epoch=64 train_loss=0.4626 train_acc=0.830 val_loss=0.4189 val_acc=0.849
2026-02-19 02:46:47,827 - INFO - epoch=65 train_loss=0.4589 train_acc=0.831 val_loss=0.4169 val_acc=0.849
2026-02-19 02:48:17,052 - INFO - epoch=66 train_loss=0.4557 train_acc=0.832 val_loss=0.4199 val_acc=0.848
2026-02-19 02:49:46,075 - INFO - epoch=67 train_loss=0.4520 train_acc=0.834 val_loss=0.4068 val_acc=0.853
2026-02-19 02:51:15,097 - INFO - epoch=68 train_loss=0.4476 train_acc=0.835 val_loss=0.4080 val_acc=0.852
2026-02-19 02:52:44,053 - INFO - epoch=69 train_loss=0.4442 train_acc=0.836 val_loss=0.4126 val_acc=0.850
2026-02-19 02:54:13,019 - INFO - epoch=70 train_loss=0.4424 train_acc=0.837 val_loss=0.4052 val_acc=0.853
2026-02-19 02:55:42,111 - INFO - epoch=71 train_loss=0.4405 train_acc=0.838 val_loss=0.4059 val_acc=0.854
2026-02-19 02:57:11,130 - INFO - epoch=72 train_loss=0.4383 train_acc=0.839 val_loss=0.4028 val_acc=0.855
2026-02-19 02:58:40,219 - INFO - epoch=73 train_loss=0.4347 train_acc=0.840 val_loss=0.3943 val_acc=0.857
2026-02-19 03:00:09,255 - INFO - epoch=74 train_loss=0.4330 train_acc=0.841 val_loss=0.4010 val_acc=0.855
2026-02-19 03:01:38,236 - INFO - epoch=75 train_loss=0.4307 train_acc=0.842 val_loss=0.3947 val_acc=0.856
2026-02-19 03:03:07,296 - INFO - epoch=76 train_loss=0.4283 train_acc=0.842 val_loss=0.3947 val_acc=0.857
2026-02-19 03:04:36,501 - INFO - epoch=77 train_loss=0.4277 train_acc=0.843 val_loss=0.3882 val_acc=0.859
2026-02-19 03:06:05,450 - INFO - epoch=78 train_loss=0.4248 train_acc=0.844 val_loss=0.3864 val_acc=0.860
2026-02-19 03:07:34,411 - INFO - epoch=79 train_loss=0.4225 train_acc=0.844 val_loss=0.3917 val_acc=0.858
2026-02-19 03:09:03,339 - INFO - epoch=80 train_loss=0.4209 train_acc=0.845 val_loss=0.3892 val_acc=0.859
2026-02-19 03:10:32,154 - INFO - epoch=81 train_loss=0.4191 train_acc=0.846 val_loss=0.3848 val_acc=0.862
2026-02-19 03:12:01,127 - INFO - epoch=82 train_loss=0.4167 train_acc=0.847 val_loss=0.3774 val_acc=0.863
2026-02-19 03:13:30,082 - INFO - epoch=83 train_loss=0.4148 train_acc=0.847 val_loss=0.3803 val_acc=0.863
2026-02-19 03:14:59,089 - INFO - epoch=84 train_loss=0.4137 train_acc=0.848 val_loss=0.3794 val_acc=0.862
2026-02-19 03:16:28,134 - INFO - epoch=85 train_loss=0.4117 train_acc=0.848 val_loss=0.3793 val_acc=0.863
2026-02-19 03:17:57,204 - INFO - epoch=86 train_loss=0.4099 train_acc=0.849 val_loss=0.3883 val_acc=0.860
2026-02-19 03:19:26,113 - INFO - epoch=87 train_loss=0.4084 train_acc=0.850 val_loss=0.3801 val_acc=0.862
2026-02-19 03:20:55,009 - INFO - epoch=88 train_loss=0.4073 train_acc=0.850 val_loss=0.3727 val_acc=0.866
2026-02-19 03:22:23,938 - INFO - epoch=89 train_loss=0.4053 train_acc=0.851 val_loss=0.3744 val_acc=0.864
2026-02-19 03:23:52,922 - INFO - epoch=90 train_loss=0.4030 train_acc=0.852 val_loss=0.3774 val_acc=0.864
2026-02-19 03:25:21,823 - INFO - epoch=91 train_loss=0.4018 train_acc=0.852 val_loss=0.3729 val_acc=0.865
2026-02-19 03:26:50,714 - INFO - epoch=92 train_loss=0.4005 train_acc=0.852 val_loss=0.3712 val_acc=0.866
2026-02-19 03:28:19,667 - INFO - epoch=93 train_loss=0.3991 train_acc=0.853 val_loss=0.3759 val_acc=0.865
2026-02-19 03:29:48,678 - INFO - epoch=94 train_loss=0.3972 train_acc=0.854 val_loss=0.3685 val_acc=0.867
2026-02-19 03:31:17,701 - INFO - epoch=95 train_loss=0.3972 train_acc=0.854 val_loss=0.3676 val_acc=0.867
2026-02-19 03:32:46,868 - INFO - epoch=96 train_loss=0.3944 train_acc=0.855 val_loss=0.3646 val_acc=0.868
2026-02-19 03:34:15,863 - INFO - epoch=97 train_loss=0.3930 train_acc=0.855 val_loss=0.3705 val_acc=0.867
2026-02-19 03:35:44,853 - INFO - epoch=98 train_loss=0.3916 train_acc=0.856 val_loss=0.3635 val_acc=0.868
2026-02-19 03:37:13,942 - INFO - epoch=99 train_loss=0.3904 train_acc=0.856 val_loss=0.3641 val_acc=0.868
2026-02-19 03:38:42,795 - INFO - epoch=100 train_loss=0.3888 train_acc=0.857 val_loss=0.3602 val_acc=0.870
2026-02-19 03:38:42,900 - INFO - saved: _sync/wsa/pi_verify/20260219_porto_d1_nlatent8_s0/D1_ae_nL8/report.json
