2026-01-23 09:08:08,610 - INFO - device=cuda
2026-01-23 09:08:08,621 - INFO - routes: total=5392 train=4853 val=539 max_way_len=160
/home/jinlin/miniconda3/envs/dpl/lib/python3.11/site-packages/torch/nn/modules/transformer.py:392: UserWarning: enable_nested_tensor is True, but self.use_nested_tensor is False because encoder_layer.norm_first was True
  warnings.warn(
2026-01-23 09:08:09,711 - INFO - init best_val_loss=5.034036 from current weights (epoch=0)
2026-01-23 09:08:11,104 - INFO - epoch=1 train_loss=3.8369 val_loss=3.1711
2026-01-23 09:08:12,034 - INFO - epoch=2 train_loss=3.0141 val_loss=2.8836
2026-01-23 09:08:13,019 - INFO - epoch=3 train_loss=2.8116 val_loss=2.7267
2026-01-23 09:08:14,015 - INFO - epoch=4 train_loss=2.7319 val_loss=2.6317
2026-01-23 09:08:14,964 - INFO - epoch=5 train_loss=2.6706 val_loss=2.6619
2026-01-23 09:08:15,872 - INFO - epoch=6 train_loss=2.6295 val_loss=2.5640
2026-01-23 09:08:16,833 - INFO - epoch=7 train_loss=2.5915 val_loss=2.5423
2026-01-23 09:08:17,772 - INFO - epoch=8 train_loss=2.5677 val_loss=2.5139
2026-01-23 09:08:18,779 - INFO - epoch=9 train_loss=2.5285 val_loss=2.4726
2026-01-23 09:08:19,756 - INFO - epoch=10 train_loss=2.5117 val_loss=2.4723
2026-01-23 09:08:20,730 - INFO - epoch=11 train_loss=2.4965 val_loss=2.4603
2026-01-23 09:08:21,685 - INFO - epoch=12 train_loss=2.4747 val_loss=2.4346
2026-01-23 09:08:22,687 - INFO - epoch=13 train_loss=2.4757 val_loss=2.5018
2026-01-23 09:08:23,613 - INFO - epoch=14 train_loss=2.4409 val_loss=2.4457
2026-01-23 09:08:24,569 - INFO - epoch=15 train_loss=2.4396 val_loss=2.4141
2026-01-23 09:08:25,552 - INFO - epoch=16 train_loss=2.4056 val_loss=2.3427
2026-01-23 09:08:26,510 - INFO - epoch=17 train_loss=2.3967 val_loss=2.3804
2026-01-23 09:08:27,472 - INFO - epoch=18 train_loss=2.3880 val_loss=2.3808
2026-01-23 09:08:28,448 - INFO - epoch=19 train_loss=2.3744 val_loss=2.3428
2026-01-23 09:08:29,412 - INFO - epoch=20 train_loss=2.3506 val_loss=2.3439
2026-01-23 09:08:30,412 - INFO - epoch=21 train_loss=2.3538 val_loss=2.3236
2026-01-23 09:08:31,372 - INFO - epoch=22 train_loss=2.3326 val_loss=2.2810
2026-01-23 09:08:32,339 - INFO - epoch=23 train_loss=2.3175 val_loss=2.2589
2026-01-23 09:08:33,354 - INFO - epoch=24 train_loss=2.3282 val_loss=2.2962
2026-01-23 09:08:34,352 - INFO - epoch=25 train_loss=2.3070 val_loss=2.2348
2026-01-23 09:08:35,324 - INFO - epoch=26 train_loss=2.2884 val_loss=2.2494
2026-01-23 09:08:36,310 - INFO - epoch=27 train_loss=2.2814 val_loss=2.2325
2026-01-23 09:08:37,316 - INFO - epoch=28 train_loss=2.2736 val_loss=2.2648
2026-01-23 09:08:38,313 - INFO - epoch=29 train_loss=2.2602 val_loss=2.2157
2026-01-23 09:08:39,343 - INFO - epoch=30 train_loss=2.2450 val_loss=2.2056
2026-01-23 09:08:40,330 - INFO - epoch=31 train_loss=2.2509 val_loss=2.1933
2026-01-23 09:08:41,328 - INFO - epoch=32 train_loss=2.2408 val_loss=2.1849
2026-01-23 09:08:42,331 - INFO - epoch=33 train_loss=2.2193 val_loss=2.1758
2026-01-23 09:08:43,320 - INFO - epoch=34 train_loss=2.2077 val_loss=2.1345
2026-01-23 09:08:44,363 - INFO - epoch=35 train_loss=2.1932 val_loss=2.2052
2026-01-23 09:08:45,396 - INFO - epoch=36 train_loss=2.2079 val_loss=2.1846
2026-01-23 09:08:46,372 - INFO - epoch=37 train_loss=2.1889 val_loss=2.1289
2026-01-23 09:08:47,391 - INFO - epoch=38 train_loss=2.1693 val_loss=2.1645
2026-01-23 09:08:48,415 - INFO - epoch=39 train_loss=2.1743 val_loss=2.1354
2026-01-23 09:08:49,379 - INFO - epoch=40 train_loss=2.1622 val_loss=2.1030
2026-01-23 09:08:50,432 - INFO - epoch=41 train_loss=2.1596 val_loss=2.1054
2026-01-23 09:08:51,445 - INFO - epoch=42 train_loss=2.1541 val_loss=2.1561
2026-01-23 09:08:52,444 - INFO - epoch=43 train_loss=2.1463 val_loss=2.1141
2026-01-23 09:08:53,444 - INFO - epoch=44 train_loss=2.1338 val_loss=2.1052
2026-01-23 09:08:54,455 - INFO - epoch=45 train_loss=2.1389 val_loss=2.0684
2026-01-23 09:08:55,507 - INFO - epoch=46 train_loss=2.1202 val_loss=2.0725
2026-01-23 09:08:56,526 - INFO - epoch=47 train_loss=2.1099 val_loss=2.0728
2026-01-23 09:08:57,503 - INFO - epoch=48 train_loss=2.1037 val_loss=2.0423
2026-01-23 09:08:58,518 - INFO - epoch=49 train_loss=2.0889 val_loss=2.0898
2026-01-23 09:08:59,502 - INFO - epoch=50 train_loss=2.0986 val_loss=2.0821
2026-01-23 09:09:00,491 - INFO - epoch=51 train_loss=2.0730 val_loss=2.0358
2026-01-23 09:09:01,511 - INFO - epoch=52 train_loss=2.0658 val_loss=1.9800
2026-01-23 09:09:02,540 - INFO - epoch=53 train_loss=2.0662 val_loss=2.0336
2026-01-23 09:09:03,526 - INFO - epoch=54 train_loss=2.0553 val_loss=2.0214
2026-01-23 09:09:04,557 - INFO - epoch=55 train_loss=2.0373 val_loss=1.9997
2026-01-23 09:09:05,585 - INFO - epoch=56 train_loss=2.0334 val_loss=2.0005
2026-01-23 09:09:06,589 - INFO - epoch=57 train_loss=2.0250 val_loss=2.0210
2026-01-23 09:09:07,623 - INFO - epoch=58 train_loss=2.0218 val_loss=1.9639
2026-01-23 09:09:08,671 - INFO - epoch=59 train_loss=2.0265 val_loss=2.0105
2026-01-23 09:09:09,698 - INFO - epoch=60 train_loss=2.0235 val_loss=2.0376
2026-01-23 09:09:10,820 - INFO - epoch=61 train_loss=2.0254 val_loss=1.9992
2026-01-23 09:09:11,841 - INFO - epoch=62 train_loss=2.0159 val_loss=1.9763
2026-01-23 09:09:12,833 - INFO - epoch=63 train_loss=1.9872 val_loss=1.9459
2026-01-23 09:09:13,854 - INFO - epoch=64 train_loss=2.0036 val_loss=1.9464
2026-01-23 09:09:14,911 - INFO - epoch=65 train_loss=1.9896 val_loss=1.9905
2026-01-23 09:09:15,952 - INFO - epoch=66 train_loss=1.9738 val_loss=1.9164
2026-01-23 09:09:16,966 - INFO - epoch=67 train_loss=1.9566 val_loss=1.9301
2026-01-23 09:09:17,994 - INFO - epoch=68 train_loss=1.9841 val_loss=1.9286
2026-01-23 09:09:18,997 - INFO - epoch=69 train_loss=1.9657 val_loss=1.9537
2026-01-23 09:09:20,037 - INFO - epoch=70 train_loss=1.9590 val_loss=1.9164
2026-01-23 09:09:21,067 - INFO - epoch=71 train_loss=1.9478 val_loss=1.9214
2026-01-23 09:09:22,055 - INFO - epoch=72 train_loss=1.9346 val_loss=1.8894
2026-01-23 09:09:23,085 - INFO - epoch=73 train_loss=1.9292 val_loss=1.8789
2026-01-23 09:09:24,155 - INFO - epoch=74 train_loss=1.9260 val_loss=1.9198
2026-01-23 09:09:25,155 - INFO - epoch=75 train_loss=1.9323 val_loss=1.9054
2026-01-23 09:09:26,181 - INFO - epoch=76 train_loss=1.9139 val_loss=1.8638
2026-01-23 09:09:27,223 - INFO - epoch=77 train_loss=1.9069 val_loss=1.8844
2026-01-23 09:09:28,209 - INFO - epoch=78 train_loss=1.9200 val_loss=1.8808
2026-01-23 09:09:29,333 - INFO - epoch=79 train_loss=1.9063 val_loss=1.8618
2026-01-23 09:09:30,371 - INFO - epoch=80 train_loss=1.8964 val_loss=1.8425
2026-01-23 09:09:31,462 - INFO - epoch=81 train_loss=1.8876 val_loss=1.8906
2026-01-23 09:09:32,493 - INFO - epoch=82 train_loss=1.8862 val_loss=1.8402
2026-01-23 09:09:33,552 - INFO - epoch=83 train_loss=1.8802 val_loss=1.9002
2026-01-23 09:09:34,589 - INFO - epoch=84 train_loss=1.8805 val_loss=1.8073
2026-01-23 09:09:35,629 - INFO - epoch=85 train_loss=1.8641 val_loss=1.8726
2026-01-23 09:09:36,677 - INFO - epoch=86 train_loss=1.8697 val_loss=1.8288
2026-01-23 09:09:37,702 - INFO - epoch=87 train_loss=1.8721 val_loss=1.8091
2026-01-23 09:09:38,724 - INFO - epoch=88 train_loss=1.8549 val_loss=1.8020
2026-01-23 09:09:39,746 - INFO - epoch=89 train_loss=1.8670 val_loss=1.8911
2026-01-23 09:09:40,749 - INFO - epoch=90 train_loss=1.8519 val_loss=1.8216
2026-01-23 09:09:41,762 - INFO - epoch=91 train_loss=1.8473 val_loss=1.8193
2026-01-23 09:09:42,765 - INFO - epoch=92 train_loss=1.8428 val_loss=1.8072
2026-01-23 09:09:43,807 - INFO - epoch=93 train_loss=1.8238 val_loss=1.7522
2026-01-23 09:09:44,865 - INFO - epoch=94 train_loss=1.8388 val_loss=1.7993
2026-01-23 09:09:45,891 - INFO - epoch=95 train_loss=1.8270 val_loss=1.7406
2026-01-23 09:09:46,917 - INFO - epoch=96 train_loss=1.8296 val_loss=1.7595
2026-01-23 09:09:47,974 - INFO - epoch=97 train_loss=1.8170 val_loss=1.7516
2026-01-23 09:09:48,979 - INFO - epoch=98 train_loss=1.8176 val_loss=1.7993
2026-01-23 09:09:50,012 - INFO - epoch=99 train_loss=1.8081 val_loss=1.8075
2026-01-23 09:09:51,034 - INFO - epoch=100 train_loss=1.8067 val_loss=1.7577
2026-01-23 09:09:52,124 - INFO - epoch=101 train_loss=1.7986 val_loss=1.7378
2026-01-23 09:09:53,165 - INFO - epoch=102 train_loss=1.7944 val_loss=1.7464
2026-01-23 09:09:54,217 - INFO - epoch=103 train_loss=1.8017 val_loss=1.7216
2026-01-23 09:09:55,260 - INFO - epoch=104 train_loss=1.7896 val_loss=1.7354
2026-01-23 09:09:56,267 - INFO - epoch=105 train_loss=1.7813 val_loss=1.7084
2026-01-23 09:09:57,345 - INFO - epoch=106 train_loss=1.7723 val_loss=1.7186
2026-01-23 09:09:58,358 - INFO - epoch=107 train_loss=1.7834 val_loss=1.7316
2026-01-23 09:09:59,374 - INFO - epoch=108 train_loss=1.7681 val_loss=1.7176
2026-01-23 09:10:00,411 - INFO - epoch=109 train_loss=1.7740 val_loss=1.7050
2026-01-23 09:10:01,461 - INFO - epoch=110 train_loss=1.7591 val_loss=1.6982
2026-01-23 09:10:02,502 - INFO - epoch=111 train_loss=1.7569 val_loss=1.6791
2026-01-23 09:10:03,538 - INFO - epoch=112 train_loss=1.7555 val_loss=1.6984
2026-01-23 09:10:04,604 - INFO - epoch=113 train_loss=1.7497 val_loss=1.7389
2026-01-23 09:10:05,633 - INFO - epoch=114 train_loss=1.7615 val_loss=1.7345
2026-01-23 09:10:06,675 - INFO - epoch=115 train_loss=1.7462 val_loss=1.7069
2026-01-23 09:10:07,687 - INFO - epoch=116 train_loss=1.7537 val_loss=1.7000
2026-01-23 09:10:08,721 - INFO - epoch=117 train_loss=1.7447 val_loss=1.6796
2026-01-23 09:10:09,785 - INFO - epoch=118 train_loss=1.7340 val_loss=1.6434
2026-01-23 09:10:10,817 - INFO - epoch=119 train_loss=1.7297 val_loss=1.6746
2026-01-23 09:10:11,850 - INFO - epoch=120 train_loss=1.7328 val_loss=1.7002
2026-01-23 09:10:12,942 - INFO - epoch=121 train_loss=1.7415 val_loss=1.6634
2026-01-23 09:10:13,947 - INFO - epoch=122 train_loss=1.7236 val_loss=1.6872
2026-01-23 09:10:14,987 - INFO - epoch=123 train_loss=1.7208 val_loss=1.6722
2026-01-23 09:10:16,009 - INFO - epoch=124 train_loss=1.7112 val_loss=1.6881
2026-01-23 09:10:17,036 - INFO - epoch=125 train_loss=1.7064 val_loss=1.7014
2026-01-23 09:10:18,064 - INFO - epoch=126 train_loss=1.7041 val_loss=1.6756
2026-01-23 09:10:19,095 - INFO - epoch=127 train_loss=1.7008 val_loss=1.6274
2026-01-23 09:10:20,123 - INFO - epoch=128 train_loss=1.6971 val_loss=1.6761
2026-01-23 09:10:21,197 - INFO - epoch=129 train_loss=1.6968 val_loss=1.6609
2026-01-23 09:10:22,237 - INFO - epoch=130 train_loss=1.6987 val_loss=1.6345
2026-01-23 09:10:23,287 - INFO - epoch=131 train_loss=1.6966 val_loss=1.6440
2026-01-23 09:10:24,304 - INFO - epoch=132 train_loss=1.6951 val_loss=1.7153
2026-01-23 09:10:25,362 - INFO - epoch=133 train_loss=1.7035 val_loss=1.7071
2026-01-23 09:10:26,418 - INFO - epoch=134 train_loss=1.6940 val_loss=1.6188
2026-01-23 09:10:27,508 - INFO - epoch=135 train_loss=1.6805 val_loss=1.6380
2026-01-23 09:10:28,581 - INFO - epoch=136 train_loss=1.6695 val_loss=1.6178
2026-01-23 09:10:29,658 - INFO - epoch=137 train_loss=1.6692 val_loss=1.6484
2026-01-23 09:10:30,724 - INFO - epoch=138 train_loss=1.6659 val_loss=1.6217
2026-01-23 09:10:31,752 - INFO - epoch=139 train_loss=1.6770 val_loss=1.6337
2026-01-23 09:10:32,763 - INFO - epoch=140 train_loss=1.6521 val_loss=1.5780
2026-01-23 09:10:33,890 - INFO - epoch=141 train_loss=1.6590 val_loss=1.5925
2026-01-23 09:10:34,927 - INFO - epoch=142 train_loss=1.6640 val_loss=1.6528
2026-01-23 09:10:35,941 - INFO - epoch=143 train_loss=1.6644 val_loss=1.6041
2026-01-23 09:10:36,974 - INFO - epoch=144 train_loss=1.6500 val_loss=1.6366
2026-01-23 09:10:38,002 - INFO - epoch=145 train_loss=1.6504 val_loss=1.6078
2026-01-23 09:10:39,012 - INFO - epoch=146 train_loss=1.6468 val_loss=1.5945
2026-01-23 09:10:40,024 - INFO - epoch=147 train_loss=1.6358 val_loss=1.6054
2026-01-23 09:10:41,042 - INFO - epoch=148 train_loss=1.6470 val_loss=1.6179
2026-01-23 09:10:42,087 - INFO - epoch=149 train_loss=1.6343 val_loss=1.5992
2026-01-23 09:10:43,126 - INFO - epoch=150 train_loss=1.6360 val_loss=1.6041
2026-01-23 09:10:44,145 - INFO - epoch=151 train_loss=1.6276 val_loss=1.6056
2026-01-23 09:10:45,160 - INFO - epoch=152 train_loss=1.6300 val_loss=1.5540
2026-01-23 09:10:46,203 - INFO - epoch=153 train_loss=1.6215 val_loss=1.6026
2026-01-23 09:10:47,255 - INFO - epoch=154 train_loss=1.6295 val_loss=1.5679
2026-01-23 09:10:48,272 - INFO - epoch=155 train_loss=1.6186 val_loss=1.5624
2026-01-23 09:10:49,295 - INFO - epoch=156 train_loss=1.6261 val_loss=1.5821
2026-01-23 09:10:50,311 - INFO - epoch=157 train_loss=1.6193 val_loss=1.5882
2026-01-23 09:10:51,363 - INFO - epoch=158 train_loss=1.6109 val_loss=1.5544
2026-01-23 09:10:52,418 - INFO - epoch=159 train_loss=1.6174 val_loss=1.5321
2026-01-23 09:10:53,513 - INFO - epoch=160 train_loss=1.6184 val_loss=1.6055
2026-01-23 09:10:54,654 - INFO - epoch=161 train_loss=1.6059 val_loss=1.5899
2026-01-23 09:10:55,657 - INFO - epoch=162 train_loss=1.6043 val_loss=1.5271
2026-01-23 09:10:56,730 - INFO - epoch=163 train_loss=1.6170 val_loss=1.5902
2026-01-23 09:10:57,766 - INFO - epoch=164 train_loss=1.5922 val_loss=1.5300
2026-01-23 09:10:58,797 - INFO - epoch=165 train_loss=1.5998 val_loss=1.5436
2026-01-23 09:10:59,810 - INFO - epoch=166 train_loss=1.5930 val_loss=1.5259
2026-01-23 09:11:00,868 - INFO - epoch=167 train_loss=1.6086 val_loss=1.5456
2026-01-23 09:11:01,945 - INFO - epoch=168 train_loss=1.5987 val_loss=1.5167
2026-01-23 09:11:02,988 - INFO - epoch=169 train_loss=1.5905 val_loss=1.4959
2026-01-23 09:11:04,042 - INFO - epoch=170 train_loss=1.5948 val_loss=1.5740
2026-01-23 09:11:05,121 - INFO - epoch=171 train_loss=1.5898 val_loss=1.5485
2026-01-23 09:11:06,185 - INFO - epoch=172 train_loss=1.5898 val_loss=1.5422
2026-01-23 09:11:07,245 - INFO - epoch=173 train_loss=1.5744 val_loss=1.4862
2026-01-23 09:11:08,288 - INFO - epoch=174 train_loss=1.5700 val_loss=1.5522
2026-01-23 09:11:09,311 - INFO - epoch=175 train_loss=1.5729 val_loss=1.5269
2026-01-23 09:11:10,357 - INFO - epoch=176 train_loss=1.5710 val_loss=1.5059
2026-01-23 09:11:11,378 - INFO - epoch=177 train_loss=1.5721 val_loss=1.5384
2026-01-23 09:11:12,391 - INFO - epoch=178 train_loss=1.5545 val_loss=1.4960
2026-01-23 09:11:13,408 - INFO - epoch=179 train_loss=1.5733 val_loss=1.5215
2026-01-23 09:11:14,430 - INFO - epoch=180 train_loss=1.5576 val_loss=1.5356
2026-01-23 09:11:15,527 - INFO - epoch=181 train_loss=1.5542 val_loss=1.4951
2026-01-23 09:11:16,555 - INFO - epoch=182 train_loss=1.5709 val_loss=1.5084
2026-01-23 09:11:17,580 - INFO - epoch=183 train_loss=1.5535 val_loss=1.5006
2026-01-23 09:11:18,618 - INFO - epoch=184 train_loss=1.5591 val_loss=1.5571
2026-01-23 09:11:19,663 - INFO - epoch=185 train_loss=1.5521 val_loss=1.4942
2026-01-23 09:11:20,729 - INFO - epoch=186 train_loss=1.5552 val_loss=1.4885
2026-01-23 09:11:21,738 - INFO - epoch=187 train_loss=1.5676 val_loss=1.4905
2026-01-23 09:11:22,763 - INFO - epoch=188 train_loss=1.5592 val_loss=1.5319
2026-01-23 09:11:23,820 - INFO - epoch=189 train_loss=1.5446 val_loss=1.5001
2026-01-23 09:11:24,839 - INFO - epoch=190 train_loss=1.5593 val_loss=1.5518
2026-01-23 09:11:25,909 - INFO - epoch=191 train_loss=1.5401 val_loss=1.5299
2026-01-23 09:11:26,951 - INFO - epoch=192 train_loss=1.5535 val_loss=1.4923
2026-01-23 09:11:27,973 - INFO - epoch=193 train_loss=1.5477 val_loss=1.5052
2026-01-23 09:11:29,020 - INFO - epoch=194 train_loss=1.5249 val_loss=1.5082
2026-01-23 09:11:30,049 - INFO - epoch=195 train_loss=1.5585 val_loss=1.5090
2026-01-23 09:11:31,077 - INFO - epoch=196 train_loss=1.5461 val_loss=1.5006
2026-01-23 09:11:32,136 - INFO - epoch=197 train_loss=1.5323 val_loss=1.5622
2026-01-23 09:11:33,170 - INFO - epoch=198 train_loss=1.5366 val_loss=1.5003
2026-01-23 09:11:34,210 - INFO - epoch=199 train_loss=1.5334 val_loss=1.4945
2026-01-23 09:11:35,260 - INFO - epoch=200 train_loss=1.5335 val_loss=1.4440
2026-01-23 09:11:36,418 - INFO - epoch=201 train_loss=1.5304 val_loss=1.4660
2026-01-23 09:11:37,446 - INFO - epoch=202 train_loss=1.5331 val_loss=1.4878
2026-01-23 09:11:38,491 - INFO - epoch=203 train_loss=1.5205 val_loss=1.5026
2026-01-23 09:11:39,547 - INFO - epoch=204 train_loss=1.5254 val_loss=1.4585
2026-01-23 09:11:40,560 - INFO - epoch=205 train_loss=1.5369 val_loss=1.4344
2026-01-23 09:11:41,657 - INFO - epoch=206 train_loss=1.5190 val_loss=1.4579
2026-01-23 09:11:42,707 - INFO - epoch=207 train_loss=1.5334 val_loss=1.4609
2026-01-23 09:11:43,740 - INFO - epoch=208 train_loss=1.5129 val_loss=1.4666
2026-01-23 09:11:44,771 - INFO - epoch=209 train_loss=1.5312 val_loss=1.4676
2026-01-23 09:11:45,787 - INFO - epoch=210 train_loss=1.5164 val_loss=1.4555
2026-01-23 09:11:46,826 - INFO - epoch=211 train_loss=1.5186 val_loss=1.5044
2026-01-23 09:11:47,878 - INFO - epoch=212 train_loss=1.5113 val_loss=1.4780
2026-01-23 09:11:48,903 - INFO - epoch=213 train_loss=1.5144 val_loss=1.4343
2026-01-23 09:11:49,997 - INFO - epoch=214 train_loss=1.5056 val_loss=1.4900
2026-01-23 09:11:51,054 - INFO - epoch=215 train_loss=1.5207 val_loss=1.4671
2026-01-23 09:11:52,103 - INFO - epoch=216 train_loss=1.5219 val_loss=1.4847
2026-01-23 09:11:53,173 - INFO - epoch=217 train_loss=1.5142 val_loss=1.4500
2026-01-23 09:11:54,226 - INFO - epoch=218 train_loss=1.5165 val_loss=1.4412
2026-01-23 09:11:55,243 - INFO - epoch=219 train_loss=1.5145 val_loss=1.4333
2026-01-23 09:11:56,346 - INFO - epoch=220 train_loss=1.4985 val_loss=1.4050
2026-01-23 09:11:57,479 - INFO - epoch=221 train_loss=1.5082 val_loss=1.4375
2026-01-23 09:11:58,551 - INFO - epoch=222 train_loss=1.5030 val_loss=1.4694
2026-01-23 09:11:59,567 - INFO - epoch=223 train_loss=1.5078 val_loss=1.4871
2026-01-23 09:12:00,608 - INFO - epoch=224 train_loss=1.4900 val_loss=1.4746
2026-01-23 09:12:01,655 - INFO - epoch=225 train_loss=1.4948 val_loss=1.4592
2026-01-23 09:12:02,674 - INFO - epoch=226 train_loss=1.4884 val_loss=1.4759
2026-01-23 09:12:03,721 - INFO - epoch=227 train_loss=1.5018 val_loss=1.4538
2026-01-23 09:12:04,738 - INFO - epoch=228 train_loss=1.4838 val_loss=1.4562
2026-01-23 09:12:05,806 - INFO - epoch=229 train_loss=1.4828 val_loss=1.4489
2026-01-23 09:12:06,840 - INFO - epoch=230 train_loss=1.4790 val_loss=1.4358
2026-01-23 09:12:07,876 - INFO - epoch=231 train_loss=1.4887 val_loss=1.4902
2026-01-23 09:12:08,922 - INFO - epoch=232 train_loss=1.4929 val_loss=1.4396
2026-01-23 09:12:09,936 - INFO - epoch=233 train_loss=1.4893 val_loss=1.4856
2026-01-23 09:12:10,999 - INFO - epoch=234 train_loss=1.4827 val_loss=1.4311
2026-01-23 09:12:12,037 - INFO - epoch=235 train_loss=1.4870 val_loss=1.4896
2026-01-23 09:12:13,063 - INFO - epoch=236 train_loss=1.4770 val_loss=1.4644
2026-01-23 09:12:14,097 - INFO - epoch=237 train_loss=1.4788 val_loss=1.4376
2026-01-23 09:12:15,165 - INFO - epoch=238 train_loss=1.4811 val_loss=1.4574
2026-01-23 09:12:16,226 - INFO - epoch=239 train_loss=1.4801 val_loss=1.4240
2026-01-23 09:12:17,292 - INFO - epoch=240 train_loss=1.4869 val_loss=1.3939
2026-01-23 09:12:18,451 - INFO - epoch=241 train_loss=1.4767 val_loss=1.4405
2026-01-23 09:12:19,497 - INFO - epoch=242 train_loss=1.4764 val_loss=1.4104
2026-01-23 09:12:20,564 - INFO - epoch=243 train_loss=1.4742 val_loss=1.4044
2026-01-23 09:12:21,596 - INFO - epoch=244 train_loss=1.4852 val_loss=1.4011
2026-01-23 09:12:22,613 - INFO - epoch=245 train_loss=1.4876 val_loss=1.4282
2026-01-23 09:12:23,648 - INFO - epoch=246 train_loss=1.4747 val_loss=1.4730
2026-01-23 09:12:24,678 - INFO - epoch=247 train_loss=1.4802 val_loss=1.4267
2026-01-23 09:12:25,745 - INFO - epoch=248 train_loss=1.4765 val_loss=1.4659
2026-01-23 09:12:26,775 - INFO - epoch=249 train_loss=1.4827 val_loss=1.3944
2026-01-23 09:12:27,798 - INFO - epoch=250 train_loss=1.4711 val_loss=1.3999
2026-01-23 09:12:28,820 - INFO - epoch=251 train_loss=1.4865 val_loss=1.4164
2026-01-23 09:12:29,856 - INFO - epoch=252 train_loss=1.4647 val_loss=1.4688
2026-01-23 09:12:30,885 - INFO - epoch=253 train_loss=1.4665 val_loss=1.4697
2026-01-23 09:12:31,943 - INFO - epoch=254 train_loss=1.4607 val_loss=1.4608
2026-01-23 09:12:32,996 - INFO - epoch=255 train_loss=1.4591 val_loss=1.3742
2026-01-23 09:12:34,086 - INFO - epoch=256 train_loss=1.4491 val_loss=1.4418
2026-01-23 09:12:35,107 - INFO - epoch=257 train_loss=1.4764 val_loss=1.4060
2026-01-23 09:12:36,184 - INFO - epoch=258 train_loss=1.4718 val_loss=1.4671
2026-01-23 09:12:37,213 - INFO - epoch=259 train_loss=1.4692 val_loss=1.4262
2026-01-23 09:12:38,248 - INFO - epoch=260 train_loss=1.4657 val_loss=1.4007
2026-01-23 09:12:39,366 - INFO - epoch=261 train_loss=1.4574 val_loss=1.4223
2026-01-23 09:12:40,399 - INFO - epoch=262 train_loss=1.4618 val_loss=1.3905
2026-01-23 09:12:41,444 - INFO - epoch=263 train_loss=1.4441 val_loss=1.4043
2026-01-23 09:12:42,509 - INFO - epoch=264 train_loss=1.4447 val_loss=1.4232
2026-01-23 09:12:43,523 - INFO - epoch=265 train_loss=1.4535 val_loss=1.4371
2026-01-23 09:12:44,548 - INFO - epoch=266 train_loss=1.4506 val_loss=1.3946
2026-01-23 09:12:45,588 - INFO - epoch=267 train_loss=1.4489 val_loss=1.4144
2026-01-23 09:12:46,618 - INFO - epoch=268 train_loss=1.4427 val_loss=1.4745
2026-01-23 09:12:47,626 - INFO - epoch=269 train_loss=1.4596 val_loss=1.4121
2026-01-23 09:12:48,645 - INFO - epoch=270 train_loss=1.4461 val_loss=1.3961
2026-01-23 09:12:49,661 - INFO - epoch=271 train_loss=1.4486 val_loss=1.3855
2026-01-23 09:12:50,697 - INFO - epoch=272 train_loss=1.4343 val_loss=1.4426
2026-01-23 09:12:51,726 - INFO - epoch=273 train_loss=1.4497 val_loss=1.3718
2026-01-23 09:12:52,771 - INFO - epoch=274 train_loss=1.4511 val_loss=1.3598
2026-01-23 09:12:53,820 - INFO - epoch=275 train_loss=1.4489 val_loss=1.3881
2026-01-23 09:12:54,860 - INFO - epoch=276 train_loss=1.4400 val_loss=1.3875
2026-01-23 09:12:55,883 - INFO - epoch=277 train_loss=1.4369 val_loss=1.4023
2026-01-23 09:12:56,920 - INFO - epoch=278 train_loss=1.4570 val_loss=1.4232
2026-01-23 09:12:57,960 - INFO - epoch=279 train_loss=1.4365 val_loss=1.3951
2026-01-23 09:12:59,040 - INFO - epoch=280 train_loss=1.4439 val_loss=1.3756
2026-01-23 09:13:00,129 - INFO - epoch=281 train_loss=1.4485 val_loss=1.3518
2026-01-23 09:13:01,187 - INFO - epoch=282 train_loss=1.4335 val_loss=1.4441
2026-01-23 09:13:02,207 - INFO - epoch=283 train_loss=1.4340 val_loss=1.3611
2026-01-23 09:13:03,272 - INFO - epoch=284 train_loss=1.4461 val_loss=1.3920
2026-01-23 09:13:04,296 - INFO - epoch=285 train_loss=1.4431 val_loss=1.4659
2026-01-23 09:13:05,339 - INFO - epoch=286 train_loss=1.4366 val_loss=1.4089
2026-01-23 09:13:06,371 - INFO - epoch=287 train_loss=1.4298 val_loss=1.3961
2026-01-23 09:13:07,436 - INFO - epoch=288 train_loss=1.4271 val_loss=1.3752
2026-01-23 09:13:08,450 - INFO - epoch=289 train_loss=1.4320 val_loss=1.3756
2026-01-23 09:13:09,454 - INFO - epoch=290 train_loss=1.4330 val_loss=1.3760
2026-01-23 09:13:10,526 - INFO - epoch=291 train_loss=1.4192 val_loss=1.4107
2026-01-23 09:13:11,579 - INFO - epoch=292 train_loss=1.4386 val_loss=1.3944
2026-01-23 09:13:12,617 - INFO - epoch=293 train_loss=1.4282 val_loss=1.3595
2026-01-23 09:13:13,653 - INFO - epoch=294 train_loss=1.4210 val_loss=1.3674
2026-01-23 09:13:14,720 - INFO - epoch=295 train_loss=1.4447 val_loss=1.4013
2026-01-23 09:13:15,748 - INFO - epoch=296 train_loss=1.4117 val_loss=1.3475
2026-01-23 09:13:16,788 - INFO - epoch=297 train_loss=1.4208 val_loss=1.3660
2026-01-23 09:13:17,798 - INFO - epoch=298 train_loss=1.4234 val_loss=1.4433
2026-01-23 09:13:18,847 - INFO - epoch=299 train_loss=1.4183 val_loss=1.3549
2026-01-23 09:13:19,919 - INFO - epoch=300 train_loss=1.4296 val_loss=1.3794
2026-01-23 09:13:20,994 - INFO - epoch=301 train_loss=1.4338 val_loss=1.3359
2026-01-23 09:13:22,053 - INFO - epoch=302 train_loss=1.4196 val_loss=1.3685
2026-01-23 09:13:23,074 - INFO - epoch=303 train_loss=1.4173 val_loss=1.3522
2026-01-23 09:13:24,104 - INFO - epoch=304 train_loss=1.4202 val_loss=1.3592
2026-01-23 09:13:25,133 - INFO - epoch=305 train_loss=1.4200 val_loss=1.3481
2026-01-23 09:13:26,144 - INFO - epoch=306 train_loss=1.4118 val_loss=1.4509
2026-01-23 09:13:27,182 - INFO - epoch=307 train_loss=1.4081 val_loss=1.4053
2026-01-23 09:13:28,222 - INFO - epoch=308 train_loss=1.4135 val_loss=1.3188
2026-01-23 09:13:29,288 - INFO - epoch=309 train_loss=1.4131 val_loss=1.3671
2026-01-23 09:13:30,316 - INFO - epoch=310 train_loss=1.4044 val_loss=1.2963
2026-01-23 09:13:31,406 - INFO - epoch=311 train_loss=1.4140 val_loss=1.3998
2026-01-23 09:13:32,411 - INFO - epoch=312 train_loss=1.4064 val_loss=1.3672
2026-01-23 09:13:33,447 - INFO - epoch=313 train_loss=1.3989 val_loss=1.3375
2026-01-23 09:13:34,510 - INFO - epoch=314 train_loss=1.4040 val_loss=1.3310
2026-01-23 09:13:35,583 - INFO - epoch=315 train_loss=1.4056 val_loss=1.3355
2026-01-23 09:13:36,648 - INFO - epoch=316 train_loss=1.3943 val_loss=1.3421
2026-01-23 09:13:37,675 - INFO - epoch=317 train_loss=1.4032 val_loss=1.4294
2026-01-23 09:13:38,698 - INFO - epoch=318 train_loss=1.4028 val_loss=1.2994
2026-01-23 09:13:39,728 - INFO - epoch=319 train_loss=1.4140 val_loss=1.3932
2026-01-23 09:13:40,773 - INFO - epoch=320 train_loss=1.4191 val_loss=1.2929
2026-01-23 09:13:41,899 - INFO - epoch=321 train_loss=1.4030 val_loss=1.4277
2026-01-23 09:13:42,903 - INFO - epoch=322 train_loss=1.3937 val_loss=1.3812
2026-01-23 09:13:43,926 - INFO - epoch=323 train_loss=1.3932 val_loss=1.3302
2026-01-23 09:13:44,933 - INFO - epoch=324 train_loss=1.3982 val_loss=1.3082
2026-01-23 09:13:45,956 - INFO - epoch=325 train_loss=1.3877 val_loss=1.3618
2026-01-23 09:13:46,984 - INFO - epoch=326 train_loss=1.3866 val_loss=1.3383
2026-01-23 09:13:48,027 - INFO - epoch=327 train_loss=1.3922 val_loss=1.3528
2026-01-23 09:13:49,071 - INFO - epoch=328 train_loss=1.3999 val_loss=1.4305
2026-01-23 09:13:50,087 - INFO - epoch=329 train_loss=1.3850 val_loss=1.3469
2026-01-23 09:13:51,121 - INFO - epoch=330 train_loss=1.3752 val_loss=1.3228
2026-01-23 09:13:52,152 - INFO - epoch=331 train_loss=1.3830 val_loss=1.3121
2026-01-23 09:13:53,154 - INFO - epoch=332 train_loss=1.3725 val_loss=1.3397
2026-01-23 09:13:54,219 - INFO - epoch=333 train_loss=1.3782 val_loss=1.3424
2026-01-23 09:13:55,221 - INFO - epoch=334 train_loss=1.3634 val_loss=1.3142
2026-01-23 09:13:56,259 - INFO - epoch=335 train_loss=1.3703 val_loss=1.2987
2026-01-23 09:13:57,283 - INFO - epoch=336 train_loss=1.3725 val_loss=1.3644
2026-01-23 09:13:58,304 - INFO - epoch=337 train_loss=1.3697 val_loss=1.3564
2026-01-23 09:13:59,340 - INFO - epoch=338 train_loss=1.3759 val_loss=1.3739
2026-01-23 09:14:00,366 - INFO - epoch=339 train_loss=1.3698 val_loss=1.3755
2026-01-23 09:14:01,375 - INFO - epoch=340 train_loss=1.3808 val_loss=1.2769
2026-01-23 09:14:02,503 - INFO - epoch=341 train_loss=1.3582 val_loss=1.3171
2026-01-23 09:14:03,518 - INFO - epoch=342 train_loss=1.3559 val_loss=1.3084
2026-01-23 09:14:04,551 - INFO - epoch=343 train_loss=1.3578 val_loss=1.3095
2026-01-23 09:14:05,607 - INFO - epoch=344 train_loss=1.3588 val_loss=1.2744
2026-01-23 09:14:06,672 - INFO - epoch=345 train_loss=1.3461 val_loss=1.2689
2026-01-23 09:14:07,756 - INFO - epoch=346 train_loss=1.3444 val_loss=1.2669
2026-01-23 09:14:08,796 - INFO - epoch=347 train_loss=1.3422 val_loss=1.2777
2026-01-23 09:14:09,835 - INFO - epoch=348 train_loss=1.3413 val_loss=1.3100
2026-01-23 09:14:10,864 - INFO - epoch=349 train_loss=1.3435 val_loss=1.3565
2026-01-23 09:14:11,896 - INFO - epoch=350 train_loss=1.3379 val_loss=1.2440
2026-01-23 09:14:12,983 - INFO - epoch=351 train_loss=1.3397 val_loss=1.2840
2026-01-23 09:14:14,043 - INFO - epoch=352 train_loss=1.3325 val_loss=1.2189
2026-01-23 09:14:15,121 - INFO - epoch=353 train_loss=1.3421 val_loss=1.2648
2026-01-23 09:14:16,166 - INFO - epoch=354 train_loss=1.3139 val_loss=1.2905
2026-01-23 09:14:17,227 - INFO - epoch=355 train_loss=1.3083 val_loss=1.2456
2026-01-23 09:14:18,257 - INFO - epoch=356 train_loss=1.3095 val_loss=1.2663
2026-01-23 09:14:19,295 - INFO - epoch=357 train_loss=1.3171 val_loss=1.2838
2026-01-23 09:14:20,348 - INFO - epoch=358 train_loss=1.3145 val_loss=1.2248
2026-01-23 09:14:21,392 - INFO - epoch=359 train_loss=1.3006 val_loss=1.2359
2026-01-23 09:14:22,420 - INFO - epoch=360 train_loss=1.3104 val_loss=1.1928
2026-01-23 09:14:23,530 - INFO - epoch=361 train_loss=1.3103 val_loss=1.2240
2026-01-23 09:14:24,567 - INFO - epoch=362 train_loss=1.2996 val_loss=1.1735
2026-01-23 09:14:25,636 - INFO - epoch=363 train_loss=1.2895 val_loss=1.1887
2026-01-23 09:14:26,671 - INFO - epoch=364 train_loss=1.2974 val_loss=1.1846
2026-01-23 09:14:27,728 - INFO - epoch=365 train_loss=1.3091 val_loss=1.2248
2026-01-23 09:14:28,778 - INFO - epoch=366 train_loss=1.3023 val_loss=1.1990
2026-01-23 09:14:29,827 - INFO - epoch=367 train_loss=1.2774 val_loss=1.1731
2026-01-23 09:14:30,884 - INFO - epoch=368 train_loss=1.2710 val_loss=1.1644
2026-01-23 09:14:31,942 - INFO - epoch=369 train_loss=1.2693 val_loss=1.2231
2026-01-23 09:14:32,970 - INFO - epoch=370 train_loss=1.2718 val_loss=1.2016
2026-01-23 09:14:34,019 - INFO - epoch=371 train_loss=1.2606 val_loss=1.2053
2026-01-23 09:14:35,038 - INFO - epoch=372 train_loss=1.2480 val_loss=1.1872
2026-01-23 09:14:36,057 - INFO - epoch=373 train_loss=1.2565 val_loss=1.1651
2026-01-23 09:14:37,072 - INFO - epoch=374 train_loss=1.2518 val_loss=1.1653
2026-01-23 09:14:38,087 - INFO - epoch=375 train_loss=1.2553 val_loss=1.1376
2026-01-23 09:14:39,124 - INFO - epoch=376 train_loss=1.2492 val_loss=1.1369
2026-01-23 09:14:40,158 - INFO - epoch=377 train_loss=1.2467 val_loss=1.1540
2026-01-23 09:14:41,169 - INFO - epoch=378 train_loss=1.2396 val_loss=1.1685
2026-01-23 09:14:42,206 - INFO - epoch=379 train_loss=1.2273 val_loss=1.1208
2026-01-23 09:14:43,245 - INFO - epoch=380 train_loss=1.2234 val_loss=1.0865
2026-01-23 09:14:44,390 - INFO - epoch=381 train_loss=1.2219 val_loss=1.1437
2026-01-23 09:14:45,407 - INFO - epoch=382 train_loss=1.2230 val_loss=1.0818
2026-01-23 09:14:46,499 - INFO - epoch=383 train_loss=1.2064 val_loss=1.0698
2026-01-23 09:14:47,565 - INFO - epoch=384 train_loss=1.2206 val_loss=1.1160
2026-01-23 09:14:48,573 - INFO - epoch=385 train_loss=1.2224 val_loss=1.1168
2026-01-23 09:14:49,586 - INFO - epoch=386 train_loss=1.2110 val_loss=1.0729
2026-01-23 09:14:50,630 - INFO - epoch=387 train_loss=1.1936 val_loss=1.0676
2026-01-23 09:14:51,700 - INFO - epoch=388 train_loss=1.1934 val_loss=1.1025
2026-01-23 09:14:52,754 - INFO - epoch=389 train_loss=1.1831 val_loss=1.0857
2026-01-23 09:14:53,757 - INFO - epoch=390 train_loss=1.2040 val_loss=1.1025
2026-01-23 09:14:54,807 - INFO - epoch=391 train_loss=1.1885 val_loss=1.0872
2026-01-23 09:14:55,836 - INFO - epoch=392 train_loss=1.1774 val_loss=1.0516
2026-01-23 09:14:56,887 - INFO - epoch=393 train_loss=1.1877 val_loss=1.1269
2026-01-23 09:14:57,910 - INFO - epoch=394 train_loss=1.1822 val_loss=1.0799
2026-01-23 09:14:58,946 - INFO - epoch=395 train_loss=1.1776 val_loss=1.1669
2026-01-23 09:14:59,980 - INFO - epoch=396 train_loss=1.1759 val_loss=1.0424
2026-01-23 09:15:01,023 - INFO - epoch=397 train_loss=1.1619 val_loss=1.0410
2026-01-23 09:15:02,094 - INFO - epoch=398 train_loss=1.1695 val_loss=1.0972
2026-01-23 09:15:03,147 - INFO - epoch=399 train_loss=1.1649 val_loss=1.0114
2026-01-23 09:15:04,202 - INFO - epoch=400 train_loss=1.1487 val_loss=0.9990
2026-01-23 09:15:05,304 - INFO - epoch=401 train_loss=1.1394 val_loss=1.0400
2026-01-23 09:15:06,325 - INFO - epoch=402 train_loss=1.1310 val_loss=1.0144
2026-01-23 09:15:07,349 - INFO - epoch=403 train_loss=1.1478 val_loss=0.9975
2026-01-23 09:15:08,444 - INFO - epoch=404 train_loss=1.1385 val_loss=1.0170
2026-01-23 09:15:09,464 - INFO - epoch=405 train_loss=1.1389 val_loss=1.0156
2026-01-23 09:15:10,496 - INFO - epoch=406 train_loss=1.1430 val_loss=1.0121
2026-01-23 09:15:11,498 - INFO - epoch=407 train_loss=1.1462 val_loss=1.0058
2026-01-23 09:15:12,513 - INFO - epoch=408 train_loss=1.1313 val_loss=1.0758
2026-01-23 09:15:13,532 - INFO - epoch=409 train_loss=1.1283 val_loss=0.9778
2026-01-23 09:15:14,600 - INFO - epoch=410 train_loss=1.1254 val_loss=0.9639
2026-01-23 09:15:15,675 - INFO - epoch=411 train_loss=1.1225 val_loss=0.9420
2026-01-23 09:15:16,699 - INFO - epoch=412 train_loss=1.1183 val_loss=0.9948
2026-01-23 09:15:17,723 - INFO - epoch=413 train_loss=1.1249 val_loss=0.9880
2026-01-23 09:15:18,733 - INFO - epoch=414 train_loss=1.1106 val_loss=0.9578
2026-01-23 09:15:19,739 - INFO - epoch=415 train_loss=1.1141 val_loss=0.9910
2026-01-23 09:15:20,788 - INFO - epoch=416 train_loss=1.1218 val_loss=0.9555
2026-01-23 09:15:21,829 - INFO - epoch=417 train_loss=1.0954 val_loss=0.9390
2026-01-23 09:15:22,879 - INFO - epoch=418 train_loss=1.1096 val_loss=0.9947
2026-01-23 09:15:23,901 - INFO - epoch=419 train_loss=1.1062 val_loss=0.9500
2026-01-23 09:15:24,928 - INFO - epoch=420 train_loss=1.1085 val_loss=0.9704
2026-01-23 09:15:26,058 - INFO - epoch=421 train_loss=1.0923 val_loss=1.0080
2026-01-23 09:15:27,085 - INFO - epoch=422 train_loss=1.0945 val_loss=0.9434
2026-01-23 09:15:28,105 - INFO - epoch=423 train_loss=1.0893 val_loss=0.9716
2026-01-23 09:15:29,140 - INFO - epoch=424 train_loss=1.0884 val_loss=0.9807
2026-01-23 09:15:30,162 - INFO - epoch=425 train_loss=1.0871 val_loss=0.9488
2026-01-23 09:15:31,211 - INFO - epoch=426 train_loss=1.0806 val_loss=0.9412
2026-01-23 09:15:32,251 - INFO - epoch=427 train_loss=1.0802 val_loss=0.9312
2026-01-23 09:15:33,320 - INFO - epoch=428 train_loss=1.0792 val_loss=0.8954
2026-01-23 09:15:34,413 - INFO - epoch=429 train_loss=1.0696 val_loss=0.9139
2026-01-23 09:15:35,428 - INFO - epoch=430 train_loss=1.0617 val_loss=0.9501
2026-01-23 09:15:36,501 - INFO - epoch=431 train_loss=1.0658 val_loss=0.9359
2026-01-23 09:15:37,522 - INFO - epoch=432 train_loss=1.0709 val_loss=0.8991
2026-01-23 09:15:38,549 - INFO - epoch=433 train_loss=1.0554 val_loss=0.8853
2026-01-23 09:15:39,613 - INFO - epoch=434 train_loss=1.0603 val_loss=0.8795
2026-01-23 09:15:40,700 - INFO - epoch=435 train_loss=1.0635 val_loss=0.9366
2026-01-23 09:15:41,729 - INFO - epoch=436 train_loss=1.0560 val_loss=0.8966
2026-01-23 09:15:42,740 - INFO - epoch=437 train_loss=1.0594 val_loss=0.8706
2026-01-23 09:15:43,817 - INFO - epoch=438 train_loss=1.0574 val_loss=0.8868
2026-01-23 09:15:44,878 - INFO - epoch=439 train_loss=1.0530 val_loss=0.9292
2026-01-23 09:15:45,946 - INFO - epoch=440 train_loss=1.0637 val_loss=0.9128
2026-01-23 09:15:47,018 - INFO - epoch=441 train_loss=1.0405 val_loss=0.8964
2026-01-23 09:15:48,045 - INFO - epoch=442 train_loss=1.0585 val_loss=0.8929
2026-01-23 09:15:49,101 - INFO - epoch=443 train_loss=1.0417 val_loss=0.8804
2026-01-23 09:15:50,120 - INFO - epoch=444 train_loss=1.0385 val_loss=0.8967
2026-01-23 09:15:51,175 - INFO - epoch=445 train_loss=1.0345 val_loss=0.8531
2026-01-23 09:15:52,233 - INFO - epoch=446 train_loss=1.0191 val_loss=0.9009
2026-01-23 09:15:53,241 - INFO - epoch=447 train_loss=1.0506 val_loss=0.8674
2026-01-23 09:15:54,280 - INFO - epoch=448 train_loss=1.0384 val_loss=0.8857
2026-01-23 09:15:55,310 - INFO - epoch=449 train_loss=1.0345 val_loss=0.8683
2026-01-23 09:15:56,368 - INFO - epoch=450 train_loss=1.0317 val_loss=0.9039
2026-01-23 09:15:57,408 - INFO - epoch=451 train_loss=1.0261 val_loss=0.8657
2026-01-23 09:15:58,414 - INFO - epoch=452 train_loss=1.0202 val_loss=0.8947
2026-01-23 09:15:59,448 - INFO - epoch=453 train_loss=1.0262 val_loss=0.8368
2026-01-23 09:16:00,517 - INFO - epoch=454 train_loss=1.0273 val_loss=0.8460
2026-01-23 09:16:01,557 - INFO - epoch=455 train_loss=1.0228 val_loss=0.8501
2026-01-23 09:16:02,586 - INFO - epoch=456 train_loss=1.0270 val_loss=0.8128
2026-01-23 09:16:03,677 - INFO - epoch=457 train_loss=1.0188 val_loss=0.9261
2026-01-23 09:16:04,707 - INFO - epoch=458 train_loss=1.0307 val_loss=0.9641
2026-01-23 09:16:05,721 - INFO - epoch=459 train_loss=1.0294 val_loss=0.8551
2026-01-23 09:16:06,737 - INFO - epoch=460 train_loss=1.0150 val_loss=0.9051
2026-01-23 09:16:07,832 - INFO - epoch=461 train_loss=1.0212 val_loss=0.9205
2026-01-23 09:16:08,839 - INFO - epoch=462 train_loss=1.0154 val_loss=0.9276
2026-01-23 09:16:09,861 - INFO - epoch=463 train_loss=1.0065 val_loss=0.8627
2026-01-23 09:16:10,882 - INFO - epoch=464 train_loss=1.0047 val_loss=0.8449
2026-01-23 09:16:11,909 - INFO - epoch=465 train_loss=1.0141 val_loss=0.8590
2026-01-23 09:16:12,937 - INFO - epoch=466 train_loss=1.0136 val_loss=0.8242
2026-01-23 09:16:13,951 - INFO - epoch=467 train_loss=1.0127 val_loss=0.8079
2026-01-23 09:16:14,995 - INFO - epoch=468 train_loss=1.0060 val_loss=0.9008
2026-01-23 09:16:16,020 - INFO - epoch=469 train_loss=1.0072 val_loss=0.8594
2026-01-23 09:16:17,037 - INFO - epoch=470 train_loss=1.0038 val_loss=0.9011
2026-01-23 09:16:18,108 - INFO - epoch=471 train_loss=1.0142 val_loss=0.8466
2026-01-23 09:16:19,121 - INFO - epoch=472 train_loss=0.9944 val_loss=0.8439
2026-01-23 09:16:20,132 - INFO - epoch=473 train_loss=0.9930 val_loss=0.8094
2026-01-23 09:16:21,147 - INFO - epoch=474 train_loss=1.0033 val_loss=0.8417
2026-01-23 09:16:22,185 - INFO - epoch=475 train_loss=0.9922 val_loss=0.8233
2026-01-23 09:16:23,204 - INFO - epoch=476 train_loss=0.9954 val_loss=0.8371
2026-01-23 09:16:24,243 - INFO - epoch=477 train_loss=0.9988 val_loss=0.8391
2026-01-23 09:16:25,288 - INFO - epoch=478 train_loss=0.9934 val_loss=0.8286
2026-01-23 09:16:26,313 - INFO - epoch=479 train_loss=0.9966 val_loss=0.8373
2026-01-23 09:16:27,333 - INFO - epoch=480 train_loss=1.0035 val_loss=0.8187
2026-01-23 09:16:28,419 - INFO - epoch=481 train_loss=0.9895 val_loss=0.8482
2026-01-23 09:16:29,460 - INFO - epoch=482 train_loss=0.9763 val_loss=0.8462
2026-01-23 09:16:30,482 - INFO - epoch=483 train_loss=0.9932 val_loss=0.8069
2026-01-23 09:16:31,554 - INFO - epoch=484 train_loss=0.9869 val_loss=0.8211
2026-01-23 09:16:32,609 - INFO - epoch=485 train_loss=0.9801 val_loss=0.7559
2026-01-23 09:16:33,645 - INFO - epoch=486 train_loss=0.9692 val_loss=0.8219
2026-01-23 09:16:34,674 - INFO - epoch=487 train_loss=0.9766 val_loss=0.7921
2026-01-23 09:16:35,717 - INFO - epoch=488 train_loss=0.9801 val_loss=0.7818
2026-01-23 09:16:36,743 - INFO - epoch=489 train_loss=0.9821 val_loss=0.8435
2026-01-23 09:16:37,813 - INFO - epoch=490 train_loss=0.9658 val_loss=0.7821
2026-01-23 09:16:38,822 - INFO - epoch=491 train_loss=0.9827 val_loss=0.8425
2026-01-23 09:16:39,881 - INFO - epoch=492 train_loss=0.9740 val_loss=0.8073
2026-01-23 09:16:40,948 - INFO - epoch=493 train_loss=0.9859 val_loss=0.8091
2026-01-23 09:16:41,980 - INFO - epoch=494 train_loss=0.9712 val_loss=0.8135
2026-01-23 09:16:43,039 - INFO - epoch=495 train_loss=0.9700 val_loss=0.8027
2026-01-23 09:16:44,071 - INFO - epoch=496 train_loss=0.9621 val_loss=0.8079
2026-01-23 09:16:45,106 - INFO - epoch=497 train_loss=0.9544 val_loss=0.8141
2026-01-23 09:16:46,132 - INFO - epoch=498 train_loss=0.9660 val_loss=0.7665
2026-01-23 09:16:47,182 - INFO - epoch=499 train_loss=0.9675 val_loss=0.8235
2026-01-23 09:16:48,200 - INFO - epoch=500 train_loss=0.9703 val_loss=0.7985
2026-01-23 09:16:49,325 - INFO - epoch=501 train_loss=0.9753 val_loss=0.8215
2026-01-23 09:16:50,342 - INFO - epoch=502 train_loss=0.9747 val_loss=0.8258
2026-01-23 09:16:51,384 - INFO - epoch=503 train_loss=0.9605 val_loss=0.7930
2026-01-23 09:16:52,412 - INFO - epoch=504 train_loss=0.9605 val_loss=0.7926
2026-01-23 09:16:53,429 - INFO - epoch=505 train_loss=0.9704 val_loss=0.7976
2026-01-23 09:16:54,437 - INFO - epoch=506 train_loss=0.9736 val_loss=0.7749
2026-01-23 09:16:55,444 - INFO - epoch=507 train_loss=0.9621 val_loss=0.7900
2026-01-23 09:16:56,453 - INFO - epoch=508 train_loss=0.9649 val_loss=0.7869
2026-01-23 09:16:57,513 - INFO - epoch=509 train_loss=0.9526 val_loss=0.7670
2026-01-23 09:16:58,532 - INFO - epoch=510 train_loss=0.9535 val_loss=0.7935
2026-01-23 09:16:59,592 - INFO - epoch=511 train_loss=0.9684 val_loss=0.7676
2026-01-23 09:17:00,660 - INFO - epoch=512 train_loss=0.9576 val_loss=0.7817
2026-01-23 09:17:01,733 - INFO - epoch=513 train_loss=0.9625 val_loss=0.7919
2026-01-23 09:17:02,795 - INFO - epoch=514 train_loss=0.9445 val_loss=0.7575
2026-01-23 09:17:03,821 - INFO - epoch=515 train_loss=0.9463 val_loss=0.7848
2026-01-23 09:17:04,838 - INFO - epoch=516 train_loss=0.9574 val_loss=0.7778
2026-01-23 09:17:05,843 - INFO - epoch=517 train_loss=0.9594 val_loss=0.7729
2026-01-23 09:17:06,847 - INFO - epoch=518 train_loss=0.9521 val_loss=0.8378
2026-01-23 09:17:07,884 - INFO - epoch=519 train_loss=0.9502 val_loss=0.8491
2026-01-23 09:17:08,895 - INFO - epoch=520 train_loss=0.9606 val_loss=0.8707
2026-01-23 09:17:10,005 - INFO - epoch=521 train_loss=0.9519 val_loss=0.7686
2026-01-23 09:17:11,027 - INFO - epoch=522 train_loss=0.9518 val_loss=0.7498
2026-01-23 09:17:12,063 - INFO - epoch=523 train_loss=0.9419 val_loss=0.8023
2026-01-23 09:17:13,129 - INFO - epoch=524 train_loss=0.9403 val_loss=0.7691
2026-01-23 09:17:14,148 - INFO - epoch=525 train_loss=0.9586 val_loss=0.7849
2026-01-23 09:17:15,155 - INFO - epoch=526 train_loss=0.9572 val_loss=0.7887
2026-01-23 09:17:16,175 - INFO - epoch=527 train_loss=0.9499 val_loss=0.7762
2026-01-23 09:17:17,209 - INFO - epoch=528 train_loss=0.9576 val_loss=0.7653
2026-01-23 09:17:18,239 - INFO - epoch=529 train_loss=0.9380 val_loss=0.7881
2026-01-23 09:17:19,280 - INFO - epoch=530 train_loss=0.9396 val_loss=0.8133
2026-01-23 09:17:20,312 - INFO - epoch=531 train_loss=0.9451 val_loss=0.7897
2026-01-23 09:17:21,343 - INFO - epoch=532 train_loss=0.9447 val_loss=0.7918
2026-01-23 09:17:22,373 - INFO - epoch=533 train_loss=0.9359 val_loss=0.7630
2026-01-23 09:17:23,404 - INFO - epoch=534 train_loss=0.9406 val_loss=0.7597
2026-01-23 09:17:24,444 - INFO - epoch=535 train_loss=0.9357 val_loss=0.7571
2026-01-23 09:17:25,508 - INFO - epoch=536 train_loss=0.9439 val_loss=0.7836
2026-01-23 09:17:26,529 - INFO - epoch=537 train_loss=0.9381 val_loss=0.7881
2026-01-23 09:17:27,572 - INFO - epoch=538 train_loss=0.9272 val_loss=0.7845
2026-01-23 09:17:28,631 - INFO - epoch=539 train_loss=0.9367 val_loss=0.7953
2026-01-23 09:17:29,640 - INFO - epoch=540 train_loss=0.9271 val_loss=0.7225
2026-01-23 09:17:30,746 - INFO - epoch=541 train_loss=0.9326 val_loss=0.7932
2026-01-23 09:17:31,827 - INFO - epoch=542 train_loss=0.9408 val_loss=0.7627
2026-01-23 09:17:32,851 - INFO - epoch=543 train_loss=0.9395 val_loss=0.7378
2026-01-23 09:17:33,878 - INFO - epoch=544 train_loss=0.9347 val_loss=0.8280
2026-01-23 09:17:34,904 - INFO - epoch=545 train_loss=0.9331 val_loss=0.7749
2026-01-23 09:17:35,928 - INFO - epoch=546 train_loss=0.9207 val_loss=0.7530
2026-01-23 09:17:36,944 - INFO - epoch=547 train_loss=0.9265 val_loss=0.7139
2026-01-23 09:17:37,993 - INFO - epoch=548 train_loss=0.9338 val_loss=0.7562
2026-01-23 09:17:39,050 - INFO - epoch=549 train_loss=0.9219 val_loss=0.8149
2026-01-23 09:17:40,077 - INFO - epoch=550 train_loss=0.9177 val_loss=0.8237
2026-01-23 09:17:41,106 - INFO - epoch=551 train_loss=0.9125 val_loss=0.7855
2026-01-23 09:17:42,129 - INFO - epoch=552 train_loss=0.9202 val_loss=0.7858
2026-01-23 09:17:43,146 - INFO - epoch=553 train_loss=0.9270 val_loss=0.7719
2026-01-23 09:17:44,230 - INFO - epoch=554 train_loss=0.9154 val_loss=0.7818
2026-01-23 09:17:45,247 - INFO - epoch=555 train_loss=0.9270 val_loss=0.7399
2026-01-23 09:17:46,285 - INFO - epoch=556 train_loss=0.9153 val_loss=0.7835
2026-01-23 09:17:47,310 - INFO - epoch=557 train_loss=0.9080 val_loss=0.7419
2026-01-23 09:17:48,333 - INFO - epoch=558 train_loss=0.9245 val_loss=0.7413
2026-01-23 09:17:49,359 - INFO - epoch=559 train_loss=0.9164 val_loss=0.7208
2026-01-23 09:17:50,395 - INFO - epoch=560 train_loss=0.9172 val_loss=0.7297
2026-01-23 09:17:51,489 - INFO - epoch=561 train_loss=0.9224 val_loss=0.6842
2026-01-23 09:17:52,548 - INFO - epoch=562 train_loss=0.9225 val_loss=0.7460
2026-01-23 09:17:53,589 - INFO - epoch=563 train_loss=0.9116 val_loss=0.7968
2026-01-23 09:17:54,595 - INFO - epoch=564 train_loss=0.9071 val_loss=0.7813
2026-01-23 09:17:55,620 - INFO - epoch=565 train_loss=0.9326 val_loss=0.7289
2026-01-23 09:17:56,644 - INFO - epoch=566 train_loss=0.9009 val_loss=0.8153
2026-01-23 09:17:57,655 - INFO - epoch=567 train_loss=0.9172 val_loss=0.7155
2026-01-23 09:17:58,715 - INFO - epoch=568 train_loss=0.9070 val_loss=0.8179
2026-01-23 09:17:59,728 - INFO - epoch=569 train_loss=0.9073 val_loss=0.8078
2026-01-23 09:18:00,740 - INFO - epoch=570 train_loss=0.9149 val_loss=0.7471
2026-01-23 09:18:01,756 - INFO - epoch=571 train_loss=0.9208 val_loss=0.7847
2026-01-23 09:18:02,769 - INFO - epoch=572 train_loss=0.9136 val_loss=0.7418
2026-01-23 09:18:03,812 - INFO - epoch=573 train_loss=0.8952 val_loss=0.7286
2026-01-23 09:18:04,818 - INFO - epoch=574 train_loss=0.9132 val_loss=0.7700
2026-01-23 09:18:05,857 - INFO - epoch=575 train_loss=0.9043 val_loss=0.7415
2026-01-23 09:18:06,883 - INFO - epoch=576 train_loss=0.9080 val_loss=0.7626
2026-01-23 09:18:07,906 - INFO - epoch=577 train_loss=0.9022 val_loss=0.7765
2026-01-23 09:18:08,941 - INFO - epoch=578 train_loss=0.9088 val_loss=0.7515
2026-01-23 09:18:09,935 - INFO - epoch=579 train_loss=0.9114 val_loss=0.7246
2026-01-23 09:18:10,950 - INFO - epoch=580 train_loss=0.9186 val_loss=0.7349
2026-01-23 09:18:12,026 - INFO - epoch=581 train_loss=0.9158 val_loss=0.7748
2026-01-23 09:18:13,096 - INFO - epoch=582 train_loss=0.9129 val_loss=0.8024
2026-01-23 09:18:14,131 - INFO - epoch=583 train_loss=0.9116 val_loss=0.7216
2026-01-23 09:18:15,154 - INFO - epoch=584 train_loss=0.9017 val_loss=0.6924
2026-01-23 09:18:16,163 - INFO - epoch=585 train_loss=0.9112 val_loss=0.8009
2026-01-23 09:18:17,179 - INFO - epoch=586 train_loss=0.9079 val_loss=0.6845
2026-01-23 09:18:18,217 - INFO - epoch=587 train_loss=0.8996 val_loss=0.7517
2026-01-23 09:18:19,225 - INFO - epoch=588 train_loss=0.9074 val_loss=0.7321
2026-01-23 09:18:20,254 - INFO - epoch=589 train_loss=0.8940 val_loss=0.7038
2026-01-23 09:18:21,273 - INFO - epoch=590 train_loss=0.9160 val_loss=0.7439
2026-01-23 09:18:22,321 - INFO - epoch=591 train_loss=0.9056 val_loss=0.7246
2026-01-23 09:18:23,383 - INFO - epoch=592 train_loss=0.8944 val_loss=0.6622
2026-01-23 09:18:24,446 - INFO - epoch=593 train_loss=0.8980 val_loss=0.7240
2026-01-23 09:18:25,480 - INFO - epoch=594 train_loss=0.8971 val_loss=0.6771
2026-01-23 09:18:26,488 - INFO - epoch=595 train_loss=0.8949 val_loss=0.7073
2026-01-23 09:18:27,534 - INFO - epoch=596 train_loss=0.8873 val_loss=0.6969
2026-01-23 09:18:28,590 - INFO - epoch=597 train_loss=0.9050 val_loss=0.7381
2026-01-23 09:18:29,670 - INFO - epoch=598 train_loss=0.9041 val_loss=0.7355
2026-01-23 09:18:30,681 - INFO - epoch=599 train_loss=0.8956 val_loss=0.7494
2026-01-23 09:18:31,715 - INFO - epoch=600 train_loss=0.9125 val_loss=0.7363
2026-01-23 09:18:32,834 - INFO - epoch=601 train_loss=0.8936 val_loss=0.7213
2026-01-23 09:18:33,867 - INFO - epoch=602 train_loss=0.9020 val_loss=0.7818
2026-01-23 09:18:34,918 - INFO - epoch=603 train_loss=0.8960 val_loss=0.7267
2026-01-23 09:18:35,936 - INFO - epoch=604 train_loss=0.8932 val_loss=0.7848
2026-01-23 09:18:36,985 - INFO - epoch=605 train_loss=0.8909 val_loss=0.6987
2026-01-23 09:18:38,024 - INFO - epoch=606 train_loss=0.8958 val_loss=0.7324
2026-01-23 09:18:39,067 - INFO - epoch=607 train_loss=0.8942 val_loss=0.6838
2026-01-23 09:18:40,104 - INFO - epoch=608 train_loss=0.8898 val_loss=0.6896
2026-01-23 09:18:41,125 - INFO - epoch=609 train_loss=0.8878 val_loss=0.6911
2026-01-23 09:18:42,174 - INFO - epoch=610 train_loss=0.9004 val_loss=0.7344
2026-01-23 09:18:43,193 - INFO - epoch=611 train_loss=0.9028 val_loss=0.6963
2026-01-23 09:18:44,261 - INFO - epoch=612 train_loss=0.8855 val_loss=0.7717
2026-01-23 09:18:45,283 - INFO - epoch=613 train_loss=0.8923 val_loss=0.6978
2026-01-23 09:18:46,351 - INFO - epoch=614 train_loss=0.8913 val_loss=0.7659
2026-01-23 09:18:47,402 - INFO - epoch=615 train_loss=0.8945 val_loss=0.7126
2026-01-23 09:18:48,436 - INFO - epoch=616 train_loss=0.8908 val_loss=0.7217
2026-01-23 09:18:49,484 - INFO - epoch=617 train_loss=0.8959 val_loss=0.7324
2026-01-23 09:18:50,501 - INFO - epoch=618 train_loss=0.8811 val_loss=0.7077
2026-01-23 09:18:51,538 - INFO - epoch=619 train_loss=0.8902 val_loss=0.7204
2026-01-23 09:18:52,600 - INFO - epoch=620 train_loss=0.8861 val_loss=0.6803
2026-01-23 09:18:53,686 - INFO - epoch=621 train_loss=0.8728 val_loss=0.7523
2026-01-23 09:18:54,691 - INFO - epoch=622 train_loss=0.8863 val_loss=0.6448
2026-01-23 09:18:55,775 - INFO - epoch=623 train_loss=0.8768 val_loss=0.7094
2026-01-23 09:18:56,784 - INFO - epoch=624 train_loss=0.9094 val_loss=0.7122
2026-01-23 09:18:57,829 - INFO - epoch=625 train_loss=0.8946 val_loss=0.7084
2026-01-23 09:18:58,879 - INFO - epoch=626 train_loss=0.8858 val_loss=0.7467
2026-01-23 09:18:59,895 - INFO - epoch=627 train_loss=0.8724 val_loss=0.6971
2026-01-23 09:19:00,923 - INFO - epoch=628 train_loss=0.8735 val_loss=0.6831
2026-01-23 09:19:01,931 - INFO - epoch=629 train_loss=0.8707 val_loss=0.7170
2026-01-23 09:19:02,959 - INFO - epoch=630 train_loss=0.8670 val_loss=0.7164
2026-01-23 09:19:03,958 - INFO - epoch=631 train_loss=0.8782 val_loss=0.6894
2026-01-23 09:19:04,976 - INFO - epoch=632 train_loss=0.8779 val_loss=0.6868
2026-01-23 09:19:05,987 - INFO - epoch=633 train_loss=0.8926 val_loss=0.6952
2026-01-23 09:19:06,997 - INFO - epoch=634 train_loss=0.8834 val_loss=0.6860
2026-01-23 09:19:08,020 - INFO - epoch=635 train_loss=0.8775 val_loss=0.7494
2026-01-23 09:19:09,032 - INFO - epoch=636 train_loss=0.8755 val_loss=0.6990
2026-01-23 09:19:10,061 - INFO - epoch=637 train_loss=0.8816 val_loss=0.7144
2026-01-23 09:19:11,112 - INFO - epoch=638 train_loss=0.8725 val_loss=0.6871
2026-01-23 09:19:12,135 - INFO - epoch=639 train_loss=0.8800 val_loss=0.7457
2026-01-23 09:19:13,155 - INFO - epoch=640 train_loss=0.8987 val_loss=0.7141
2026-01-23 09:19:14,273 - INFO - epoch=641 train_loss=0.8848 val_loss=0.7037
2026-01-23 09:19:15,301 - INFO - epoch=642 train_loss=0.8762 val_loss=0.6949
2026-01-23 09:19:16,325 - INFO - epoch=643 train_loss=0.8751 val_loss=0.7159
2026-01-23 09:19:17,335 - INFO - epoch=644 train_loss=0.8731 val_loss=0.6590
2026-01-23 09:19:18,363 - INFO - epoch=645 train_loss=0.8618 val_loss=0.7013
2026-01-23 09:19:19,393 - INFO - epoch=646 train_loss=0.8765 val_loss=0.6820
2026-01-23 09:19:20,433 - INFO - epoch=647 train_loss=0.8707 val_loss=0.6547
2026-01-23 09:19:21,456 - INFO - epoch=648 train_loss=0.8834 val_loss=0.7358
2026-01-23 09:19:22,497 - INFO - epoch=649 train_loss=0.8772 val_loss=0.6636
2026-01-23 09:19:23,532 - INFO - epoch=650 train_loss=0.8717 val_loss=0.6356
2026-01-23 09:19:24,568 - INFO - epoch=651 train_loss=0.8842 val_loss=0.6902
2026-01-23 09:19:25,613 - INFO - epoch=652 train_loss=0.8754 val_loss=0.7421
2026-01-23 09:19:26,668 - INFO - epoch=653 train_loss=0.8816 val_loss=0.6983
2026-01-23 09:19:27,715 - INFO - epoch=654 train_loss=0.8640 val_loss=0.6506
2026-01-23 09:19:28,755 - INFO - epoch=655 train_loss=0.8707 val_loss=0.6696
2026-01-23 09:19:29,773 - INFO - epoch=656 train_loss=0.8590 val_loss=0.7559
2026-01-23 09:19:30,793 - INFO - epoch=657 train_loss=0.8730 val_loss=0.6804
2026-01-23 09:19:31,868 - INFO - epoch=658 train_loss=0.8782 val_loss=0.7044
2026-01-23 09:19:32,878 - INFO - epoch=659 train_loss=0.8635 val_loss=0.7260
2026-01-23 09:19:33,899 - INFO - epoch=660 train_loss=0.8567 val_loss=0.7026
2026-01-23 09:19:34,991 - INFO - epoch=661 train_loss=0.8665 val_loss=0.6689
2026-01-23 09:19:36,020 - INFO - epoch=662 train_loss=0.8642 val_loss=0.6494
2026-01-23 09:19:37,041 - INFO - epoch=663 train_loss=0.8660 val_loss=0.6492
2026-01-23 09:19:38,075 - INFO - epoch=664 train_loss=0.8643 val_loss=0.7109
2026-01-23 09:19:39,107 - INFO - epoch=665 train_loss=0.8565 val_loss=0.6876
2026-01-23 09:19:40,123 - INFO - epoch=666 train_loss=0.8637 val_loss=0.6759
2026-01-23 09:19:41,147 - INFO - epoch=667 train_loss=0.8649 val_loss=0.6535
2026-01-23 09:19:42,159 - INFO - epoch=668 train_loss=0.8666 val_loss=0.6844
2026-01-23 09:19:43,175 - INFO - epoch=669 train_loss=0.8633 val_loss=0.6503
2026-01-23 09:19:44,184 - INFO - epoch=670 train_loss=0.8503 val_loss=0.7255
2026-01-23 09:19:45,193 - INFO - epoch=671 train_loss=0.8679 val_loss=0.6215
2026-01-23 09:19:46,259 - INFO - epoch=672 train_loss=0.8511 val_loss=0.7794
2026-01-23 09:19:47,305 - INFO - epoch=673 train_loss=0.8513 val_loss=0.7593
2026-01-23 09:19:48,324 - INFO - epoch=674 train_loss=0.8580 val_loss=0.7155
2026-01-23 09:19:49,363 - INFO - epoch=675 train_loss=0.8686 val_loss=0.7007
2026-01-23 09:19:50,410 - INFO - epoch=676 train_loss=0.8542 val_loss=0.7246
2026-01-23 09:19:51,441 - INFO - epoch=677 train_loss=0.8520 val_loss=0.6938
2026-01-23 09:19:52,457 - INFO - epoch=678 train_loss=0.8606 val_loss=0.6479
2026-01-23 09:19:53,532 - INFO - epoch=679 train_loss=0.8545 val_loss=0.7020
2026-01-23 09:19:54,563 - INFO - epoch=680 train_loss=0.8572 val_loss=0.7187
2026-01-23 09:19:55,646 - INFO - epoch=681 train_loss=0.8542 val_loss=0.7307
2026-01-23 09:19:56,667 - INFO - epoch=682 train_loss=0.8656 val_loss=0.6473
2026-01-23 09:19:57,685 - INFO - epoch=683 train_loss=0.8546 val_loss=0.6669
2026-01-23 09:19:58,709 - INFO - epoch=684 train_loss=0.8571 val_loss=0.6792
2026-01-23 09:19:59,768 - INFO - epoch=685 train_loss=0.8609 val_loss=0.6452
2026-01-23 09:20:00,814 - INFO - epoch=686 train_loss=0.8630 val_loss=0.6740
2026-01-23 09:20:01,838 - INFO - epoch=687 train_loss=0.8484 val_loss=0.6793
2026-01-23 09:20:02,856 - INFO - epoch=688 train_loss=0.8563 val_loss=0.6429
2026-01-23 09:20:03,875 - INFO - epoch=689 train_loss=0.8500 val_loss=0.6875
2026-01-23 09:20:04,900 - INFO - epoch=690 train_loss=0.8478 val_loss=0.6485
2026-01-23 09:20:05,962 - INFO - epoch=691 train_loss=0.8476 val_loss=0.6754
2026-01-23 09:20:07,013 - INFO - epoch=692 train_loss=0.8532 val_loss=0.7209
2026-01-23 09:20:08,081 - INFO - epoch=693 train_loss=0.8540 val_loss=0.6669
2026-01-23 09:20:09,118 - INFO - epoch=694 train_loss=0.8482 val_loss=0.6406
2026-01-23 09:20:10,149 - INFO - epoch=695 train_loss=0.8620 val_loss=0.6843
2026-01-23 09:20:11,166 - INFO - epoch=696 train_loss=0.8438 val_loss=0.6862
2026-01-23 09:20:12,213 - INFO - epoch=697 train_loss=0.8462 val_loss=0.6484
2026-01-23 09:20:13,261 - INFO - epoch=698 train_loss=0.8647 val_loss=0.6596
2026-01-23 09:20:14,318 - INFO - epoch=699 train_loss=0.8586 val_loss=0.6978
2026-01-23 09:20:15,376 - INFO - epoch=700 train_loss=0.8560 val_loss=0.6385
2026-01-23 09:20:16,462 - INFO - epoch=701 train_loss=0.8549 val_loss=0.6530
2026-01-23 09:20:17,519 - INFO - epoch=702 train_loss=0.8501 val_loss=0.6970
2026-01-23 09:20:18,537 - INFO - epoch=703 train_loss=0.8461 val_loss=0.6932
2026-01-23 09:20:19,564 - INFO - epoch=704 train_loss=0.8579 val_loss=0.6744
2026-01-23 09:20:20,604 - INFO - epoch=705 train_loss=0.8469 val_loss=0.6601
2026-01-23 09:20:21,639 - INFO - epoch=706 train_loss=0.8507 val_loss=0.7751
2026-01-23 09:20:22,667 - INFO - epoch=707 train_loss=0.8546 val_loss=0.7265
2026-01-23 09:20:23,688 - INFO - epoch=708 train_loss=0.8465 val_loss=0.6494
2026-01-23 09:20:24,742 - INFO - epoch=709 train_loss=0.8497 val_loss=0.6565
2026-01-23 09:20:25,773 - INFO - epoch=710 train_loss=0.8487 val_loss=0.6656
2026-01-23 09:20:26,796 - INFO - epoch=711 train_loss=0.8506 val_loss=0.7008
2026-01-23 09:20:27,836 - INFO - epoch=712 train_loss=0.8486 val_loss=0.6915
2026-01-23 09:20:28,892 - INFO - epoch=713 train_loss=0.8438 val_loss=0.6745
2026-01-23 09:20:29,926 - INFO - epoch=714 train_loss=0.8423 val_loss=0.6330
2026-01-23 09:20:30,972 - INFO - epoch=715 train_loss=0.8424 val_loss=0.6626
2026-01-23 09:20:31,994 - INFO - epoch=716 train_loss=0.8410 val_loss=0.6541
2026-01-23 09:20:33,031 - INFO - epoch=717 train_loss=0.8398 val_loss=0.6944
2026-01-23 09:20:34,067 - INFO - epoch=718 train_loss=0.8400 val_loss=0.6897
2026-01-23 09:20:35,083 - INFO - epoch=719 train_loss=0.8427 val_loss=0.6533
2026-01-23 09:20:36,157 - INFO - epoch=720 train_loss=0.8419 val_loss=0.6327
2026-01-23 09:20:37,288 - INFO - epoch=721 train_loss=0.8465 val_loss=0.6741
2026-01-23 09:20:38,321 - INFO - epoch=722 train_loss=0.8484 val_loss=0.6449
2026-01-23 09:20:39,379 - INFO - epoch=723 train_loss=0.8428 val_loss=0.6785
2026-01-23 09:20:40,441 - INFO - epoch=724 train_loss=0.8367 val_loss=0.6557
2026-01-23 09:20:41,491 - INFO - epoch=725 train_loss=0.8406 val_loss=0.6424
2026-01-23 09:20:42,520 - INFO - epoch=726 train_loss=0.8450 val_loss=0.6396
2026-01-23 09:20:43,552 - INFO - epoch=727 train_loss=0.8418 val_loss=0.6863
2026-01-23 09:20:44,592 - INFO - epoch=728 train_loss=0.8395 val_loss=0.6345
2026-01-23 09:20:45,620 - INFO - epoch=729 train_loss=0.8318 val_loss=0.6306
2026-01-23 09:20:46,636 - INFO - epoch=730 train_loss=0.8508 val_loss=0.6636
2026-01-23 09:20:47,673 - INFO - epoch=731 train_loss=0.8322 val_loss=0.6232
2026-01-23 09:20:48,693 - INFO - epoch=732 train_loss=0.8437 val_loss=0.6407
2026-01-23 09:20:49,732 - INFO - epoch=733 train_loss=0.8398 val_loss=0.7067
2026-01-23 09:20:50,746 - INFO - epoch=734 train_loss=0.8382 val_loss=0.6165
2026-01-23 09:20:51,807 - INFO - epoch=735 train_loss=0.8450 val_loss=0.6027
2026-01-23 09:20:52,848 - INFO - epoch=736 train_loss=0.8397 val_loss=0.6438
2026-01-23 09:20:53,884 - INFO - epoch=737 train_loss=0.8490 val_loss=0.6675
2026-01-23 09:20:54,903 - INFO - epoch=738 train_loss=0.8360 val_loss=0.6252
2026-01-23 09:20:55,957 - INFO - epoch=739 train_loss=0.8339 val_loss=0.6257
2026-01-23 09:20:56,975 - INFO - epoch=740 train_loss=0.8472 val_loss=0.6206
2026-01-23 09:20:58,066 - INFO - epoch=741 train_loss=0.8354 val_loss=0.6742
2026-01-23 09:20:59,110 - INFO - epoch=742 train_loss=0.8360 val_loss=0.6836
2026-01-23 09:21:00,159 - INFO - epoch=743 train_loss=0.8301 val_loss=0.6693
2026-01-23 09:21:01,189 - INFO - epoch=744 train_loss=0.8277 val_loss=0.6954
2026-01-23 09:21:02,254 - INFO - epoch=745 train_loss=0.8302 val_loss=0.6337
2026-01-23 09:21:03,307 - INFO - epoch=746 train_loss=0.8361 val_loss=0.6722
2026-01-23 09:21:04,354 - INFO - epoch=747 train_loss=0.8307 val_loss=0.6468
2026-01-23 09:21:05,373 - INFO - epoch=748 train_loss=0.8379 val_loss=0.6940
2026-01-23 09:21:06,416 - INFO - epoch=749 train_loss=0.8289 val_loss=0.6849
2026-01-23 09:21:07,455 - INFO - epoch=750 train_loss=0.8242 val_loss=0.6385
2026-01-23 09:21:08,502 - INFO - epoch=751 train_loss=0.8259 val_loss=0.6767
2026-01-23 09:21:09,580 - INFO - epoch=752 train_loss=0.8366 val_loss=0.6650
2026-01-23 09:21:10,597 - INFO - epoch=753 train_loss=0.8438 val_loss=0.6442
2026-01-23 09:21:11,608 - INFO - epoch=754 train_loss=0.8452 val_loss=0.6408
2026-01-23 09:21:12,633 - INFO - epoch=755 train_loss=0.8284 val_loss=0.7059
2026-01-23 09:21:13,655 - INFO - epoch=756 train_loss=0.8261 val_loss=0.6783
2026-01-23 09:21:14,720 - INFO - epoch=757 train_loss=0.8208 val_loss=0.6499
2026-01-23 09:21:15,771 - INFO - epoch=758 train_loss=0.8114 val_loss=0.6706
2026-01-23 09:21:16,829 - INFO - epoch=759 train_loss=0.8322 val_loss=0.6163
2026-01-23 09:21:17,882 - INFO - epoch=760 train_loss=0.8302 val_loss=0.6628
2026-01-23 09:21:18,975 - INFO - epoch=761 train_loss=0.8213 val_loss=0.6410
2026-01-23 09:21:19,993 - INFO - epoch=762 train_loss=0.8292 val_loss=0.6650
2026-01-23 09:21:21,057 - INFO - epoch=763 train_loss=0.8327 val_loss=0.6589
2026-01-23 09:21:22,103 - INFO - epoch=764 train_loss=0.8336 val_loss=0.6519
2026-01-23 09:21:23,148 - INFO - epoch=765 train_loss=0.8326 val_loss=0.6930
2026-01-23 09:21:24,203 - INFO - epoch=766 train_loss=0.8387 val_loss=0.6886
2026-01-23 09:21:25,271 - INFO - epoch=767 train_loss=0.8345 val_loss=0.6046
2026-01-23 09:21:26,291 - INFO - epoch=768 train_loss=0.8295 val_loss=0.6253
2026-01-23 09:21:27,315 - INFO - epoch=769 train_loss=0.8364 val_loss=0.6676
2026-01-23 09:21:28,347 - INFO - epoch=770 train_loss=0.8315 val_loss=0.6947
2026-01-23 09:21:29,414 - INFO - epoch=771 train_loss=0.8282 val_loss=0.6455
2026-01-23 09:21:30,429 - INFO - epoch=772 train_loss=0.8162 val_loss=0.6299
2026-01-23 09:21:31,499 - INFO - epoch=773 train_loss=0.8289 val_loss=0.6470
2026-01-23 09:21:32,521 - INFO - epoch=774 train_loss=0.8258 val_loss=0.6414
2026-01-23 09:21:33,542 - INFO - epoch=775 train_loss=0.8260 val_loss=0.6387
2026-01-23 09:21:34,579 - INFO - epoch=776 train_loss=0.8406 val_loss=0.7011
2026-01-23 09:21:35,622 - INFO - epoch=777 train_loss=0.8269 val_loss=0.6714
2026-01-23 09:21:36,627 - INFO - epoch=778 train_loss=0.8317 val_loss=0.6445
2026-01-23 09:21:37,657 - INFO - epoch=779 train_loss=0.8287 val_loss=0.6442
2026-01-23 09:21:38,722 - INFO - epoch=780 train_loss=0.8298 val_loss=0.6141
2026-01-23 09:21:39,874 - INFO - epoch=781 train_loss=0.8414 val_loss=0.6444
2026-01-23 09:21:40,917 - INFO - epoch=782 train_loss=0.8225 val_loss=0.6481
2026-01-23 09:21:41,925 - INFO - epoch=783 train_loss=0.8180 val_loss=0.6438
2026-01-23 09:21:42,937 - INFO - epoch=784 train_loss=0.8203 val_loss=0.6289
2026-01-23 09:21:43,991 - INFO - epoch=785 train_loss=0.8189 val_loss=0.6240
2026-01-23 09:21:45,024 - INFO - epoch=786 train_loss=0.8276 val_loss=0.6153
2026-01-23 09:21:46,077 - INFO - epoch=787 train_loss=0.8193 val_loss=0.6102
2026-01-23 09:21:47,111 - INFO - epoch=788 train_loss=0.8224 val_loss=0.6249
2026-01-23 09:21:48,144 - INFO - epoch=789 train_loss=0.8245 val_loss=0.6246
2026-01-23 09:21:49,176 - INFO - epoch=790 train_loss=0.8204 val_loss=0.6330
2026-01-23 09:21:50,224 - INFO - epoch=791 train_loss=0.8162 val_loss=0.6722
2026-01-23 09:21:51,277 - INFO - epoch=792 train_loss=0.8353 val_loss=0.5900
2026-01-23 09:21:52,305 - INFO - epoch=793 train_loss=0.8147 val_loss=0.6441
2026-01-23 09:21:53,305 - INFO - epoch=794 train_loss=0.8247 val_loss=0.6629
2026-01-23 09:21:54,326 - INFO - epoch=795 train_loss=0.8250 val_loss=0.5846
2026-01-23 09:21:55,402 - INFO - epoch=796 train_loss=0.8283 val_loss=0.5754
2026-01-23 09:21:56,486 - INFO - epoch=797 train_loss=0.8133 val_loss=0.6306
2026-01-23 09:21:57,533 - INFO - epoch=798 train_loss=0.8186 val_loss=0.6004
2026-01-23 09:21:58,602 - INFO - epoch=799 train_loss=0.8247 val_loss=0.6130
2026-01-23 09:21:59,665 - INFO - epoch=800 train_loss=0.8160 val_loss=0.6087
2026-01-23 09:22:00,743 - INFO - epoch=801 train_loss=0.8111 val_loss=0.7465
2026-01-23 09:22:01,764 - INFO - epoch=802 train_loss=0.8403 val_loss=0.6308
2026-01-23 09:22:02,774 - INFO - epoch=803 train_loss=0.8274 val_loss=0.6114
2026-01-23 09:22:03,804 - INFO - epoch=804 train_loss=0.8079 val_loss=0.6364
2026-01-23 09:22:04,834 - INFO - epoch=805 train_loss=0.8170 val_loss=0.6571
2026-01-23 09:22:05,862 - INFO - epoch=806 train_loss=0.8236 val_loss=0.5861
2026-01-23 09:22:06,887 - INFO - epoch=807 train_loss=0.8144 val_loss=0.6054
2026-01-23 09:22:07,911 - INFO - epoch=808 train_loss=0.8105 val_loss=0.6121
2026-01-23 09:22:08,969 - INFO - epoch=809 train_loss=0.8122 val_loss=0.7299
2026-01-23 09:22:10,032 - INFO - epoch=810 train_loss=0.8178 val_loss=0.5997
2026-01-23 09:22:11,106 - INFO - epoch=811 train_loss=0.8099 val_loss=0.6000
2026-01-23 09:22:12,160 - INFO - epoch=812 train_loss=0.8226 val_loss=0.6078
2026-01-23 09:22:13,185 - INFO - epoch=813 train_loss=0.8130 val_loss=0.6443
2026-01-23 09:22:14,197 - INFO - epoch=814 train_loss=0.8314 val_loss=0.6380
2026-01-23 09:22:15,234 - INFO - epoch=815 train_loss=0.8203 val_loss=0.6682
2026-01-23 09:22:16,294 - INFO - epoch=816 train_loss=0.8234 val_loss=0.6206
2026-01-23 09:22:17,355 - INFO - epoch=817 train_loss=0.7980 val_loss=0.6197
2026-01-23 09:22:18,425 - INFO - epoch=818 train_loss=0.8236 val_loss=0.6060
2026-01-23 09:22:19,498 - INFO - epoch=819 train_loss=0.8297 val_loss=0.7227
2026-01-23 09:22:20,572 - INFO - epoch=820 train_loss=0.8216 val_loss=0.6349
2026-01-23 09:22:21,672 - INFO - epoch=821 train_loss=0.8199 val_loss=0.6719
2026-01-23 09:22:22,694 - INFO - epoch=822 train_loss=0.8031 val_loss=0.5933
2026-01-23 09:22:23,734 - INFO - epoch=823 train_loss=0.8210 val_loss=0.6328
2026-01-23 09:22:24,765 - INFO - epoch=824 train_loss=0.8085 val_loss=0.6338
2026-01-23 09:22:25,783 - INFO - epoch=825 train_loss=0.8174 val_loss=0.6209
2026-01-23 09:22:26,831 - INFO - epoch=826 train_loss=0.8179 val_loss=0.6418
2026-01-23 09:22:27,853 - INFO - epoch=827 train_loss=0.8255 val_loss=0.6375
2026-01-23 09:22:28,901 - INFO - epoch=828 train_loss=0.8134 val_loss=0.6626
2026-01-23 09:22:29,935 - INFO - epoch=829 train_loss=0.8054 val_loss=0.6308
2026-01-23 09:22:30,954 - INFO - epoch=830 train_loss=0.8166 val_loss=0.6311
2026-01-23 09:22:31,983 - INFO - epoch=831 train_loss=0.8166 val_loss=0.6609
2026-01-23 09:22:33,024 - INFO - epoch=832 train_loss=0.8227 val_loss=0.6067
2026-01-23 09:22:34,040 - INFO - epoch=833 train_loss=0.8063 val_loss=0.6337
2026-01-23 09:22:35,103 - INFO - epoch=834 train_loss=0.8135 val_loss=0.6919
2026-01-23 09:22:36,112 - INFO - epoch=835 train_loss=0.8087 val_loss=0.6555
2026-01-23 09:22:37,135 - INFO - epoch=836 train_loss=0.8162 val_loss=0.6826
2026-01-23 09:22:38,178 - INFO - epoch=837 train_loss=0.8105 val_loss=0.6689
2026-01-23 09:22:39,189 - INFO - epoch=838 train_loss=0.8040 val_loss=0.5985
2026-01-23 09:22:40,210 - INFO - epoch=839 train_loss=0.8139 val_loss=0.6516
2026-01-23 09:22:41,259 - INFO - epoch=840 train_loss=0.8217 val_loss=0.6183
2026-01-23 09:22:42,371 - INFO - epoch=841 train_loss=0.8069 val_loss=0.6467
2026-01-23 09:22:43,430 - INFO - epoch=842 train_loss=0.8054 val_loss=0.5953
2026-01-23 09:22:44,446 - INFO - epoch=843 train_loss=0.8108 val_loss=0.6243
2026-01-23 09:22:45,476 - INFO - epoch=844 train_loss=0.8042 val_loss=0.6304
2026-01-23 09:22:46,521 - INFO - epoch=845 train_loss=0.8039 val_loss=0.5707
2026-01-23 09:22:47,603 - INFO - epoch=846 train_loss=0.8069 val_loss=0.6478
2026-01-23 09:22:48,661 - INFO - epoch=847 train_loss=0.8061 val_loss=0.5929
2026-01-23 09:22:49,687 - INFO - epoch=848 train_loss=0.8052 val_loss=0.6545
2026-01-23 09:22:50,727 - INFO - epoch=849 train_loss=0.8098 val_loss=0.6149
2026-01-23 09:22:51,748 - INFO - epoch=850 train_loss=0.8117 val_loss=0.6349
2026-01-23 09:22:52,765 - INFO - epoch=851 train_loss=0.8095 val_loss=0.6018
2026-01-23 09:22:53,835 - INFO - epoch=852 train_loss=0.8082 val_loss=0.6331
2026-01-23 09:22:54,861 - INFO - epoch=853 train_loss=0.8046 val_loss=0.6543
2026-01-23 09:22:55,936 - INFO - epoch=854 train_loss=0.8057 val_loss=0.5770
2026-01-23 09:22:56,968 - INFO - epoch=855 train_loss=0.7993 val_loss=0.5948
2026-01-23 09:22:57,969 - INFO - epoch=856 train_loss=0.8037 val_loss=0.6757
2026-01-23 09:22:58,991 - INFO - epoch=857 train_loss=0.7991 val_loss=0.6387
2026-01-23 09:23:00,008 - INFO - epoch=858 train_loss=0.8053 val_loss=0.6706
2026-01-23 09:23:01,018 - INFO - epoch=859 train_loss=0.8154 val_loss=0.6227
2026-01-23 09:23:02,058 - INFO - epoch=860 train_loss=0.8105 val_loss=0.6421
2026-01-23 09:23:03,148 - INFO - epoch=861 train_loss=0.8135 val_loss=0.6448
2026-01-23 09:23:04,162 - INFO - epoch=862 train_loss=0.8102 val_loss=0.6438
2026-01-23 09:23:05,221 - INFO - epoch=863 train_loss=0.8056 val_loss=0.6041
2026-01-23 09:23:06,258 - INFO - epoch=864 train_loss=0.8020 val_loss=0.5840
2026-01-23 09:23:07,313 - INFO - epoch=865 train_loss=0.8156 val_loss=0.5844
2026-01-23 09:23:08,334 - INFO - epoch=866 train_loss=0.8065 val_loss=0.6197
2026-01-23 09:23:09,394 - INFO - epoch=867 train_loss=0.7912 val_loss=0.5760
2026-01-23 09:23:10,450 - INFO - epoch=868 train_loss=0.7904 val_loss=0.6134
2026-01-23 09:23:11,497 - INFO - epoch=869 train_loss=0.8000 val_loss=0.6122
2026-01-23 09:23:12,548 - INFO - epoch=870 train_loss=0.8033 val_loss=0.6118
2026-01-23 09:23:13,588 - INFO - epoch=871 train_loss=0.7984 val_loss=0.6244
2026-01-23 09:23:14,627 - INFO - epoch=872 train_loss=0.8027 val_loss=0.6014
2026-01-23 09:23:15,682 - INFO - epoch=873 train_loss=0.7936 val_loss=0.5822
2026-01-23 09:23:16,696 - INFO - epoch=874 train_loss=0.8099 val_loss=0.6098
2026-01-23 09:23:17,732 - INFO - epoch=875 train_loss=0.8007 val_loss=0.5874
2026-01-23 09:23:18,760 - INFO - epoch=876 train_loss=0.8007 val_loss=0.5816
2026-01-23 09:23:19,801 - INFO - epoch=877 train_loss=0.7929 val_loss=0.5895
2026-01-23 09:23:20,819 - INFO - epoch=878 train_loss=0.7975 val_loss=0.6217
2026-01-23 09:23:21,839 - INFO - epoch=879 train_loss=0.7971 val_loss=0.7038
2026-01-23 09:23:22,866 - INFO - epoch=880 train_loss=0.7943 val_loss=0.6322
2026-01-23 09:23:23,956 - INFO - epoch=881 train_loss=0.7999 val_loss=0.5782
2026-01-23 09:23:24,992 - INFO - epoch=882 train_loss=0.8126 val_loss=0.5983
2026-01-23 09:23:26,031 - INFO - epoch=883 train_loss=0.8108 val_loss=0.7179
2026-01-23 09:23:27,065 - INFO - epoch=884 train_loss=0.7952 val_loss=0.6129
2026-01-23 09:23:28,092 - INFO - epoch=885 train_loss=0.7935 val_loss=0.5702
2026-01-23 09:23:29,137 - INFO - epoch=886 train_loss=0.7875 val_loss=0.5842
2026-01-23 09:23:30,171 - INFO - epoch=887 train_loss=0.7886 val_loss=0.5826
2026-01-23 09:23:31,173 - INFO - epoch=888 train_loss=0.7992 val_loss=0.5927
2026-01-23 09:23:32,183 - INFO - epoch=889 train_loss=0.7865 val_loss=0.5972
2026-01-23 09:23:33,210 - INFO - epoch=890 train_loss=0.7943 val_loss=0.6362
2026-01-23 09:23:34,212 - INFO - epoch=891 train_loss=0.8096 val_loss=0.5760
2026-01-23 09:23:35,261 - INFO - epoch=892 train_loss=0.8089 val_loss=0.6551
2026-01-23 09:23:36,290 - INFO - epoch=893 train_loss=0.8016 val_loss=0.6286
2026-01-23 09:23:37,291 - INFO - epoch=894 train_loss=0.8045 val_loss=0.6417
2026-01-23 09:23:38,298 - INFO - epoch=895 train_loss=0.7986 val_loss=0.6500
2026-01-23 09:23:39,367 - INFO - epoch=896 train_loss=0.8006 val_loss=0.6364
2026-01-23 09:23:40,380 - INFO - epoch=897 train_loss=0.8136 val_loss=0.6197
2026-01-23 09:23:41,388 - INFO - epoch=898 train_loss=0.8039 val_loss=0.6717
2026-01-23 09:23:42,419 - INFO - epoch=899 train_loss=0.8025 val_loss=0.5765
2026-01-23 09:23:43,457 - INFO - epoch=900 train_loss=0.7999 val_loss=0.6030
2026-01-23 09:23:44,554 - INFO - epoch=901 train_loss=0.7907 val_loss=0.6389
2026-01-23 09:23:45,586 - INFO - epoch=902 train_loss=0.7922 val_loss=0.6423
2026-01-23 09:23:46,609 - INFO - epoch=903 train_loss=0.7938 val_loss=0.5881
2026-01-23 09:23:47,627 - INFO - epoch=904 train_loss=0.7901 val_loss=0.6517
2026-01-23 09:23:48,665 - INFO - epoch=905 train_loss=0.7980 val_loss=0.6335
2026-01-23 09:23:49,710 - INFO - epoch=906 train_loss=0.7957 val_loss=0.5998
2026-01-23 09:23:50,739 - INFO - epoch=907 train_loss=0.8005 val_loss=0.6116
2026-01-23 09:23:51,790 - INFO - epoch=908 train_loss=0.7880 val_loss=0.5787
2026-01-23 09:23:52,805 - INFO - epoch=909 train_loss=0.7862 val_loss=0.7237
2026-01-23 09:23:53,818 - INFO - epoch=910 train_loss=0.7977 val_loss=0.5992
2026-01-23 09:23:54,861 - INFO - epoch=911 train_loss=0.7905 val_loss=0.5897
2026-01-23 09:23:55,886 - INFO - epoch=912 train_loss=0.7895 val_loss=0.5444
2026-01-23 09:23:56,968 - INFO - epoch=913 train_loss=0.7931 val_loss=0.6267
2026-01-23 09:23:57,983 - INFO - epoch=914 train_loss=0.7990 val_loss=0.6614
2026-01-23 09:23:59,013 - INFO - epoch=915 train_loss=0.7858 val_loss=0.6772
2026-01-23 09:24:00,064 - INFO - epoch=916 train_loss=0.7937 val_loss=0.7106
2026-01-23 09:24:01,093 - INFO - epoch=917 train_loss=0.7762 val_loss=0.5995
2026-01-23 09:24:02,122 - INFO - epoch=918 train_loss=0.7884 val_loss=0.5886
2026-01-23 09:24:03,129 - INFO - epoch=919 train_loss=0.7718 val_loss=0.6653
2026-01-23 09:24:04,193 - INFO - epoch=920 train_loss=0.7875 val_loss=0.6354
2026-01-23 09:24:05,286 - INFO - epoch=921 train_loss=0.7900 val_loss=0.5795
2026-01-23 09:24:06,300 - INFO - epoch=922 train_loss=0.7930 val_loss=0.6193
2026-01-23 09:24:07,368 - INFO - epoch=923 train_loss=0.7870 val_loss=0.5730
2026-01-23 09:24:08,450 - INFO - epoch=924 train_loss=0.7956 val_loss=0.5889
2026-01-23 09:24:09,515 - INFO - epoch=925 train_loss=0.8014 val_loss=0.6332
2026-01-23 09:24:10,584 - INFO - epoch=926 train_loss=0.7878 val_loss=0.6152
2026-01-23 09:24:11,661 - INFO - epoch=927 train_loss=0.7874 val_loss=0.5891
2026-01-23 09:24:12,682 - INFO - epoch=928 train_loss=0.7992 val_loss=0.6046
2026-01-23 09:24:13,681 - INFO - epoch=929 train_loss=0.7979 val_loss=0.5904
2026-01-23 09:24:14,707 - INFO - epoch=930 train_loss=0.7858 val_loss=0.6467
2026-01-23 09:24:15,729 - INFO - epoch=931 train_loss=0.7837 val_loss=0.5710
2026-01-23 09:24:16,774 - INFO - epoch=932 train_loss=0.7813 val_loss=0.6679
2026-01-23 09:24:17,839 - INFO - epoch=933 train_loss=0.7913 val_loss=0.6074
2026-01-23 09:24:18,861 - INFO - epoch=934 train_loss=0.8031 val_loss=0.6010
2026-01-23 09:24:19,893 - INFO - epoch=935 train_loss=0.7924 val_loss=0.5356
2026-01-23 09:24:20,950 - INFO - epoch=936 train_loss=0.7984 val_loss=0.5627
2026-01-23 09:24:21,963 - INFO - epoch=937 train_loss=0.7894 val_loss=0.5966
2026-01-23 09:24:23,000 - INFO - epoch=938 train_loss=0.7818 val_loss=0.6024
2026-01-23 09:24:24,055 - INFO - epoch=939 train_loss=0.7911 val_loss=0.5915
2026-01-23 09:24:25,111 - INFO - epoch=940 train_loss=0.7967 val_loss=0.6129
2026-01-23 09:24:26,196 - INFO - epoch=941 train_loss=0.7898 val_loss=0.6335
2026-01-23 09:24:27,227 - INFO - epoch=942 train_loss=0.7883 val_loss=0.5750
2026-01-23 09:24:28,266 - INFO - epoch=943 train_loss=0.7942 val_loss=0.5514
2026-01-23 09:24:29,276 - INFO - epoch=944 train_loss=0.7883 val_loss=0.5750
2026-01-23 09:24:30,311 - INFO - epoch=945 train_loss=0.7887 val_loss=0.6222
2026-01-23 09:24:31,342 - INFO - epoch=946 train_loss=0.7821 val_loss=0.5850
2026-01-23 09:24:32,354 - INFO - epoch=947 train_loss=0.7898 val_loss=0.5535
2026-01-23 09:24:33,386 - INFO - epoch=948 train_loss=0.7838 val_loss=0.6228
2026-01-23 09:24:34,430 - INFO - epoch=949 train_loss=0.7785 val_loss=0.6046
2026-01-23 09:24:35,475 - INFO - epoch=950 train_loss=0.7892 val_loss=0.6187
2026-01-23 09:24:36,531 - INFO - epoch=951 train_loss=0.7923 val_loss=0.6055
2026-01-23 09:24:37,541 - INFO - epoch=952 train_loss=0.7898 val_loss=0.5471
2026-01-23 09:24:38,593 - INFO - epoch=953 train_loss=0.7934 val_loss=0.5856
2026-01-23 09:24:39,621 - INFO - epoch=954 train_loss=0.7909 val_loss=0.5893
2026-01-23 09:24:40,642 - INFO - epoch=955 train_loss=0.7832 val_loss=0.5531
2026-01-23 09:24:41,711 - INFO - epoch=956 train_loss=0.7852 val_loss=0.5725
2026-01-23 09:24:42,759 - INFO - epoch=957 train_loss=0.7782 val_loss=0.6768
2026-01-23 09:24:43,779 - INFO - epoch=958 train_loss=0.7755 val_loss=0.5800
2026-01-23 09:24:44,798 - INFO - epoch=959 train_loss=0.7821 val_loss=0.5967
2026-01-23 09:24:45,827 - INFO - epoch=960 train_loss=0.7787 val_loss=0.5737
2026-01-23 09:24:46,928 - INFO - epoch=961 train_loss=0.7830 val_loss=0.6111
2026-01-23 09:24:47,948 - INFO - epoch=962 train_loss=0.7767 val_loss=0.5639
2026-01-23 09:24:48,946 - INFO - epoch=963 train_loss=0.7765 val_loss=0.6370
2026-01-23 09:24:50,010 - INFO - epoch=964 train_loss=0.7648 val_loss=0.6092
2026-01-23 09:24:51,022 - INFO - epoch=965 train_loss=0.7964 val_loss=0.5500
2026-01-23 09:24:52,051 - INFO - epoch=966 train_loss=0.7885 val_loss=0.6081
2026-01-23 09:24:53,103 - INFO - epoch=967 train_loss=0.7735 val_loss=0.5963
2026-01-23 09:24:54,151 - INFO - epoch=968 train_loss=0.7753 val_loss=0.6027
2026-01-23 09:24:55,169 - INFO - epoch=969 train_loss=0.7709 val_loss=0.5992
2026-01-23 09:24:56,238 - INFO - epoch=970 train_loss=0.7821 val_loss=0.5993
2026-01-23 09:24:57,272 - INFO - epoch=971 train_loss=0.7836 val_loss=0.5384
2026-01-23 09:24:58,286 - INFO - epoch=972 train_loss=0.7971 val_loss=0.5810
2026-01-23 09:24:59,310 - INFO - epoch=973 train_loss=0.7871 val_loss=0.6067
2026-01-23 09:25:00,366 - INFO - epoch=974 train_loss=0.7869 val_loss=0.6193
2026-01-23 09:25:01,393 - INFO - epoch=975 train_loss=0.7788 val_loss=0.6566
2026-01-23 09:25:02,409 - INFO - epoch=976 train_loss=0.7825 val_loss=0.5991
2026-01-23 09:25:03,433 - INFO - epoch=977 train_loss=0.7924 val_loss=0.6105
2026-01-23 09:25:04,461 - INFO - epoch=978 train_loss=0.7851 val_loss=0.5769
2026-01-23 09:25:05,464 - INFO - epoch=979 train_loss=0.7920 val_loss=0.6505
2026-01-23 09:25:06,484 - INFO - epoch=980 train_loss=0.7820 val_loss=0.5935
2026-01-23 09:25:07,602 - INFO - epoch=981 train_loss=0.7778 val_loss=0.6840
2026-01-23 09:25:08,638 - INFO - epoch=982 train_loss=0.7846 val_loss=0.5816
2026-01-23 09:25:09,669 - INFO - epoch=983 train_loss=0.7836 val_loss=0.6017
2026-01-23 09:25:10,699 - INFO - epoch=984 train_loss=0.7795 val_loss=0.5824
2026-01-23 09:25:11,719 - INFO - epoch=985 train_loss=0.7857 val_loss=0.5454
2026-01-23 09:25:12,775 - INFO - epoch=986 train_loss=0.7750 val_loss=0.6080
2026-01-23 09:25:13,820 - INFO - epoch=987 train_loss=0.7723 val_loss=0.5892
2026-01-23 09:25:14,840 - INFO - epoch=988 train_loss=0.7796 val_loss=0.6062
2026-01-23 09:25:15,857 - INFO - epoch=989 train_loss=0.7785 val_loss=0.6272
2026-01-23 09:25:16,893 - INFO - epoch=990 train_loss=0.7811 val_loss=0.6265
2026-01-23 09:25:17,928 - INFO - epoch=991 train_loss=0.7684 val_loss=0.5550
2026-01-23 09:25:18,964 - INFO - epoch=992 train_loss=0.7713 val_loss=0.5799
2026-01-23 09:25:19,982 - INFO - epoch=993 train_loss=0.7749 val_loss=0.5829
2026-01-23 09:25:21,038 - INFO - epoch=994 train_loss=0.7802 val_loss=0.5940
2026-01-23 09:25:22,072 - INFO - epoch=995 train_loss=0.7798 val_loss=0.5472
2026-01-23 09:25:23,103 - INFO - epoch=996 train_loss=0.7723 val_loss=0.6543
2026-01-23 09:25:24,122 - INFO - epoch=997 train_loss=0.7775 val_loss=0.6867
2026-01-23 09:25:25,153 - INFO - epoch=998 train_loss=0.7904 val_loss=0.5517
2026-01-23 09:25:26,180 - INFO - epoch=999 train_loss=0.7776 val_loss=0.5593
2026-01-23 09:25:27,205 - INFO - epoch=1000 train_loss=0.7926 val_loss=0.5865
2026-01-23 09:25:27,348 - INFO - saved: /home/jinlin/data/geoexplicit_data/experiments/icml2026_routegen/WAYCASD_STRICT_stepdest_nL64_rustbelt_seed0_e1000/W7_train_flow/report.json
