2026-01-28 20:36:28,438 - INFO - device=cuda
2026-01-28 20:36:28,444 - INFO - loaded way_semantic: n_channels=5
2026-01-28 20:36:28,449 - INFO - routes: total=5392 train=4853 val=539 max_way_len=160
/home/jinlin/miniconda3/envs/dpl/lib/python3.11/site-packages/torch/nn/modules/transformer.py:392: UserWarning: enable_nested_tensor is True, but self.use_nested_tensor is False because encoder_layer.norm_first was True
  warnings.warn(
2026-01-28 20:36:29,693 - INFO - init best_val_loss=0.333070 from current weights (epoch=0)
2026-01-28 20:36:33,629 - INFO - epoch=1 train_loss=0.3107 train_acc=0.805 val_loss=0.3236 val_acc=0.789
2026-01-28 20:36:37,103 - INFO - epoch=2 train_loss=0.3030 train_acc=0.808 val_loss=0.3147 val_acc=0.803
2026-01-28 20:36:40,556 - INFO - epoch=3 train_loss=0.2972 train_acc=0.815 val_loss=0.3116 val_acc=0.804
2026-01-28 20:36:44,014 - INFO - epoch=4 train_loss=0.2939 train_acc=0.819 val_loss=0.3072 val_acc=0.812
2026-01-28 20:36:47,470 - INFO - epoch=5 train_loss=0.2893 train_acc=0.824 val_loss=0.3013 val_acc=0.818
2026-01-28 20:36:50,968 - INFO - epoch=6 train_loss=0.2834 train_acc=0.829 val_loss=0.2979 val_acc=0.820
2026-01-28 20:36:54,495 - INFO - epoch=7 train_loss=0.2794 train_acc=0.832 val_loss=0.2929 val_acc=0.819
2026-01-28 20:36:57,975 - INFO - epoch=8 train_loss=0.2762 train_acc=0.835 val_loss=0.2890 val_acc=0.824
2026-01-28 20:37:01,558 - INFO - epoch=9 train_loss=0.2702 train_acc=0.841 val_loss=0.2861 val_acc=0.831
2026-01-28 20:37:05,142 - INFO - epoch=10 train_loss=0.2639 train_acc=0.849 val_loss=0.2786 val_acc=0.850
2026-01-28 20:37:08,681 - INFO - epoch=11 train_loss=0.2576 train_acc=0.861 val_loss=0.2718 val_acc=0.860
2026-01-28 20:37:12,267 - INFO - epoch=12 train_loss=0.2490 train_acc=0.871 val_loss=0.2626 val_acc=0.873
2026-01-28 20:37:15,848 - INFO - epoch=13 train_loss=0.2396 train_acc=0.881 val_loss=0.2550 val_acc=0.874
2026-01-28 20:37:19,435 - INFO - epoch=14 train_loss=0.2331 train_acc=0.886 val_loss=0.2515 val_acc=0.881
2026-01-28 20:37:23,111 - INFO - epoch=15 train_loss=0.2275 train_acc=0.890 val_loss=0.2448 val_acc=0.885
2026-01-28 20:37:26,755 - INFO - epoch=16 train_loss=0.2206 train_acc=0.895 val_loss=0.2404 val_acc=0.888
2026-01-28 20:37:30,434 - INFO - epoch=17 train_loss=0.2157 train_acc=0.898 val_loss=0.2389 val_acc=0.891
2026-01-28 20:37:34,074 - INFO - epoch=18 train_loss=0.2108 train_acc=0.900 val_loss=0.2341 val_acc=0.892
2026-01-28 20:37:37,749 - INFO - epoch=19 train_loss=0.2039 train_acc=0.905 val_loss=0.2277 val_acc=0.897
2026-01-28 20:37:41,393 - INFO - epoch=20 train_loss=0.1990 train_acc=0.908 val_loss=0.2295 val_acc=0.895
2026-01-28 20:37:45,125 - INFO - epoch=21 train_loss=0.1953 train_acc=0.909 val_loss=0.2227 val_acc=0.902
2026-01-28 20:37:48,801 - INFO - epoch=22 train_loss=0.1912 train_acc=0.913 val_loss=0.2245 val_acc=0.898
2026-01-28 20:37:52,485 - INFO - epoch=23 train_loss=0.1883 train_acc=0.914 val_loss=0.2131 val_acc=0.905
2026-01-28 20:37:56,163 - INFO - epoch=24 train_loss=0.1813 train_acc=0.918 val_loss=0.2123 val_acc=0.910
2026-01-28 20:37:59,885 - INFO - epoch=25 train_loss=0.1770 train_acc=0.921 val_loss=0.2099 val_acc=0.908
2026-01-28 20:38:03,604 - INFO - epoch=26 train_loss=0.1726 train_acc=0.922 val_loss=0.2119 val_acc=0.908
2026-01-28 20:38:07,339 - INFO - epoch=27 train_loss=0.1694 train_acc=0.925 val_loss=0.2066 val_acc=0.915
2026-01-28 20:38:11,070 - INFO - epoch=28 train_loss=0.1669 train_acc=0.926 val_loss=0.2022 val_acc=0.914
2026-01-28 20:38:14,883 - INFO - epoch=29 train_loss=0.1619 train_acc=0.928 val_loss=0.2045 val_acc=0.916
2026-01-28 20:38:18,622 - INFO - epoch=30 train_loss=0.1600 train_acc=0.929 val_loss=0.1992 val_acc=0.918
2026-01-28 20:38:22,367 - INFO - epoch=31 train_loss=0.1576 train_acc=0.931 val_loss=0.1975 val_acc=0.921
2026-01-28 20:38:26,154 - INFO - epoch=32 train_loss=0.1528 train_acc=0.933 val_loss=0.1984 val_acc=0.917
2026-01-28 20:38:29,949 - INFO - epoch=33 train_loss=0.1503 train_acc=0.934 val_loss=0.1977 val_acc=0.919
2026-01-28 20:38:33,702 - INFO - epoch=34 train_loss=0.1461 train_acc=0.937 val_loss=0.1970 val_acc=0.922
2026-01-28 20:38:37,463 - INFO - epoch=35 train_loss=0.1440 train_acc=0.937 val_loss=0.1930 val_acc=0.925
2026-01-28 20:38:41,277 - INFO - epoch=36 train_loss=0.1414 train_acc=0.939 val_loss=0.1899 val_acc=0.926
2026-01-28 20:38:45,047 - INFO - epoch=37 train_loss=0.1383 train_acc=0.941 val_loss=0.1907 val_acc=0.927
2026-01-28 20:38:48,794 - INFO - epoch=38 train_loss=0.1362 train_acc=0.941 val_loss=0.1897 val_acc=0.926
2026-01-28 20:38:52,648 - INFO - epoch=39 train_loss=0.1346 train_acc=0.943 val_loss=0.1926 val_acc=0.924
2026-01-28 20:38:56,491 - INFO - epoch=40 train_loss=0.1307 train_acc=0.944 val_loss=0.1920 val_acc=0.928
2026-01-28 20:39:00,393 - INFO - epoch=41 train_loss=0.1288 train_acc=0.945 val_loss=0.1986 val_acc=0.925
2026-01-28 20:39:04,186 - INFO - epoch=42 train_loss=0.1270 train_acc=0.946 val_loss=0.1913 val_acc=0.927
2026-01-28 20:39:08,025 - INFO - epoch=43 train_loss=0.1250 train_acc=0.947 val_loss=0.1958 val_acc=0.927
2026-01-28 20:39:11,835 - INFO - epoch=44 train_loss=0.1234 train_acc=0.947 val_loss=0.2004 val_acc=0.927
2026-01-28 20:39:15,620 - INFO - epoch=45 train_loss=0.1216 train_acc=0.948 val_loss=0.1959 val_acc=0.927
2026-01-28 20:39:19,439 - INFO - epoch=46 train_loss=0.1195 train_acc=0.949 val_loss=0.1958 val_acc=0.929
2026-01-28 20:39:23,302 - INFO - epoch=47 train_loss=0.1201 train_acc=0.948 val_loss=0.1961 val_acc=0.929
2026-01-28 20:39:27,200 - INFO - epoch=48 train_loss=0.1156 train_acc=0.951 val_loss=0.1914 val_acc=0.930
2026-01-28 20:39:31,042 - INFO - epoch=49 train_loss=0.1127 train_acc=0.952 val_loss=0.1975 val_acc=0.932
2026-01-28 20:39:34,848 - INFO - epoch=50 train_loss=0.1102 train_acc=0.954 val_loss=0.1938 val_acc=0.932
2026-01-28 20:39:38,684 - INFO - epoch=51 train_loss=0.1094 train_acc=0.954 val_loss=0.1929 val_acc=0.932
2026-01-28 20:39:42,509 - INFO - epoch=52 train_loss=0.1085 train_acc=0.954 val_loss=0.1921 val_acc=0.930
2026-01-28 20:39:46,407 - INFO - epoch=53 train_loss=0.1065 train_acc=0.955 val_loss=0.1930 val_acc=0.933
2026-01-28 20:39:50,277 - INFO - epoch=54 train_loss=0.1044 train_acc=0.956 val_loss=0.1910 val_acc=0.933
2026-01-28 20:39:54,100 - INFO - epoch=55 train_loss=0.1050 train_acc=0.956 val_loss=0.1987 val_acc=0.934
2026-01-28 20:39:57,944 - INFO - epoch=56 train_loss=0.1007 train_acc=0.958 val_loss=0.1910 val_acc=0.934
2026-01-28 20:40:01,785 - INFO - epoch=57 train_loss=0.0989 train_acc=0.959 val_loss=0.1952 val_acc=0.934
2026-01-28 20:40:05,624 - INFO - epoch=58 train_loss=0.0970 train_acc=0.959 val_loss=0.1981 val_acc=0.935
2026-01-28 20:40:09,535 - INFO - epoch=59 train_loss=0.0979 train_acc=0.959 val_loss=0.1972 val_acc=0.935
2026-01-28 20:40:13,409 - INFO - epoch=60 train_loss=0.0951 train_acc=0.960 val_loss=0.1934 val_acc=0.936
2026-01-28 20:40:17,312 - INFO - epoch=61 train_loss=0.0943 train_acc=0.961 val_loss=0.2000 val_acc=0.935
2026-01-28 20:40:21,164 - INFO - epoch=62 train_loss=0.0915 train_acc=0.962 val_loss=0.1954 val_acc=0.938
2026-01-28 20:40:24,998 - INFO - epoch=63 train_loss=0.0896 train_acc=0.963 val_loss=0.1937 val_acc=0.942
2026-01-28 20:40:28,872 - INFO - epoch=64 train_loss=0.0885 train_acc=0.963 val_loss=0.1988 val_acc=0.937
2026-01-28 20:40:32,766 - INFO - epoch=65 train_loss=0.0875 train_acc=0.964 val_loss=0.1988 val_acc=0.938
2026-01-28 20:40:36,656 - INFO - epoch=66 train_loss=0.0871 train_acc=0.964 val_loss=0.2049 val_acc=0.937
2026-01-28 20:40:40,483 - INFO - epoch=67 train_loss=0.0872 train_acc=0.965 val_loss=0.2015 val_acc=0.939
2026-01-28 20:40:44,426 - INFO - epoch=68 train_loss=0.0848 train_acc=0.965 val_loss=0.1942 val_acc=0.939
2026-01-28 20:40:48,249 - INFO - epoch=69 train_loss=0.0832 train_acc=0.966 val_loss=0.2040 val_acc=0.937
2026-01-28 20:40:52,148 - INFO - epoch=70 train_loss=0.0825 train_acc=0.966 val_loss=0.2046 val_acc=0.940
2026-01-28 20:40:56,045 - INFO - epoch=71 train_loss=0.0793 train_acc=0.968 val_loss=0.1986 val_acc=0.941
2026-01-28 20:40:59,949 - INFO - epoch=72 train_loss=0.0791 train_acc=0.967 val_loss=0.2038 val_acc=0.940
2026-01-28 20:41:03,819 - INFO - epoch=73 train_loss=0.0776 train_acc=0.969 val_loss=0.2111 val_acc=0.942
2026-01-28 20:41:07,687 - INFO - epoch=74 train_loss=0.0767 train_acc=0.968 val_loss=0.2096 val_acc=0.942
2026-01-28 20:41:11,581 - INFO - epoch=75 train_loss=0.0765 train_acc=0.969 val_loss=0.2032 val_acc=0.942
2026-01-28 20:41:15,492 - INFO - epoch=76 train_loss=0.0760 train_acc=0.969 val_loss=0.2102 val_acc=0.940
2026-01-28 20:41:19,363 - INFO - epoch=77 train_loss=0.0774 train_acc=0.968 val_loss=0.2061 val_acc=0.943
2026-01-28 20:41:23,286 - INFO - epoch=78 train_loss=0.0772 train_acc=0.969 val_loss=0.2092 val_acc=0.943
2026-01-28 20:41:27,152 - INFO - epoch=79 train_loss=0.0745 train_acc=0.970 val_loss=0.2006 val_acc=0.942
2026-01-28 20:41:31,001 - INFO - epoch=80 train_loss=0.0732 train_acc=0.970 val_loss=0.2078 val_acc=0.943
2026-01-28 20:41:34,934 - INFO - epoch=81 train_loss=0.0711 train_acc=0.971 val_loss=0.2059 val_acc=0.943
2026-01-28 20:41:38,775 - INFO - epoch=82 train_loss=0.0688 train_acc=0.972 val_loss=0.2110 val_acc=0.943
2026-01-28 20:41:42,655 - INFO - epoch=83 train_loss=0.0687 train_acc=0.972 val_loss=0.2233 val_acc=0.943
2026-01-28 20:41:46,565 - INFO - epoch=84 train_loss=0.0698 train_acc=0.972 val_loss=0.2115 val_acc=0.942
2026-01-28 20:41:50,419 - INFO - epoch=85 train_loss=0.0667 train_acc=0.973 val_loss=0.2176 val_acc=0.945
2026-01-28 20:41:54,322 - INFO - epoch=86 train_loss=0.0666 train_acc=0.973 val_loss=0.2186 val_acc=0.944
2026-01-28 20:41:58,211 - INFO - epoch=87 train_loss=0.0666 train_acc=0.974 val_loss=0.2100 val_acc=0.943
2026-01-28 20:42:02,071 - INFO - epoch=88 train_loss=0.0652 train_acc=0.974 val_loss=0.2191 val_acc=0.943
2026-01-28 20:42:05,928 - INFO - epoch=89 train_loss=0.0646 train_acc=0.974 val_loss=0.2163 val_acc=0.945
2026-01-28 20:42:09,860 - INFO - epoch=90 train_loss=0.0644 train_acc=0.974 val_loss=0.2201 val_acc=0.944
2026-01-28 20:42:13,738 - INFO - epoch=91 train_loss=0.0678 train_acc=0.973 val_loss=0.2224 val_acc=0.943
2026-01-28 20:42:17,603 - INFO - epoch=92 train_loss=0.0632 train_acc=0.975 val_loss=0.2201 val_acc=0.944
2026-01-28 20:42:21,496 - INFO - epoch=93 train_loss=0.0621 train_acc=0.975 val_loss=0.2173 val_acc=0.945
2026-01-28 20:42:25,360 - INFO - epoch=94 train_loss=0.0641 train_acc=0.975 val_loss=0.2243 val_acc=0.943
2026-01-28 20:42:29,272 - INFO - epoch=95 train_loss=0.0641 train_acc=0.974 val_loss=0.2236 val_acc=0.944
2026-01-28 20:42:33,135 - INFO - epoch=96 train_loss=0.0611 train_acc=0.976 val_loss=0.2316 val_acc=0.944
2026-01-28 20:42:37,037 - INFO - epoch=97 train_loss=0.0598 train_acc=0.977 val_loss=0.2380 val_acc=0.944
2026-01-28 20:42:40,942 - INFO - epoch=98 train_loss=0.0583 train_acc=0.977 val_loss=0.2337 val_acc=0.944
2026-01-28 20:42:44,850 - INFO - epoch=99 train_loss=0.0569 train_acc=0.977 val_loss=0.2395 val_acc=0.944
2026-01-28 20:42:48,741 - INFO - epoch=100 train_loss=0.0571 train_acc=0.977 val_loss=0.2349 val_acc=0.944
2026-01-28 20:42:48,834 - INFO - saved: /home/jinlin/data/geoexplicit_data/experiments/icml2026_routegen/WAYCASD_AB_dirhint_A_nodir_strict_sem5_seed0_e100/W6_train_ae/report.json
