2026-01-26 11:43:17,294 - INFO - device=cuda
2026-01-26 11:43:17,300 - INFO - loaded way_semantic: n_channels=5
2026-01-26 11:43:17,305 - INFO - routes: total=5392 train=4853 val=539 max_way_len=160
2026-01-26 11:43:18,812 - INFO - init best_val_loss=0.333875 from current weights (epoch=0)
2026-01-26 11:43:22,180 - INFO - epoch=1 train_loss=0.3122 train_acc=0.802 val_loss=0.3262 val_acc=0.791
2026-01-26 11:43:24,823 - INFO - epoch=2 train_loss=0.3098 train_acc=0.805 val_loss=0.3247 val_acc=0.790
2026-01-26 11:43:27,469 - INFO - epoch=3 train_loss=0.3077 train_acc=0.806 val_loss=0.3225 val_acc=0.793
2026-01-26 11:43:30,107 - INFO - epoch=4 train_loss=0.3056 train_acc=0.808 val_loss=0.3214 val_acc=0.797
2026-01-26 11:43:32,763 - INFO - epoch=5 train_loss=0.3041 train_acc=0.810 val_loss=0.3197 val_acc=0.800
2026-01-26 11:43:35,407 - INFO - epoch=6 train_loss=0.3025 train_acc=0.812 val_loss=0.3189 val_acc=0.801
2026-01-26 11:43:38,100 - INFO - epoch=7 train_loss=0.3008 train_acc=0.814 val_loss=0.3177 val_acc=0.805
2026-01-26 11:43:40,915 - INFO - epoch=8 train_loss=0.2995 train_acc=0.815 val_loss=0.3175 val_acc=0.807
2026-01-26 11:43:43,593 - INFO - epoch=9 train_loss=0.2984 train_acc=0.817 val_loss=0.3157 val_acc=0.808
2026-01-26 11:43:46,280 - INFO - epoch=10 train_loss=0.2974 train_acc=0.818 val_loss=0.3156 val_acc=0.807
2026-01-26 11:43:48,990 - INFO - epoch=11 train_loss=0.2961 train_acc=0.819 val_loss=0.3142 val_acc=0.809
2026-01-26 11:43:51,709 - INFO - epoch=12 train_loss=0.2949 train_acc=0.822 val_loss=0.3133 val_acc=0.807
2026-01-26 11:43:54,437 - INFO - epoch=13 train_loss=0.2940 train_acc=0.821 val_loss=0.3119 val_acc=0.810
2026-01-26 11:43:57,182 - INFO - epoch=14 train_loss=0.2928 train_acc=0.821 val_loss=0.3111 val_acc=0.809
2026-01-26 11:43:59,916 - INFO - epoch=15 train_loss=0.2917 train_acc=0.822 val_loss=0.3088 val_acc=0.812
2026-01-26 11:44:02,666 - INFO - epoch=16 train_loss=0.2903 train_acc=0.823 val_loss=0.3073 val_acc=0.812
2026-01-26 11:44:05,398 - INFO - epoch=17 train_loss=0.2888 train_acc=0.823 val_loss=0.3053 val_acc=0.818
2026-01-26 11:44:08,154 - INFO - epoch=18 train_loss=0.2868 train_acc=0.825 val_loss=0.3038 val_acc=0.818
2026-01-26 11:44:10,944 - INFO - epoch=19 train_loss=0.2850 train_acc=0.829 val_loss=0.3020 val_acc=0.827
2026-01-26 11:44:13,745 - INFO - epoch=20 train_loss=0.2839 train_acc=0.831 val_loss=0.3010 val_acc=0.827
2026-01-26 11:44:16,573 - INFO - epoch=21 train_loss=0.2822 train_acc=0.834 val_loss=0.2992 val_acc=0.829
2026-01-26 11:44:19,339 - INFO - epoch=22 train_loss=0.2797 train_acc=0.839 val_loss=0.2987 val_acc=0.829
2026-01-26 11:44:22,121 - INFO - epoch=23 train_loss=0.2785 train_acc=0.840 val_loss=0.2971 val_acc=0.831
2026-01-26 11:44:24,927 - INFO - epoch=24 train_loss=0.2762 train_acc=0.843 val_loss=0.2958 val_acc=0.833
2026-01-26 11:44:27,734 - INFO - epoch=25 train_loss=0.2745 train_acc=0.844 val_loss=0.2931 val_acc=0.835
2026-01-26 11:44:30,552 - INFO - epoch=26 train_loss=0.2722 train_acc=0.846 val_loss=0.2922 val_acc=0.839
2026-01-26 11:44:33,388 - INFO - epoch=27 train_loss=0.2696 train_acc=0.848 val_loss=0.2900 val_acc=0.841
2026-01-26 11:44:36,214 - INFO - epoch=28 train_loss=0.2683 train_acc=0.850 val_loss=0.2871 val_acc=0.839
2026-01-26 11:44:39,097 - INFO - epoch=29 train_loss=0.2659 train_acc=0.851 val_loss=0.2858 val_acc=0.846
2026-01-26 11:44:41,967 - INFO - epoch=30 train_loss=0.2651 train_acc=0.851 val_loss=0.2845 val_acc=0.843
2026-01-26 11:44:44,833 - INFO - epoch=31 train_loss=0.2632 train_acc=0.853 val_loss=0.2838 val_acc=0.847
2026-01-26 11:44:47,730 - INFO - epoch=32 train_loss=0.2620 train_acc=0.854 val_loss=0.2842 val_acc=0.846
2026-01-26 11:44:50,572 - INFO - epoch=33 train_loss=0.2604 train_acc=0.855 val_loss=0.2827 val_acc=0.845
2026-01-26 11:44:53,472 - INFO - epoch=34 train_loss=0.2587 train_acc=0.856 val_loss=0.2797 val_acc=0.845
2026-01-26 11:44:56,361 - INFO - epoch=35 train_loss=0.2562 train_acc=0.859 val_loss=0.2815 val_acc=0.850
2026-01-26 11:44:59,273 - INFO - epoch=36 train_loss=0.2553 train_acc=0.858 val_loss=0.2789 val_acc=0.849
2026-01-26 11:45:02,166 - INFO - epoch=37 train_loss=0.2543 train_acc=0.859 val_loss=0.2782 val_acc=0.849
2026-01-26 11:45:05,038 - INFO - epoch=38 train_loss=0.2521 train_acc=0.860 val_loss=0.2761 val_acc=0.850
2026-01-26 11:45:07,930 - INFO - epoch=39 train_loss=0.2515 train_acc=0.861 val_loss=0.2775 val_acc=0.851
2026-01-26 11:45:10,816 - INFO - epoch=40 train_loss=0.2496 train_acc=0.862 val_loss=0.2762 val_acc=0.850
2026-01-26 11:45:13,761 - INFO - epoch=41 train_loss=0.2480 train_acc=0.863 val_loss=0.2757 val_acc=0.851
2026-01-26 11:45:16,699 - INFO - epoch=42 train_loss=0.2471 train_acc=0.865 val_loss=0.2751 val_acc=0.849
2026-01-26 11:45:19,590 - INFO - epoch=43 train_loss=0.2456 train_acc=0.864 val_loss=0.2742 val_acc=0.852
2026-01-26 11:45:22,486 - INFO - epoch=44 train_loss=0.2442 train_acc=0.867 val_loss=0.2732 val_acc=0.853
2026-01-26 11:45:25,410 - INFO - epoch=45 train_loss=0.2431 train_acc=0.867 val_loss=0.2726 val_acc=0.854
2026-01-26 11:45:28,311 - INFO - epoch=46 train_loss=0.2423 train_acc=0.868 val_loss=0.2721 val_acc=0.853
2026-01-26 11:45:31,228 - INFO - epoch=47 train_loss=0.2416 train_acc=0.867 val_loss=0.2719 val_acc=0.852
2026-01-26 11:45:34,140 - INFO - epoch=48 train_loss=0.2405 train_acc=0.868 val_loss=0.2723 val_acc=0.854
2026-01-26 11:45:37,084 - INFO - epoch=49 train_loss=0.2397 train_acc=0.868 val_loss=0.2697 val_acc=0.854
2026-01-26 11:45:40,026 - INFO - epoch=50 train_loss=0.2384 train_acc=0.870 val_loss=0.2703 val_acc=0.855
2026-01-26 11:45:42,983 - INFO - epoch=51 train_loss=0.2373 train_acc=0.870 val_loss=0.2707 val_acc=0.855
2026-01-26 11:45:45,887 - INFO - epoch=52 train_loss=0.2362 train_acc=0.871 val_loss=0.2698 val_acc=0.855
2026-01-26 11:45:48,796 - INFO - epoch=53 train_loss=0.2357 train_acc=0.871 val_loss=0.2701 val_acc=0.855
2026-01-26 11:45:51,725 - INFO - epoch=54 train_loss=0.2348 train_acc=0.872 val_loss=0.2698 val_acc=0.856
2026-01-26 11:45:54,624 - INFO - epoch=55 train_loss=0.2338 train_acc=0.873 val_loss=0.2693 val_acc=0.855
2026-01-26 11:45:57,563 - INFO - epoch=56 train_loss=0.2340 train_acc=0.873 val_loss=0.2695 val_acc=0.857
2026-01-26 11:46:00,512 - INFO - epoch=57 train_loss=0.2320 train_acc=0.874 val_loss=0.2684 val_acc=0.856
2026-01-26 11:46:03,473 - INFO - epoch=58 train_loss=0.2307 train_acc=0.874 val_loss=0.2668 val_acc=0.856
2026-01-26 11:46:06,439 - INFO - epoch=59 train_loss=0.2303 train_acc=0.873 val_loss=0.2687 val_acc=0.856
2026-01-26 11:46:09,382 - INFO - epoch=60 train_loss=0.2284 train_acc=0.876 val_loss=0.2659 val_acc=0.857
2026-01-26 11:46:12,380 - INFO - epoch=61 train_loss=0.2282 train_acc=0.875 val_loss=0.2661 val_acc=0.860
2026-01-26 11:46:15,331 - INFO - epoch=62 train_loss=0.2272 train_acc=0.876 val_loss=0.2664 val_acc=0.858
2026-01-26 11:46:18,261 - INFO - epoch=63 train_loss=0.2264 train_acc=0.876 val_loss=0.2651 val_acc=0.859
2026-01-26 11:46:21,234 - INFO - epoch=64 train_loss=0.2256 train_acc=0.876 val_loss=0.2650 val_acc=0.858
2026-01-26 11:46:24,163 - INFO - epoch=65 train_loss=0.2246 train_acc=0.877 val_loss=0.2655 val_acc=0.859
2026-01-26 11:46:27,153 - INFO - epoch=66 train_loss=0.2232 train_acc=0.879 val_loss=0.2665 val_acc=0.862
2026-01-26 11:46:30,100 - INFO - epoch=67 train_loss=0.2218 train_acc=0.879 val_loss=0.2664 val_acc=0.859
2026-01-26 11:46:33,055 - INFO - epoch=68 train_loss=0.2204 train_acc=0.880 val_loss=0.2653 val_acc=0.862
2026-01-26 11:46:36,001 - INFO - epoch=69 train_loss=0.2207 train_acc=0.880 val_loss=0.2660 val_acc=0.859
2026-01-26 11:46:38,988 - INFO - epoch=70 train_loss=0.2203 train_acc=0.880 val_loss=0.2649 val_acc=0.860
2026-01-26 11:46:41,967 - INFO - epoch=71 train_loss=0.2197 train_acc=0.881 val_loss=0.2649 val_acc=0.861
2026-01-26 11:46:44,927 - INFO - epoch=72 train_loss=0.2182 train_acc=0.881 val_loss=0.2685 val_acc=0.862
2026-01-26 11:46:47,871 - INFO - epoch=73 train_loss=0.2183 train_acc=0.881 val_loss=0.2671 val_acc=0.861
2026-01-26 11:46:50,850 - INFO - epoch=74 train_loss=0.2169 train_acc=0.882 val_loss=0.2649 val_acc=0.863
2026-01-26 11:46:53,838 - INFO - epoch=75 train_loss=0.2177 train_acc=0.882 val_loss=0.2665 val_acc=0.862
2026-01-26 11:46:56,843 - INFO - epoch=76 train_loss=0.2157 train_acc=0.883 val_loss=0.2671 val_acc=0.861
2026-01-26 11:46:59,821 - INFO - epoch=77 train_loss=0.2146 train_acc=0.884 val_loss=0.2633 val_acc=0.864
2026-01-26 11:47:02,804 - INFO - epoch=78 train_loss=0.2147 train_acc=0.884 val_loss=0.2647 val_acc=0.862
2026-01-26 11:47:05,762 - INFO - epoch=79 train_loss=0.2133 train_acc=0.884 val_loss=0.2634 val_acc=0.863
2026-01-26 11:47:08,744 - INFO - epoch=80 train_loss=0.2123 train_acc=0.885 val_loss=0.2658 val_acc=0.863
2026-01-26 11:47:11,743 - INFO - epoch=81 train_loss=0.2102 train_acc=0.887 val_loss=0.2662 val_acc=0.862
2026-01-26 11:47:14,714 - INFO - epoch=82 train_loss=0.2101 train_acc=0.887 val_loss=0.2641 val_acc=0.864
2026-01-26 11:47:17,699 - INFO - epoch=83 train_loss=0.2092 train_acc=0.886 val_loss=0.2631 val_acc=0.864
2026-01-26 11:47:20,674 - INFO - epoch=84 train_loss=0.2094 train_acc=0.886 val_loss=0.2646 val_acc=0.864
2026-01-26 11:47:23,622 - INFO - epoch=85 train_loss=0.2080 train_acc=0.887 val_loss=0.2650 val_acc=0.863
2026-01-26 11:47:26,593 - INFO - epoch=86 train_loss=0.2074 train_acc=0.888 val_loss=0.2658 val_acc=0.865
2026-01-26 11:47:29,592 - INFO - epoch=87 train_loss=0.2076 train_acc=0.888 val_loss=0.2641 val_acc=0.867
2026-01-26 11:47:32,537 - INFO - epoch=88 train_loss=0.2077 train_acc=0.888 val_loss=0.2637 val_acc=0.865
2026-01-26 11:47:35,515 - INFO - epoch=89 train_loss=0.2058 train_acc=0.889 val_loss=0.2654 val_acc=0.865
2026-01-26 11:47:38,486 - INFO - epoch=90 train_loss=0.2048 train_acc=0.889 val_loss=0.2638 val_acc=0.866
2026-01-26 11:47:41,471 - INFO - epoch=91 train_loss=0.2039 train_acc=0.890 val_loss=0.2642 val_acc=0.867
2026-01-26 11:47:44,420 - INFO - epoch=92 train_loss=0.2039 train_acc=0.890 val_loss=0.2614 val_acc=0.869
2026-01-26 11:47:47,464 - INFO - epoch=93 train_loss=0.2021 train_acc=0.891 val_loss=0.2646 val_acc=0.867
2026-01-26 11:47:50,409 - INFO - epoch=94 train_loss=0.2006 train_acc=0.891 val_loss=0.2669 val_acc=0.866
2026-01-26 11:47:53,368 - INFO - epoch=95 train_loss=0.2015 train_acc=0.891 val_loss=0.2640 val_acc=0.869
2026-01-26 11:47:56,339 - INFO - epoch=96 train_loss=0.2005 train_acc=0.892 val_loss=0.2650 val_acc=0.868
2026-01-26 11:47:59,314 - INFO - epoch=97 train_loss=0.2001 train_acc=0.892 val_loss=0.2643 val_acc=0.869
2026-01-26 11:48:02,286 - INFO - epoch=98 train_loss=0.1994 train_acc=0.892 val_loss=0.2658 val_acc=0.869
2026-01-26 11:48:05,244 - INFO - epoch=99 train_loss=0.1989 train_acc=0.893 val_loss=0.2636 val_acc=0.869
2026-01-26 11:48:08,251 - INFO - epoch=100 train_loss=0.1987 train_acc=0.893 val_loss=0.2663 val_acc=0.869
2026-01-26 11:48:11,285 - INFO - epoch=101 train_loss=0.1977 train_acc=0.894 val_loss=0.2682 val_acc=0.868
2026-01-26 11:48:14,270 - INFO - epoch=102 train_loss=0.1976 train_acc=0.893 val_loss=0.2621 val_acc=0.871
2026-01-26 11:48:17,223 - INFO - epoch=103 train_loss=0.1962 train_acc=0.894 val_loss=0.2649 val_acc=0.870
2026-01-26 11:48:20,234 - INFO - epoch=104 train_loss=0.1963 train_acc=0.894 val_loss=0.2620 val_acc=0.871
2026-01-26 11:48:23,228 - INFO - epoch=105 train_loss=0.1950 train_acc=0.895 val_loss=0.2666 val_acc=0.872
2026-01-26 11:48:26,255 - INFO - epoch=106 train_loss=0.1951 train_acc=0.895 val_loss=0.2651 val_acc=0.871
2026-01-26 11:48:29,243 - INFO - epoch=107 train_loss=0.1942 train_acc=0.895 val_loss=0.2628 val_acc=0.873
2026-01-26 11:48:32,233 - INFO - epoch=108 train_loss=0.1936 train_acc=0.896 val_loss=0.2613 val_acc=0.871
2026-01-26 11:48:35,207 - INFO - epoch=109 train_loss=0.1946 train_acc=0.895 val_loss=0.2627 val_acc=0.871
2026-01-26 11:48:38,196 - INFO - epoch=110 train_loss=0.1929 train_acc=0.897 val_loss=0.2630 val_acc=0.871
2026-01-26 11:48:41,188 - INFO - epoch=111 train_loss=0.1924 train_acc=0.897 val_loss=0.2661 val_acc=0.872
2026-01-26 11:48:44,209 - INFO - epoch=112 train_loss=0.1923 train_acc=0.897 val_loss=0.2642 val_acc=0.871
2026-01-26 11:48:47,188 - INFO - epoch=113 train_loss=0.1907 train_acc=0.898 val_loss=0.2635 val_acc=0.874
2026-01-26 11:48:50,199 - INFO - epoch=114 train_loss=0.1903 train_acc=0.898 val_loss=0.2623 val_acc=0.873
2026-01-26 11:48:53,169 - INFO - epoch=115 train_loss=0.1903 train_acc=0.898 val_loss=0.2671 val_acc=0.871
2026-01-26 11:48:56,148 - INFO - epoch=116 train_loss=0.1891 train_acc=0.898 val_loss=0.2633 val_acc=0.871
2026-01-26 11:48:59,143 - INFO - epoch=117 train_loss=0.1890 train_acc=0.899 val_loss=0.2636 val_acc=0.874
2026-01-26 11:49:02,126 - INFO - epoch=118 train_loss=0.1879 train_acc=0.899 val_loss=0.2650 val_acc=0.874
2026-01-26 11:49:05,082 - INFO - epoch=119 train_loss=0.1871 train_acc=0.899 val_loss=0.2656 val_acc=0.874
2026-01-26 11:49:08,063 - INFO - epoch=120 train_loss=0.1880 train_acc=0.899 val_loss=0.2653 val_acc=0.873
2026-01-26 11:49:11,062 - INFO - epoch=121 train_loss=0.1868 train_acc=0.899 val_loss=0.2664 val_acc=0.873
2026-01-26 11:49:14,044 - INFO - epoch=122 train_loss=0.1858 train_acc=0.901 val_loss=0.2651 val_acc=0.872
2026-01-26 11:49:17,020 - INFO - epoch=123 train_loss=0.1853 train_acc=0.901 val_loss=0.2684 val_acc=0.872
2026-01-26 11:49:19,985 - INFO - epoch=124 train_loss=0.1848 train_acc=0.901 val_loss=0.2691 val_acc=0.873
2026-01-26 11:49:22,956 - INFO - epoch=125 train_loss=0.1849 train_acc=0.901 val_loss=0.2662 val_acc=0.874
2026-01-26 11:49:25,937 - INFO - epoch=126 train_loss=0.1830 train_acc=0.902 val_loss=0.2685 val_acc=0.875
2026-01-26 11:49:28,900 - INFO - epoch=127 train_loss=0.1827 train_acc=0.902 val_loss=0.2641 val_acc=0.874
2026-01-26 11:49:31,897 - INFO - epoch=128 train_loss=0.1833 train_acc=0.902 val_loss=0.2675 val_acc=0.876
2026-01-26 11:49:34,896 - INFO - epoch=129 train_loss=0.1828 train_acc=0.902 val_loss=0.2644 val_acc=0.874
2026-01-26 11:49:37,924 - INFO - epoch=130 train_loss=0.1831 train_acc=0.901 val_loss=0.2696 val_acc=0.874
2026-01-26 11:49:40,898 - INFO - epoch=131 train_loss=0.1821 train_acc=0.902 val_loss=0.2645 val_acc=0.876
2026-01-26 11:49:43,906 - INFO - epoch=132 train_loss=0.1810 train_acc=0.903 val_loss=0.2667 val_acc=0.875
2026-01-26 11:49:46,911 - INFO - epoch=133 train_loss=0.1800 train_acc=0.904 val_loss=0.2705 val_acc=0.874
2026-01-26 11:49:49,909 - INFO - epoch=134 train_loss=0.1801 train_acc=0.905 val_loss=0.2619 val_acc=0.877
2026-01-26 11:49:52,906 - INFO - epoch=135 train_loss=0.1788 train_acc=0.905 val_loss=0.2650 val_acc=0.877
2026-01-26 11:49:55,910 - INFO - epoch=136 train_loss=0.1789 train_acc=0.905 val_loss=0.2665 val_acc=0.875
2026-01-26 11:49:58,888 - INFO - epoch=137 train_loss=0.1788 train_acc=0.905 val_loss=0.2657 val_acc=0.877
2026-01-26 11:50:01,899 - INFO - epoch=138 train_loss=0.1786 train_acc=0.905 val_loss=0.2669 val_acc=0.877
2026-01-26 11:50:04,916 - INFO - epoch=139 train_loss=0.1773 train_acc=0.906 val_loss=0.2622 val_acc=0.875
2026-01-26 11:50:07,869 - INFO - epoch=140 train_loss=0.1769 train_acc=0.905 val_loss=0.2665 val_acc=0.878
2026-01-26 11:50:10,883 - INFO - epoch=141 train_loss=0.1769 train_acc=0.906 val_loss=0.2677 val_acc=0.878
2026-01-26 11:50:13,866 - INFO - epoch=142 train_loss=0.1758 train_acc=0.907 val_loss=0.2683 val_acc=0.876
2026-01-26 11:50:16,823 - INFO - epoch=143 train_loss=0.1752 train_acc=0.906 val_loss=0.2666 val_acc=0.877
2026-01-26 11:50:19,798 - INFO - epoch=144 train_loss=0.1747 train_acc=0.907 val_loss=0.2655 val_acc=0.877
2026-01-26 11:50:22,820 - INFO - epoch=145 train_loss=0.1741 train_acc=0.907 val_loss=0.2682 val_acc=0.879
2026-01-26 11:50:25,799 - INFO - epoch=146 train_loss=0.1750 train_acc=0.907 val_loss=0.2650 val_acc=0.878
2026-01-26 11:50:28,762 - INFO - epoch=147 train_loss=0.1743 train_acc=0.908 val_loss=0.2701 val_acc=0.877
2026-01-26 11:50:31,742 - INFO - epoch=148 train_loss=0.1737 train_acc=0.908 val_loss=0.2665 val_acc=0.878
2026-01-26 11:50:34,738 - INFO - epoch=149 train_loss=0.1722 train_acc=0.909 val_loss=0.2660 val_acc=0.879
2026-01-26 11:50:37,724 - INFO - epoch=150 train_loss=0.1724 train_acc=0.908 val_loss=0.2665 val_acc=0.880
2026-01-26 11:50:40,729 - INFO - epoch=151 train_loss=0.1715 train_acc=0.908 val_loss=0.2642 val_acc=0.880
2026-01-26 11:50:43,749 - INFO - epoch=152 train_loss=0.1708 train_acc=0.908 val_loss=0.2688 val_acc=0.879
2026-01-26 11:50:46,752 - INFO - epoch=153 train_loss=0.1706 train_acc=0.910 val_loss=0.2714 val_acc=0.877
2026-01-26 11:50:49,707 - INFO - epoch=154 train_loss=0.1701 train_acc=0.910 val_loss=0.2704 val_acc=0.879
2026-01-26 11:50:52,704 - INFO - epoch=155 train_loss=0.1711 train_acc=0.909 val_loss=0.2663 val_acc=0.878
2026-01-26 11:50:55,685 - INFO - epoch=156 train_loss=0.1704 train_acc=0.910 val_loss=0.2694 val_acc=0.879
2026-01-26 11:50:58,656 - INFO - epoch=157 train_loss=0.1697 train_acc=0.911 val_loss=0.2727 val_acc=0.879
2026-01-26 11:51:01,642 - INFO - epoch=158 train_loss=0.1683 train_acc=0.911 val_loss=0.2703 val_acc=0.877
2026-01-26 11:51:04,622 - INFO - epoch=159 train_loss=0.1677 train_acc=0.911 val_loss=0.2721 val_acc=0.879
2026-01-26 11:51:07,631 - INFO - epoch=160 train_loss=0.1692 train_acc=0.911 val_loss=0.2684 val_acc=0.879
2026-01-26 11:51:10,628 - INFO - epoch=161 train_loss=0.1698 train_acc=0.910 val_loss=0.2752 val_acc=0.876
2026-01-26 11:51:13,643 - INFO - epoch=162 train_loss=0.1687 train_acc=0.911 val_loss=0.2696 val_acc=0.878
2026-01-26 11:51:16,618 - INFO - epoch=163 train_loss=0.1677 train_acc=0.912 val_loss=0.2733 val_acc=0.880
2026-01-26 11:51:19,617 - INFO - epoch=164 train_loss=0.1677 train_acc=0.912 val_loss=0.2660 val_acc=0.879
2026-01-26 11:51:22,596 - INFO - epoch=165 train_loss=0.1660 train_acc=0.911 val_loss=0.2719 val_acc=0.880
2026-01-26 11:51:25,593 - INFO - epoch=166 train_loss=0.1652 train_acc=0.913 val_loss=0.2681 val_acc=0.878
2026-01-26 11:51:28,587 - INFO - epoch=167 train_loss=0.1653 train_acc=0.911 val_loss=0.2727 val_acc=0.878
2026-01-26 11:51:31,575 - INFO - epoch=168 train_loss=0.1652 train_acc=0.912 val_loss=0.2733 val_acc=0.878
2026-01-26 11:51:34,561 - INFO - epoch=169 train_loss=0.1660 train_acc=0.912 val_loss=0.2698 val_acc=0.878
2026-01-26 11:51:37,554 - INFO - epoch=170 train_loss=0.1653 train_acc=0.912 val_loss=0.2735 val_acc=0.879
2026-01-26 11:51:40,506 - INFO - epoch=171 train_loss=0.1660 train_acc=0.913 val_loss=0.2681 val_acc=0.880
2026-01-26 11:51:43,491 - INFO - epoch=172 train_loss=0.1664 train_acc=0.912 val_loss=0.2730 val_acc=0.879
2026-01-26 11:51:46,513 - INFO - epoch=173 train_loss=0.1642 train_acc=0.912 val_loss=0.2704 val_acc=0.879
2026-01-26 11:51:49,510 - INFO - epoch=174 train_loss=0.1638 train_acc=0.914 val_loss=0.2703 val_acc=0.880
2026-01-26 11:51:52,470 - INFO - epoch=175 train_loss=0.1627 train_acc=0.915 val_loss=0.2716 val_acc=0.880
2026-01-26 11:51:55,433 - INFO - epoch=176 train_loss=0.1623 train_acc=0.914 val_loss=0.2713 val_acc=0.880
2026-01-26 11:51:58,400 - INFO - epoch=177 train_loss=0.1620 train_acc=0.915 val_loss=0.2748 val_acc=0.878
2026-01-26 11:52:01,407 - INFO - epoch=178 train_loss=0.1620 train_acc=0.914 val_loss=0.2762 val_acc=0.880
2026-01-26 11:52:04,379 - INFO - epoch=179 train_loss=0.1620 train_acc=0.915 val_loss=0.2741 val_acc=0.878
2026-01-26 11:52:07,361 - INFO - epoch=180 train_loss=0.1618 train_acc=0.915 val_loss=0.2789 val_acc=0.882
2026-01-26 11:52:10,366 - INFO - epoch=181 train_loss=0.1610 train_acc=0.916 val_loss=0.2704 val_acc=0.880
2026-01-26 11:52:13,341 - INFO - epoch=182 train_loss=0.1595 train_acc=0.916 val_loss=0.2751 val_acc=0.881
2026-01-26 11:52:16,343 - INFO - epoch=183 train_loss=0.1601 train_acc=0.917 val_loss=0.2709 val_acc=0.879
2026-01-26 11:52:19,325 - INFO - epoch=184 train_loss=0.1597 train_acc=0.916 val_loss=0.2786 val_acc=0.880
2026-01-26 11:52:22,321 - INFO - epoch=185 train_loss=0.1583 train_acc=0.917 val_loss=0.2761 val_acc=0.878
2026-01-26 11:52:25,295 - INFO - epoch=186 train_loss=0.1582 train_acc=0.917 val_loss=0.2742 val_acc=0.879
2026-01-26 11:52:28,277 - INFO - epoch=187 train_loss=0.1596 train_acc=0.916 val_loss=0.2716 val_acc=0.880
2026-01-26 11:52:31,243 - INFO - epoch=188 train_loss=0.1584 train_acc=0.917 val_loss=0.2791 val_acc=0.880
2026-01-26 11:52:34,257 - INFO - epoch=189 train_loss=0.1573 train_acc=0.918 val_loss=0.2734 val_acc=0.879
2026-01-26 11:52:37,235 - INFO - epoch=190 train_loss=0.1581 train_acc=0.917 val_loss=0.2783 val_acc=0.880
2026-01-26 11:52:40,207 - INFO - epoch=191 train_loss=0.1576 train_acc=0.917 val_loss=0.2731 val_acc=0.878
2026-01-26 11:52:43,193 - INFO - epoch=192 train_loss=0.1570 train_acc=0.918 val_loss=0.2806 val_acc=0.879
2026-01-26 11:52:46,182 - INFO - epoch=193 train_loss=0.1564 train_acc=0.918 val_loss=0.2810 val_acc=0.882
2026-01-26 11:52:49,170 - INFO - epoch=194 train_loss=0.1571 train_acc=0.918 val_loss=0.2772 val_acc=0.880
2026-01-26 11:52:52,168 - INFO - epoch=195 train_loss=0.1562 train_acc=0.919 val_loss=0.2789 val_acc=0.882
2026-01-26 11:52:55,170 - INFO - epoch=196 train_loss=0.1569 train_acc=0.919 val_loss=0.2767 val_acc=0.879
2026-01-26 11:52:58,109 - INFO - epoch=197 train_loss=0.1547 train_acc=0.919 val_loss=0.2842 val_acc=0.880
2026-01-26 11:53:01,088 - INFO - epoch=198 train_loss=0.1558 train_acc=0.919 val_loss=0.2840 val_acc=0.880
2026-01-26 11:53:04,067 - INFO - epoch=199 train_loss=0.1552 train_acc=0.920 val_loss=0.2829 val_acc=0.880
2026-01-26 11:53:07,042 - INFO - epoch=200 train_loss=0.1541 train_acc=0.920 val_loss=0.2835 val_acc=0.880
2026-01-26 11:53:10,040 - INFO - epoch=201 train_loss=0.1543 train_acc=0.920 val_loss=0.2830 val_acc=0.880
2026-01-26 11:53:13,032 - INFO - epoch=202 train_loss=0.1537 train_acc=0.920 val_loss=0.2764 val_acc=0.882
2026-01-26 11:53:16,008 - INFO - epoch=203 train_loss=0.1532 train_acc=0.920 val_loss=0.2775 val_acc=0.883
2026-01-26 11:53:18,979 - INFO - epoch=204 train_loss=0.1527 train_acc=0.920 val_loss=0.2828 val_acc=0.881
2026-01-26 11:53:21,966 - INFO - epoch=205 train_loss=0.1533 train_acc=0.920 val_loss=0.2812 val_acc=0.882
2026-01-26 11:53:24,918 - INFO - epoch=206 train_loss=0.1525 train_acc=0.921 val_loss=0.2788 val_acc=0.881
2026-01-26 11:53:27,879 - INFO - epoch=207 train_loss=0.1514 train_acc=0.921 val_loss=0.2837 val_acc=0.880
2026-01-26 11:53:30,876 - INFO - epoch=208 train_loss=0.1513 train_acc=0.922 val_loss=0.2841 val_acc=0.880
2026-01-26 11:53:33,848 - INFO - epoch=209 train_loss=0.1521 train_acc=0.921 val_loss=0.2822 val_acc=0.881
2026-01-26 11:53:36,830 - INFO - epoch=210 train_loss=0.1508 train_acc=0.922 val_loss=0.2823 val_acc=0.881
2026-01-26 11:53:39,815 - INFO - epoch=211 train_loss=0.1509 train_acc=0.921 val_loss=0.2828 val_acc=0.882
2026-01-26 11:53:42,779 - INFO - epoch=212 train_loss=0.1501 train_acc=0.922 val_loss=0.2835 val_acc=0.882
2026-01-26 11:53:45,757 - INFO - epoch=213 train_loss=0.1492 train_acc=0.922 val_loss=0.2855 val_acc=0.882
2026-01-26 11:53:48,758 - INFO - epoch=214 train_loss=0.1499 train_acc=0.922 val_loss=0.2901 val_acc=0.881
2026-01-26 11:53:51,753 - INFO - epoch=215 train_loss=0.1494 train_acc=0.923 val_loss=0.2867 val_acc=0.881
2026-01-26 11:53:54,715 - INFO - epoch=216 train_loss=0.1497 train_acc=0.922 val_loss=0.2892 val_acc=0.879
2026-01-26 11:53:57,675 - INFO - epoch=217 train_loss=0.1480 train_acc=0.923 val_loss=0.2872 val_acc=0.882
2026-01-26 11:54:00,665 - INFO - epoch=218 train_loss=0.1484 train_acc=0.923 val_loss=0.2907 val_acc=0.880
2026-01-26 11:54:03,670 - INFO - epoch=219 train_loss=0.1490 train_acc=0.923 val_loss=0.2873 val_acc=0.882
2026-01-26 11:54:06,662 - INFO - epoch=220 train_loss=0.1474 train_acc=0.923 val_loss=0.2885 val_acc=0.881
2026-01-26 11:54:09,674 - INFO - epoch=221 train_loss=0.1474 train_acc=0.924 val_loss=0.2875 val_acc=0.881
2026-01-26 11:54:12,681 - INFO - epoch=222 train_loss=0.1476 train_acc=0.924 val_loss=0.2796 val_acc=0.882
2026-01-26 11:54:15,677 - INFO - epoch=223 train_loss=0.1469 train_acc=0.924 val_loss=0.2867 val_acc=0.885
2026-01-26 11:54:18,684 - INFO - epoch=224 train_loss=0.1468 train_acc=0.924 val_loss=0.2909 val_acc=0.884
2026-01-26 11:54:21,672 - INFO - epoch=225 train_loss=0.1455 train_acc=0.925 val_loss=0.2846 val_acc=0.882
2026-01-26 11:54:24,662 - INFO - epoch=226 train_loss=0.1447 train_acc=0.926 val_loss=0.2891 val_acc=0.882
2026-01-26 11:54:27,620 - INFO - epoch=227 train_loss=0.1467 train_acc=0.924 val_loss=0.2948 val_acc=0.881
2026-01-26 11:54:30,619 - INFO - epoch=228 train_loss=0.1459 train_acc=0.925 val_loss=0.2883 val_acc=0.883
2026-01-26 11:54:33,618 - INFO - epoch=229 train_loss=0.1448 train_acc=0.926 val_loss=0.2979 val_acc=0.883
2026-01-26 11:54:36,621 - INFO - epoch=230 train_loss=0.1457 train_acc=0.925 val_loss=0.2966 val_acc=0.882
2026-01-26 11:54:39,583 - INFO - epoch=231 train_loss=0.1454 train_acc=0.924 val_loss=0.2829 val_acc=0.883
2026-01-26 11:54:42,560 - INFO - epoch=232 train_loss=0.1454 train_acc=0.926 val_loss=0.2969 val_acc=0.883
2026-01-26 11:54:45,553 - INFO - epoch=233 train_loss=0.1439 train_acc=0.926 val_loss=0.2916 val_acc=0.884
2026-01-26 11:54:48,551 - INFO - epoch=234 train_loss=0.1435 train_acc=0.926 val_loss=0.2954 val_acc=0.882
2026-01-26 11:54:51,552 - INFO - epoch=235 train_loss=0.1445 train_acc=0.926 val_loss=0.2946 val_acc=0.881
2026-01-26 11:54:54,552 - INFO - epoch=236 train_loss=0.1444 train_acc=0.926 val_loss=0.3005 val_acc=0.884
2026-01-26 11:54:57,538 - INFO - epoch=237 train_loss=0.1445 train_acc=0.925 val_loss=0.2922 val_acc=0.884
2026-01-26 11:55:00,533 - INFO - epoch=238 train_loss=0.1446 train_acc=0.926 val_loss=0.2982 val_acc=0.883
2026-01-26 11:55:03,554 - INFO - epoch=239 train_loss=0.1433 train_acc=0.926 val_loss=0.2902 val_acc=0.883
2026-01-26 11:55:06,572 - INFO - epoch=240 train_loss=0.1427 train_acc=0.927 val_loss=0.2892 val_acc=0.882
2026-01-26 11:55:09,589 - INFO - epoch=241 train_loss=0.1425 train_acc=0.927 val_loss=0.2912 val_acc=0.884
2026-01-26 11:55:12,588 - INFO - epoch=242 train_loss=0.1432 train_acc=0.927 val_loss=0.2908 val_acc=0.883
2026-01-26 11:55:15,567 - INFO - epoch=243 train_loss=0.1431 train_acc=0.927 val_loss=0.2975 val_acc=0.881
2026-01-26 11:55:18,571 - INFO - epoch=244 train_loss=0.1433 train_acc=0.927 val_loss=0.2981 val_acc=0.883
2026-01-26 11:55:21,544 - INFO - epoch=245 train_loss=0.1418 train_acc=0.927 val_loss=0.2974 val_acc=0.881
2026-01-26 11:55:24,559 - INFO - epoch=246 train_loss=0.1415 train_acc=0.927 val_loss=0.2972 val_acc=0.883
2026-01-26 11:55:27,541 - INFO - epoch=247 train_loss=0.1409 train_acc=0.928 val_loss=0.2997 val_acc=0.882
2026-01-26 11:55:30,530 - INFO - epoch=248 train_loss=0.1409 train_acc=0.928 val_loss=0.2984 val_acc=0.883
2026-01-26 11:55:33,521 - INFO - epoch=249 train_loss=0.1405 train_acc=0.928 val_loss=0.3002 val_acc=0.883
2026-01-26 11:55:36,476 - INFO - epoch=250 train_loss=0.1396 train_acc=0.928 val_loss=0.2975 val_acc=0.885
2026-01-26 11:55:39,472 - INFO - epoch=251 train_loss=0.1390 train_acc=0.929 val_loss=0.3002 val_acc=0.884
2026-01-26 11:55:42,444 - INFO - epoch=252 train_loss=0.1396 train_acc=0.929 val_loss=0.2977 val_acc=0.883
2026-01-26 11:55:45,420 - INFO - epoch=253 train_loss=0.1380 train_acc=0.930 val_loss=0.2975 val_acc=0.884
2026-01-26 11:55:48,411 - INFO - epoch=254 train_loss=0.1370 train_acc=0.929 val_loss=0.3015 val_acc=0.885
2026-01-26 11:55:51,393 - INFO - epoch=255 train_loss=0.1388 train_acc=0.929 val_loss=0.2917 val_acc=0.883
2026-01-26 11:55:54,387 - INFO - epoch=256 train_loss=0.1386 train_acc=0.929 val_loss=0.3046 val_acc=0.885
2026-01-26 11:55:57,372 - INFO - epoch=257 train_loss=0.1380 train_acc=0.929 val_loss=0.3035 val_acc=0.883
2026-01-26 11:56:00,372 - INFO - epoch=258 train_loss=0.1384 train_acc=0.930 val_loss=0.2977 val_acc=0.883
2026-01-26 11:56:03,322 - INFO - epoch=259 train_loss=0.1375 train_acc=0.930 val_loss=0.3012 val_acc=0.883
2026-01-26 11:56:06,315 - INFO - epoch=260 train_loss=0.1365 train_acc=0.930 val_loss=0.3063 val_acc=0.884
2026-01-26 11:56:09,330 - INFO - epoch=261 train_loss=0.1362 train_acc=0.930 val_loss=0.3036 val_acc=0.884
2026-01-26 11:56:12,323 - INFO - epoch=262 train_loss=0.1353 train_acc=0.931 val_loss=0.3030 val_acc=0.884
2026-01-26 11:56:15,319 - INFO - epoch=263 train_loss=0.1359 train_acc=0.930 val_loss=0.3058 val_acc=0.882
2026-01-26 11:56:18,307 - INFO - epoch=264 train_loss=0.1347 train_acc=0.931 val_loss=0.3056 val_acc=0.885
2026-01-26 11:56:21,304 - INFO - epoch=265 train_loss=0.1337 train_acc=0.932 val_loss=0.3095 val_acc=0.885
2026-01-26 11:56:24,329 - INFO - epoch=266 train_loss=0.1342 train_acc=0.932 val_loss=0.2980 val_acc=0.885
2026-01-26 11:56:27,308 - INFO - epoch=267 train_loss=0.1354 train_acc=0.931 val_loss=0.2990 val_acc=0.885
2026-01-26 11:56:30,303 - INFO - epoch=268 train_loss=0.1351 train_acc=0.932 val_loss=0.3039 val_acc=0.885
2026-01-26 11:56:33,285 - INFO - epoch=269 train_loss=0.1341 train_acc=0.931 val_loss=0.3007 val_acc=0.883
2026-01-26 11:56:36,291 - INFO - epoch=270 train_loss=0.1347 train_acc=0.932 val_loss=0.3063 val_acc=0.884
2026-01-26 11:56:39,264 - INFO - epoch=271 train_loss=0.1337 train_acc=0.932 val_loss=0.3053 val_acc=0.882
2026-01-26 11:56:42,258 - INFO - epoch=272 train_loss=0.1342 train_acc=0.932 val_loss=0.3111 val_acc=0.885
2026-01-26 11:56:45,239 - INFO - epoch=273 train_loss=0.1344 train_acc=0.932 val_loss=0.2984 val_acc=0.886
2026-01-26 11:56:48,231 - INFO - epoch=274 train_loss=0.1343 train_acc=0.933 val_loss=0.2999 val_acc=0.887
2026-01-26 11:56:51,220 - INFO - epoch=275 train_loss=0.1319 train_acc=0.934 val_loss=0.3041 val_acc=0.885
2026-01-26 11:56:54,196 - INFO - epoch=276 train_loss=0.1332 train_acc=0.933 val_loss=0.3048 val_acc=0.883
2026-01-26 11:56:57,178 - INFO - epoch=277 train_loss=0.1333 train_acc=0.933 val_loss=0.3050 val_acc=0.887
2026-01-26 11:57:00,208 - INFO - epoch=278 train_loss=0.1328 train_acc=0.933 val_loss=0.3040 val_acc=0.885
2026-01-26 11:57:03,201 - INFO - epoch=279 train_loss=0.1324 train_acc=0.933 val_loss=0.3054 val_acc=0.885
2026-01-26 11:57:06,178 - INFO - epoch=280 train_loss=0.1330 train_acc=0.932 val_loss=0.2968 val_acc=0.886
2026-01-26 11:57:09,193 - INFO - epoch=281 train_loss=0.1333 train_acc=0.933 val_loss=0.3024 val_acc=0.886
2026-01-26 11:57:12,171 - INFO - epoch=282 train_loss=0.1328 train_acc=0.932 val_loss=0.3032 val_acc=0.885
2026-01-26 11:57:15,150 - INFO - epoch=283 train_loss=0.1312 train_acc=0.934 val_loss=0.3151 val_acc=0.884
2026-01-26 11:57:18,127 - INFO - epoch=284 train_loss=0.1311 train_acc=0.934 val_loss=0.3037 val_acc=0.885
2026-01-26 11:57:21,107 - INFO - epoch=285 train_loss=0.1309 train_acc=0.934 val_loss=0.3099 val_acc=0.886
2026-01-26 11:57:24,105 - INFO - epoch=286 train_loss=0.1297 train_acc=0.935 val_loss=0.3078 val_acc=0.887
2026-01-26 11:57:27,105 - INFO - epoch=287 train_loss=0.1308 train_acc=0.934 val_loss=0.3084 val_acc=0.886
2026-01-26 11:57:30,104 - INFO - epoch=288 train_loss=0.1308 train_acc=0.934 val_loss=0.3086 val_acc=0.887
2026-01-26 11:57:33,118 - INFO - epoch=289 train_loss=0.1303 train_acc=0.935 val_loss=0.3129 val_acc=0.885
2026-01-26 11:57:36,124 - INFO - epoch=290 train_loss=0.1299 train_acc=0.934 val_loss=0.3033 val_acc=0.885
2026-01-26 11:57:39,141 - INFO - epoch=291 train_loss=0.1306 train_acc=0.934 val_loss=0.3090 val_acc=0.886
2026-01-26 11:57:42,133 - INFO - epoch=292 train_loss=0.1296 train_acc=0.935 val_loss=0.3088 val_acc=0.885
2026-01-26 11:57:45,128 - INFO - epoch=293 train_loss=0.1293 train_acc=0.935 val_loss=0.3147 val_acc=0.886
2026-01-26 11:57:48,099 - INFO - epoch=294 train_loss=0.1287 train_acc=0.935 val_loss=0.3050 val_acc=0.885
2026-01-26 11:57:51,110 - INFO - epoch=295 train_loss=0.1277 train_acc=0.936 val_loss=0.3122 val_acc=0.885
2026-01-26 11:57:54,117 - INFO - epoch=296 train_loss=0.1274 train_acc=0.936 val_loss=0.3177 val_acc=0.885
2026-01-26 11:57:57,132 - INFO - epoch=297 train_loss=0.1286 train_acc=0.935 val_loss=0.3112 val_acc=0.885
2026-01-26 11:58:00,140 - INFO - epoch=298 train_loss=0.1276 train_acc=0.936 val_loss=0.3158 val_acc=0.887
2026-01-26 11:58:03,133 - INFO - epoch=299 train_loss=0.1255 train_acc=0.937 val_loss=0.3153 val_acc=0.887
2026-01-26 11:58:06,114 - INFO - epoch=300 train_loss=0.1274 train_acc=0.936 val_loss=0.3288 val_acc=0.886
2026-01-26 11:58:06,190 - INFO - saved: /home/jinlin/data/geoexplicit_data/experiments/icml2026_routegen/WAYCASD1_waydata_rustbelt_seed0_strict_v1/W6_train_ae_sem5/report.json
