2026-01-26 11:58:07,703 - INFO - device=cuda
2026-01-26 11:58:07,709 - INFO - loaded way_semantic: n_channels=5
2026-01-26 11:58:07,715 - INFO - routes: total=5392 train=4853 val=539 max_way_len=160
/home/jinlin/miniconda3/envs/dpl/lib/python3.11/site-packages/torch/nn/modules/transformer.py:392: UserWarning: enable_nested_tensor is True, but self.use_nested_tensor is False because encoder_layer.norm_first was True
  warnings.warn(
2026-01-26 11:58:08,858 - INFO - init best_val_loss=3.915220 from current weights (epoch=0)
2026-01-26 11:58:10,599 - INFO - epoch=1 train_loss=3.5265 val_loss=3.1039
2026-01-26 11:58:11,906 - INFO - epoch=2 train_loss=2.9580 val_loss=2.6882
2026-01-26 11:58:13,189 - INFO - epoch=3 train_loss=2.6889 val_loss=2.5002
2026-01-26 11:58:14,494 - INFO - epoch=4 train_loss=2.4798 val_loss=2.3377
2026-01-26 11:58:15,800 - INFO - epoch=5 train_loss=2.3561 val_loss=2.2206
2026-01-26 11:58:17,086 - INFO - epoch=6 train_loss=2.2466 val_loss=2.1327
2026-01-26 11:58:18,398 - INFO - epoch=7 train_loss=2.1828 val_loss=2.0934
2026-01-26 11:58:19,688 - INFO - epoch=8 train_loss=2.1169 val_loss=2.0622
2026-01-26 11:58:20,995 - INFO - epoch=9 train_loss=2.0671 val_loss=1.9799
2026-01-26 11:58:22,297 - INFO - epoch=10 train_loss=2.0442 val_loss=1.9739
2026-01-26 11:58:23,588 - INFO - epoch=11 train_loss=2.0092 val_loss=1.9386
2026-01-26 11:58:24,884 - INFO - epoch=12 train_loss=1.9891 val_loss=1.9548
2026-01-26 11:58:26,158 - INFO - epoch=13 train_loss=1.9693 val_loss=1.9034
2026-01-26 11:58:27,436 - INFO - epoch=14 train_loss=1.9559 val_loss=1.8942
2026-01-26 11:58:28,748 - INFO - epoch=15 train_loss=1.9322 val_loss=1.8778
2026-01-26 11:58:30,037 - INFO - epoch=16 train_loss=1.9181 val_loss=1.8756
2026-01-26 11:58:31,335 - INFO - epoch=17 train_loss=1.9104 val_loss=1.8416
2026-01-26 11:58:32,624 - INFO - epoch=18 train_loss=1.9008 val_loss=1.8335
2026-01-26 11:58:33,933 - INFO - epoch=19 train_loss=1.8848 val_loss=1.8124
2026-01-26 11:58:35,256 - INFO - epoch=20 train_loss=1.8755 val_loss=1.7853
2026-01-26 11:58:36,541 - INFO - epoch=21 train_loss=1.8614 val_loss=1.8215
2026-01-26 11:58:37,801 - INFO - epoch=22 train_loss=1.8535 val_loss=1.7837
2026-01-26 11:58:39,122 - INFO - epoch=23 train_loss=1.8574 val_loss=1.7939
2026-01-26 11:58:40,396 - INFO - epoch=24 train_loss=1.8469 val_loss=1.7730
2026-01-26 11:58:41,696 - INFO - epoch=25 train_loss=1.8367 val_loss=1.7512
2026-01-26 11:58:42,975 - INFO - epoch=26 train_loss=1.8325 val_loss=1.7339
2026-01-26 11:58:44,301 - INFO - epoch=27 train_loss=1.8346 val_loss=1.7429
2026-01-26 11:58:45,594 - INFO - epoch=28 train_loss=1.8227 val_loss=1.7980
2026-01-26 11:58:46,879 - INFO - epoch=29 train_loss=1.8032 val_loss=1.7511
2026-01-26 11:58:48,144 - INFO - epoch=30 train_loss=1.8043 val_loss=1.7336
2026-01-26 11:58:49,454 - INFO - epoch=31 train_loss=1.8039 val_loss=1.7708
2026-01-26 11:58:50,729 - INFO - epoch=32 train_loss=1.7910 val_loss=1.7141
2026-01-26 11:58:52,033 - INFO - epoch=33 train_loss=1.7909 val_loss=1.7297
2026-01-26 11:58:53,320 - INFO - epoch=34 train_loss=1.7794 val_loss=1.7486
2026-01-26 11:58:54,590 - INFO - epoch=35 train_loss=1.7730 val_loss=1.7349
2026-01-26 11:58:55,863 - INFO - epoch=36 train_loss=1.7652 val_loss=1.7306
2026-01-26 11:58:57,163 - INFO - epoch=37 train_loss=1.7751 val_loss=1.7017
2026-01-26 11:58:58,467 - INFO - epoch=38 train_loss=1.7709 val_loss=1.6995
2026-01-26 11:58:59,761 - INFO - epoch=39 train_loss=1.7617 val_loss=1.6784
2026-01-26 11:59:01,073 - INFO - epoch=40 train_loss=1.7615 val_loss=1.6970
2026-01-26 11:59:02,338 - INFO - epoch=41 train_loss=1.7650 val_loss=1.7154
2026-01-26 11:59:03,602 - INFO - epoch=42 train_loss=1.7602 val_loss=1.7089
2026-01-26 11:59:04,879 - INFO - epoch=43 train_loss=1.7522 val_loss=1.6943
2026-01-26 11:59:06,145 - INFO - epoch=44 train_loss=1.7430 val_loss=1.6870
2026-01-26 11:59:07,418 - INFO - epoch=45 train_loss=1.7440 val_loss=1.6949
2026-01-26 11:59:08,676 - INFO - epoch=46 train_loss=1.7249 val_loss=1.6862
2026-01-26 11:59:09,943 - INFO - epoch=47 train_loss=1.7275 val_loss=1.6708
2026-01-26 11:59:11,235 - INFO - epoch=48 train_loss=1.7243 val_loss=1.6636
2026-01-26 11:59:12,510 - INFO - epoch=49 train_loss=1.7296 val_loss=1.6679
2026-01-26 11:59:13,794 - INFO - epoch=50 train_loss=1.7214 val_loss=1.6600
2026-01-26 11:59:15,136 - INFO - epoch=51 train_loss=1.7142 val_loss=1.6680
2026-01-26 11:59:16,407 - INFO - epoch=52 train_loss=1.7153 val_loss=1.6481
2026-01-26 11:59:17,701 - INFO - epoch=53 train_loss=1.7194 val_loss=1.6704
2026-01-26 11:59:18,976 - INFO - epoch=54 train_loss=1.7124 val_loss=1.6374
2026-01-26 11:59:20,278 - INFO - epoch=55 train_loss=1.7058 val_loss=1.6554
2026-01-26 11:59:21,542 - INFO - epoch=56 train_loss=1.6995 val_loss=1.6164
2026-01-26 11:59:22,851 - INFO - epoch=57 train_loss=1.6971 val_loss=1.6570
2026-01-26 11:59:24,120 - INFO - epoch=58 train_loss=1.6992 val_loss=1.6809
2026-01-26 11:59:25,386 - INFO - epoch=59 train_loss=1.6944 val_loss=1.6327
2026-01-26 11:59:26,687 - INFO - epoch=60 train_loss=1.6935 val_loss=1.6342
2026-01-26 11:59:27,952 - INFO - epoch=61 train_loss=1.6962 val_loss=1.6365
2026-01-26 11:59:29,225 - INFO - epoch=62 train_loss=1.6823 val_loss=1.6421
2026-01-26 11:59:30,495 - INFO - epoch=63 train_loss=1.6877 val_loss=1.6373
2026-01-26 11:59:31,752 - INFO - epoch=64 train_loss=1.6854 val_loss=1.6265
2026-01-26 11:59:33,021 - INFO - epoch=65 train_loss=1.6774 val_loss=1.6505
2026-01-26 11:59:34,284 - INFO - epoch=66 train_loss=1.6787 val_loss=1.6298
2026-01-26 11:59:35,574 - INFO - epoch=67 train_loss=1.6771 val_loss=1.6143
2026-01-26 11:59:36,893 - INFO - epoch=68 train_loss=1.6717 val_loss=1.6328
2026-01-26 11:59:38,182 - INFO - epoch=69 train_loss=1.6652 val_loss=1.5992
2026-01-26 11:59:39,480 - INFO - epoch=70 train_loss=1.6758 val_loss=1.6211
2026-01-26 11:59:40,749 - INFO - epoch=71 train_loss=1.6675 val_loss=1.6085
2026-01-26 11:59:42,022 - INFO - epoch=72 train_loss=1.6631 val_loss=1.6165
2026-01-26 11:59:43,294 - INFO - epoch=73 train_loss=1.6709 val_loss=1.6285
2026-01-26 11:59:44,551 - INFO - epoch=74 train_loss=1.6542 val_loss=1.5822
2026-01-26 11:59:45,863 - INFO - epoch=75 train_loss=1.6513 val_loss=1.5877
2026-01-26 11:59:47,137 - INFO - epoch=76 train_loss=1.6566 val_loss=1.6186
2026-01-26 11:59:48,424 - INFO - epoch=77 train_loss=1.6569 val_loss=1.5794
2026-01-26 11:59:49,715 - INFO - epoch=78 train_loss=1.6539 val_loss=1.5749
2026-01-26 11:59:50,989 - INFO - epoch=79 train_loss=1.6536 val_loss=1.5811
2026-01-26 11:59:52,244 - INFO - epoch=80 train_loss=1.6481 val_loss=1.5812
2026-01-26 11:59:53,506 - INFO - epoch=81 train_loss=1.6506 val_loss=1.5963
2026-01-26 11:59:54,770 - INFO - epoch=82 train_loss=1.6443 val_loss=1.5968
2026-01-26 11:59:56,047 - INFO - epoch=83 train_loss=1.6411 val_loss=1.5997
2026-01-26 11:59:57,335 - INFO - epoch=84 train_loss=1.6401 val_loss=1.5771
2026-01-26 11:59:58,605 - INFO - epoch=85 train_loss=1.6447 val_loss=1.5866
2026-01-26 11:59:59,877 - INFO - epoch=86 train_loss=1.6397 val_loss=1.5793
2026-01-26 12:00:01,160 - INFO - epoch=87 train_loss=1.6411 val_loss=1.5798
2026-01-26 12:00:02,438 - INFO - epoch=88 train_loss=1.6358 val_loss=1.5675
2026-01-26 12:00:03,723 - INFO - epoch=89 train_loss=1.6328 val_loss=1.5762
2026-01-26 12:00:04,984 - INFO - epoch=90 train_loss=1.6308 val_loss=1.5840
2026-01-26 12:00:06,256 - INFO - epoch=91 train_loss=1.6352 val_loss=1.6039
2026-01-26 12:00:07,541 - INFO - epoch=92 train_loss=1.6315 val_loss=1.5665
2026-01-26 12:00:08,831 - INFO - epoch=93 train_loss=1.6260 val_loss=1.5614
2026-01-26 12:00:10,106 - INFO - epoch=94 train_loss=1.6208 val_loss=1.5916
2026-01-26 12:00:11,362 - INFO - epoch=95 train_loss=1.6242 val_loss=1.5517
2026-01-26 12:00:12,664 - INFO - epoch=96 train_loss=1.6179 val_loss=1.5556
2026-01-26 12:00:13,937 - INFO - epoch=97 train_loss=1.6210 val_loss=1.5603
2026-01-26 12:00:15,198 - INFO - epoch=98 train_loss=1.6142 val_loss=1.5655
2026-01-26 12:00:16,460 - INFO - epoch=99 train_loss=1.6150 val_loss=1.5604
2026-01-26 12:00:17,755 - INFO - epoch=100 train_loss=1.6189 val_loss=1.5708
2026-01-26 12:00:19,109 - INFO - epoch=101 train_loss=1.6213 val_loss=1.5605
2026-01-26 12:00:20,379 - INFO - epoch=102 train_loss=1.6112 val_loss=1.5546
2026-01-26 12:00:21,650 - INFO - epoch=103 train_loss=1.6045 val_loss=1.5510
2026-01-26 12:00:22,919 - INFO - epoch=104 train_loss=1.6070 val_loss=1.5628
2026-01-26 12:00:24,215 - INFO - epoch=105 train_loss=1.6113 val_loss=1.5674
2026-01-26 12:00:25,496 - INFO - epoch=106 train_loss=1.6130 val_loss=1.5613
2026-01-26 12:00:26,784 - INFO - epoch=107 train_loss=1.6057 val_loss=1.5486
2026-01-26 12:00:28,078 - INFO - epoch=108 train_loss=1.6121 val_loss=1.5441
2026-01-26 12:00:29,358 - INFO - epoch=109 train_loss=1.6027 val_loss=1.5389
2026-01-26 12:00:30,662 - INFO - epoch=110 train_loss=1.5993 val_loss=1.5410
2026-01-26 12:00:31,928 - INFO - epoch=111 train_loss=1.6009 val_loss=1.5450
2026-01-26 12:00:33,192 - INFO - epoch=112 train_loss=1.5988 val_loss=1.5258
2026-01-26 12:00:34,489 - INFO - epoch=113 train_loss=1.5872 val_loss=1.5308
2026-01-26 12:00:35,766 - INFO - epoch=114 train_loss=1.5927 val_loss=1.5441
2026-01-26 12:00:37,041 - INFO - epoch=115 train_loss=1.5987 val_loss=1.5395
2026-01-26 12:00:38,295 - INFO - epoch=116 train_loss=1.6001 val_loss=1.5374
2026-01-26 12:00:39,554 - INFO - epoch=117 train_loss=1.5959 val_loss=1.5495
2026-01-26 12:00:40,821 - INFO - epoch=118 train_loss=1.5957 val_loss=1.5458
2026-01-26 12:00:42,086 - INFO - epoch=119 train_loss=1.5866 val_loss=1.5468
2026-01-26 12:00:43,376 - INFO - epoch=120 train_loss=1.5887 val_loss=1.5284
2026-01-26 12:00:44,650 - INFO - epoch=121 train_loss=1.5798 val_loss=1.5375
2026-01-26 12:00:45,930 - INFO - epoch=122 train_loss=1.5844 val_loss=1.5518
2026-01-26 12:00:47,194 - INFO - epoch=123 train_loss=1.5792 val_loss=1.5339
2026-01-26 12:00:48,465 - INFO - epoch=124 train_loss=1.5918 val_loss=1.5148
2026-01-26 12:00:49,767 - INFO - epoch=125 train_loss=1.5889 val_loss=1.5255
2026-01-26 12:00:51,024 - INFO - epoch=126 train_loss=1.5826 val_loss=1.5374
2026-01-26 12:00:52,287 - INFO - epoch=127 train_loss=1.5851 val_loss=1.5370
2026-01-26 12:00:53,551 - INFO - epoch=128 train_loss=1.5873 val_loss=1.5320
2026-01-26 12:00:54,812 - INFO - epoch=129 train_loss=1.5692 val_loss=1.5073
2026-01-26 12:00:56,090 - INFO - epoch=130 train_loss=1.5737 val_loss=1.5188
2026-01-26 12:00:57,339 - INFO - epoch=131 train_loss=1.5737 val_loss=1.5107
2026-01-26 12:00:58,597 - INFO - epoch=132 train_loss=1.5763 val_loss=1.4899
2026-01-26 12:00:59,899 - INFO - epoch=133 train_loss=1.5696 val_loss=1.5171
2026-01-26 12:01:01,173 - INFO - epoch=134 train_loss=1.5749 val_loss=1.5309
2026-01-26 12:01:02,440 - INFO - epoch=135 train_loss=1.5761 val_loss=1.5249
2026-01-26 12:01:03,717 - INFO - epoch=136 train_loss=1.5704 val_loss=1.5304
2026-01-26 12:01:04,969 - INFO - epoch=137 train_loss=1.5736 val_loss=1.5214
2026-01-26 12:01:06,235 - INFO - epoch=138 train_loss=1.5720 val_loss=1.5148
2026-01-26 12:01:07,523 - INFO - epoch=139 train_loss=1.5692 val_loss=1.4974
2026-01-26 12:01:08,799 - INFO - epoch=140 train_loss=1.5608 val_loss=1.5331
2026-01-26 12:01:10,067 - INFO - epoch=141 train_loss=1.5606 val_loss=1.4863
2026-01-26 12:01:11,345 - INFO - epoch=142 train_loss=1.5621 val_loss=1.5138
2026-01-26 12:01:12,643 - INFO - epoch=143 train_loss=1.5700 val_loss=1.5080
2026-01-26 12:01:13,925 - INFO - epoch=144 train_loss=1.5537 val_loss=1.5133
2026-01-26 12:01:15,191 - INFO - epoch=145 train_loss=1.5543 val_loss=1.4974
2026-01-26 12:01:16,480 - INFO - epoch=146 train_loss=1.5559 val_loss=1.5163
2026-01-26 12:01:17,752 - INFO - epoch=147 train_loss=1.5603 val_loss=1.5122
2026-01-26 12:01:19,034 - INFO - epoch=148 train_loss=1.5585 val_loss=1.4977
2026-01-26 12:01:20,333 - INFO - epoch=149 train_loss=1.5446 val_loss=1.4850
2026-01-26 12:01:21,628 - INFO - epoch=150 train_loss=1.5549 val_loss=1.4781
2026-01-26 12:01:23,005 - INFO - epoch=151 train_loss=1.5557 val_loss=1.5249
2026-01-26 12:01:24,288 - INFO - epoch=152 train_loss=1.5513 val_loss=1.4731
2026-01-26 12:01:25,600 - INFO - epoch=153 train_loss=1.5546 val_loss=1.4721
2026-01-26 12:01:26,875 - INFO - epoch=154 train_loss=1.5510 val_loss=1.5073
2026-01-26 12:01:28,153 - INFO - epoch=155 train_loss=1.5565 val_loss=1.4976
2026-01-26 12:01:29,433 - INFO - epoch=156 train_loss=1.5453 val_loss=1.4839
2026-01-26 12:01:30,724 - INFO - epoch=157 train_loss=1.5449 val_loss=1.4859
2026-01-26 12:01:31,988 - INFO - epoch=158 train_loss=1.5468 val_loss=1.4803
2026-01-26 12:01:33,273 - INFO - epoch=159 train_loss=1.5407 val_loss=1.5038
2026-01-26 12:01:34,543 - INFO - epoch=160 train_loss=1.5528 val_loss=1.4932
2026-01-26 12:01:35,807 - INFO - epoch=161 train_loss=1.5425 val_loss=1.4808
2026-01-26 12:01:37,076 - INFO - epoch=162 train_loss=1.5467 val_loss=1.4891
2026-01-26 12:01:38,356 - INFO - epoch=163 train_loss=1.5370 val_loss=1.4701
2026-01-26 12:01:39,652 - INFO - epoch=164 train_loss=1.5353 val_loss=1.5017
2026-01-26 12:01:40,930 - INFO - epoch=165 train_loss=1.5397 val_loss=1.4955
2026-01-26 12:01:42,194 - INFO - epoch=166 train_loss=1.5400 val_loss=1.4880
2026-01-26 12:01:43,457 - INFO - epoch=167 train_loss=1.5449 val_loss=1.4819
2026-01-26 12:01:44,723 - INFO - epoch=168 train_loss=1.5324 val_loss=1.4761
2026-01-26 12:01:46,025 - INFO - epoch=169 train_loss=1.5413 val_loss=1.4930
2026-01-26 12:01:47,288 - INFO - epoch=170 train_loss=1.5355 val_loss=1.4750
2026-01-26 12:01:48,561 - INFO - epoch=171 train_loss=1.5340 val_loss=1.4643
2026-01-26 12:01:49,871 - INFO - epoch=172 train_loss=1.5305 val_loss=1.4853
2026-01-26 12:01:51,140 - INFO - epoch=173 train_loss=1.5294 val_loss=1.4766
2026-01-26 12:01:52,405 - INFO - epoch=174 train_loss=1.5273 val_loss=1.4951
2026-01-26 12:01:53,676 - INFO - epoch=175 train_loss=1.5378 val_loss=1.4854
2026-01-26 12:01:54,943 - INFO - epoch=176 train_loss=1.5348 val_loss=1.4812
2026-01-26 12:01:56,251 - INFO - epoch=177 train_loss=1.5284 val_loss=1.4713
2026-01-26 12:01:57,523 - INFO - epoch=178 train_loss=1.5303 val_loss=1.4582
2026-01-26 12:01:58,831 - INFO - epoch=179 train_loss=1.5272 val_loss=1.4846
2026-01-26 12:02:00,105 - INFO - epoch=180 train_loss=1.5218 val_loss=1.4470
2026-01-26 12:02:01,401 - INFO - epoch=181 train_loss=1.5256 val_loss=1.4639
2026-01-26 12:02:02,678 - INFO - epoch=182 train_loss=1.5246 val_loss=1.4817
2026-01-26 12:02:03,944 - INFO - epoch=183 train_loss=1.5347 val_loss=1.4912
2026-01-26 12:02:05,206 - INFO - epoch=184 train_loss=1.5324 val_loss=1.4848
2026-01-26 12:02:06,475 - INFO - epoch=185 train_loss=1.5196 val_loss=1.4960
2026-01-26 12:02:07,745 - INFO - epoch=186 train_loss=1.5267 val_loss=1.4770
2026-01-26 12:02:09,040 - INFO - epoch=187 train_loss=1.5206 val_loss=1.4896
2026-01-26 12:02:10,318 - INFO - epoch=188 train_loss=1.5191 val_loss=1.4532
2026-01-26 12:02:11,596 - INFO - epoch=189 train_loss=1.5167 val_loss=1.4677
2026-01-26 12:02:12,854 - INFO - epoch=190 train_loss=1.5214 val_loss=1.4802
2026-01-26 12:02:14,117 - INFO - epoch=191 train_loss=1.5198 val_loss=1.4574
2026-01-26 12:02:15,403 - INFO - epoch=192 train_loss=1.5188 val_loss=1.4504
2026-01-26 12:02:16,684 - INFO - epoch=193 train_loss=1.5151 val_loss=1.4425
2026-01-26 12:02:17,996 - INFO - epoch=194 train_loss=1.5245 val_loss=1.4525
2026-01-26 12:02:19,264 - INFO - epoch=195 train_loss=1.5060 val_loss=1.4378
2026-01-26 12:02:20,551 - INFO - epoch=196 train_loss=1.5131 val_loss=1.4642
2026-01-26 12:02:21,848 - INFO - epoch=197 train_loss=1.5122 val_loss=1.4476
2026-01-26 12:02:23,119 - INFO - epoch=198 train_loss=1.5125 val_loss=1.4663
2026-01-26 12:02:24,381 - INFO - epoch=199 train_loss=1.5046 val_loss=1.4475
2026-01-26 12:02:25,660 - INFO - epoch=200 train_loss=1.5102 val_loss=1.4466
2026-01-26 12:02:27,008 - INFO - epoch=201 train_loss=1.5123 val_loss=1.4434
2026-01-26 12:02:28,276 - INFO - epoch=202 train_loss=1.5116 val_loss=1.4316
2026-01-26 12:02:29,567 - INFO - epoch=203 train_loss=1.5189 val_loss=1.4522
2026-01-26 12:02:30,836 - INFO - epoch=204 train_loss=1.5037 val_loss=1.4508
2026-01-26 12:02:32,090 - INFO - epoch=205 train_loss=1.5050 val_loss=1.4427
2026-01-26 12:02:33,356 - INFO - epoch=206 train_loss=1.5053 val_loss=1.4580
2026-01-26 12:02:34,647 - INFO - epoch=207 train_loss=1.5044 val_loss=1.4753
2026-01-26 12:02:35,929 - INFO - epoch=208 train_loss=1.5059 val_loss=1.4679
2026-01-26 12:02:37,233 - INFO - epoch=209 train_loss=1.5005 val_loss=1.4520
2026-01-26 12:02:38,519 - INFO - epoch=210 train_loss=1.5005 val_loss=1.4416
2026-01-26 12:02:39,788 - INFO - epoch=211 train_loss=1.4987 val_loss=1.4458
2026-01-26 12:02:41,061 - INFO - epoch=212 train_loss=1.4970 val_loss=1.4756
2026-01-26 12:02:42,338 - INFO - epoch=213 train_loss=1.5032 val_loss=1.4721
2026-01-26 12:02:43,609 - INFO - epoch=214 train_loss=1.5001 val_loss=1.4594
2026-01-26 12:02:44,876 - INFO - epoch=215 train_loss=1.4974 val_loss=1.4536
2026-01-26 12:02:46,173 - INFO - epoch=216 train_loss=1.4916 val_loss=1.4248
2026-01-26 12:02:47,469 - INFO - epoch=217 train_loss=1.4952 val_loss=1.4278
2026-01-26 12:02:48,735 - INFO - epoch=218 train_loss=1.4908 val_loss=1.4241
2026-01-26 12:02:50,050 - INFO - epoch=219 train_loss=1.4943 val_loss=1.4352
2026-01-26 12:02:51,325 - INFO - epoch=220 train_loss=1.4944 val_loss=1.4458
2026-01-26 12:02:52,607 - INFO - epoch=221 train_loss=1.4864 val_loss=1.4317
2026-01-26 12:02:53,894 - INFO - epoch=222 train_loss=1.4900 val_loss=1.4466
2026-01-26 12:02:55,178 - INFO - epoch=223 train_loss=1.4939 val_loss=1.4545
2026-01-26 12:02:56,443 - INFO - epoch=224 train_loss=1.4927 val_loss=1.4506
2026-01-26 12:02:57,729 - INFO - epoch=225 train_loss=1.4918 val_loss=1.4418
2026-01-26 12:02:59,006 - INFO - epoch=226 train_loss=1.4901 val_loss=1.4369
2026-01-26 12:03:00,284 - INFO - epoch=227 train_loss=1.4918 val_loss=1.4288
2026-01-26 12:03:01,550 - INFO - epoch=228 train_loss=1.4941 val_loss=1.4278
2026-01-26 12:03:02,818 - INFO - epoch=229 train_loss=1.4870 val_loss=1.4392
2026-01-26 12:03:04,075 - INFO - epoch=230 train_loss=1.4904 val_loss=1.4418
2026-01-26 12:03:05,338 - INFO - epoch=231 train_loss=1.4916 val_loss=1.4048
2026-01-26 12:03:06,637 - INFO - epoch=232 train_loss=1.4923 val_loss=1.4442
2026-01-26 12:03:07,916 - INFO - epoch=233 train_loss=1.4843 val_loss=1.4655
2026-01-26 12:03:09,216 - INFO - epoch=234 train_loss=1.4840 val_loss=1.4275
2026-01-26 12:03:10,510 - INFO - epoch=235 train_loss=1.4910 val_loss=1.4108
2026-01-26 12:03:11,810 - INFO - epoch=236 train_loss=1.4782 val_loss=1.4028
2026-01-26 12:03:13,090 - INFO - epoch=237 train_loss=1.4749 val_loss=1.4162
2026-01-26 12:03:14,347 - INFO - epoch=238 train_loss=1.4797 val_loss=1.4175
2026-01-26 12:03:15,619 - INFO - epoch=239 train_loss=1.4782 val_loss=1.4251
2026-01-26 12:03:16,920 - INFO - epoch=240 train_loss=1.4855 val_loss=1.4253
2026-01-26 12:03:18,200 - INFO - epoch=241 train_loss=1.4797 val_loss=1.4310
2026-01-26 12:03:19,467 - INFO - epoch=242 train_loss=1.4801 val_loss=1.4244
2026-01-26 12:03:20,766 - INFO - epoch=243 train_loss=1.4822 val_loss=1.4326
2026-01-26 12:03:22,045 - INFO - epoch=244 train_loss=1.4866 val_loss=1.4139
2026-01-26 12:03:23,306 - INFO - epoch=245 train_loss=1.4890 val_loss=1.4218
2026-01-26 12:03:24,576 - INFO - epoch=246 train_loss=1.4732 val_loss=1.4132
2026-01-26 12:03:25,848 - INFO - epoch=247 train_loss=1.4771 val_loss=1.4289
2026-01-26 12:03:27,124 - INFO - epoch=248 train_loss=1.4826 val_loss=1.4278
2026-01-26 12:03:28,399 - INFO - epoch=249 train_loss=1.4758 val_loss=1.4136
2026-01-26 12:03:29,672 - INFO - epoch=250 train_loss=1.4772 val_loss=1.4194
2026-01-26 12:03:31,005 - INFO - epoch=251 train_loss=1.4713 val_loss=1.4201
2026-01-26 12:03:32,263 - INFO - epoch=252 train_loss=1.4677 val_loss=1.3960
2026-01-26 12:03:33,560 - INFO - epoch=253 train_loss=1.4715 val_loss=1.4064
2026-01-26 12:03:34,850 - INFO - epoch=254 train_loss=1.4698 val_loss=1.4101
2026-01-26 12:03:36,120 - INFO - epoch=255 train_loss=1.4705 val_loss=1.4230
2026-01-26 12:03:37,390 - INFO - epoch=256 train_loss=1.4700 val_loss=1.4230
2026-01-26 12:03:38,679 - INFO - epoch=257 train_loss=1.4667 val_loss=1.4231
2026-01-26 12:03:39,958 - INFO - epoch=258 train_loss=1.4712 val_loss=1.4164
2026-01-26 12:03:41,226 - INFO - epoch=259 train_loss=1.4680 val_loss=1.4185
2026-01-26 12:03:42,478 - INFO - epoch=260 train_loss=1.4648 val_loss=1.4014
2026-01-26 12:03:43,743 - INFO - epoch=261 train_loss=1.4691 val_loss=1.4089
2026-01-26 12:03:45,001 - INFO - epoch=262 train_loss=1.4713 val_loss=1.3984
2026-01-26 12:03:46,261 - INFO - epoch=263 train_loss=1.4666 val_loss=1.4201
2026-01-26 12:03:47,557 - INFO - epoch=264 train_loss=1.4718 val_loss=1.3910
2026-01-26 12:03:48,844 - INFO - epoch=265 train_loss=1.4677 val_loss=1.4270
2026-01-26 12:03:50,105 - INFO - epoch=266 train_loss=1.4620 val_loss=1.4226
2026-01-26 12:03:51,377 - INFO - epoch=267 train_loss=1.4499 val_loss=1.4247
2026-01-26 12:03:52,672 - INFO - epoch=268 train_loss=1.4628 val_loss=1.3989
2026-01-26 12:03:53,942 - INFO - epoch=269 train_loss=1.4608 val_loss=1.4092
2026-01-26 12:03:55,212 - INFO - epoch=270 train_loss=1.4634 val_loss=1.3989
2026-01-26 12:03:56,474 - INFO - epoch=271 train_loss=1.4622 val_loss=1.3882
2026-01-26 12:03:57,774 - INFO - epoch=272 train_loss=1.4609 val_loss=1.4069
2026-01-26 12:03:59,069 - INFO - epoch=273 train_loss=1.4582 val_loss=1.4017
2026-01-26 12:04:00,361 - INFO - epoch=274 train_loss=1.4592 val_loss=1.4067
2026-01-26 12:04:01,642 - INFO - epoch=275 train_loss=1.4606 val_loss=1.4028
2026-01-26 12:04:02,918 - INFO - epoch=276 train_loss=1.4586 val_loss=1.4229
2026-01-26 12:04:04,180 - INFO - epoch=277 train_loss=1.4522 val_loss=1.3961
2026-01-26 12:04:05,463 - INFO - epoch=278 train_loss=1.4528 val_loss=1.3847
2026-01-26 12:04:06,766 - INFO - epoch=279 train_loss=1.4462 val_loss=1.3690
2026-01-26 12:04:08,082 - INFO - epoch=280 train_loss=1.4456 val_loss=1.4115
2026-01-26 12:04:09,353 - INFO - epoch=281 train_loss=1.4476 val_loss=1.4127
2026-01-26 12:04:10,613 - INFO - epoch=282 train_loss=1.4472 val_loss=1.3812
2026-01-26 12:04:11,880 - INFO - epoch=283 train_loss=1.4410 val_loss=1.3973
2026-01-26 12:04:13,146 - INFO - epoch=284 train_loss=1.4458 val_loss=1.3866
2026-01-26 12:04:14,446 - INFO - epoch=285 train_loss=1.4446 val_loss=1.4033
2026-01-26 12:04:15,722 - INFO - epoch=286 train_loss=1.4455 val_loss=1.4085
2026-01-26 12:04:16,996 - INFO - epoch=287 train_loss=1.4503 val_loss=1.3986
2026-01-26 12:04:18,291 - INFO - epoch=288 train_loss=1.4480 val_loss=1.3779
2026-01-26 12:04:19,570 - INFO - epoch=289 train_loss=1.4447 val_loss=1.3846
2026-01-26 12:04:20,826 - INFO - epoch=290 train_loss=1.4472 val_loss=1.3796
2026-01-26 12:04:22,100 - INFO - epoch=291 train_loss=1.4435 val_loss=1.3535
2026-01-26 12:04:23,396 - INFO - epoch=292 train_loss=1.4400 val_loss=1.3795
2026-01-26 12:04:24,682 - INFO - epoch=293 train_loss=1.4339 val_loss=1.3783
2026-01-26 12:04:25,972 - INFO - epoch=294 train_loss=1.4345 val_loss=1.3902
2026-01-26 12:04:27,250 - INFO - epoch=295 train_loss=1.4392 val_loss=1.3850
2026-01-26 12:04:28,523 - INFO - epoch=296 train_loss=1.4313 val_loss=1.3813
2026-01-26 12:04:29,789 - INFO - epoch=297 train_loss=1.4267 val_loss=1.3749
2026-01-26 12:04:31,039 - INFO - epoch=298 train_loss=1.4355 val_loss=1.3724
2026-01-26 12:04:32,309 - INFO - epoch=299 train_loss=1.4336 val_loss=1.3554
2026-01-26 12:04:33,590 - INFO - epoch=300 train_loss=1.4356 val_loss=1.3785
2026-01-26 12:04:34,954 - INFO - epoch=301 train_loss=1.4307 val_loss=1.3795
2026-01-26 12:04:36,212 - INFO - epoch=302 train_loss=1.4294 val_loss=1.3966
2026-01-26 12:04:37,491 - INFO - epoch=303 train_loss=1.4311 val_loss=1.3681
2026-01-26 12:04:38,747 - INFO - epoch=304 train_loss=1.4323 val_loss=1.3691
2026-01-26 12:04:40,009 - INFO - epoch=305 train_loss=1.4239 val_loss=1.3621
2026-01-26 12:04:41,294 - INFO - epoch=306 train_loss=1.4255 val_loss=1.3673
2026-01-26 12:04:42,585 - INFO - epoch=307 train_loss=1.4203 val_loss=1.3649
2026-01-26 12:04:43,880 - INFO - epoch=308 train_loss=1.4250 val_loss=1.3526
2026-01-26 12:04:45,193 - INFO - epoch=309 train_loss=1.4254 val_loss=1.3581
2026-01-26 12:04:46,488 - INFO - epoch=310 train_loss=1.4238 val_loss=1.3612
2026-01-26 12:04:47,765 - INFO - epoch=311 train_loss=1.4262 val_loss=1.3610
2026-01-26 12:04:49,045 - INFO - epoch=312 train_loss=1.4143 val_loss=1.3638
2026-01-26 12:04:50,334 - INFO - epoch=313 train_loss=1.4193 val_loss=1.3678
2026-01-26 12:04:51,605 - INFO - epoch=314 train_loss=1.4288 val_loss=1.3630
2026-01-26 12:04:52,865 - INFO - epoch=315 train_loss=1.4148 val_loss=1.3513
2026-01-26 12:04:54,165 - INFO - epoch=316 train_loss=1.4070 val_loss=1.3275
2026-01-26 12:04:55,467 - INFO - epoch=317 train_loss=1.4097 val_loss=1.3750
2026-01-26 12:04:56,739 - INFO - epoch=318 train_loss=1.4175 val_loss=1.3670
2026-01-26 12:04:58,001 - INFO - epoch=319 train_loss=1.4110 val_loss=1.3475
2026-01-26 12:04:59,280 - INFO - epoch=320 train_loss=1.4178 val_loss=1.3683
2026-01-26 12:05:00,550 - INFO - epoch=321 train_loss=1.4029 val_loss=1.3421
2026-01-26 12:05:01,821 - INFO - epoch=322 train_loss=1.4076 val_loss=1.3691
2026-01-26 12:05:03,084 - INFO - epoch=323 train_loss=1.4152 val_loss=1.3445
2026-01-26 12:05:04,343 - INFO - epoch=324 train_loss=1.3981 val_loss=1.3554
2026-01-26 12:05:05,619 - INFO - epoch=325 train_loss=1.3959 val_loss=1.3406
2026-01-26 12:05:06,880 - INFO - epoch=326 train_loss=1.4033 val_loss=1.3615
2026-01-26 12:05:08,162 - INFO - epoch=327 train_loss=1.3945 val_loss=1.3390
2026-01-26 12:05:09,443 - INFO - epoch=328 train_loss=1.3993 val_loss=1.3443
2026-01-26 12:05:10,721 - INFO - epoch=329 train_loss=1.4023 val_loss=1.3370
2026-01-26 12:05:11,990 - INFO - epoch=330 train_loss=1.4025 val_loss=1.3199
2026-01-26 12:05:13,313 - INFO - epoch=331 train_loss=1.3940 val_loss=1.3294
2026-01-26 12:05:14,575 - INFO - epoch=332 train_loss=1.3871 val_loss=1.3218
2026-01-26 12:05:15,864 - INFO - epoch=333 train_loss=1.3956 val_loss=1.3209
2026-01-26 12:05:17,153 - INFO - epoch=334 train_loss=1.3910 val_loss=1.3050
2026-01-26 12:05:18,428 - INFO - epoch=335 train_loss=1.3857 val_loss=1.3167
2026-01-26 12:05:19,727 - INFO - epoch=336 train_loss=1.3869 val_loss=1.3357
2026-01-26 12:05:21,009 - INFO - epoch=337 train_loss=1.3806 val_loss=1.3321
2026-01-26 12:05:22,292 - INFO - epoch=338 train_loss=1.3802 val_loss=1.3042
2026-01-26 12:05:23,611 - INFO - epoch=339 train_loss=1.3846 val_loss=1.3228
2026-01-26 12:05:24,894 - INFO - epoch=340 train_loss=1.3761 val_loss=1.3295
2026-01-26 12:05:26,168 - INFO - epoch=341 train_loss=1.3900 val_loss=1.3184
2026-01-26 12:05:27,441 - INFO - epoch=342 train_loss=1.3707 val_loss=1.3158
2026-01-26 12:05:28,701 - INFO - epoch=343 train_loss=1.3723 val_loss=1.3003
2026-01-26 12:05:29,986 - INFO - epoch=344 train_loss=1.3743 val_loss=1.3010
2026-01-26 12:05:31,241 - INFO - epoch=345 train_loss=1.3750 val_loss=1.3049
2026-01-26 12:05:32,531 - INFO - epoch=346 train_loss=1.3769 val_loss=1.3180
2026-01-26 12:05:33,819 - INFO - epoch=347 train_loss=1.3759 val_loss=1.2885
2026-01-26 12:05:35,118 - INFO - epoch=348 train_loss=1.3656 val_loss=1.2912
2026-01-26 12:05:36,393 - INFO - epoch=349 train_loss=1.3663 val_loss=1.2911
2026-01-26 12:05:37,666 - INFO - epoch=350 train_loss=1.3588 val_loss=1.2961
2026-01-26 12:05:39,102 - INFO - epoch=351 train_loss=1.3611 val_loss=1.2699
2026-01-26 12:05:40,403 - INFO - epoch=352 train_loss=1.3611 val_loss=1.2970
2026-01-26 12:05:41,679 - INFO - epoch=353 train_loss=1.3556 val_loss=1.2858
2026-01-26 12:05:42,951 - INFO - epoch=354 train_loss=1.3493 val_loss=1.3017
2026-01-26 12:05:44,234 - INFO - epoch=355 train_loss=1.3526 val_loss=1.2814
2026-01-26 12:05:45,494 - INFO - epoch=356 train_loss=1.3533 val_loss=1.3009
2026-01-26 12:05:46,758 - INFO - epoch=357 train_loss=1.3491 val_loss=1.2752
2026-01-26 12:05:48,015 - INFO - epoch=358 train_loss=1.3499 val_loss=1.2711
2026-01-26 12:05:49,292 - INFO - epoch=359 train_loss=1.3441 val_loss=1.2708
2026-01-26 12:05:50,593 - INFO - epoch=360 train_loss=1.3483 val_loss=1.2689
2026-01-26 12:05:51,903 - INFO - epoch=361 train_loss=1.3531 val_loss=1.2564
2026-01-26 12:05:53,192 - INFO - epoch=362 train_loss=1.3428 val_loss=1.2502
2026-01-26 12:05:54,508 - INFO - epoch=363 train_loss=1.3442 val_loss=1.2612
2026-01-26 12:05:55,787 - INFO - epoch=364 train_loss=1.3351 val_loss=1.2681
2026-01-26 12:05:57,050 - INFO - epoch=365 train_loss=1.3434 val_loss=1.2682
2026-01-26 12:05:58,319 - INFO - epoch=366 train_loss=1.3343 val_loss=1.2772
2026-01-26 12:05:59,583 - INFO - epoch=367 train_loss=1.3317 val_loss=1.2565
2026-01-26 12:06:00,873 - INFO - epoch=368 train_loss=1.3433 val_loss=1.2396
2026-01-26 12:06:02,207 - INFO - epoch=369 train_loss=1.3290 val_loss=1.2342
2026-01-26 12:06:03,521 - INFO - epoch=370 train_loss=1.3287 val_loss=1.2575
2026-01-26 12:06:04,813 - INFO - epoch=371 train_loss=1.3204 val_loss=1.2579
2026-01-26 12:06:06,087 - INFO - epoch=372 train_loss=1.3219 val_loss=1.2369
2026-01-26 12:06:07,383 - INFO - epoch=373 train_loss=1.3225 val_loss=1.2406
2026-01-26 12:06:08,658 - INFO - epoch=374 train_loss=1.3189 val_loss=1.2204
2026-01-26 12:06:09,945 - INFO - epoch=375 train_loss=1.3228 val_loss=1.2267
2026-01-26 12:06:11,240 - INFO - epoch=376 train_loss=1.3246 val_loss=1.2360
2026-01-26 12:06:12,509 - INFO - epoch=377 train_loss=1.3259 val_loss=1.2161
2026-01-26 12:06:13,798 - INFO - epoch=378 train_loss=1.3158 val_loss=1.1979
2026-01-26 12:06:15,111 - INFO - epoch=379 train_loss=1.3112 val_loss=1.2402
2026-01-26 12:06:16,370 - INFO - epoch=380 train_loss=1.3082 val_loss=1.2248
2026-01-26 12:06:17,662 - INFO - epoch=381 train_loss=1.3102 val_loss=1.2184
2026-01-26 12:06:18,924 - INFO - epoch=382 train_loss=1.3058 val_loss=1.2121
2026-01-26 12:06:20,208 - INFO - epoch=383 train_loss=1.3032 val_loss=1.2268
2026-01-26 12:06:21,474 - INFO - epoch=384 train_loss=1.3096 val_loss=1.2261
2026-01-26 12:06:22,745 - INFO - epoch=385 train_loss=1.3033 val_loss=1.1995
2026-01-26 12:06:24,015 - INFO - epoch=386 train_loss=1.2900 val_loss=1.2006
2026-01-26 12:06:25,304 - INFO - epoch=387 train_loss=1.2947 val_loss=1.2137
2026-01-26 12:06:26,586 - INFO - epoch=388 train_loss=1.2946 val_loss=1.2202
2026-01-26 12:06:27,853 - INFO - epoch=389 train_loss=1.2967 val_loss=1.1953
2026-01-26 12:06:29,161 - INFO - epoch=390 train_loss=1.3028 val_loss=1.1950
2026-01-26 12:06:30,478 - INFO - epoch=391 train_loss=1.2900 val_loss=1.1858
2026-01-26 12:06:31,761 - INFO - epoch=392 train_loss=1.2947 val_loss=1.1917
2026-01-26 12:06:33,025 - INFO - epoch=393 train_loss=1.2889 val_loss=1.1991
2026-01-26 12:06:34,328 - INFO - epoch=394 train_loss=1.2888 val_loss=1.1765
2026-01-26 12:06:35,640 - INFO - epoch=395 train_loss=1.2794 val_loss=1.1880
2026-01-26 12:06:36,925 - INFO - epoch=396 train_loss=1.2865 val_loss=1.1800
2026-01-26 12:06:38,214 - INFO - epoch=397 train_loss=1.2790 val_loss=1.1887
2026-01-26 12:06:39,495 - INFO - epoch=398 train_loss=1.2769 val_loss=1.1564
2026-01-26 12:06:40,785 - INFO - epoch=399 train_loss=1.2755 val_loss=1.1770
2026-01-26 12:06:42,042 - INFO - epoch=400 train_loss=1.2768 val_loss=1.1770
2026-01-26 12:06:43,370 - INFO - epoch=401 train_loss=1.2745 val_loss=1.1696
2026-01-26 12:06:44,642 - INFO - epoch=402 train_loss=1.2671 val_loss=1.1751
2026-01-26 12:06:45,933 - INFO - epoch=403 train_loss=1.2644 val_loss=1.1693
2026-01-26 12:06:47,215 - INFO - epoch=404 train_loss=1.2693 val_loss=1.1513
2026-01-26 12:06:48,532 - INFO - epoch=405 train_loss=1.2642 val_loss=1.1318
2026-01-26 12:06:49,855 - INFO - epoch=406 train_loss=1.2619 val_loss=1.1630
2026-01-26 12:06:51,136 - INFO - epoch=407 train_loss=1.2612 val_loss=1.1434
2026-01-26 12:06:52,396 - INFO - epoch=408 train_loss=1.2679 val_loss=1.1534
2026-01-26 12:06:53,655 - INFO - epoch=409 train_loss=1.2598 val_loss=1.1523
2026-01-26 12:06:54,938 - INFO - epoch=410 train_loss=1.2579 val_loss=1.1543
2026-01-26 12:06:56,222 - INFO - epoch=411 train_loss=1.2460 val_loss=1.1345
2026-01-26 12:06:57,505 - INFO - epoch=412 train_loss=1.2472 val_loss=1.1356
2026-01-26 12:06:58,779 - INFO - epoch=413 train_loss=1.2498 val_loss=1.1369
2026-01-26 12:07:00,071 - INFO - epoch=414 train_loss=1.2512 val_loss=1.1447
2026-01-26 12:07:01,350 - INFO - epoch=415 train_loss=1.2489 val_loss=1.1491
2026-01-26 12:07:02,638 - INFO - epoch=416 train_loss=1.2402 val_loss=1.1260
2026-01-26 12:07:03,944 - INFO - epoch=417 train_loss=1.2475 val_loss=1.1409
2026-01-26 12:07:05,211 - INFO - epoch=418 train_loss=1.2400 val_loss=1.1126
2026-01-26 12:07:06,512 - INFO - epoch=419 train_loss=1.2360 val_loss=1.1251
2026-01-26 12:07:07,781 - INFO - epoch=420 train_loss=1.2307 val_loss=1.1224
2026-01-26 12:07:09,045 - INFO - epoch=421 train_loss=1.2394 val_loss=1.1243
2026-01-26 12:07:10,319 - INFO - epoch=422 train_loss=1.2384 val_loss=1.1311
2026-01-26 12:07:11,596 - INFO - epoch=423 train_loss=1.2359 val_loss=1.1212
2026-01-26 12:07:12,870 - INFO - epoch=424 train_loss=1.2323 val_loss=1.1150
2026-01-26 12:07:14,154 - INFO - epoch=425 train_loss=1.2276 val_loss=1.0985
2026-01-26 12:07:15,456 - INFO - epoch=426 train_loss=1.2258 val_loss=1.1043
2026-01-26 12:07:16,727 - INFO - epoch=427 train_loss=1.2285 val_loss=1.0996
2026-01-26 12:07:18,002 - INFO - epoch=428 train_loss=1.2255 val_loss=1.1067
2026-01-26 12:07:19,263 - INFO - epoch=429 train_loss=1.2141 val_loss=1.1002
2026-01-26 12:07:20,527 - INFO - epoch=430 train_loss=1.2161 val_loss=1.0908
2026-01-26 12:07:21,835 - INFO - epoch=431 train_loss=1.2129 val_loss=1.0932
2026-01-26 12:07:23,111 - INFO - epoch=432 train_loss=1.2132 val_loss=1.0892
2026-01-26 12:07:24,427 - INFO - epoch=433 train_loss=1.2187 val_loss=1.1073
2026-01-26 12:07:25,698 - INFO - epoch=434 train_loss=1.2184 val_loss=1.1005
2026-01-26 12:07:26,963 - INFO - epoch=435 train_loss=1.2173 val_loss=1.1159
2026-01-26 12:07:28,232 - INFO - epoch=436 train_loss=1.2085 val_loss=1.0767
2026-01-26 12:07:29,539 - INFO - epoch=437 train_loss=1.2081 val_loss=1.0756
2026-01-26 12:07:30,847 - INFO - epoch=438 train_loss=1.2012 val_loss=1.0815
2026-01-26 12:07:32,117 - INFO - epoch=439 train_loss=1.2024 val_loss=1.0996
2026-01-26 12:07:33,390 - INFO - epoch=440 train_loss=1.2036 val_loss=1.0799
2026-01-26 12:07:34,670 - INFO - epoch=441 train_loss=1.2007 val_loss=1.0703
2026-01-26 12:07:35,985 - INFO - epoch=442 train_loss=1.1989 val_loss=1.0719
2026-01-26 12:07:37,276 - INFO - epoch=443 train_loss=1.2032 val_loss=1.0705
2026-01-26 12:07:38,557 - INFO - epoch=444 train_loss=1.1922 val_loss=1.0688
2026-01-26 12:07:39,878 - INFO - epoch=445 train_loss=1.1994 val_loss=1.0886
2026-01-26 12:07:41,166 - INFO - epoch=446 train_loss=1.1907 val_loss=1.0798
2026-01-26 12:07:42,456 - INFO - epoch=447 train_loss=1.1932 val_loss=1.0782
2026-01-26 12:07:43,745 - INFO - epoch=448 train_loss=1.1924 val_loss=1.0786
2026-01-26 12:07:45,017 - INFO - epoch=449 train_loss=1.1927 val_loss=1.0609
2026-01-26 12:07:46,327 - INFO - epoch=450 train_loss=1.1789 val_loss=1.0838
2026-01-26 12:07:47,662 - INFO - epoch=451 train_loss=1.1841 val_loss=1.0622
2026-01-26 12:07:48,921 - INFO - epoch=452 train_loss=1.1897 val_loss=1.0486
2026-01-26 12:07:50,231 - INFO - epoch=453 train_loss=1.1811 val_loss=1.0577
2026-01-26 12:07:51,510 - INFO - epoch=454 train_loss=1.1817 val_loss=1.0459
2026-01-26 12:07:52,811 - INFO - epoch=455 train_loss=1.1708 val_loss=1.0534
2026-01-26 12:07:54,104 - INFO - epoch=456 train_loss=1.1780 val_loss=1.0591
2026-01-26 12:07:55,366 - INFO - epoch=457 train_loss=1.1773 val_loss=1.0496
2026-01-26 12:07:56,644 - INFO - epoch=458 train_loss=1.1719 val_loss=1.0496
2026-01-26 12:07:57,929 - INFO - epoch=459 train_loss=1.1747 val_loss=1.0356
2026-01-26 12:07:59,233 - INFO - epoch=460 train_loss=1.1657 val_loss=1.0306
2026-01-26 12:08:00,538 - INFO - epoch=461 train_loss=1.1679 val_loss=1.0368
2026-01-26 12:08:01,805 - INFO - epoch=462 train_loss=1.1688 val_loss=1.0199
2026-01-26 12:08:03,115 - INFO - epoch=463 train_loss=1.1662 val_loss=1.0269
2026-01-26 12:08:04,382 - INFO - epoch=464 train_loss=1.1605 val_loss=1.0216
2026-01-26 12:08:05,653 - INFO - epoch=465 train_loss=1.1614 val_loss=1.0196
2026-01-26 12:08:06,929 - INFO - epoch=466 train_loss=1.1626 val_loss=1.0154
2026-01-26 12:08:08,240 - INFO - epoch=467 train_loss=1.1571 val_loss=1.0249
2026-01-26 12:08:09,509 - INFO - epoch=468 train_loss=1.1599 val_loss=1.0231
2026-01-26 12:08:10,773 - INFO - epoch=469 train_loss=1.1624 val_loss=1.0268
2026-01-26 12:08:12,056 - INFO - epoch=470 train_loss=1.1501 val_loss=1.0269
2026-01-26 12:08:13,314 - INFO - epoch=471 train_loss=1.1542 val_loss=1.0377
2026-01-26 12:08:14,588 - INFO - epoch=472 train_loss=1.1555 val_loss=1.0376
2026-01-26 12:08:15,855 - INFO - epoch=473 train_loss=1.1543 val_loss=1.0151
2026-01-26 12:08:17,148 - INFO - epoch=474 train_loss=1.1486 val_loss=1.0198
2026-01-26 12:08:18,426 - INFO - epoch=475 train_loss=1.1457 val_loss=1.0048
2026-01-26 12:08:19,721 - INFO - epoch=476 train_loss=1.1485 val_loss=1.0047
2026-01-26 12:08:21,018 - INFO - epoch=477 train_loss=1.1499 val_loss=1.0268
2026-01-26 12:08:22,293 - INFO - epoch=478 train_loss=1.1518 val_loss=1.0151
2026-01-26 12:08:23,557 - INFO - epoch=479 train_loss=1.1497 val_loss=0.9921
2026-01-26 12:08:24,867 - INFO - epoch=480 train_loss=1.1438 val_loss=1.0010
2026-01-26 12:08:26,141 - INFO - epoch=481 train_loss=1.1421 val_loss=1.0164
2026-01-26 12:08:27,415 - INFO - epoch=482 train_loss=1.1367 val_loss=1.0109
2026-01-26 12:08:28,706 - INFO - epoch=483 train_loss=1.1337 val_loss=0.9929
2026-01-26 12:08:29,974 - INFO - epoch=484 train_loss=1.1415 val_loss=1.0093
2026-01-26 12:08:31,267 - INFO - epoch=485 train_loss=1.1456 val_loss=1.0113
2026-01-26 12:08:32,532 - INFO - epoch=486 train_loss=1.1304 val_loss=1.0071
2026-01-26 12:08:33,795 - INFO - epoch=487 train_loss=1.1292 val_loss=0.9957
2026-01-26 12:08:35,061 - INFO - epoch=488 train_loss=1.1331 val_loss=0.9876
2026-01-26 12:08:36,357 - INFO - epoch=489 train_loss=1.1313 val_loss=0.9724
2026-01-26 12:08:37,639 - INFO - epoch=490 train_loss=1.1268 val_loss=0.9608
2026-01-26 12:08:38,959 - INFO - epoch=491 train_loss=1.1293 val_loss=0.9674
2026-01-26 12:08:40,234 - INFO - epoch=492 train_loss=1.1182 val_loss=0.9756
2026-01-26 12:08:41,516 - INFO - epoch=493 train_loss=1.1205 val_loss=0.9813
2026-01-26 12:08:42,797 - INFO - epoch=494 train_loss=1.1299 val_loss=0.9621
2026-01-26 12:08:44,066 - INFO - epoch=495 train_loss=1.1290 val_loss=0.9919
2026-01-26 12:08:45,331 - INFO - epoch=496 train_loss=1.1157 val_loss=0.9656
2026-01-26 12:08:46,596 - INFO - epoch=497 train_loss=1.1264 val_loss=0.9809
2026-01-26 12:08:47,896 - INFO - epoch=498 train_loss=1.1179 val_loss=0.9503
2026-01-26 12:08:49,225 - INFO - epoch=499 train_loss=1.1164 val_loss=0.9777
2026-01-26 12:08:50,518 - INFO - epoch=500 train_loss=1.1245 val_loss=0.9746
2026-01-26 12:08:51,883 - INFO - epoch=501 train_loss=1.1219 val_loss=0.9842
2026-01-26 12:08:53,157 - INFO - epoch=502 train_loss=1.1217 val_loss=0.9847
2026-01-26 12:08:54,436 - INFO - epoch=503 train_loss=1.1157 val_loss=0.9542
2026-01-26 12:08:55,695 - INFO - epoch=504 train_loss=1.1104 val_loss=0.9731
2026-01-26 12:08:56,961 - INFO - epoch=505 train_loss=1.1199 val_loss=0.9661
2026-01-26 12:08:58,226 - INFO - epoch=506 train_loss=1.1139 val_loss=0.9725
2026-01-26 12:08:59,474 - INFO - epoch=507 train_loss=1.1162 val_loss=0.9737
2026-01-26 12:09:00,749 - INFO - epoch=508 train_loss=1.1066 val_loss=0.9584
2026-01-26 12:09:02,024 - INFO - epoch=509 train_loss=1.1051 val_loss=0.9646
2026-01-26 12:09:03,298 - INFO - epoch=510 train_loss=1.1053 val_loss=0.9557
2026-01-26 12:09:04,570 - INFO - epoch=511 train_loss=1.0962 val_loss=0.9563
2026-01-26 12:09:05,846 - INFO - epoch=512 train_loss=1.1075 val_loss=0.9521
2026-01-26 12:09:07,121 - INFO - epoch=513 train_loss=1.0959 val_loss=0.9739
2026-01-26 12:09:08,418 - INFO - epoch=514 train_loss=1.1001 val_loss=0.9723
2026-01-26 12:09:09,680 - INFO - epoch=515 train_loss=1.1055 val_loss=0.9494
2026-01-26 12:09:10,987 - INFO - epoch=516 train_loss=1.0955 val_loss=0.9344
2026-01-26 12:09:12,288 - INFO - epoch=517 train_loss=1.1038 val_loss=0.9518
2026-01-26 12:09:13,550 - INFO - epoch=518 train_loss=1.0949 val_loss=0.9339
2026-01-26 12:09:14,847 - INFO - epoch=519 train_loss=1.0879 val_loss=0.9428
2026-01-26 12:09:16,129 - INFO - epoch=520 train_loss=1.0916 val_loss=0.9317
2026-01-26 12:09:17,414 - INFO - epoch=521 train_loss=1.0877 val_loss=0.9569
2026-01-26 12:09:18,667 - INFO - epoch=522 train_loss=1.0926 val_loss=0.9200
2026-01-26 12:09:19,980 - INFO - epoch=523 train_loss=1.0941 val_loss=0.9430
2026-01-26 12:09:21,270 - INFO - epoch=524 train_loss=1.0879 val_loss=0.9416
2026-01-26 12:09:22,554 - INFO - epoch=525 train_loss=1.0866 val_loss=0.9471
2026-01-26 12:09:23,827 - INFO - epoch=526 train_loss=1.0932 val_loss=0.9344
2026-01-26 12:09:25,082 - INFO - epoch=527 train_loss=1.0896 val_loss=0.9581
2026-01-26 12:09:26,382 - INFO - epoch=528 train_loss=1.0898 val_loss=0.9468
2026-01-26 12:09:27,677 - INFO - epoch=529 train_loss=1.0829 val_loss=0.9354
2026-01-26 12:09:28,938 - INFO - epoch=530 train_loss=1.0800 val_loss=0.9310
2026-01-26 12:09:30,242 - INFO - epoch=531 train_loss=1.0822 val_loss=0.9385
2026-01-26 12:09:31,523 - INFO - epoch=532 train_loss=1.0820 val_loss=0.9305
2026-01-26 12:09:32,787 - INFO - epoch=533 train_loss=1.0770 val_loss=0.9293
2026-01-26 12:09:34,081 - INFO - epoch=534 train_loss=1.0837 val_loss=0.9498
2026-01-26 12:09:35,375 - INFO - epoch=535 train_loss=1.0867 val_loss=0.9243
2026-01-26 12:09:36,689 - INFO - epoch=536 train_loss=1.0797 val_loss=0.9297
2026-01-26 12:09:37,960 - INFO - epoch=537 train_loss=1.0780 val_loss=0.9274
2026-01-26 12:09:39,240 - INFO - epoch=538 train_loss=1.0696 val_loss=0.9191
2026-01-26 12:09:40,557 - INFO - epoch=539 train_loss=1.0684 val_loss=0.9038
2026-01-26 12:09:41,869 - INFO - epoch=540 train_loss=1.0751 val_loss=0.9235
2026-01-26 12:09:43,137 - INFO - epoch=541 train_loss=1.0703 val_loss=0.9016
2026-01-26 12:09:44,452 - INFO - epoch=542 train_loss=1.0688 val_loss=0.8959
2026-01-26 12:09:45,772 - INFO - epoch=543 train_loss=1.0696 val_loss=0.9175
2026-01-26 12:09:47,042 - INFO - epoch=544 train_loss=1.0767 val_loss=0.9196
2026-01-26 12:09:48,322 - INFO - epoch=545 train_loss=1.0599 val_loss=0.9150
2026-01-26 12:09:49,624 - INFO - epoch=546 train_loss=1.0639 val_loss=0.9160
2026-01-26 12:09:50,902 - INFO - epoch=547 train_loss=1.0663 val_loss=0.9105
2026-01-26 12:09:52,177 - INFO - epoch=548 train_loss=1.0623 val_loss=0.8947
2026-01-26 12:09:53,471 - INFO - epoch=549 train_loss=1.0694 val_loss=0.9105
2026-01-26 12:09:54,743 - INFO - epoch=550 train_loss=1.0720 val_loss=0.9156
2026-01-26 12:09:56,094 - INFO - epoch=551 train_loss=1.0710 val_loss=0.8877
2026-01-26 12:09:57,384 - INFO - epoch=552 train_loss=1.0607 val_loss=0.9186
2026-01-26 12:09:58,660 - INFO - epoch=553 train_loss=1.0582 val_loss=0.9185
2026-01-26 12:09:59,921 - INFO - epoch=554 train_loss=1.0690 val_loss=0.9022
2026-01-26 12:10:01,180 - INFO - epoch=555 train_loss=1.0539 val_loss=0.8971
2026-01-26 12:10:02,446 - INFO - epoch=556 train_loss=1.0569 val_loss=0.8963
2026-01-26 12:10:03,711 - INFO - epoch=557 train_loss=1.0599 val_loss=0.9164
2026-01-26 12:10:04,967 - INFO - epoch=558 train_loss=1.0541 val_loss=0.8975
2026-01-26 12:10:06,267 - INFO - epoch=559 train_loss=1.0505 val_loss=0.9095
2026-01-26 12:10:07,548 - INFO - epoch=560 train_loss=1.0585 val_loss=0.9018
2026-01-26 12:10:08,820 - INFO - epoch=561 train_loss=1.0473 val_loss=0.8963
2026-01-26 12:10:10,080 - INFO - epoch=562 train_loss=1.0478 val_loss=0.9033
2026-01-26 12:10:11,357 - INFO - epoch=563 train_loss=1.0519 val_loss=0.8895
2026-01-26 12:10:12,660 - INFO - epoch=564 train_loss=1.0462 val_loss=0.8853
2026-01-26 12:10:13,961 - INFO - epoch=565 train_loss=1.0488 val_loss=0.8962
2026-01-26 12:10:15,239 - INFO - epoch=566 train_loss=1.0507 val_loss=0.8937
2026-01-26 12:10:16,512 - INFO - epoch=567 train_loss=1.0510 val_loss=0.8913
2026-01-26 12:10:17,814 - INFO - epoch=568 train_loss=1.0450 val_loss=0.8749
2026-01-26 12:10:19,108 - INFO - epoch=569 train_loss=1.0402 val_loss=0.8741
2026-01-26 12:10:20,433 - INFO - epoch=570 train_loss=1.0446 val_loss=0.8878
2026-01-26 12:10:21,706 - INFO - epoch=571 train_loss=1.0436 val_loss=0.8799
2026-01-26 12:10:22,965 - INFO - epoch=572 train_loss=1.0353 val_loss=0.8868
2026-01-26 12:10:24,260 - INFO - epoch=573 train_loss=1.0442 val_loss=0.8842
2026-01-26 12:10:25,534 - INFO - epoch=574 train_loss=1.0463 val_loss=0.8831
2026-01-26 12:10:26,800 - INFO - epoch=575 train_loss=1.0393 val_loss=0.8975
2026-01-26 12:10:28,068 - INFO - epoch=576 train_loss=1.0424 val_loss=0.9041
2026-01-26 12:10:29,362 - INFO - epoch=577 train_loss=1.0345 val_loss=0.8779
2026-01-26 12:10:30,639 - INFO - epoch=578 train_loss=1.0344 val_loss=0.8560
2026-01-26 12:10:31,924 - INFO - epoch=579 train_loss=1.0314 val_loss=0.8580
2026-01-26 12:10:33,217 - INFO - epoch=580 train_loss=1.0403 val_loss=0.8825
2026-01-26 12:10:34,499 - INFO - epoch=581 train_loss=1.0373 val_loss=0.8800
2026-01-26 12:10:35,763 - INFO - epoch=582 train_loss=1.0322 val_loss=0.8663
2026-01-26 12:10:37,031 - INFO - epoch=583 train_loss=1.0358 val_loss=0.8777
2026-01-26 12:10:38,300 - INFO - epoch=584 train_loss=1.0372 val_loss=0.8723
2026-01-26 12:10:39,548 - INFO - epoch=585 train_loss=1.0299 val_loss=0.9024
2026-01-26 12:10:40,832 - INFO - epoch=586 train_loss=1.0341 val_loss=0.8875
2026-01-26 12:10:42,113 - INFO - epoch=587 train_loss=1.0353 val_loss=0.8714
2026-01-26 12:10:43,383 - INFO - epoch=588 train_loss=1.0302 val_loss=0.8589
2026-01-26 12:10:44,653 - INFO - epoch=589 train_loss=1.0310 val_loss=0.8617
2026-01-26 12:10:45,929 - INFO - epoch=590 train_loss=1.0397 val_loss=0.8619
2026-01-26 12:10:47,222 - INFO - epoch=591 train_loss=1.0255 val_loss=0.8970
2026-01-26 12:10:48,499 - INFO - epoch=592 train_loss=1.0275 val_loss=0.8650
2026-01-26 12:10:49,765 - INFO - epoch=593 train_loss=1.0321 val_loss=0.8792
2026-01-26 12:10:51,020 - INFO - epoch=594 train_loss=1.0291 val_loss=0.8818
2026-01-26 12:10:52,328 - INFO - epoch=595 train_loss=1.0225 val_loss=0.8726
2026-01-26 12:10:53,600 - INFO - epoch=596 train_loss=1.0219 val_loss=0.8550
2026-01-26 12:10:54,905 - INFO - epoch=597 train_loss=1.0256 val_loss=0.8809
2026-01-26 12:10:56,202 - INFO - epoch=598 train_loss=1.0212 val_loss=0.8553
2026-01-26 12:10:57,482 - INFO - epoch=599 train_loss=1.0291 val_loss=0.8968
2026-01-26 12:10:58,745 - INFO - epoch=600 train_loss=1.0285 val_loss=0.8770
2026-01-26 12:11:00,104 - INFO - epoch=601 train_loss=1.0217 val_loss=0.8497
2026-01-26 12:11:01,375 - INFO - epoch=602 train_loss=1.0165 val_loss=0.8599
2026-01-26 12:11:02,633 - INFO - epoch=603 train_loss=1.0187 val_loss=0.8641
2026-01-26 12:11:03,904 - INFO - epoch=604 train_loss=1.0121 val_loss=0.8549
2026-01-26 12:11:05,188 - INFO - epoch=605 train_loss=1.0196 val_loss=0.8550
2026-01-26 12:11:06,486 - INFO - epoch=606 train_loss=1.0150 val_loss=0.8479
2026-01-26 12:11:07,797 - INFO - epoch=607 train_loss=1.0179 val_loss=0.8733
2026-01-26 12:11:09,068 - INFO - epoch=608 train_loss=1.0117 val_loss=0.8604
2026-01-26 12:11:10,370 - INFO - epoch=609 train_loss=1.0143 val_loss=0.8483
2026-01-26 12:11:11,649 - INFO - epoch=610 train_loss=1.0157 val_loss=0.8646
2026-01-26 12:11:12,932 - INFO - epoch=611 train_loss=1.0130 val_loss=0.8589
2026-01-26 12:11:14,198 - INFO - epoch=612 train_loss=1.0170 val_loss=0.8538
2026-01-26 12:11:15,458 - INFO - epoch=613 train_loss=1.0162 val_loss=0.8615
2026-01-26 12:11:16,726 - INFO - epoch=614 train_loss=1.0135 val_loss=0.8583
2026-01-26 12:11:18,014 - INFO - epoch=615 train_loss=1.0050 val_loss=0.8641
2026-01-26 12:11:19,279 - INFO - epoch=616 train_loss=1.0081 val_loss=0.8363
2026-01-26 12:11:20,578 - INFO - epoch=617 train_loss=1.0038 val_loss=0.8443
2026-01-26 12:11:21,873 - INFO - epoch=618 train_loss=1.0132 val_loss=0.8673
2026-01-26 12:11:23,166 - INFO - epoch=619 train_loss=1.0090 val_loss=0.8667
2026-01-26 12:11:24,444 - INFO - epoch=620 train_loss=1.0006 val_loss=0.8487
2026-01-26 12:11:25,724 - INFO - epoch=621 train_loss=1.0047 val_loss=0.8467
2026-01-26 12:11:26,989 - INFO - epoch=622 train_loss=1.0100 val_loss=0.8471
2026-01-26 12:11:28,250 - INFO - epoch=623 train_loss=1.0096 val_loss=0.8483
2026-01-26 12:11:29,512 - INFO - epoch=624 train_loss=1.0079 val_loss=0.8420
2026-01-26 12:11:30,796 - INFO - epoch=625 train_loss=1.0028 val_loss=0.8438
2026-01-26 12:11:32,086 - INFO - epoch=626 train_loss=1.0146 val_loss=0.8358
2026-01-26 12:11:33,406 - INFO - epoch=627 train_loss=1.0078 val_loss=0.8355
2026-01-26 12:11:34,683 - INFO - epoch=628 train_loss=1.0060 val_loss=0.8203
2026-01-26 12:11:35,964 - INFO - epoch=629 train_loss=0.9933 val_loss=0.8301
2026-01-26 12:11:37,226 - INFO - epoch=630 train_loss=1.0074 val_loss=0.8450
2026-01-26 12:11:38,515 - INFO - epoch=631 train_loss=0.9972 val_loss=0.8556
2026-01-26 12:11:39,793 - INFO - epoch=632 train_loss=1.0015 val_loss=0.8317
2026-01-26 12:11:41,067 - INFO - epoch=633 train_loss=0.9999 val_loss=0.8431
2026-01-26 12:11:42,330 - INFO - epoch=634 train_loss=0.9997 val_loss=0.8429
2026-01-26 12:11:43,628 - INFO - epoch=635 train_loss=0.9963 val_loss=0.8542
2026-01-26 12:11:44,901 - INFO - epoch=636 train_loss=1.0005 val_loss=0.8359
2026-01-26 12:11:46,198 - INFO - epoch=637 train_loss=0.9977 val_loss=0.8580
2026-01-26 12:11:47,486 - INFO - epoch=638 train_loss=0.9972 val_loss=0.8403
2026-01-26 12:11:48,784 - INFO - epoch=639 train_loss=1.0052 val_loss=0.8193
2026-01-26 12:11:50,072 - INFO - epoch=640 train_loss=0.9914 val_loss=0.8293
2026-01-26 12:11:51,346 - INFO - epoch=641 train_loss=0.9922 val_loss=0.8163
2026-01-26 12:11:52,654 - INFO - epoch=642 train_loss=0.9853 val_loss=0.8191
2026-01-26 12:11:53,931 - INFO - epoch=643 train_loss=0.9958 val_loss=0.8311
2026-01-26 12:11:55,201 - INFO - epoch=644 train_loss=0.9897 val_loss=0.8360
2026-01-26 12:11:56,466 - INFO - epoch=645 train_loss=0.9942 val_loss=0.8013
2026-01-26 12:11:57,778 - INFO - epoch=646 train_loss=0.9887 val_loss=0.8232
2026-01-26 12:11:59,084 - INFO - epoch=647 train_loss=0.9897 val_loss=0.8259
2026-01-26 12:12:00,377 - INFO - epoch=648 train_loss=0.9928 val_loss=0.8315
2026-01-26 12:12:01,651 - INFO - epoch=649 train_loss=0.9861 val_loss=0.8546
2026-01-26 12:12:02,933 - INFO - epoch=650 train_loss=0.9912 val_loss=0.8373
2026-01-26 12:12:04,290 - INFO - epoch=651 train_loss=0.9885 val_loss=0.8241
2026-01-26 12:12:05,582 - INFO - epoch=652 train_loss=0.9859 val_loss=0.8311
2026-01-26 12:12:06,864 - INFO - epoch=653 train_loss=0.9933 val_loss=0.8184
2026-01-26 12:12:08,136 - INFO - epoch=654 train_loss=0.9988 val_loss=0.8329
2026-01-26 12:12:09,442 - INFO - epoch=655 train_loss=0.9873 val_loss=0.8283
2026-01-26 12:12:10,715 - INFO - epoch=656 train_loss=0.9796 val_loss=0.8139
2026-01-26 12:12:11,980 - INFO - epoch=657 train_loss=0.9865 val_loss=0.8327
2026-01-26 12:12:13,262 - INFO - epoch=658 train_loss=0.9791 val_loss=0.8277
2026-01-26 12:12:14,547 - INFO - epoch=659 train_loss=0.9850 val_loss=0.8199
2026-01-26 12:12:15,816 - INFO - epoch=660 train_loss=0.9908 val_loss=0.8081
2026-01-26 12:12:17,079 - INFO - epoch=661 train_loss=0.9859 val_loss=0.8145
2026-01-26 12:12:18,356 - INFO - epoch=662 train_loss=0.9877 val_loss=0.8325
2026-01-26 12:12:19,607 - INFO - epoch=663 train_loss=0.9943 val_loss=0.8135
2026-01-26 12:12:20,870 - INFO - epoch=664 train_loss=0.9847 val_loss=0.8271
2026-01-26 12:12:22,138 - INFO - epoch=665 train_loss=0.9888 val_loss=0.8018
2026-01-26 12:12:23,428 - INFO - epoch=666 train_loss=0.9902 val_loss=0.8356
2026-01-26 12:12:24,718 - INFO - epoch=667 train_loss=0.9823 val_loss=0.7923
2026-01-26 12:12:26,024 - INFO - epoch=668 train_loss=0.9788 val_loss=0.8142
2026-01-26 12:12:27,296 - INFO - epoch=669 train_loss=0.9805 val_loss=0.8231
2026-01-26 12:12:28,564 - INFO - epoch=670 train_loss=0.9798 val_loss=0.8042
2026-01-26 12:12:29,827 - INFO - epoch=671 train_loss=0.9781 val_loss=0.8127
2026-01-26 12:12:31,098 - INFO - epoch=672 train_loss=0.9805 val_loss=0.8286
2026-01-26 12:12:32,386 - INFO - epoch=673 train_loss=0.9809 val_loss=0.8116
2026-01-26 12:12:33,676 - INFO - epoch=674 train_loss=0.9739 val_loss=0.8068
2026-01-26 12:12:34,942 - INFO - epoch=675 train_loss=0.9725 val_loss=0.8110
2026-01-26 12:12:36,207 - INFO - epoch=676 train_loss=0.9743 val_loss=0.7870
2026-01-26 12:12:37,523 - INFO - epoch=677 train_loss=0.9698 val_loss=0.8131
2026-01-26 12:12:38,780 - INFO - epoch=678 train_loss=0.9713 val_loss=0.7949
2026-01-26 12:12:40,055 - INFO - epoch=679 train_loss=0.9695 val_loss=0.7966
2026-01-26 12:12:41,356 - INFO - epoch=680 train_loss=0.9710 val_loss=0.7971
2026-01-26 12:12:42,644 - INFO - epoch=681 train_loss=0.9694 val_loss=0.8062
2026-01-26 12:12:43,940 - INFO - epoch=682 train_loss=0.9864 val_loss=0.8221
2026-01-26 12:12:45,198 - INFO - epoch=683 train_loss=0.9791 val_loss=0.8081
2026-01-26 12:12:46,564 - INFO - epoch=684 train_loss=0.9727 val_loss=0.8074
2026-01-26 12:12:47,852 - INFO - epoch=685 train_loss=0.9717 val_loss=0.8197
2026-01-26 12:12:49,130 - INFO - epoch=686 train_loss=0.9672 val_loss=0.7889
2026-01-26 12:12:50,398 - INFO - epoch=687 train_loss=0.9745 val_loss=0.8162
2026-01-26 12:12:51,668 - INFO - epoch=688 train_loss=0.9756 val_loss=0.7959
2026-01-26 12:12:52,955 - INFO - epoch=689 train_loss=0.9770 val_loss=0.7833
2026-01-26 12:12:54,247 - INFO - epoch=690 train_loss=0.9712 val_loss=0.8174
2026-01-26 12:12:55,526 - INFO - epoch=691 train_loss=0.9749 val_loss=0.7824
2026-01-26 12:12:56,826 - INFO - epoch=692 train_loss=0.9681 val_loss=0.7875
2026-01-26 12:12:58,095 - INFO - epoch=693 train_loss=0.9711 val_loss=0.8024
2026-01-26 12:12:59,356 - INFO - epoch=694 train_loss=0.9702 val_loss=0.7836
2026-01-26 12:13:00,623 - INFO - epoch=695 train_loss=0.9677 val_loss=0.8204
2026-01-26 12:13:01,893 - INFO - epoch=696 train_loss=0.9725 val_loss=0.8062
2026-01-26 12:13:03,188 - INFO - epoch=697 train_loss=0.9648 val_loss=0.8234
2026-01-26 12:13:04,458 - INFO - epoch=698 train_loss=0.9672 val_loss=0.8005
2026-01-26 12:13:05,721 - INFO - epoch=699 train_loss=0.9640 val_loss=0.7956
2026-01-26 12:13:06,997 - INFO - epoch=700 train_loss=0.9684 val_loss=0.7994
2026-01-26 12:13:08,365 - INFO - epoch=701 train_loss=0.9665 val_loss=0.7772
2026-01-26 12:13:09,652 - INFO - epoch=702 train_loss=0.9708 val_loss=0.7849
2026-01-26 12:13:10,948 - INFO - epoch=703 train_loss=0.9646 val_loss=0.8188
2026-01-26 12:13:12,225 - INFO - epoch=704 train_loss=0.9629 val_loss=0.8160
2026-01-26 12:13:13,488 - INFO - epoch=705 train_loss=0.9654 val_loss=0.7864
2026-01-26 12:13:14,766 - INFO - epoch=706 train_loss=0.9546 val_loss=0.7892
2026-01-26 12:13:16,050 - INFO - epoch=707 train_loss=0.9582 val_loss=0.7971
2026-01-26 12:13:17,336 - INFO - epoch=708 train_loss=0.9611 val_loss=0.7929
2026-01-26 12:13:18,612 - INFO - epoch=709 train_loss=0.9573 val_loss=0.7856
2026-01-26 12:13:19,889 - INFO - epoch=710 train_loss=0.9617 val_loss=0.8121
2026-01-26 12:13:21,165 - INFO - epoch=711 train_loss=0.9591 val_loss=0.7720
2026-01-26 12:13:22,446 - INFO - epoch=712 train_loss=0.9553 val_loss=0.7937
2026-01-26 12:13:23,716 - INFO - epoch=713 train_loss=0.9596 val_loss=0.7620
2026-01-26 12:13:25,039 - INFO - epoch=714 train_loss=0.9532 val_loss=0.7840
2026-01-26 12:13:26,310 - INFO - epoch=715 train_loss=0.9617 val_loss=0.7881
2026-01-26 12:13:27,577 - INFO - epoch=716 train_loss=0.9534 val_loss=0.7778
2026-01-26 12:13:28,845 - INFO - epoch=717 train_loss=0.9545 val_loss=0.7917
2026-01-26 12:13:30,137 - INFO - epoch=718 train_loss=0.9572 val_loss=0.7858
2026-01-26 12:13:31,409 - INFO - epoch=719 train_loss=0.9564 val_loss=0.7668
2026-01-26 12:13:32,677 - INFO - epoch=720 train_loss=0.9653 val_loss=0.7785
2026-01-26 12:13:33,937 - INFO - epoch=721 train_loss=0.9536 val_loss=0.7924
2026-01-26 12:13:35,202 - INFO - epoch=722 train_loss=0.9519 val_loss=0.8017
2026-01-26 12:13:36,465 - INFO - epoch=723 train_loss=0.9571 val_loss=0.7915
2026-01-26 12:13:37,759 - INFO - epoch=724 train_loss=0.9526 val_loss=0.8066
2026-01-26 12:13:39,042 - INFO - epoch=725 train_loss=0.9538 val_loss=0.7734
2026-01-26 12:13:40,315 - INFO - epoch=726 train_loss=0.9508 val_loss=0.7759
2026-01-26 12:13:41,602 - INFO - epoch=727 train_loss=0.9570 val_loss=0.7816
2026-01-26 12:13:42,881 - INFO - epoch=728 train_loss=0.9546 val_loss=0.7812
2026-01-26 12:13:44,181 - INFO - epoch=729 train_loss=0.9592 val_loss=0.7854
2026-01-26 12:13:45,470 - INFO - epoch=730 train_loss=0.9606 val_loss=0.7823
2026-01-26 12:13:46,765 - INFO - epoch=731 train_loss=0.9523 val_loss=0.7558
2026-01-26 12:13:48,065 - INFO - epoch=732 train_loss=0.9481 val_loss=0.7907
2026-01-26 12:13:49,320 - INFO - epoch=733 train_loss=0.9512 val_loss=0.7715
2026-01-26 12:13:50,575 - INFO - epoch=734 train_loss=0.9478 val_loss=0.7910
2026-01-26 12:13:51,847 - INFO - epoch=735 train_loss=0.9401 val_loss=0.7918
2026-01-26 12:13:53,106 - INFO - epoch=736 train_loss=0.9545 val_loss=0.7873
2026-01-26 12:13:54,399 - INFO - epoch=737 train_loss=0.9522 val_loss=0.7922
2026-01-26 12:13:55,679 - INFO - epoch=738 train_loss=0.9452 val_loss=0.7558
2026-01-26 12:13:56,978 - INFO - epoch=739 train_loss=0.9539 val_loss=0.7860
2026-01-26 12:13:58,257 - INFO - epoch=740 train_loss=0.9465 val_loss=0.8033
2026-01-26 12:13:59,540 - INFO - epoch=741 train_loss=0.9483 val_loss=0.7664
2026-01-26 12:14:00,804 - INFO - epoch=742 train_loss=0.9484 val_loss=0.7676
2026-01-26 12:14:02,083 - INFO - epoch=743 train_loss=0.9472 val_loss=0.7613
2026-01-26 12:14:03,373 - INFO - epoch=744 train_loss=0.9471 val_loss=0.7832
2026-01-26 12:14:04,664 - INFO - epoch=745 train_loss=0.9489 val_loss=0.7895
2026-01-26 12:14:05,939 - INFO - epoch=746 train_loss=0.9399 val_loss=0.7808
2026-01-26 12:14:07,227 - INFO - epoch=747 train_loss=0.9499 val_loss=0.7636
2026-01-26 12:14:08,539 - INFO - epoch=748 train_loss=0.9450 val_loss=0.7852
2026-01-26 12:14:09,822 - INFO - epoch=749 train_loss=0.9479 val_loss=0.7924
2026-01-26 12:14:11,131 - INFO - epoch=750 train_loss=0.9363 val_loss=0.7698
2026-01-26 12:14:12,493 - INFO - epoch=751 train_loss=0.9484 val_loss=0.7769
2026-01-26 12:14:13,797 - INFO - epoch=752 train_loss=0.9420 val_loss=0.7889
2026-01-26 12:14:15,074 - INFO - epoch=753 train_loss=0.9475 val_loss=0.7797
2026-01-26 12:14:16,344 - INFO - epoch=754 train_loss=0.9375 val_loss=0.7622
2026-01-26 12:14:17,625 - INFO - epoch=755 train_loss=0.9395 val_loss=0.7726
2026-01-26 12:14:18,904 - INFO - epoch=756 train_loss=0.9323 val_loss=0.7889
2026-01-26 12:14:20,180 - INFO - epoch=757 train_loss=0.9377 val_loss=0.7631
2026-01-26 12:14:21,456 - INFO - epoch=758 train_loss=0.9434 val_loss=0.7888
2026-01-26 12:14:22,746 - INFO - epoch=759 train_loss=0.9410 val_loss=0.7655
2026-01-26 12:14:24,031 - INFO - epoch=760 train_loss=0.9382 val_loss=0.7675
2026-01-26 12:14:25,295 - INFO - epoch=761 train_loss=0.9441 val_loss=0.7626
2026-01-26 12:14:26,597 - INFO - epoch=762 train_loss=0.9464 val_loss=0.7693
2026-01-26 12:14:27,873 - INFO - epoch=763 train_loss=0.9387 val_loss=0.7899
2026-01-26 12:14:29,153 - INFO - epoch=764 train_loss=0.9430 val_loss=0.7566
2026-01-26 12:14:30,421 - INFO - epoch=765 train_loss=0.9381 val_loss=0.7515
2026-01-26 12:14:31,721 - INFO - epoch=766 train_loss=0.9412 val_loss=0.7635
2026-01-26 12:14:32,994 - INFO - epoch=767 train_loss=0.9419 val_loss=0.7774
2026-01-26 12:14:34,284 - INFO - epoch=768 train_loss=0.9397 val_loss=0.7721
2026-01-26 12:14:35,572 - INFO - epoch=769 train_loss=0.9420 val_loss=0.7766
2026-01-26 12:14:36,851 - INFO - epoch=770 train_loss=0.9335 val_loss=0.7780
2026-01-26 12:14:38,144 - INFO - epoch=771 train_loss=0.9391 val_loss=0.7373
2026-01-26 12:14:39,425 - INFO - epoch=772 train_loss=0.9380 val_loss=0.7559
2026-01-26 12:14:40,693 - INFO - epoch=773 train_loss=0.9337 val_loss=0.7656
2026-01-26 12:14:41,964 - INFO - epoch=774 train_loss=0.9348 val_loss=0.7766
2026-01-26 12:14:43,254 - INFO - epoch=775 train_loss=0.9316 val_loss=0.7554
2026-01-26 12:14:44,545 - INFO - epoch=776 train_loss=0.9254 val_loss=0.7678
2026-01-26 12:14:45,811 - INFO - epoch=777 train_loss=0.9242 val_loss=0.7535
2026-01-26 12:14:47,119 - INFO - epoch=778 train_loss=0.9320 val_loss=0.7458
2026-01-26 12:14:48,383 - INFO - epoch=779 train_loss=0.9315 val_loss=0.7943
2026-01-26 12:14:49,671 - INFO - epoch=780 train_loss=0.9278 val_loss=0.7231
2026-01-26 12:14:50,977 - INFO - epoch=781 train_loss=0.9340 val_loss=0.7429
2026-01-26 12:14:52,278 - INFO - epoch=782 train_loss=0.9287 val_loss=0.7889
2026-01-26 12:14:53,547 - INFO - epoch=783 train_loss=0.9322 val_loss=0.7703
2026-01-26 12:14:54,817 - INFO - epoch=784 train_loss=0.9317 val_loss=0.7731
2026-01-26 12:14:56,081 - INFO - epoch=785 train_loss=0.9289 val_loss=0.7424
2026-01-26 12:14:57,341 - INFO - epoch=786 train_loss=0.9251 val_loss=0.7609
2026-01-26 12:14:58,600 - INFO - epoch=787 train_loss=0.9266 val_loss=0.7619
2026-01-26 12:14:59,876 - INFO - epoch=788 train_loss=0.9283 val_loss=0.7376
2026-01-26 12:15:01,140 - INFO - epoch=789 train_loss=0.9293 val_loss=0.7650
2026-01-26 12:15:02,428 - INFO - epoch=790 train_loss=0.9304 val_loss=0.7485
2026-01-26 12:15:03,708 - INFO - epoch=791 train_loss=0.9308 val_loss=0.7600
2026-01-26 12:15:04,980 - INFO - epoch=792 train_loss=0.9295 val_loss=0.7472
2026-01-26 12:15:06,277 - INFO - epoch=793 train_loss=0.9287 val_loss=0.7629
2026-01-26 12:15:07,556 - INFO - epoch=794 train_loss=0.9267 val_loss=0.7631
2026-01-26 12:15:08,817 - INFO - epoch=795 train_loss=0.9290 val_loss=0.7565
2026-01-26 12:15:10,115 - INFO - epoch=796 train_loss=0.9246 val_loss=0.7212
2026-01-26 12:15:11,413 - INFO - epoch=797 train_loss=0.9254 val_loss=0.7191
2026-01-26 12:15:12,727 - INFO - epoch=798 train_loss=0.9215 val_loss=0.7476
2026-01-26 12:15:14,007 - INFO - epoch=799 train_loss=0.9240 val_loss=0.7241
2026-01-26 12:15:15,299 - INFO - epoch=800 train_loss=0.9249 val_loss=0.7539
2026-01-26 12:15:16,649 - INFO - epoch=801 train_loss=0.9264 val_loss=0.7636
2026-01-26 12:15:17,915 - INFO - epoch=802 train_loss=0.9298 val_loss=0.7513
2026-01-26 12:15:19,177 - INFO - epoch=803 train_loss=0.9225 val_loss=0.7532
2026-01-26 12:15:20,452 - INFO - epoch=804 train_loss=0.9290 val_loss=0.7462
2026-01-26 12:15:21,747 - INFO - epoch=805 train_loss=0.9257 val_loss=0.7559
2026-01-26 12:15:23,034 - INFO - epoch=806 train_loss=0.9290 val_loss=0.7546
2026-01-26 12:15:24,339 - INFO - epoch=807 train_loss=0.9147 val_loss=0.7499
2026-01-26 12:15:25,624 - INFO - epoch=808 train_loss=0.9276 val_loss=0.7612
2026-01-26 12:15:26,897 - INFO - epoch=809 train_loss=0.9231 val_loss=0.7545
2026-01-26 12:15:28,173 - INFO - epoch=810 train_loss=0.9196 val_loss=0.7438
2026-01-26 12:15:29,452 - INFO - epoch=811 train_loss=0.9208 val_loss=0.7356
2026-01-26 12:15:30,726 - INFO - epoch=812 train_loss=0.9194 val_loss=0.7494
2026-01-26 12:15:31,986 - INFO - epoch=813 train_loss=0.9242 val_loss=0.7476
2026-01-26 12:15:33,294 - INFO - epoch=814 train_loss=0.9170 val_loss=0.7594
2026-01-26 12:15:34,573 - INFO - epoch=815 train_loss=0.9222 val_loss=0.7560
2026-01-26 12:15:35,831 - INFO - epoch=816 train_loss=0.9231 val_loss=0.7679
2026-01-26 12:15:37,135 - INFO - epoch=817 train_loss=0.9152 val_loss=0.7414
2026-01-26 12:15:38,412 - INFO - epoch=818 train_loss=0.9165 val_loss=0.7434
2026-01-26 12:15:39,688 - INFO - epoch=819 train_loss=0.9224 val_loss=0.7447
2026-01-26 12:15:40,951 - INFO - epoch=820 train_loss=0.9088 val_loss=0.7372
2026-01-26 12:15:42,229 - INFO - epoch=821 train_loss=0.9173 val_loss=0.7402
2026-01-26 12:15:43,517 - INFO - epoch=822 train_loss=0.9084 val_loss=0.7372
2026-01-26 12:15:44,794 - INFO - epoch=823 train_loss=0.9228 val_loss=0.7595
2026-01-26 12:15:46,099 - INFO - epoch=824 train_loss=0.9139 val_loss=0.7216
2026-01-26 12:15:47,384 - INFO - epoch=825 train_loss=0.9140 val_loss=0.7377
2026-01-26 12:15:48,670 - INFO - epoch=826 train_loss=0.9141 val_loss=0.7370
2026-01-26 12:15:49,958 - INFO - epoch=827 train_loss=0.9227 val_loss=0.7287
2026-01-26 12:15:51,223 - INFO - epoch=828 train_loss=0.9161 val_loss=0.7526
2026-01-26 12:15:52,494 - INFO - epoch=829 train_loss=0.9107 val_loss=0.7346
2026-01-26 12:15:53,767 - INFO - epoch=830 train_loss=0.9179 val_loss=0.7311
2026-01-26 12:15:55,044 - INFO - epoch=831 train_loss=0.9122 val_loss=0.7318
2026-01-26 12:15:56,336 - INFO - epoch=832 train_loss=0.9127 val_loss=0.7536
2026-01-26 12:15:57,603 - INFO - epoch=833 train_loss=0.9162 val_loss=0.7323
2026-01-26 12:15:58,898 - INFO - epoch=834 train_loss=0.9123 val_loss=0.7447
2026-01-26 12:16:00,182 - INFO - epoch=835 train_loss=0.9188 val_loss=0.7525
2026-01-26 12:16:01,445 - INFO - epoch=836 train_loss=0.9145 val_loss=0.7298
2026-01-26 12:16:02,732 - INFO - epoch=837 train_loss=0.9171 val_loss=0.7454
2026-01-26 12:16:04,021 - INFO - epoch=838 train_loss=0.9121 val_loss=0.7327
2026-01-26 12:16:05,306 - INFO - epoch=839 train_loss=0.9150 val_loss=0.7353
2026-01-26 12:16:06,600 - INFO - epoch=840 train_loss=0.9139 val_loss=0.7284
2026-01-26 12:16:07,869 - INFO - epoch=841 train_loss=0.9156 val_loss=0.7620
2026-01-26 12:16:09,135 - INFO - epoch=842 train_loss=0.9068 val_loss=0.7578
2026-01-26 12:16:10,393 - INFO - epoch=843 train_loss=0.9157 val_loss=0.7075
2026-01-26 12:16:11,687 - INFO - epoch=844 train_loss=0.9152 val_loss=0.7368
2026-01-26 12:16:12,964 - INFO - epoch=845 train_loss=0.9191 val_loss=0.7610
2026-01-26 12:16:14,250 - INFO - epoch=846 train_loss=0.9170 val_loss=0.7513
2026-01-26 12:16:15,549 - INFO - epoch=847 train_loss=0.9209 val_loss=0.7303
2026-01-26 12:16:16,835 - INFO - epoch=848 train_loss=0.9081 val_loss=0.7307
2026-01-26 12:16:18,100 - INFO - epoch=849 train_loss=0.9138 val_loss=0.7548
2026-01-26 12:16:19,395 - INFO - epoch=850 train_loss=0.9063 val_loss=0.7406
2026-01-26 12:16:20,746 - INFO - epoch=851 train_loss=0.9101 val_loss=0.7410
2026-01-26 12:16:22,021 - INFO - epoch=852 train_loss=0.9061 val_loss=0.7302
2026-01-26 12:16:23,322 - INFO - epoch=853 train_loss=0.9142 val_loss=0.7455
2026-01-26 12:16:24,602 - INFO - epoch=854 train_loss=0.9110 val_loss=0.7408
2026-01-26 12:16:25,915 - INFO - epoch=855 train_loss=0.9132 val_loss=0.7378
2026-01-26 12:16:27,181 - INFO - epoch=856 train_loss=0.9089 val_loss=0.7526
2026-01-26 12:16:28,465 - INFO - epoch=857 train_loss=0.9053 val_loss=0.7560
2026-01-26 12:16:29,754 - INFO - epoch=858 train_loss=0.9108 val_loss=0.7738
2026-01-26 12:16:31,035 - INFO - epoch=859 train_loss=0.9043 val_loss=0.7262
2026-01-26 12:16:32,293 - INFO - epoch=860 train_loss=0.9112 val_loss=0.7195
2026-01-26 12:16:33,562 - INFO - epoch=861 train_loss=0.9112 val_loss=0.7135
2026-01-26 12:16:34,831 - INFO - epoch=862 train_loss=0.9056 val_loss=0.7279
2026-01-26 12:16:36,128 - INFO - epoch=863 train_loss=0.9112 val_loss=0.7438
2026-01-26 12:16:37,409 - INFO - epoch=864 train_loss=0.9039 val_loss=0.7270
2026-01-26 12:16:38,662 - INFO - epoch=865 train_loss=0.9046 val_loss=0.7465
2026-01-26 12:16:39,932 - INFO - epoch=866 train_loss=0.9038 val_loss=0.7429
2026-01-26 12:16:41,231 - INFO - epoch=867 train_loss=0.9030 val_loss=0.7307
2026-01-26 12:16:42,521 - INFO - epoch=868 train_loss=0.9021 val_loss=0.7240
2026-01-26 12:16:43,784 - INFO - epoch=869 train_loss=0.9059 val_loss=0.7319
2026-01-26 12:16:45,065 - INFO - epoch=870 train_loss=0.9034 val_loss=0.7038
2026-01-26 12:16:46,368 - INFO - epoch=871 train_loss=0.9025 val_loss=0.7361
2026-01-26 12:16:47,660 - INFO - epoch=872 train_loss=0.8962 val_loss=0.7273
2026-01-26 12:16:48,954 - INFO - epoch=873 train_loss=0.8948 val_loss=0.7188
2026-01-26 12:16:50,238 - INFO - epoch=874 train_loss=0.9019 val_loss=0.7333
2026-01-26 12:16:51,517 - INFO - epoch=875 train_loss=0.9052 val_loss=0.7359
2026-01-26 12:16:52,794 - INFO - epoch=876 train_loss=0.9088 val_loss=0.7299
2026-01-26 12:16:54,080 - INFO - epoch=877 train_loss=0.9025 val_loss=0.7260
2026-01-26 12:16:55,364 - INFO - epoch=878 train_loss=0.8992 val_loss=0.7303
2026-01-26 12:16:56,653 - INFO - epoch=879 train_loss=0.9027 val_loss=0.7187
2026-01-26 12:16:57,914 - INFO - epoch=880 train_loss=0.8982 val_loss=0.7058
2026-01-26 12:16:59,211 - INFO - epoch=881 train_loss=0.9087 val_loss=0.7468
2026-01-26 12:17:00,488 - INFO - epoch=882 train_loss=0.8959 val_loss=0.7345
2026-01-26 12:17:01,762 - INFO - epoch=883 train_loss=0.8968 val_loss=0.7410
2026-01-26 12:17:03,021 - INFO - epoch=884 train_loss=0.8991 val_loss=0.7205
2026-01-26 12:17:04,286 - INFO - epoch=885 train_loss=0.8982 val_loss=0.7270
2026-01-26 12:17:05,541 - INFO - epoch=886 train_loss=0.9084 val_loss=0.7102
2026-01-26 12:17:06,798 - INFO - epoch=887 train_loss=0.9074 val_loss=0.7129
2026-01-26 12:17:08,068 - INFO - epoch=888 train_loss=0.8999 val_loss=0.7098
2026-01-26 12:17:09,328 - INFO - epoch=889 train_loss=0.8993 val_loss=0.7332
2026-01-26 12:17:10,585 - INFO - epoch=890 train_loss=0.9031 val_loss=0.7091
2026-01-26 12:17:11,840 - INFO - epoch=891 train_loss=0.8964 val_loss=0.7540
2026-01-26 12:17:13,116 - INFO - epoch=892 train_loss=0.9039 val_loss=0.7500
2026-01-26 12:17:14,408 - INFO - epoch=893 train_loss=0.8918 val_loss=0.7147
2026-01-26 12:17:15,688 - INFO - epoch=894 train_loss=0.8925 val_loss=0.7307
2026-01-26 12:17:16,953 - INFO - epoch=895 train_loss=0.8951 val_loss=0.7281
2026-01-26 12:17:18,237 - INFO - epoch=896 train_loss=0.8952 val_loss=0.7296
2026-01-26 12:17:19,516 - INFO - epoch=897 train_loss=0.9005 val_loss=0.7177
2026-01-26 12:17:20,781 - INFO - epoch=898 train_loss=0.8996 val_loss=0.7207
2026-01-26 12:17:22,052 - INFO - epoch=899 train_loss=0.8919 val_loss=0.7224
2026-01-26 12:17:23,307 - INFO - epoch=900 train_loss=0.8904 val_loss=0.7259
2026-01-26 12:17:24,672 - INFO - epoch=901 train_loss=0.8948 val_loss=0.7302
2026-01-26 12:17:25,959 - INFO - epoch=902 train_loss=0.9000 val_loss=0.7192
2026-01-26 12:17:27,230 - INFO - epoch=903 train_loss=0.8996 val_loss=0.7177
2026-01-26 12:17:28,496 - INFO - epoch=904 train_loss=0.8958 val_loss=0.7152
2026-01-26 12:17:29,750 - INFO - epoch=905 train_loss=0.8920 val_loss=0.7359
2026-01-26 12:17:31,042 - INFO - epoch=906 train_loss=0.8881 val_loss=0.7030
2026-01-26 12:17:32,344 - INFO - epoch=907 train_loss=0.8984 val_loss=0.7149
2026-01-26 12:17:33,612 - INFO - epoch=908 train_loss=0.8866 val_loss=0.7286
2026-01-26 12:17:34,871 - INFO - epoch=909 train_loss=0.8902 val_loss=0.7224
2026-01-26 12:17:36,135 - INFO - epoch=910 train_loss=0.8995 val_loss=0.7392
2026-01-26 12:17:37,420 - INFO - epoch=911 train_loss=0.8972 val_loss=0.7359
2026-01-26 12:17:38,699 - INFO - epoch=912 train_loss=0.8860 val_loss=0.7359
2026-01-26 12:17:39,978 - INFO - epoch=913 train_loss=0.8947 val_loss=0.7129
2026-01-26 12:17:41,224 - INFO - epoch=914 train_loss=0.8980 val_loss=0.7218
2026-01-26 12:17:42,486 - INFO - epoch=915 train_loss=0.8967 val_loss=0.7363
2026-01-26 12:17:43,747 - INFO - epoch=916 train_loss=0.8984 val_loss=0.7144
2026-01-26 12:17:45,010 - INFO - epoch=917 train_loss=0.8910 val_loss=0.7075
2026-01-26 12:17:46,309 - INFO - epoch=918 train_loss=0.8993 val_loss=0.7253
2026-01-26 12:17:47,598 - INFO - epoch=919 train_loss=0.8993 val_loss=0.7234
2026-01-26 12:17:48,863 - INFO - epoch=920 train_loss=0.9020 val_loss=0.7111
2026-01-26 12:17:50,162 - INFO - epoch=921 train_loss=0.8990 val_loss=0.7083
2026-01-26 12:17:51,431 - INFO - epoch=922 train_loss=0.8899 val_loss=0.7095
2026-01-26 12:17:52,705 - INFO - epoch=923 train_loss=0.8929 val_loss=0.7186
2026-01-26 12:17:53,969 - INFO - epoch=924 train_loss=0.8866 val_loss=0.7132
2026-01-26 12:17:55,223 - INFO - epoch=925 train_loss=0.8870 val_loss=0.7185
2026-01-26 12:17:56,494 - INFO - epoch=926 train_loss=0.8925 val_loss=0.7159
2026-01-26 12:17:57,777 - INFO - epoch=927 train_loss=0.8856 val_loss=0.7171
2026-01-26 12:17:59,070 - INFO - epoch=928 train_loss=0.8890 val_loss=0.7313
2026-01-26 12:18:00,347 - INFO - epoch=929 train_loss=0.8899 val_loss=0.7043
2026-01-26 12:18:01,638 - INFO - epoch=930 train_loss=0.8901 val_loss=0.7285
2026-01-26 12:18:02,919 - INFO - epoch=931 train_loss=0.8980 val_loss=0.6901
2026-01-26 12:18:04,238 - INFO - epoch=932 train_loss=0.8953 val_loss=0.7235
2026-01-26 12:18:05,511 - INFO - epoch=933 train_loss=0.8897 val_loss=0.7144
2026-01-26 12:18:06,780 - INFO - epoch=934 train_loss=0.8875 val_loss=0.7166
2026-01-26 12:18:08,070 - INFO - epoch=935 train_loss=0.8859 val_loss=0.7167
2026-01-26 12:18:09,354 - INFO - epoch=936 train_loss=0.8892 val_loss=0.7302
2026-01-26 12:18:10,657 - INFO - epoch=937 train_loss=0.8847 val_loss=0.7252
2026-01-26 12:18:11,928 - INFO - epoch=938 train_loss=0.8907 val_loss=0.7093
2026-01-26 12:18:13,201 - INFO - epoch=939 train_loss=0.8857 val_loss=0.7386
2026-01-26 12:18:14,479 - INFO - epoch=940 train_loss=0.8844 val_loss=0.7061
2026-01-26 12:18:15,736 - INFO - epoch=941 train_loss=0.8849 val_loss=0.7197
2026-01-26 12:18:17,033 - INFO - epoch=942 train_loss=0.8887 val_loss=0.7164
2026-01-26 12:18:18,308 - INFO - epoch=943 train_loss=0.8845 val_loss=0.7291
2026-01-26 12:18:19,576 - INFO - epoch=944 train_loss=0.8798 val_loss=0.6942
2026-01-26 12:18:20,838 - INFO - epoch=945 train_loss=0.8852 val_loss=0.6899
2026-01-26 12:18:22,138 - INFO - epoch=946 train_loss=0.8952 val_loss=0.7070
2026-01-26 12:18:23,415 - INFO - epoch=947 train_loss=0.8830 val_loss=0.7200
2026-01-26 12:18:24,684 - INFO - epoch=948 train_loss=0.8941 val_loss=0.7211
2026-01-26 12:18:25,958 - INFO - epoch=949 train_loss=0.8778 val_loss=0.6986
2026-01-26 12:18:27,233 - INFO - epoch=950 train_loss=0.8827 val_loss=0.7094
2026-01-26 12:18:28,586 - INFO - epoch=951 train_loss=0.8820 val_loss=0.7217
2026-01-26 12:18:29,872 - INFO - epoch=952 train_loss=0.8888 val_loss=0.7153
2026-01-26 12:18:31,140 - INFO - epoch=953 train_loss=0.8875 val_loss=0.7216
2026-01-26 12:18:32,432 - INFO - epoch=954 train_loss=0.8931 val_loss=0.7190
2026-01-26 12:18:33,717 - INFO - epoch=955 train_loss=0.8809 val_loss=0.7001
2026-01-26 12:18:34,964 - INFO - epoch=956 train_loss=0.8845 val_loss=0.6820
2026-01-26 12:18:36,281 - INFO - epoch=957 train_loss=0.8810 val_loss=0.7144
2026-01-26 12:18:37,557 - INFO - epoch=958 train_loss=0.8936 val_loss=0.7074
2026-01-26 12:18:38,827 - INFO - epoch=959 train_loss=0.8746 val_loss=0.6957
2026-01-26 12:18:40,098 - INFO - epoch=960 train_loss=0.8831 val_loss=0.7206
2026-01-26 12:18:41,387 - INFO - epoch=961 train_loss=0.8839 val_loss=0.7255
2026-01-26 12:18:42,667 - INFO - epoch=962 train_loss=0.8874 val_loss=0.7155
2026-01-26 12:18:43,930 - INFO - epoch=963 train_loss=0.8901 val_loss=0.7142
2026-01-26 12:18:45,232 - INFO - epoch=964 train_loss=0.8837 val_loss=0.6995
2026-01-26 12:18:46,516 - INFO - epoch=965 train_loss=0.8837 val_loss=0.7100
2026-01-26 12:18:47,798 - INFO - epoch=966 train_loss=0.8755 val_loss=0.7158
2026-01-26 12:18:49,074 - INFO - epoch=967 train_loss=0.8805 val_loss=0.6939
2026-01-26 12:18:50,351 - INFO - epoch=968 train_loss=0.8795 val_loss=0.7062
2026-01-26 12:18:51,626 - INFO - epoch=969 train_loss=0.8802 val_loss=0.7051
2026-01-26 12:18:52,892 - INFO - epoch=970 train_loss=0.8778 val_loss=0.6828
2026-01-26 12:18:54,178 - INFO - epoch=971 train_loss=0.8842 val_loss=0.6792
2026-01-26 12:18:55,483 - INFO - epoch=972 train_loss=0.8717 val_loss=0.7003
2026-01-26 12:18:56,742 - INFO - epoch=973 train_loss=0.8778 val_loss=0.6850
2026-01-26 12:18:58,041 - INFO - epoch=974 train_loss=0.8813 val_loss=0.6978
2026-01-26 12:18:59,310 - INFO - epoch=975 train_loss=0.8817 val_loss=0.7082
2026-01-26 12:19:00,573 - INFO - epoch=976 train_loss=0.8793 val_loss=0.7038
2026-01-26 12:19:01,844 - INFO - epoch=977 train_loss=0.8789 val_loss=0.7098
2026-01-26 12:19:03,119 - INFO - epoch=978 train_loss=0.8765 val_loss=0.7170
2026-01-26 12:19:04,406 - INFO - epoch=979 train_loss=0.8745 val_loss=0.7061
2026-01-26 12:19:05,677 - INFO - epoch=980 train_loss=0.8684 val_loss=0.7085
2026-01-26 12:19:06,974 - INFO - epoch=981 train_loss=0.8764 val_loss=0.6829
2026-01-26 12:19:08,260 - INFO - epoch=982 train_loss=0.8689 val_loss=0.6890
2026-01-26 12:19:09,532 - INFO - epoch=983 train_loss=0.8737 val_loss=0.6716
2026-01-26 12:19:10,858 - INFO - epoch=984 train_loss=0.8768 val_loss=0.6866
2026-01-26 12:19:12,137 - INFO - epoch=985 train_loss=0.8732 val_loss=0.7129
2026-01-26 12:19:13,427 - INFO - epoch=986 train_loss=0.8780 val_loss=0.6862
2026-01-26 12:19:14,706 - INFO - epoch=987 train_loss=0.8771 val_loss=0.6774
2026-01-26 12:19:15,965 - INFO - epoch=988 train_loss=0.8824 val_loss=0.6955
2026-01-26 12:19:17,229 - INFO - epoch=989 train_loss=0.8773 val_loss=0.6959
2026-01-26 12:19:18,491 - INFO - epoch=990 train_loss=0.8770 val_loss=0.6848
2026-01-26 12:19:19,756 - INFO - epoch=991 train_loss=0.8753 val_loss=0.6768
2026-01-26 12:19:21,013 - INFO - epoch=992 train_loss=0.8797 val_loss=0.7040
2026-01-26 12:19:22,285 - INFO - epoch=993 train_loss=0.8813 val_loss=0.6895
2026-01-26 12:19:23,551 - INFO - epoch=994 train_loss=0.8761 val_loss=0.6975
2026-01-26 12:19:24,830 - INFO - epoch=995 train_loss=0.8693 val_loss=0.6748
2026-01-26 12:19:26,119 - INFO - epoch=996 train_loss=0.8767 val_loss=0.6997
2026-01-26 12:19:27,427 - INFO - epoch=997 train_loss=0.8782 val_loss=0.7147
2026-01-26 12:19:28,708 - INFO - epoch=998 train_loss=0.8790 val_loss=0.6894
2026-01-26 12:19:29,984 - INFO - epoch=999 train_loss=0.8767 val_loss=0.7008
2026-01-26 12:19:31,285 - INFO - epoch=1000 train_loss=0.8738 val_loss=0.6908
2026-01-26 12:19:31,422 - INFO - saved: /home/jinlin/data/geoexplicit_data/experiments/icml2026_routegen/WAYCASD1_waydata_rustbelt_seed0_strict_v1/W7_train_flow_sem5/report.json
