2026-02-17 21:03:15,869 - INFO - device=cuda
2026-02-17 21:03:16,660 - INFO - split_json=/home/jinlin/data/geoexplicit_data/experiments/icml2026_routegen/WAYCASD0_waydata_porto_seed0/W5_way_routes_strict_gate/od_split_min3_max160_seed0_dev10p.json train_routes=108153 val_routes=13086 => train_idx=107706 val_idx=13041
2026-02-17 21:03:16,662 - INFO - routes: total=1343467 train=107706 val=13041 min_hops=5 max_way_len=160
/home/jinlin/miniconda3/envs/dpl/lib/python3.11/site-packages/torch/nn/modules/transformer.py:392: UserWarning: enable_nested_tensor is True, but self.use_nested_tensor is False because encoder_layer.norm_first was True
  warnings.warn(
2026-02-17 21:03:20,187 - INFO - init best_val_loss=3.157802 from current weights (epoch=0)
2026-02-17 21:04:11,247 - INFO - epoch=1 train_loss=2.4709 train_acc=0.205 val_loss=2.1970 val_acc=0.287
2026-02-17 21:05:05,266 - INFO - epoch=2 train_loss=2.1768 train_acc=0.292 val_loss=1.9926 val_acc=0.357
2026-02-17 21:06:01,666 - INFO - epoch=3 train_loss=2.0310 train_acc=0.340 val_loss=1.8106 val_acc=0.423
2026-02-17 21:06:58,460 - INFO - epoch=4 train_loss=1.7766 train_acc=0.423 val_loss=1.4456 val_acc=0.531
2026-02-17 21:07:55,463 - INFO - epoch=5 train_loss=1.4418 train_acc=0.521 val_loss=1.2207 val_acc=0.590
2026-02-17 21:08:52,768 - INFO - epoch=6 train_loss=1.2879 train_acc=0.565 val_loss=1.1083 val_acc=0.625
2026-02-17 21:09:50,035 - INFO - epoch=7 train_loss=1.2048 train_acc=0.590 val_loss=1.0395 val_acc=0.648
2026-02-17 21:10:46,971 - INFO - epoch=8 train_loss=1.1507 train_acc=0.607 val_loss=0.9845 val_acc=0.664
2026-02-17 21:11:44,937 - INFO - epoch=9 train_loss=1.0973 train_acc=0.624 val_loss=0.9535 val_acc=0.673
2026-02-17 21:12:42,389 - INFO - epoch=10 train_loss=1.0637 train_acc=0.635 val_loss=0.9111 val_acc=0.690
2026-02-17 21:13:39,202 - INFO - epoch=11 train_loss=1.0365 train_acc=0.643 val_loss=0.8790 val_acc=0.700
2026-02-17 21:14:36,427 - INFO - epoch=12 train_loss=1.0050 train_acc=0.653 val_loss=0.8569 val_acc=0.707
2026-02-17 21:15:33,924 - INFO - epoch=13 train_loss=0.9763 train_acc=0.663 val_loss=0.8232 val_acc=0.718
2026-02-17 21:16:31,429 - INFO - epoch=14 train_loss=0.9529 train_acc=0.671 val_loss=0.8014 val_acc=0.725
2026-02-17 21:17:28,730 - INFO - epoch=15 train_loss=0.9324 train_acc=0.677 val_loss=0.7836 val_acc=0.733
2026-02-17 21:18:26,317 - INFO - epoch=16 train_loss=0.9123 train_acc=0.684 val_loss=0.7619 val_acc=0.740
2026-02-17 21:19:22,675 - INFO - epoch=17 train_loss=0.9037 train_acc=0.687 val_loss=0.7415 val_acc=0.748
2026-02-17 21:20:20,244 - INFO - epoch=18 train_loss=0.8773 train_acc=0.696 val_loss=0.7332 val_acc=0.749
2026-02-17 21:21:17,220 - INFO - epoch=19 train_loss=0.8664 train_acc=0.700 val_loss=0.7286 val_acc=0.752
2026-02-17 21:22:14,254 - INFO - epoch=20 train_loss=0.8520 train_acc=0.705 val_loss=0.7159 val_acc=0.755
2026-02-17 21:23:11,324 - INFO - epoch=21 train_loss=0.8359 train_acc=0.711 val_loss=0.6913 val_acc=0.766
2026-02-17 21:24:08,607 - INFO - epoch=22 train_loss=0.8193 train_acc=0.716 val_loss=0.6769 val_acc=0.770
2026-02-17 21:25:06,078 - INFO - epoch=23 train_loss=0.8039 train_acc=0.722 val_loss=0.6638 val_acc=0.774
2026-02-17 21:26:03,386 - INFO - epoch=24 train_loss=0.7917 train_acc=0.725 val_loss=0.6565 val_acc=0.776
2026-02-17 21:27:00,445 - INFO - epoch=25 train_loss=0.7824 train_acc=0.729 val_loss=0.6395 val_acc=0.784
2026-02-17 21:27:57,384 - INFO - epoch=26 train_loss=0.7694 train_acc=0.734 val_loss=0.6355 val_acc=0.784
2026-02-17 21:28:54,392 - INFO - epoch=27 train_loss=0.7586 train_acc=0.737 val_loss=0.6284 val_acc=0.786
2026-02-17 21:29:52,072 - INFO - epoch=28 train_loss=0.7411 train_acc=0.743 val_loss=0.6185 val_acc=0.791
2026-02-17 21:30:49,273 - INFO - epoch=29 train_loss=0.7370 train_acc=0.744 val_loss=0.6246 val_acc=0.788
2026-02-17 21:31:46,774 - INFO - epoch=30 train_loss=0.7238 train_acc=0.749 val_loss=0.5925 val_acc=0.799
2026-02-17 21:32:44,364 - INFO - epoch=31 train_loss=0.7116 train_acc=0.753 val_loss=0.5991 val_acc=0.797
2026-02-17 21:33:41,766 - INFO - epoch=32 train_loss=0.7051 train_acc=0.755 val_loss=0.5887 val_acc=0.802
2026-02-17 21:34:39,123 - INFO - epoch=33 train_loss=0.6912 train_acc=0.760 val_loss=0.5712 val_acc=0.806
2026-02-17 21:35:36,099 - INFO - epoch=34 train_loss=0.6804 train_acc=0.764 val_loss=0.5614 val_acc=0.810
2026-02-17 21:36:33,919 - INFO - epoch=35 train_loss=0.6627 train_acc=0.769 val_loss=0.5486 val_acc=0.815
2026-02-17 21:37:31,433 - INFO - epoch=36 train_loss=0.6529 train_acc=0.773 val_loss=0.5488 val_acc=0.812
2026-02-17 21:38:29,057 - INFO - epoch=37 train_loss=0.6449 train_acc=0.776 val_loss=0.5359 val_acc=0.819
2026-02-17 21:39:26,609 - INFO - epoch=38 train_loss=0.6353 train_acc=0.779 val_loss=0.5273 val_acc=0.822
2026-02-17 21:40:23,499 - INFO - epoch=39 train_loss=0.6323 train_acc=0.780 val_loss=0.5266 val_acc=0.820
2026-02-17 21:41:20,175 - INFO - epoch=40 train_loss=0.6261 train_acc=0.782 val_loss=0.5118 val_acc=0.826
2026-02-17 21:42:17,259 - INFO - epoch=41 train_loss=0.6162 train_acc=0.786 val_loss=0.5164 val_acc=0.825
2026-02-17 21:43:15,000 - INFO - epoch=42 train_loss=0.6061 train_acc=0.789 val_loss=0.5118 val_acc=0.828
2026-02-17 21:44:12,253 - INFO - epoch=43 train_loss=0.6035 train_acc=0.790 val_loss=0.5042 val_acc=0.829
2026-02-17 21:45:09,620 - INFO - epoch=44 train_loss=0.5965 train_acc=0.792 val_loss=0.4985 val_acc=0.830
2026-02-17 21:46:06,905 - INFO - epoch=45 train_loss=0.5938 train_acc=0.793 val_loss=0.4948 val_acc=0.833
2026-02-17 21:47:03,983 - INFO - epoch=46 train_loss=0.5875 train_acc=0.796 val_loss=0.4843 val_acc=0.836
2026-02-17 21:48:01,206 - INFO - epoch=47 train_loss=0.5832 train_acc=0.797 val_loss=0.4916 val_acc=0.833
2026-02-17 21:48:58,651 - INFO - epoch=48 train_loss=0.5775 train_acc=0.799 val_loss=0.4821 val_acc=0.836
2026-02-17 21:49:55,875 - INFO - epoch=49 train_loss=0.5733 train_acc=0.801 val_loss=0.4823 val_acc=0.837
2026-02-17 21:50:53,243 - INFO - epoch=50 train_loss=0.5683 train_acc=0.803 val_loss=0.4737 val_acc=0.840
2026-02-17 21:51:50,087 - INFO - epoch=51 train_loss=0.5671 train_acc=0.803 val_loss=0.4735 val_acc=0.841
2026-02-17 21:52:47,221 - INFO - epoch=52 train_loss=0.5611 train_acc=0.805 val_loss=0.4717 val_acc=0.842
2026-02-17 21:53:44,491 - INFO - epoch=53 train_loss=0.5578 train_acc=0.807 val_loss=0.4634 val_acc=0.844
2026-02-17 21:54:42,295 - INFO - epoch=54 train_loss=0.5497 train_acc=0.809 val_loss=0.4633 val_acc=0.843
2026-02-17 21:55:39,996 - INFO - epoch=55 train_loss=0.5465 train_acc=0.810 val_loss=0.4599 val_acc=0.846
2026-02-17 21:56:37,083 - INFO - epoch=56 train_loss=0.5466 train_acc=0.811 val_loss=0.4587 val_acc=0.845
2026-02-17 21:57:34,462 - INFO - epoch=57 train_loss=0.5431 train_acc=0.812 val_loss=0.4449 val_acc=0.851
2026-02-17 21:58:31,552 - INFO - epoch=58 train_loss=0.5418 train_acc=0.812 val_loss=0.4535 val_acc=0.847
2026-02-17 21:59:28,793 - INFO - epoch=59 train_loss=0.5361 train_acc=0.814 val_loss=0.4511 val_acc=0.849
2026-02-17 22:00:26,015 - INFO - epoch=60 train_loss=0.5316 train_acc=0.816 val_loss=0.4491 val_acc=0.849
2026-02-17 22:01:23,609 - INFO - epoch=61 train_loss=0.5278 train_acc=0.817 val_loss=0.4441 val_acc=0.851
2026-02-17 22:02:20,984 - INFO - epoch=62 train_loss=0.5274 train_acc=0.818 val_loss=0.4396 val_acc=0.852
2026-02-17 22:03:18,539 - INFO - epoch=63 train_loss=0.5211 train_acc=0.820 val_loss=0.4413 val_acc=0.852
2026-02-17 22:04:15,350 - INFO - epoch=64 train_loss=0.5234 train_acc=0.819 val_loss=0.4385 val_acc=0.853
2026-02-17 22:05:12,166 - INFO - epoch=65 train_loss=0.5205 train_acc=0.820 val_loss=0.4395 val_acc=0.854
2026-02-17 22:06:09,295 - INFO - epoch=66 train_loss=0.5160 train_acc=0.821 val_loss=0.4322 val_acc=0.856
2026-02-17 22:07:06,258 - INFO - epoch=67 train_loss=0.5161 train_acc=0.822 val_loss=0.4356 val_acc=0.854
2026-02-17 22:08:03,388 - INFO - epoch=68 train_loss=0.5110 train_acc=0.823 val_loss=0.4269 val_acc=0.858
2026-02-17 22:09:00,121 - INFO - epoch=69 train_loss=0.5106 train_acc=0.824 val_loss=0.4269 val_acc=0.858
2026-02-17 22:09:57,385 - INFO - epoch=70 train_loss=0.5034 train_acc=0.826 val_loss=0.4250 val_acc=0.857
2026-02-17 22:10:54,584 - INFO - epoch=71 train_loss=0.4998 train_acc=0.828 val_loss=0.4201 val_acc=0.860
2026-02-17 22:11:51,196 - INFO - epoch=72 train_loss=0.5024 train_acc=0.826 val_loss=0.4176 val_acc=0.861
2026-02-17 22:12:48,113 - INFO - epoch=73 train_loss=0.4973 train_acc=0.828 val_loss=0.4187 val_acc=0.861
2026-02-17 22:13:45,352 - INFO - epoch=74 train_loss=0.4945 train_acc=0.829 val_loss=0.4174 val_acc=0.861
2026-02-17 22:14:42,442 - INFO - epoch=75 train_loss=0.4916 train_acc=0.830 val_loss=0.4106 val_acc=0.863
2026-02-17 22:15:39,824 - INFO - epoch=76 train_loss=0.4883 train_acc=0.831 val_loss=0.4135 val_acc=0.861
2026-02-17 22:16:36,670 - INFO - epoch=77 train_loss=0.4886 train_acc=0.832 val_loss=0.4132 val_acc=0.863
2026-02-17 22:17:33,815 - INFO - epoch=78 train_loss=0.4847 train_acc=0.833 val_loss=0.4091 val_acc=0.865
2026-02-17 22:18:31,185 - INFO - epoch=79 train_loss=0.4819 train_acc=0.834 val_loss=0.4095 val_acc=0.863
2026-02-17 22:19:28,111 - INFO - epoch=80 train_loss=0.4815 train_acc=0.834 val_loss=0.4065 val_acc=0.864
2026-02-17 22:20:25,031 - INFO - epoch=81 train_loss=0.4822 train_acc=0.834 val_loss=0.4007 val_acc=0.867
2026-02-17 22:21:22,286 - INFO - epoch=82 train_loss=0.4761 train_acc=0.836 val_loss=0.4094 val_acc=0.864
2026-02-17 22:22:19,285 - INFO - epoch=83 train_loss=0.4753 train_acc=0.836 val_loss=0.4030 val_acc=0.867
2026-02-17 22:23:15,880 - INFO - epoch=84 train_loss=0.4761 train_acc=0.836 val_loss=0.4012 val_acc=0.867
2026-02-17 22:24:13,310 - INFO - epoch=85 train_loss=0.4700 train_acc=0.838 val_loss=0.3945 val_acc=0.869
2026-02-17 22:25:10,923 - INFO - epoch=86 train_loss=0.4679 train_acc=0.839 val_loss=0.3950 val_acc=0.869
2026-02-17 22:26:07,950 - INFO - epoch=87 train_loss=0.4699 train_acc=0.839 val_loss=0.4056 val_acc=0.864
2026-02-17 22:27:05,248 - INFO - epoch=88 train_loss=0.4656 train_acc=0.840 val_loss=0.3967 val_acc=0.868
2026-02-17 22:28:02,940 - INFO - epoch=89 train_loss=0.4607 train_acc=0.842 val_loss=0.3911 val_acc=0.871
2026-02-17 22:28:59,972 - INFO - epoch=90 train_loss=0.4640 train_acc=0.840 val_loss=0.3839 val_acc=0.873
2026-02-17 22:29:57,308 - INFO - epoch=91 train_loss=0.4572 train_acc=0.842 val_loss=0.3888 val_acc=0.871
2026-02-17 22:30:54,217 - INFO - epoch=92 train_loss=0.4597 train_acc=0.842 val_loss=0.3894 val_acc=0.872
2026-02-17 22:31:51,551 - INFO - epoch=93 train_loss=0.4557 train_acc=0.843 val_loss=0.3908 val_acc=0.871
2026-02-17 22:32:48,821 - INFO - epoch=94 train_loss=0.4549 train_acc=0.843 val_loss=0.3830 val_acc=0.873
2026-02-17 22:33:45,776 - INFO - epoch=95 train_loss=0.4540 train_acc=0.844 val_loss=0.3929 val_acc=0.870
2026-02-17 22:34:42,972 - INFO - epoch=96 train_loss=0.4525 train_acc=0.844 val_loss=0.3898 val_acc=0.872
2026-02-17 22:35:39,937 - INFO - epoch=97 train_loss=0.4517 train_acc=0.845 val_loss=0.3846 val_acc=0.873
2026-02-17 22:36:36,685 - INFO - epoch=98 train_loss=0.4506 train_acc=0.845 val_loss=0.3832 val_acc=0.874
2026-02-17 22:37:33,790 - INFO - epoch=99 train_loss=0.4474 train_acc=0.846 val_loss=0.3849 val_acc=0.872
2026-02-17 22:38:31,256 - INFO - epoch=100 train_loss=0.4444 train_acc=0.847 val_loss=0.3784 val_acc=0.875
2026-02-17 22:38:31,378 - INFO - saved: _sync/wsa/pi_verify/20260217_porto_sib_n2_e2_chain_s0/N2_ae_sib/report.json
