2026-02-21 11:58:56,826 - INFO - device=cuda
2026-02-21 11:58:57,561 - INFO - split_json=/home/jinlin/data/geoexplicit_data/experiments/icml2026_routegen/WAYCASD0_waydata_porto_seed0/W5_way_routes_strict_gate/od_split_min3_max160_seed0_dev10p.json train_routes=108153 val_routes=13086 => train_idx=107706 val_idx=13041
2026-02-21 11:58:57,563 - INFO - routes: total=1343467 train=107706 val=13041 min_hops=5 max_way_len=160
/home/jinlin/miniconda3/envs/dpl/lib/python3.11/site-packages/torch/nn/modules/transformer.py:392: UserWarning: enable_nested_tensor is True, but self.use_nested_tensor is False because encoder_layer.norm_first was True
  warnings.warn(
2026-02-21 11:58:58,059 - INFO - AE decoder cfg inferred/override: step_emb=True past_k=16 cross_attn=True cand_query=True past_ctx=True dest_query=False dir_query=False
2026-02-21 11:59:01,248 - INFO - Loaded graph dist lookup: path=/home/jinlin/data/geoexplicit_data/experiments/icml2026_routegen/WAYCASD0_waydata_porto_seed0/W2_way_graph/graph_dist_bfs.npz shape=(35471, 35471) dtype=int16 size=2.344GB device=cuda divisor=200 unreachable=201.0
2026-02-21 11:59:01,298 - INFO - train_decoder_scope=all trainable_params=2025473/2903041 (69.77%)
2026-02-21 11:59:01,828 - INFO - [cache] rebuilding z_flow cache at epoch=1 dtype=fp16 batch_size=512
2026-02-21 11:59:09,511 - INFO - [cache:train/e1] batch=20/211 it/s=2.60 eta=1.2m
2026-02-21 11:59:16,184 - INFO - [cache:train/e1] batch=40/211 it/s=2.79 eta=1.0m
2026-02-21 11:59:22,965 - INFO - [cache:train/e1] batch=60/211 it/s=2.84 eta=0.9m
2026-02-21 11:59:29,887 - INFO - [cache:train/e1] batch=80/211 it/s=2.85 eta=0.8m
2026-02-21 11:59:36,875 - INFO - [cache:train/e1] batch=100/211 it/s=2.85 eta=0.6m
2026-02-21 11:59:44,025 - INFO - [cache:train/e1] batch=120/211 it/s=2.84 eta=0.5m
2026-02-21 11:59:51,270 - INFO - [cache:train/e1] batch=140/211 it/s=2.83 eta=0.4m
2026-02-21 11:59:58,604 - INFO - [cache:train/e1] batch=160/211 it/s=2.82 eta=0.3m
2026-02-21 12:00:06,027 - INFO - [cache:train/e1] batch=180/211 it/s=2.80 eta=0.2m
2026-02-21 12:00:13,543 - INFO - [cache:train/e1] batch=200/211 it/s=2.79 eta=0.1m
2026-02-21 12:00:17,471 - INFO - [cache:train/e1] batch=211/211 it/s=2.79 eta=0.0m
2026-02-21 12:00:17,658 - INFO - [cache:train/e1] built routes=107706 unique=107706 shape=(107706, 64, 256) dtype=torch.float16 size=3365.8MB elapsed=1.3m
2026-02-21 12:00:26,242 - INFO - [cache:val/e1] batch=20/26 it/s=2.36 eta=0.0m
2026-02-21 12:00:28,314 - INFO - [cache:val/e1] batch=26/26 it/s=2.47 eta=0.0m
2026-02-21 12:00:28,339 - INFO - [cache:val/e1] built routes=13041 unique=13041 shape=(13041, 64, 256) dtype=torch.float16 size=407.5MB elapsed=0.2m
2026-02-21 12:00:34,318 - INFO - epoch=1 batch=50/842 train_loss=1.0279 it/s=0.54 eta=24.4m
2026-02-21 12:00:39,254 - INFO - epoch=1 batch=100/842 train_loss=1.0266 it/s=1.03 eta=12.0m
2026-02-21 12:00:44,184 - INFO - epoch=1 batch=150/842 train_loss=1.0252 it/s=1.47 eta=7.9m
2026-02-21 12:00:49,101 - INFO - epoch=1 batch=200/842 train_loss=1.0246 it/s=1.86 eta=5.7m
2026-02-21 12:00:54,116 - INFO - epoch=1 batch=250/842 train_loss=1.0256 it/s=2.23 eta=4.4m
2026-02-21 12:00:59,059 - INFO - epoch=1 batch=300/842 train_loss=1.0246 it/s=2.56 eta=3.5m
2026-02-21 12:01:04,049 - INFO - epoch=1 batch=350/842 train_loss=1.0254 it/s=2.86 eta=2.9m
2026-02-21 12:01:09,038 - INFO - epoch=1 batch=400/842 train_loss=1.0245 it/s=3.14 eta=2.3m
2026-02-21 12:01:14,015 - INFO - epoch=1 batch=450/842 train_loss=1.0239 it/s=3.40 eta=1.9m
2026-02-21 12:01:19,013 - INFO - epoch=1 batch=500/842 train_loss=1.0236 it/s=3.64 eta=1.6m
2026-02-21 12:01:24,040 - INFO - epoch=1 batch=550/842 train_loss=1.0231 it/s=3.87 eta=1.3m
2026-02-21 12:01:29,069 - INFO - epoch=1 batch=600/842 train_loss=1.0225 it/s=4.07 eta=1.0m
2026-02-21 12:01:34,137 - INFO - epoch=1 batch=650/842 train_loss=1.0227 it/s=4.27 eta=0.7m
2026-02-21 12:01:39,217 - INFO - epoch=1 batch=700/842 train_loss=1.0226 it/s=4.45 eta=0.5m
2026-02-21 12:01:44,280 - INFO - epoch=1 batch=750/842 train_loss=1.0226 it/s=4.62 eta=0.3m
2026-02-21 12:01:49,415 - INFO - epoch=1 batch=800/842 train_loss=1.0228 it/s=4.77 eta=0.1m
2026-02-21 12:01:58,620 - INFO - epoch=1 train_loss=1.022768 val_loss=0.960761 best=inf@0
2026-02-21 12:02:04,102 - INFO - epoch=2 batch=50/842 train_loss=1.0128 it/s=9.16 eta=1.4m
2026-02-21 12:02:09,176 - INFO - epoch=2 batch=100/842 train_loss=1.0174 it/s=9.50 eta=1.3m
2026-02-21 12:02:14,249 - INFO - epoch=2 batch=150/842 train_loss=1.0136 it/s=9.61 eta=1.2m
2026-02-21 12:02:19,296 - INFO - epoch=2 batch=200/842 train_loss=1.0153 it/s=9.68 eta=1.1m
2026-02-21 12:02:24,407 - INFO - epoch=2 batch=250/842 train_loss=1.0184 it/s=9.70 eta=1.0m
2026-02-21 12:02:29,567 - INFO - epoch=2 batch=300/842 train_loss=1.0183 it/s=9.70 eta=0.9m
2026-02-21 12:02:34,741 - INFO - epoch=2 batch=350/842 train_loss=1.0192 it/s=9.70 eta=0.8m
2026-02-21 12:02:39,848 - INFO - epoch=2 batch=400/842 train_loss=1.0195 it/s=9.71 eta=0.8m
2026-02-21 12:02:45,026 - INFO - epoch=2 batch=450/842 train_loss=1.0191 it/s=9.70 eta=0.7m
2026-02-21 12:02:50,117 - INFO - epoch=2 batch=500/842 train_loss=1.0198 it/s=9.71 eta=0.6m
2026-02-21 12:02:55,225 - INFO - epoch=2 batch=550/842 train_loss=1.0203 it/s=9.72 eta=0.5m
2026-02-21 12:03:00,406 - INFO - epoch=2 batch=600/842 train_loss=1.0205 it/s=9.71 eta=0.4m
2026-02-21 12:03:05,517 - INFO - epoch=2 batch=650/842 train_loss=1.0205 it/s=9.72 eta=0.3m
2026-02-21 12:03:10,709 - INFO - epoch=2 batch=700/842 train_loss=1.0203 it/s=9.71 eta=0.2m
2026-02-21 12:03:15,917 - INFO - epoch=2 batch=750/842 train_loss=1.0204 it/s=9.71 eta=0.2m
2026-02-21 12:03:21,101 - INFO - epoch=2 batch=800/842 train_loss=1.0206 it/s=9.70 eta=0.1m
2026-02-21 12:03:29,635 - INFO - epoch=2 train_loss=1.020180 val_loss=0.959244 best=0.960761@1
2026-02-21 12:03:35,095 - INFO - epoch=3 batch=50/842 train_loss=1.0247 it/s=9.22 eta=1.4m
2026-02-21 12:03:40,340 - INFO - epoch=3 batch=100/842 train_loss=1.0180 it/s=9.37 eta=1.3m
2026-02-21 12:03:45,498 - INFO - epoch=3 batch=150/842 train_loss=1.0147 it/s=9.48 eta=1.2m
2026-02-21 12:03:50,689 - INFO - epoch=3 batch=200/842 train_loss=1.0152 it/s=9.52 eta=1.1m
2026-02-21 12:03:55,862 - INFO - epoch=3 batch=250/842 train_loss=1.0148 it/s=9.54 eta=1.0m
2026-02-21 12:04:01,064 - INFO - epoch=3 batch=300/842 train_loss=1.0165 it/s=9.56 eta=0.9m
2026-02-21 12:04:06,235 - INFO - epoch=3 batch=350/842 train_loss=1.0164 it/s=9.57 eta=0.9m
2026-02-21 12:04:11,384 - INFO - epoch=3 batch=400/842 train_loss=1.0172 it/s=9.59 eta=0.8m
2026-02-21 12:04:16,584 - INFO - epoch=3 batch=450/842 train_loss=1.0172 it/s=9.59 eta=0.7m
2026-02-21 12:04:21,765 - INFO - epoch=3 batch=500/842 train_loss=1.0177 it/s=9.60 eta=0.6m
2026-02-21 12:04:26,974 - INFO - epoch=3 batch=550/842 train_loss=1.0185 it/s=9.60 eta=0.5m
2026-02-21 12:04:32,211 - INFO - epoch=3 batch=600/842 train_loss=1.0187 it/s=9.59 eta=0.4m
2026-02-21 12:04:37,364 - INFO - epoch=3 batch=650/842 train_loss=1.0190 it/s=9.60 eta=0.3m
2026-02-21 12:04:42,580 - INFO - epoch=3 batch=700/842 train_loss=1.0192 it/s=9.60 eta=0.2m
2026-02-21 12:04:47,810 - INFO - epoch=3 batch=750/842 train_loss=1.0200 it/s=9.60 eta=0.2m
2026-02-21 12:04:52,945 - INFO - epoch=3 batch=800/842 train_loss=1.0200 it/s=9.61 eta=0.1m
2026-02-21 12:05:01,428 - INFO - epoch=3 train_loss=1.019824 val_loss=0.958379 best=0.959244@2
2026-02-21 12:05:06,784 - INFO - epoch=4 batch=50/842 train_loss=1.0151 it/s=9.39 eta=1.4m
2026-02-21 12:05:11,967 - INFO - epoch=4 batch=100/842 train_loss=1.0169 it/s=9.52 eta=1.3m
2026-02-21 12:05:17,184 - INFO - epoch=4 batch=150/842 train_loss=1.0160 it/s=9.54 eta=1.2m
2026-02-21 12:05:22,433 - INFO - epoch=4 batch=200/842 train_loss=1.0151 it/s=9.54 eta=1.1m
2026-02-21 12:05:27,609 - INFO - epoch=4 batch=250/842 train_loss=1.0168 it/s=9.56 eta=1.0m
2026-02-21 12:05:32,800 - INFO - epoch=4 batch=300/842 train_loss=1.0175 it/s=9.57 eta=0.9m
2026-02-21 12:05:37,934 - INFO - epoch=4 batch=350/842 train_loss=1.0168 it/s=9.60 eta=0.9m
2026-02-21 12:05:43,128 - INFO - epoch=4 batch=400/842 train_loss=1.0172 it/s=9.60 eta=0.8m
2026-02-21 12:05:48,309 - INFO - epoch=4 batch=450/842 train_loss=1.0170 it/s=9.61 eta=0.7m
2026-02-21 12:05:53,517 - INFO - epoch=4 batch=500/842 train_loss=1.0166 it/s=9.60 eta=0.6m
2026-02-21 12:05:58,726 - INFO - epoch=4 batch=550/842 train_loss=1.0161 it/s=9.60 eta=0.5m
2026-02-21 12:06:03,875 - INFO - epoch=4 batch=600/842 train_loss=1.0169 it/s=9.61 eta=0.4m
2026-02-21 12:06:09,041 - INFO - epoch=4 batch=650/842 train_loss=1.0167 it/s=9.62 eta=0.3m
2026-02-21 12:06:14,219 - INFO - epoch=4 batch=700/842 train_loss=1.0172 it/s=9.62 eta=0.2m
2026-02-21 12:06:19,398 - INFO - epoch=4 batch=750/842 train_loss=1.0175 it/s=9.62 eta=0.2m
2026-02-21 12:06:24,634 - INFO - epoch=4 batch=800/842 train_loss=1.0177 it/s=9.62 eta=0.1m
2026-02-21 12:06:33,052 - INFO - epoch=4 train_loss=1.018181 val_loss=0.958313 best=0.958379@3
2026-02-21 12:06:38,526 - INFO - epoch=5 batch=50/842 train_loss=1.0227 it/s=9.18 eta=1.4m
2026-02-21 12:06:43,676 - INFO - epoch=5 batch=100/842 train_loss=1.0191 it/s=9.44 eta=1.3m
2026-02-21 12:06:48,788 - INFO - epoch=5 batch=150/842 train_loss=1.0174 it/s=9.55 eta=1.2m
2026-02-21 12:06:53,914 - INFO - epoch=5 batch=200/842 train_loss=1.0203 it/s=9.60 eta=1.1m
2026-02-21 12:06:59,081 - INFO - epoch=5 batch=250/842 train_loss=1.0208 it/s=9.62 eta=1.0m
2026-02-21 12:07:04,238 - INFO - epoch=5 batch=300/842 train_loss=1.0197 it/s=9.63 eta=0.9m
2026-02-21 12:07:09,367 - INFO - epoch=5 batch=350/842 train_loss=1.0191 it/s=9.65 eta=0.9m
2026-02-21 12:07:14,485 - INFO - epoch=5 batch=400/842 train_loss=1.0174 it/s=9.66 eta=0.8m
2026-02-21 12:07:19,657 - INFO - epoch=5 batch=450/842 train_loss=1.0182 it/s=9.66 eta=0.7m
2026-02-21 12:07:24,716 - INFO - epoch=5 batch=500/842 train_loss=1.0177 it/s=9.68 eta=0.6m
2026-02-21 12:07:29,775 - INFO - epoch=5 batch=550/842 train_loss=1.0175 it/s=9.70 eta=0.5m
2026-02-21 12:07:34,912 - INFO - epoch=5 batch=600/842 train_loss=1.0183 it/s=9.70 eta=0.4m
2026-02-21 12:07:40,097 - INFO - epoch=5 batch=650/842 train_loss=1.0180 it/s=9.70 eta=0.3m
2026-02-21 12:07:45,210 - INFO - epoch=5 batch=700/842 train_loss=1.0175 it/s=9.70 eta=0.2m
2026-02-21 12:07:50,366 - INFO - epoch=5 batch=750/842 train_loss=1.0175 it/s=9.70 eta=0.2m
2026-02-21 12:07:55,553 - INFO - epoch=5 batch=800/842 train_loss=1.0173 it/s=9.70 eta=0.1m
2026-02-21 12:08:04,045 - INFO - epoch=5 train_loss=1.017184 val_loss=0.957038 best=0.958313@4
2026-02-21 12:08:09,429 - INFO - epoch=6 batch=50/842 train_loss=1.0034 it/s=9.34 eta=1.4m
2026-02-21 12:08:14,537 - INFO - epoch=6 batch=100/842 train_loss=1.0064 it/s=9.56 eta=1.3m
2026-02-21 12:08:19,669 - INFO - epoch=6 batch=150/842 train_loss=1.0110 it/s=9.62 eta=1.2m
2026-02-21 12:08:24,767 - INFO - epoch=6 batch=200/842 train_loss=1.0144 it/s=9.67 eta=1.1m
2026-02-21 12:08:29,831 - INFO - epoch=6 batch=250/842 train_loss=1.0160 it/s=9.71 eta=1.0m
2026-02-21 12:08:34,990 - INFO - epoch=6 batch=300/842 train_loss=1.0175 it/s=9.70 eta=0.9m
2026-02-21 12:08:40,102 - INFO - epoch=6 batch=350/842 train_loss=1.0165 it/s=9.71 eta=0.8m
2026-02-21 12:08:45,234 - INFO - epoch=6 batch=400/842 train_loss=1.0162 it/s=9.72 eta=0.8m
2026-02-21 12:08:50,344 - INFO - epoch=6 batch=450/842 train_loss=1.0163 it/s=9.73 eta=0.7m
2026-02-21 12:08:55,449 - INFO - epoch=6 batch=500/842 train_loss=1.0169 it/s=9.73 eta=0.6m
2026-02-21 12:09:00,626 - INFO - epoch=6 batch=550/842 train_loss=1.0168 it/s=9.73 eta=0.5m
2026-02-21 12:09:05,798 - INFO - epoch=6 batch=600/842 train_loss=1.0167 it/s=9.72 eta=0.4m
2026-02-21 12:09:10,989 - INFO - epoch=6 batch=650/842 train_loss=1.0166 it/s=9.71 eta=0.3m
2026-02-21 12:09:16,070 - INFO - epoch=6 batch=700/842 train_loss=1.0159 it/s=9.72 eta=0.2m
2026-02-21 12:09:21,220 - INFO - epoch=6 batch=750/842 train_loss=1.0161 it/s=9.72 eta=0.2m
2026-02-21 12:09:26,333 - INFO - epoch=6 batch=800/842 train_loss=1.0163 it/s=9.73 eta=0.1m
2026-02-21 12:09:34,857 - INFO - epoch=6 train_loss=1.016103 val_loss=0.956465 best=0.957038@5
2026-02-21 12:09:40,298 - INFO - epoch=7 batch=50/842 train_loss=1.0174 it/s=9.24 eta=1.4m
2026-02-21 12:09:45,395 - INFO - epoch=7 batch=100/842 train_loss=1.0200 it/s=9.52 eta=1.3m
2026-02-21 12:09:50,478 - INFO - epoch=7 batch=150/842 train_loss=1.0154 it/s=9.62 eta=1.2m
2026-02-21 12:09:55,549 - INFO - epoch=7 batch=200/842 train_loss=1.0137 it/s=9.68 eta=1.1m
2026-02-21 12:10:00,705 - INFO - epoch=7 batch=250/842 train_loss=1.0162 it/s=9.68 eta=1.0m
2026-02-21 12:10:05,829 - INFO - epoch=7 batch=300/842 train_loss=1.0152 it/s=9.70 eta=0.9m
2026-02-21 12:10:10,961 - INFO - epoch=7 batch=350/842 train_loss=1.0161 it/s=9.70 eta=0.8m
2026-02-21 12:10:16,145 - INFO - epoch=7 batch=400/842 train_loss=1.0161 it/s=9.70 eta=0.8m
2026-02-21 12:10:21,311 - INFO - epoch=7 batch=450/842 train_loss=1.0154 it/s=9.69 eta=0.7m
2026-02-21 12:10:26,406 - INFO - epoch=7 batch=500/842 train_loss=1.0151 it/s=9.71 eta=0.6m
2026-02-21 12:10:31,541 - INFO - epoch=7 batch=550/842 train_loss=1.0153 it/s=9.71 eta=0.5m
2026-02-21 12:10:36,651 - INFO - epoch=7 batch=600/842 train_loss=1.0146 it/s=9.71 eta=0.4m
2026-02-21 12:10:41,771 - INFO - epoch=7 batch=650/842 train_loss=1.0146 it/s=9.72 eta=0.3m
2026-02-21 12:10:46,896 - INFO - epoch=7 batch=700/842 train_loss=1.0147 it/s=9.72 eta=0.2m
2026-02-21 12:10:52,018 - INFO - epoch=7 batch=750/842 train_loss=1.0149 it/s=9.72 eta=0.2m
2026-02-21 12:10:57,152 - INFO - epoch=7 batch=800/842 train_loss=1.0151 it/s=9.72 eta=0.1m
2026-02-21 12:11:05,646 - INFO - epoch=7 train_loss=1.015312 val_loss=0.954849 best=0.956465@6
2026-02-21 12:11:11,089 - INFO - epoch=8 batch=50/842 train_loss=1.0164 it/s=9.24 eta=1.4m
2026-02-21 12:11:16,245 - INFO - epoch=8 batch=100/842 train_loss=1.0152 it/s=9.46 eta=1.3m
2026-02-21 12:11:21,382 - INFO - epoch=8 batch=150/842 train_loss=1.0156 it/s=9.55 eta=1.2m
2026-02-21 12:11:26,454 - INFO - epoch=8 batch=200/842 train_loss=1.0140 it/s=9.63 eta=1.1m
2026-02-21 12:11:31,567 - INFO - epoch=8 batch=250/842 train_loss=1.0141 it/s=9.66 eta=1.0m
2026-02-21 12:11:36,710 - INFO - epoch=8 batch=300/842 train_loss=1.0132 it/s=9.67 eta=0.9m
2026-02-21 12:11:41,822 - INFO - epoch=8 batch=350/842 train_loss=1.0147 it/s=9.68 eta=0.8m
2026-02-21 12:11:46,929 - INFO - epoch=8 batch=400/842 train_loss=1.0142 it/s=9.70 eta=0.8m
2026-02-21 12:11:52,032 - INFO - epoch=8 batch=450/842 train_loss=1.0144 it/s=9.71 eta=0.7m
2026-02-21 12:11:57,182 - INFO - epoch=8 batch=500/842 train_loss=1.0150 it/s=9.71 eta=0.6m
2026-02-21 12:12:02,332 - INFO - epoch=8 batch=550/842 train_loss=1.0153 it/s=9.71 eta=0.5m
2026-02-21 12:12:07,455 - INFO - epoch=8 batch=600/842 train_loss=1.0145 it/s=9.71 eta=0.4m
2026-02-21 12:12:12,558 - INFO - epoch=8 batch=650/842 train_loss=1.0147 it/s=9.72 eta=0.3m
2026-02-21 12:12:17,677 - INFO - epoch=8 batch=700/842 train_loss=1.0145 it/s=9.72 eta=0.2m
2026-02-21 12:12:22,836 - INFO - epoch=8 batch=750/842 train_loss=1.0144 it/s=9.72 eta=0.2m
2026-02-21 12:12:28,001 - INFO - epoch=8 batch=800/842 train_loss=1.0142 it/s=9.72 eta=0.1m
2026-02-21 12:12:36,437 - INFO - epoch=8 train_loss=1.014262 val_loss=0.954309 best=0.954849@7
2026-02-21 12:12:41,807 - INFO - epoch=9 batch=50/842 train_loss=1.0117 it/s=9.36 eta=1.4m
2026-02-21 12:12:46,895 - INFO - epoch=9 batch=100/842 train_loss=1.0086 it/s=9.59 eta=1.3m
2026-02-21 12:12:52,106 - INFO - epoch=9 batch=150/842 train_loss=1.0084 it/s=9.59 eta=1.2m
2026-02-21 12:12:57,202 - INFO - epoch=9 batch=200/842 train_loss=1.0083 it/s=9.65 eta=1.1m
2026-02-21 12:13:02,319 - INFO - epoch=9 batch=250/842 train_loss=1.0104 it/s=9.67 eta=1.0m
2026-02-21 12:13:07,454 - INFO - epoch=9 batch=300/842 train_loss=1.0106 it/s=9.68 eta=0.9m
2026-02-21 12:13:12,622 - INFO - epoch=9 batch=350/842 train_loss=1.0112 it/s=9.68 eta=0.8m
2026-02-21 12:13:17,760 - INFO - epoch=9 batch=400/842 train_loss=1.0123 it/s=9.69 eta=0.8m
2026-02-21 12:13:22,913 - INFO - epoch=9 batch=450/842 train_loss=1.0123 it/s=9.69 eta=0.7m
2026-02-21 12:13:28,052 - INFO - epoch=9 batch=500/842 train_loss=1.0130 it/s=9.69 eta=0.6m
2026-02-21 12:13:33,195 - INFO - epoch=9 batch=550/842 train_loss=1.0125 it/s=9.70 eta=0.5m
2026-02-21 12:13:38,332 - INFO - epoch=9 batch=600/842 train_loss=1.0123 it/s=9.70 eta=0.4m
2026-02-21 12:13:43,460 - INFO - epoch=9 batch=650/842 train_loss=1.0122 it/s=9.70 eta=0.3m
2026-02-21 12:13:48,621 - INFO - epoch=9 batch=700/842 train_loss=1.0124 it/s=9.70 eta=0.2m
2026-02-21 12:13:53,765 - INFO - epoch=9 batch=750/842 train_loss=1.0124 it/s=9.70 eta=0.2m
2026-02-21 12:13:58,948 - INFO - epoch=9 batch=800/842 train_loss=1.0125 it/s=9.70 eta=0.1m
2026-02-21 12:14:07,468 - INFO - epoch=9 train_loss=1.012913 val_loss=0.954095 best=0.954309@8
2026-02-21 12:14:12,860 - INFO - epoch=10 batch=50/842 train_loss=1.0176 it/s=9.33 eta=1.4m
2026-02-21 12:14:17,978 - INFO - epoch=10 batch=100/842 train_loss=1.0147 it/s=9.54 eta=1.3m
2026-02-21 12:14:23,128 - INFO - epoch=10 batch=150/842 train_loss=1.0166 it/s=9.60 eta=1.2m
2026-02-21 12:14:28,231 - INFO - epoch=10 batch=200/842 train_loss=1.0162 it/s=9.65 eta=1.1m
2026-02-21 12:14:33,409 - INFO - epoch=10 batch=250/842 train_loss=1.0155 it/s=9.65 eta=1.0m
2026-02-21 12:14:38,515 - INFO - epoch=10 batch=300/842 train_loss=1.0122 it/s=9.67 eta=0.9m
2026-02-21 12:14:43,589 - INFO - epoch=10 batch=350/842 train_loss=1.0131 it/s=9.70 eta=0.8m
2026-02-21 12:14:48,653 - INFO - epoch=10 batch=400/842 train_loss=1.0130 it/s=9.72 eta=0.8m
2026-02-21 12:14:53,836 - INFO - epoch=10 batch=450/842 train_loss=1.0124 it/s=9.71 eta=0.7m
2026-02-21 12:14:59,106 - INFO - epoch=10 batch=500/842 train_loss=1.0132 it/s=9.69 eta=0.6m
2026-02-21 12:15:04,234 - INFO - epoch=10 batch=550/842 train_loss=1.0122 it/s=9.69 eta=0.5m
2026-02-21 12:15:09,344 - INFO - epoch=10 batch=600/842 train_loss=1.0119 it/s=9.70 eta=0.4m
2026-02-21 12:15:14,505 - INFO - epoch=10 batch=650/842 train_loss=1.0124 it/s=9.70 eta=0.3m
2026-02-21 12:15:19,585 - INFO - epoch=10 batch=700/842 train_loss=1.0125 it/s=9.71 eta=0.2m
2026-02-21 12:15:24,706 - INFO - epoch=10 batch=750/842 train_loss=1.0127 it/s=9.71 eta=0.2m
2026-02-21 12:15:29,874 - INFO - epoch=10 batch=800/842 train_loss=1.0127 it/s=9.71 eta=0.1m
2026-02-21 12:15:38,299 - INFO - epoch=10 train_loss=1.012479 val_loss=0.953028 best=0.954095@9
2026-02-21 12:15:43,805 - INFO - epoch=11 batch=50/842 train_loss=1.0159 it/s=9.13 eta=1.4m
2026-02-21 12:15:48,914 - INFO - epoch=11 batch=100/842 train_loss=1.0118 it/s=9.45 eta=1.3m
2026-02-21 12:15:54,066 - INFO - epoch=11 batch=150/842 train_loss=1.0133 it/s=9.53 eta=1.2m
2026-02-21 12:15:59,192 - INFO - epoch=11 batch=200/842 train_loss=1.0130 it/s=9.59 eta=1.1m
2026-02-21 12:16:04,344 - INFO - epoch=11 batch=250/842 train_loss=1.0128 it/s=9.61 eta=1.0m
2026-02-21 12:16:09,472 - INFO - epoch=11 batch=300/842 train_loss=1.0123 it/s=9.63 eta=0.9m
2026-02-21 12:16:14,617 - INFO - epoch=11 batch=350/842 train_loss=1.0122 it/s=9.64 eta=0.9m
2026-02-21 12:16:19,731 - INFO - epoch=11 batch=400/842 train_loss=1.0121 it/s=9.66 eta=0.8m
2026-02-21 12:16:24,889 - INFO - epoch=11 batch=450/842 train_loss=1.0118 it/s=9.66 eta=0.7m
2026-02-21 12:16:30,022 - INFO - epoch=11 batch=500/842 train_loss=1.0117 it/s=9.67 eta=0.6m
2026-02-21 12:16:35,140 - INFO - epoch=11 batch=550/842 train_loss=1.0113 it/s=9.68 eta=0.5m
2026-02-21 12:16:40,307 - INFO - epoch=11 batch=600/842 train_loss=1.0119 it/s=9.68 eta=0.4m
2026-02-21 12:16:45,452 - INFO - epoch=11 batch=650/842 train_loss=1.0110 it/s=9.68 eta=0.3m
2026-02-21 12:16:50,619 - INFO - epoch=11 batch=700/842 train_loss=1.0109 it/s=9.68 eta=0.2m
2026-02-21 12:16:55,749 - INFO - epoch=11 batch=750/842 train_loss=1.0117 it/s=9.69 eta=0.2m
2026-02-21 12:17:00,887 - INFO - epoch=11 batch=800/842 train_loss=1.0112 it/s=9.69 eta=0.1m
2026-02-21 12:17:09,372 - INFO - epoch=11 train_loss=1.011398 val_loss=0.951963 best=0.953028@10
2026-02-21 12:17:14,858 - INFO - epoch=12 batch=50/842 train_loss=1.0077 it/s=9.17 eta=1.4m
2026-02-21 12:17:19,995 - INFO - epoch=12 batch=100/842 train_loss=1.0096 it/s=9.44 eta=1.3m
2026-02-21 12:17:25,140 - INFO - epoch=12 batch=150/842 train_loss=1.0094 it/s=9.53 eta=1.2m
2026-02-21 12:17:30,313 - INFO - epoch=12 batch=200/842 train_loss=1.0079 it/s=9.56 eta=1.1m
2026-02-21 12:17:35,438 - INFO - epoch=12 batch=250/842 train_loss=1.0088 it/s=9.60 eta=1.0m
2026-02-21 12:17:40,616 - INFO - epoch=12 batch=300/842 train_loss=1.0109 it/s=9.61 eta=0.9m
2026-02-21 12:17:45,752 - INFO - epoch=12 batch=350/842 train_loss=1.0107 it/s=9.63 eta=0.9m
2026-02-21 12:17:50,899 - INFO - epoch=12 batch=400/842 train_loss=1.0122 it/s=9.64 eta=0.8m
2026-02-21 12:17:56,025 - INFO - epoch=12 batch=450/842 train_loss=1.0119 it/s=9.65 eta=0.7m
2026-02-21 12:18:01,170 - INFO - epoch=12 batch=500/842 train_loss=1.0117 it/s=9.66 eta=0.6m
2026-02-21 12:18:06,328 - INFO - epoch=12 batch=550/842 train_loss=1.0116 it/s=9.66 eta=0.5m
2026-02-21 12:18:11,502 - INFO - epoch=12 batch=600/842 train_loss=1.0108 it/s=9.66 eta=0.4m
2026-02-21 12:18:16,634 - INFO - epoch=12 batch=650/842 train_loss=1.0117 it/s=9.67 eta=0.3m
2026-02-21 12:18:21,743 - INFO - epoch=12 batch=700/842 train_loss=1.0111 it/s=9.68 eta=0.2m
2026-02-21 12:18:26,846 - INFO - epoch=12 batch=750/842 train_loss=1.0111 it/s=9.68 eta=0.2m
2026-02-21 12:18:32,008 - INFO - epoch=12 batch=800/842 train_loss=1.0110 it/s=9.68 eta=0.1m
2026-02-21 12:18:40,481 - INFO - epoch=12 train_loss=1.010940 val_loss=0.951570 best=0.951963@11
2026-02-21 12:18:45,989 - INFO - epoch=13 batch=50/842 train_loss=1.0115 it/s=9.13 eta=1.4m
2026-02-21 12:18:51,106 - INFO - epoch=13 batch=100/842 train_loss=1.0101 it/s=9.44 eta=1.3m
2026-02-21 12:18:56,258 - INFO - epoch=13 batch=150/842 train_loss=1.0071 it/s=9.53 eta=1.2m
2026-02-21 12:19:01,421 - INFO - epoch=13 batch=200/842 train_loss=1.0084 it/s=9.57 eta=1.1m
2026-02-21 12:19:06,580 - INFO - epoch=13 batch=250/842 train_loss=1.0114 it/s=9.59 eta=1.0m
2026-02-21 12:19:11,675 - INFO - epoch=13 batch=300/842 train_loss=1.0108 it/s=9.63 eta=0.9m
2026-02-21 12:19:16,789 - INFO - epoch=13 batch=350/842 train_loss=1.0101 it/s=9.65 eta=0.8m
2026-02-21 12:19:21,901 - INFO - epoch=13 batch=400/842 train_loss=1.0102 it/s=9.66 eta=0.8m
2026-02-21 12:19:27,071 - INFO - epoch=13 batch=450/842 train_loss=1.0091 it/s=9.67 eta=0.7m
2026-02-21 12:19:32,244 - INFO - epoch=13 batch=500/842 train_loss=1.0101 it/s=9.67 eta=0.6m
2026-02-21 12:19:37,381 - INFO - epoch=13 batch=550/842 train_loss=1.0100 it/s=9.67 eta=0.5m
2026-02-21 12:19:42,510 - INFO - epoch=13 batch=600/842 train_loss=1.0101 it/s=9.68 eta=0.4m
2026-02-21 12:19:47,673 - INFO - epoch=13 batch=650/842 train_loss=1.0106 it/s=9.68 eta=0.3m
2026-02-21 12:19:52,731 - INFO - epoch=13 batch=700/842 train_loss=1.0108 it/s=9.69 eta=0.2m
2026-02-21 12:19:57,914 - INFO - epoch=13 batch=750/842 train_loss=1.0103 it/s=9.69 eta=0.2m
2026-02-21 12:20:03,008 - INFO - epoch=13 batch=800/842 train_loss=1.0105 it/s=9.70 eta=0.1m
2026-02-21 12:20:11,572 - INFO - epoch=13 train_loss=1.009950 val_loss=0.950691 best=0.951570@12
2026-02-21 12:20:16,909 - INFO - epoch=14 batch=50/842 train_loss=1.0072 it/s=9.42 eta=1.4m
2026-02-21 12:20:22,065 - INFO - epoch=14 batch=100/842 train_loss=1.0070 it/s=9.56 eta=1.3m
2026-02-21 12:20:27,186 - INFO - epoch=14 batch=150/842 train_loss=1.0063 it/s=9.63 eta=1.2m
2026-02-21 12:20:32,345 - INFO - epoch=14 batch=200/842 train_loss=1.0080 it/s=9.64 eta=1.1m
2026-02-21 12:20:37,480 - INFO - epoch=14 batch=250/842 train_loss=1.0087 it/s=9.66 eta=1.0m
2026-02-21 12:20:42,613 - INFO - epoch=14 batch=300/842 train_loss=1.0098 it/s=9.67 eta=0.9m
2026-02-21 12:20:47,776 - INFO - epoch=14 batch=350/842 train_loss=1.0083 it/s=9.68 eta=0.8m
2026-02-21 12:20:52,926 - INFO - epoch=14 batch=400/842 train_loss=1.0081 it/s=9.68 eta=0.8m
2026-02-21 12:20:58,082 - INFO - epoch=14 batch=450/842 train_loss=1.0087 it/s=9.68 eta=0.7m
2026-02-21 12:21:03,244 - INFO - epoch=14 batch=500/842 train_loss=1.0091 it/s=9.68 eta=0.6m
2026-02-21 12:21:08,372 - INFO - epoch=14 batch=550/842 train_loss=1.0089 it/s=9.69 eta=0.5m
2026-02-21 12:21:13,476 - INFO - epoch=14 batch=600/842 train_loss=1.0088 it/s=9.70 eta=0.4m
2026-02-21 12:21:18,626 - INFO - epoch=14 batch=650/842 train_loss=1.0095 it/s=9.70 eta=0.3m
2026-02-21 12:21:23,763 - INFO - epoch=14 batch=700/842 train_loss=1.0090 it/s=9.70 eta=0.2m
2026-02-21 12:21:28,955 - INFO - epoch=14 batch=750/842 train_loss=1.0090 it/s=9.70 eta=0.2m
2026-02-21 12:21:34,081 - INFO - epoch=14 batch=800/842 train_loss=1.0091 it/s=9.70 eta=0.1m
2026-02-21 12:21:42,624 - INFO - epoch=14 train_loss=1.009130 val_loss=0.950129 best=0.950691@13
2026-02-21 12:21:48,039 - INFO - epoch=15 batch=50/842 train_loss=1.0049 it/s=9.28 eta=1.4m
2026-02-21 12:21:53,147 - INFO - epoch=15 batch=100/842 train_loss=1.0035 it/s=9.53 eta=1.3m
2026-02-21 12:21:58,312 - INFO - epoch=15 batch=150/842 train_loss=1.0045 it/s=9.58 eta=1.2m
2026-02-21 12:22:03,439 - INFO - epoch=15 batch=200/842 train_loss=1.0037 it/s=9.62 eta=1.1m
2026-02-21 12:22:08,560 - INFO - epoch=15 batch=250/842 train_loss=1.0049 it/s=9.65 eta=1.0m
2026-02-21 12:22:13,751 - INFO - epoch=15 batch=300/842 train_loss=1.0058 it/s=9.65 eta=0.9m
2026-02-21 12:22:18,857 - INFO - epoch=15 batch=350/842 train_loss=1.0062 it/s=9.67 eta=0.8m
2026-02-21 12:22:23,965 - INFO - epoch=15 batch=400/842 train_loss=1.0060 it/s=9.68 eta=0.8m
2026-02-21 12:22:29,063 - INFO - epoch=15 batch=450/842 train_loss=1.0056 it/s=9.70 eta=0.7m
2026-02-21 12:22:34,240 - INFO - epoch=15 batch=500/842 train_loss=1.0063 it/s=9.69 eta=0.6m
2026-02-21 12:22:39,325 - INFO - epoch=15 batch=550/842 train_loss=1.0067 it/s=9.71 eta=0.5m
2026-02-21 12:22:44,437 - INFO - epoch=15 batch=600/842 train_loss=1.0078 it/s=9.71 eta=0.4m
2026-02-21 12:22:49,545 - INFO - epoch=15 batch=650/842 train_loss=1.0081 it/s=9.72 eta=0.3m
2026-02-21 12:22:54,735 - INFO - epoch=15 batch=700/842 train_loss=1.0081 it/s=9.71 eta=0.2m
2026-02-21 12:22:59,951 - INFO - epoch=15 batch=750/842 train_loss=1.0080 it/s=9.70 eta=0.2m
2026-02-21 12:23:05,113 - INFO - epoch=15 batch=800/842 train_loss=1.0079 it/s=9.70 eta=0.1m
2026-02-21 12:23:13,773 - INFO - epoch=15 train_loss=1.008007 val_loss=0.949618 best=0.950129@14
2026-02-21 12:23:19,314 - INFO - epoch=16 batch=50/842 train_loss=1.0088 it/s=9.07 eta=1.5m
2026-02-21 12:23:24,473 - INFO - epoch=16 batch=100/842 train_loss=1.0031 it/s=9.37 eta=1.3m
2026-02-21 12:23:29,608 - INFO - epoch=16 batch=150/842 train_loss=1.0041 it/s=9.49 eta=1.2m
2026-02-21 12:23:34,826 - INFO - epoch=16 batch=200/842 train_loss=1.0049 it/s=9.51 eta=1.1m
2026-02-21 12:23:39,949 - INFO - epoch=16 batch=250/842 train_loss=1.0047 it/s=9.56 eta=1.0m
2026-02-21 12:23:45,114 - INFO - epoch=16 batch=300/842 train_loss=1.0054 it/s=9.58 eta=0.9m
2026-02-21 12:23:50,304 - INFO - epoch=16 batch=350/842 train_loss=1.0075 it/s=9.59 eta=0.9m
2026-02-21 12:23:55,431 - INFO - epoch=16 batch=400/842 train_loss=1.0078 it/s=9.61 eta=0.8m
2026-02-21 12:24:00,552 - INFO - epoch=16 batch=450/842 train_loss=1.0072 it/s=9.63 eta=0.7m
2026-02-21 12:24:05,710 - INFO - epoch=16 batch=500/842 train_loss=1.0069 it/s=9.63 eta=0.6m
2026-02-21 12:24:10,886 - INFO - epoch=16 batch=550/842 train_loss=1.0073 it/s=9.63 eta=0.5m
2026-02-21 12:24:16,042 - INFO - epoch=16 batch=600/842 train_loss=1.0076 it/s=9.64 eta=0.4m
2026-02-21 12:24:21,183 - INFO - epoch=16 batch=650/842 train_loss=1.0072 it/s=9.65 eta=0.3m
2026-02-21 12:24:26,353 - INFO - epoch=16 batch=700/842 train_loss=1.0076 it/s=9.65 eta=0.2m
2026-02-21 12:24:31,521 - INFO - epoch=16 batch=750/842 train_loss=1.0080 it/s=9.65 eta=0.2m
2026-02-21 12:24:36,697 - INFO - epoch=16 batch=800/842 train_loss=1.0079 it/s=9.65 eta=0.1m
2026-02-21 12:24:45,126 - INFO - epoch=16 train_loss=1.007840 val_loss=0.948972 best=0.949618@15
2026-02-21 12:24:50,622 - INFO - epoch=17 batch=50/842 train_loss=1.0052 it/s=9.15 eta=1.4m
2026-02-21 12:24:55,839 - INFO - epoch=17 batch=100/842 train_loss=1.0081 it/s=9.36 eta=1.3m
2026-02-21 12:25:00,978 - INFO - epoch=17 batch=150/842 train_loss=1.0100 it/s=9.48 eta=1.2m
2026-02-21 12:25:06,112 - INFO - epoch=17 batch=200/842 train_loss=1.0074 it/s=9.54 eta=1.1m
2026-02-21 12:25:11,257 - INFO - epoch=17 batch=250/842 train_loss=1.0098 it/s=9.58 eta=1.0m
2026-02-21 12:25:16,472 - INFO - epoch=17 batch=300/842 train_loss=1.0098 it/s=9.58 eta=0.9m
2026-02-21 12:25:21,579 - INFO - epoch=17 batch=350/842 train_loss=1.0085 it/s=9.61 eta=0.9m
2026-02-21 12:25:26,716 - INFO - epoch=17 batch=400/842 train_loss=1.0083 it/s=9.62 eta=0.8m
2026-02-21 12:25:31,909 - INFO - epoch=17 batch=450/842 train_loss=1.0086 it/s=9.63 eta=0.7m
2026-02-21 12:25:37,057 - INFO - epoch=17 batch=500/842 train_loss=1.0080 it/s=9.63 eta=0.6m
2026-02-21 12:25:42,166 - INFO - epoch=17 batch=550/842 train_loss=1.0077 it/s=9.65 eta=0.5m
2026-02-21 12:25:47,374 - INFO - epoch=17 batch=600/842 train_loss=1.0074 it/s=9.64 eta=0.4m
2026-02-21 12:25:52,460 - INFO - epoch=17 batch=650/842 train_loss=1.0072 it/s=9.66 eta=0.3m
2026-02-21 12:25:57,586 - INFO - epoch=17 batch=700/842 train_loss=1.0062 it/s=9.66 eta=0.2m
2026-02-21 12:26:02,636 - INFO - epoch=17 batch=750/842 train_loss=1.0067 it/s=9.68 eta=0.2m
2026-02-21 12:26:07,742 - INFO - epoch=17 batch=800/842 train_loss=1.0062 it/s=9.69 eta=0.1m
2026-02-21 12:26:16,236 - INFO - epoch=17 train_loss=1.006839 val_loss=0.948921 best=0.948972@16
2026-02-21 12:26:21,620 - INFO - epoch=18 batch=50/842 train_loss=1.0157 it/s=9.34 eta=1.4m
2026-02-21 12:26:26,705 - INFO - epoch=18 batch=100/842 train_loss=1.0105 it/s=9.58 eta=1.3m
2026-02-21 12:26:31,794 - INFO - epoch=18 batch=150/842 train_loss=1.0064 it/s=9.66 eta=1.2m
2026-02-21 12:26:36,907 - INFO - epoch=18 batch=200/842 train_loss=1.0079 it/s=9.69 eta=1.1m
2026-02-21 12:26:42,102 - INFO - epoch=18 batch=250/842 train_loss=1.0057 it/s=9.68 eta=1.0m
2026-02-21 12:26:47,265 - INFO - epoch=18 batch=300/842 train_loss=1.0068 it/s=9.68 eta=0.9m
2026-02-21 12:26:52,396 - INFO - epoch=18 batch=350/842 train_loss=1.0080 it/s=9.69 eta=0.8m
2026-02-21 12:26:57,561 - INFO - epoch=18 batch=400/842 train_loss=1.0080 it/s=9.69 eta=0.8m
2026-02-21 12:27:02,702 - INFO - epoch=18 batch=450/842 train_loss=1.0074 it/s=9.69 eta=0.7m
2026-02-21 12:27:07,810 - INFO - epoch=18 batch=500/842 train_loss=1.0070 it/s=9.70 eta=0.6m
2026-02-21 12:27:12,994 - INFO - epoch=18 batch=550/842 train_loss=1.0060 it/s=9.70 eta=0.5m
2026-02-21 12:27:18,089 - INFO - epoch=18 batch=600/842 train_loss=1.0057 it/s=9.70 eta=0.4m
2026-02-21 12:27:23,233 - INFO - epoch=18 batch=650/842 train_loss=1.0055 it/s=9.71 eta=0.3m
2026-02-21 12:27:28,438 - INFO - epoch=18 batch=700/842 train_loss=1.0056 it/s=9.70 eta=0.2m
2026-02-21 12:27:33,577 - INFO - epoch=18 batch=750/842 train_loss=1.0054 it/s=9.70 eta=0.2m
2026-02-21 12:27:38,724 - INFO - epoch=18 batch=800/842 train_loss=1.0055 it/s=9.70 eta=0.1m
2026-02-21 12:27:47,190 - INFO - epoch=18 train_loss=1.005655 val_loss=0.948185 best=0.948921@17
2026-02-21 12:27:52,582 - INFO - epoch=19 batch=50/842 train_loss=1.0032 it/s=9.33 eta=1.4m
2026-02-21 12:27:57,697 - INFO - epoch=19 batch=100/842 train_loss=1.0109 it/s=9.55 eta=1.3m
2026-02-21 12:28:02,848 - INFO - epoch=19 batch=150/842 train_loss=1.0097 it/s=9.60 eta=1.2m
2026-02-21 12:28:07,995 - INFO - epoch=19 batch=200/842 train_loss=1.0086 it/s=9.63 eta=1.1m
2026-02-21 12:28:13,098 - INFO - epoch=19 batch=250/842 train_loss=1.0067 it/s=9.66 eta=1.0m
2026-02-21 12:28:18,247 - INFO - epoch=19 batch=300/842 train_loss=1.0053 it/s=9.67 eta=0.9m
2026-02-21 12:28:23,404 - INFO - epoch=19 batch=350/842 train_loss=1.0047 it/s=9.67 eta=0.8m
2026-02-21 12:28:28,572 - INFO - epoch=19 batch=400/842 train_loss=1.0047 it/s=9.67 eta=0.8m
2026-02-21 12:28:33,721 - INFO - epoch=19 batch=450/842 train_loss=1.0049 it/s=9.68 eta=0.7m
2026-02-21 12:28:38,895 - INFO - epoch=19 batch=500/842 train_loss=1.0048 it/s=9.68 eta=0.6m
2026-02-21 12:28:44,065 - INFO - epoch=19 batch=550/842 train_loss=1.0047 it/s=9.68 eta=0.5m
2026-02-21 12:28:49,192 - INFO - epoch=19 batch=600/842 train_loss=1.0049 it/s=9.68 eta=0.4m
2026-02-21 12:28:54,381 - INFO - epoch=19 batch=650/842 train_loss=1.0051 it/s=9.68 eta=0.3m
2026-02-21 12:28:59,513 - INFO - epoch=19 batch=700/842 train_loss=1.0057 it/s=9.68 eta=0.2m
2026-02-21 12:29:04,633 - INFO - epoch=19 batch=750/842 train_loss=1.0058 it/s=9.69 eta=0.2m
2026-02-21 12:29:09,764 - INFO - epoch=19 batch=800/842 train_loss=1.0056 it/s=9.69 eta=0.1m
2026-02-21 12:29:18,259 - INFO - epoch=19 train_loss=1.005106 val_loss=0.947013 best=0.948185@18
2026-02-21 12:29:23,656 - INFO - epoch=20 batch=50/842 train_loss=1.0117 it/s=9.32 eta=1.4m
2026-02-21 12:29:28,724 - INFO - epoch=20 batch=100/842 train_loss=1.0080 it/s=9.58 eta=1.3m
2026-02-21 12:29:33,848 - INFO - epoch=20 batch=150/842 train_loss=1.0051 it/s=9.64 eta=1.2m
2026-02-21 12:29:39,016 - INFO - epoch=20 batch=200/842 train_loss=1.0039 it/s=9.65 eta=1.1m
2026-02-21 12:29:44,181 - INFO - epoch=20 batch=250/842 train_loss=1.0032 it/s=9.66 eta=1.0m
2026-02-21 12:29:49,310 - INFO - epoch=20 batch=300/842 train_loss=1.0029 it/s=9.67 eta=0.9m
2026-02-21 12:29:54,489 - INFO - epoch=20 batch=350/842 train_loss=1.0046 it/s=9.67 eta=0.8m
2026-02-21 12:29:59,634 - INFO - epoch=20 batch=400/842 train_loss=1.0049 it/s=9.67 eta=0.8m
2026-02-21 12:30:04,765 - INFO - epoch=20 batch=450/842 train_loss=1.0053 it/s=9.68 eta=0.7m
2026-02-21 12:30:09,920 - INFO - epoch=20 batch=500/842 train_loss=1.0048 it/s=9.68 eta=0.6m
2026-02-21 12:30:15,014 - INFO - epoch=20 batch=550/842 train_loss=1.0050 it/s=9.70 eta=0.5m
2026-02-21 12:30:20,148 - INFO - epoch=20 batch=600/842 train_loss=1.0053 it/s=9.70 eta=0.4m
2026-02-21 12:30:25,300 - INFO - epoch=20 batch=650/842 train_loss=1.0052 it/s=9.70 eta=0.3m
2026-02-21 12:30:30,476 - INFO - epoch=20 batch=700/842 train_loss=1.0054 it/s=9.70 eta=0.2m
2026-02-21 12:30:35,560 - INFO - epoch=20 batch=750/842 train_loss=1.0046 it/s=9.71 eta=0.2m
2026-02-21 12:30:40,705 - INFO - epoch=20 batch=800/842 train_loss=1.0045 it/s=9.71 eta=0.1m
2026-02-21 12:30:49,290 - INFO - epoch=20 train_loss=1.004373 val_loss=0.946693 best=0.947013@19
2026-02-21 12:30:54,746 - INFO - epoch=21 batch=50/842 train_loss=1.0015 it/s=9.22 eta=1.4m
2026-02-21 12:30:59,901 - INFO - epoch=21 batch=100/842 train_loss=1.0010 it/s=9.45 eta=1.3m
2026-02-21 12:31:05,110 - INFO - epoch=21 batch=150/842 train_loss=0.9999 it/s=9.50 eta=1.2m
2026-02-21 12:31:10,243 - INFO - epoch=21 batch=200/842 train_loss=1.0024 it/s=9.56 eta=1.1m
2026-02-21 12:31:15,380 - INFO - epoch=21 batch=250/842 train_loss=1.0031 it/s=9.59 eta=1.0m
2026-02-21 12:31:20,583 - INFO - epoch=21 batch=300/842 train_loss=1.0032 it/s=9.60 eta=0.9m
2026-02-21 12:31:25,717 - INFO - epoch=21 batch=350/842 train_loss=1.0026 it/s=9.62 eta=0.9m
2026-02-21 12:31:30,847 - INFO - epoch=21 batch=400/842 train_loss=1.0030 it/s=9.63 eta=0.8m
2026-02-21 12:31:36,037 - INFO - epoch=21 batch=450/842 train_loss=1.0030 it/s=9.63 eta=0.7m
2026-02-21 12:31:41,179 - INFO - epoch=21 batch=500/842 train_loss=1.0033 it/s=9.64 eta=0.6m
2026-02-21 12:31:46,303 - INFO - epoch=21 batch=550/842 train_loss=1.0041 it/s=9.65 eta=0.5m
2026-02-21 12:31:51,427 - INFO - epoch=21 batch=600/842 train_loss=1.0034 it/s=9.66 eta=0.4m
2026-02-21 12:31:56,594 - INFO - epoch=21 batch=650/842 train_loss=1.0034 it/s=9.66 eta=0.3m
2026-02-21 12:32:01,723 - INFO - epoch=21 batch=700/842 train_loss=1.0029 it/s=9.67 eta=0.2m
2026-02-21 12:32:06,858 - INFO - epoch=21 batch=750/842 train_loss=1.0034 it/s=9.67 eta=0.2m
2026-02-21 12:32:12,055 - INFO - epoch=21 batch=800/842 train_loss=1.0031 it/s=9.67 eta=0.1m
2026-02-21 12:32:20,580 - INFO - epoch=21 train_loss=1.003211 val_loss=0.946379 best=0.946693@20
2026-02-21 12:32:26,038 - INFO - epoch=22 batch=50/842 train_loss=1.0157 it/s=9.22 eta=1.4m
2026-02-21 12:32:31,175 - INFO - epoch=22 batch=100/842 train_loss=1.0033 it/s=9.47 eta=1.3m
2026-02-21 12:32:36,315 - INFO - epoch=22 batch=150/842 train_loss=1.0046 it/s=9.55 eta=1.2m
2026-02-21 12:32:41,449 - INFO - epoch=22 batch=200/842 train_loss=1.0036 it/s=9.60 eta=1.1m
2026-02-21 12:32:46,570 - INFO - epoch=22 batch=250/842 train_loss=1.0038 it/s=9.63 eta=1.0m
2026-02-21 12:32:51,728 - INFO - epoch=22 batch=300/842 train_loss=1.0031 it/s=9.64 eta=0.9m
2026-02-21 12:32:56,865 - INFO - epoch=22 batch=350/842 train_loss=1.0034 it/s=9.65 eta=0.8m
2026-02-21 12:33:01,973 - INFO - epoch=22 batch=400/842 train_loss=1.0030 it/s=9.67 eta=0.8m
2026-02-21 12:33:07,064 - INFO - epoch=22 batch=450/842 train_loss=1.0035 it/s=9.69 eta=0.7m
2026-02-21 12:33:12,242 - INFO - epoch=22 batch=500/842 train_loss=1.0040 it/s=9.68 eta=0.6m
2026-02-21 12:33:17,420 - INFO - epoch=22 batch=550/842 train_loss=1.0035 it/s=9.68 eta=0.5m
2026-02-21 12:33:22,547 - INFO - epoch=22 batch=600/842 train_loss=1.0036 it/s=9.69 eta=0.4m
2026-02-21 12:33:27,733 - INFO - epoch=22 batch=650/842 train_loss=1.0034 it/s=9.68 eta=0.3m
2026-02-21 12:33:32,883 - INFO - epoch=22 batch=700/842 train_loss=1.0034 it/s=9.69 eta=0.2m
2026-02-21 12:33:38,022 - INFO - epoch=22 batch=750/842 train_loss=1.0030 it/s=9.69 eta=0.2m
2026-02-21 12:33:43,188 - INFO - epoch=22 batch=800/842 train_loss=1.0031 it/s=9.69 eta=0.1m
2026-02-21 12:33:51,691 - INFO - epoch=22 train_loss=1.003014 val_loss=0.945396 best=0.946379@21
2026-02-21 12:33:57,155 - INFO - epoch=23 batch=50/842 train_loss=0.9985 it/s=9.20 eta=1.4m
2026-02-21 12:34:02,271 - INFO - epoch=23 batch=100/842 train_loss=1.0019 it/s=9.48 eta=1.3m
2026-02-21 12:34:07,409 - INFO - epoch=23 batch=150/842 train_loss=1.0009 it/s=9.56 eta=1.2m
2026-02-21 12:34:12,509 - INFO - epoch=23 batch=200/842 train_loss=1.0012 it/s=9.62 eta=1.1m
2026-02-21 12:34:17,634 - INFO - epoch=23 batch=250/842 train_loss=1.0015 it/s=9.65 eta=1.0m
2026-02-21 12:34:22,780 - INFO - epoch=23 batch=300/842 train_loss=1.0009 it/s=9.66 eta=0.9m
2026-02-21 12:34:27,934 - INFO - epoch=23 batch=350/842 train_loss=1.0013 it/s=9.67 eta=0.8m
2026-02-21 12:34:33,090 - INFO - epoch=23 batch=400/842 train_loss=1.0012 it/s=9.67 eta=0.8m
2026-02-21 12:34:38,245 - INFO - epoch=23 batch=450/842 train_loss=1.0009 it/s=9.67 eta=0.7m
2026-02-21 12:34:43,442 - INFO - epoch=23 batch=500/842 train_loss=1.0013 it/s=9.67 eta=0.6m
2026-02-21 12:34:48,601 - INFO - epoch=23 batch=550/842 train_loss=1.0011 it/s=9.67 eta=0.5m
2026-02-21 12:34:53,783 - INFO - epoch=23 batch=600/842 train_loss=1.0014 it/s=9.67 eta=0.4m
2026-02-21 12:34:58,922 - INFO - epoch=23 batch=650/842 train_loss=1.0016 it/s=9.67 eta=0.3m
2026-02-21 12:35:04,043 - INFO - epoch=23 batch=700/842 train_loss=1.0018 it/s=9.68 eta=0.2m
2026-02-21 12:35:09,098 - INFO - epoch=23 batch=750/842 train_loss=1.0018 it/s=9.69 eta=0.2m
2026-02-21 12:35:14,273 - INFO - epoch=23 batch=800/842 train_loss=1.0020 it/s=9.69 eta=0.1m
2026-02-21 12:35:22,760 - INFO - epoch=23 train_loss=1.001955 val_loss=0.944769 best=0.945396@22
2026-02-21 12:35:28,038 - INFO - epoch=24 batch=50/842 train_loss=1.0043 it/s=9.53 eta=1.4m
2026-02-21 12:35:33,216 - INFO - epoch=24 batch=100/842 train_loss=0.9991 it/s=9.59 eta=1.3m
2026-02-21 12:35:38,352 - INFO - epoch=24 batch=150/842 train_loss=0.9994 it/s=9.64 eta=1.2m
2026-02-21 12:35:43,524 - INFO - epoch=24 batch=200/842 train_loss=1.0018 it/s=9.65 eta=1.1m
2026-02-21 12:35:48,624 - INFO - epoch=24 batch=250/842 train_loss=1.0024 it/s=9.68 eta=1.0m
2026-02-21 12:35:53,753 - INFO - epoch=24 batch=300/842 train_loss=1.0014 it/s=9.69 eta=0.9m
2026-02-21 12:35:58,909 - INFO - epoch=24 batch=350/842 train_loss=1.0020 it/s=9.69 eta=0.8m
2026-02-21 12:36:04,038 - INFO - epoch=24 batch=400/842 train_loss=1.0020 it/s=9.70 eta=0.8m
2026-02-21 12:36:09,127 - INFO - epoch=24 batch=450/842 train_loss=1.0011 it/s=9.71 eta=0.7m
2026-02-21 12:36:14,212 - INFO - epoch=24 batch=500/842 train_loss=1.0018 it/s=9.72 eta=0.6m
2026-02-21 12:36:19,341 - INFO - epoch=24 batch=550/842 train_loss=1.0020 it/s=9.73 eta=0.5m
2026-02-21 12:36:24,522 - INFO - epoch=24 batch=600/842 train_loss=1.0024 it/s=9.72 eta=0.4m
2026-02-21 12:36:29,678 - INFO - epoch=24 batch=650/842 train_loss=1.0017 it/s=9.72 eta=0.3m
2026-02-21 12:36:34,880 - INFO - epoch=24 batch=700/842 train_loss=1.0014 it/s=9.71 eta=0.2m
2026-02-21 12:36:40,050 - INFO - epoch=24 batch=750/842 train_loss=1.0018 it/s=9.71 eta=0.2m
2026-02-21 12:36:45,204 - INFO - epoch=24 batch=800/842 train_loss=1.0015 it/s=9.71 eta=0.1m
2026-02-21 12:36:53,692 - INFO - epoch=24 train_loss=1.001184 val_loss=0.943721 best=0.944769@23
2026-02-21 12:36:59,059 - INFO - epoch=25 batch=50/842 train_loss=1.0019 it/s=9.37 eta=1.4m
2026-02-21 12:37:04,293 - INFO - epoch=25 batch=100/842 train_loss=1.0006 it/s=9.46 eta=1.3m
2026-02-21 12:37:09,436 - INFO - epoch=25 batch=150/842 train_loss=1.0001 it/s=9.54 eta=1.2m
2026-02-21 12:37:14,598 - INFO - epoch=25 batch=200/842 train_loss=1.0002 it/s=9.58 eta=1.1m
2026-02-21 12:37:19,712 - INFO - epoch=25 batch=250/842 train_loss=1.0006 it/s=9.62 eta=1.0m
2026-02-21 12:37:24,878 - INFO - epoch=25 batch=300/842 train_loss=1.0001 it/s=9.63 eta=0.9m
2026-02-21 12:37:29,966 - INFO - epoch=25 batch=350/842 train_loss=0.9999 it/s=9.66 eta=0.8m
2026-02-21 12:37:35,103 - INFO - epoch=25 batch=400/842 train_loss=1.0001 it/s=9.67 eta=0.8m
2026-02-21 12:37:40,254 - INFO - epoch=25 batch=450/842 train_loss=0.9991 it/s=9.67 eta=0.7m
2026-02-21 12:37:45,442 - INFO - epoch=25 batch=500/842 train_loss=1.0001 it/s=9.67 eta=0.6m
2026-02-21 12:37:50,536 - INFO - epoch=25 batch=550/842 train_loss=1.0003 it/s=9.68 eta=0.5m
2026-02-21 12:37:55,576 - INFO - epoch=25 batch=600/842 train_loss=1.0004 it/s=9.70 eta=0.4m
2026-02-21 12:38:00,716 - INFO - epoch=25 batch=650/842 train_loss=1.0000 it/s=9.70 eta=0.3m
2026-02-21 12:38:05,911 - INFO - epoch=25 batch=700/842 train_loss=1.0005 it/s=9.70 eta=0.2m
2026-02-21 12:38:11,043 - INFO - epoch=25 batch=750/842 train_loss=1.0005 it/s=9.70 eta=0.2m
2026-02-21 12:38:16,239 - INFO - epoch=25 batch=800/842 train_loss=1.0007 it/s=9.69 eta=0.1m
2026-02-21 12:38:24,684 - INFO - epoch=25 train_loss=1.000850 val_loss=0.943729 best=0.943721@24
2026-02-21 12:38:30,056 - INFO - epoch=26 batch=50/842 train_loss=1.0055 it/s=9.34 eta=1.4m
2026-02-21 12:38:35,113 - INFO - epoch=26 batch=100/842 train_loss=1.0020 it/s=9.60 eta=1.3m
2026-02-21 12:38:40,254 - INFO - epoch=26 batch=150/842 train_loss=1.0021 it/s=9.64 eta=1.2m
2026-02-21 12:38:45,388 - INFO - epoch=26 batch=200/842 train_loss=0.9997 it/s=9.67 eta=1.1m
2026-02-21 12:38:50,518 - INFO - epoch=26 batch=250/842 train_loss=0.9991 it/s=9.68 eta=1.0m
2026-02-21 12:38:55,642 - INFO - epoch=26 batch=300/842 train_loss=1.0001 it/s=9.70 eta=0.9m
2026-02-21 12:39:00,767 - INFO - epoch=26 batch=350/842 train_loss=0.9997 it/s=9.70 eta=0.8m
2026-02-21 12:39:05,886 - INFO - epoch=26 batch=400/842 train_loss=0.9978 it/s=9.71 eta=0.8m
2026-02-21 12:39:11,052 - INFO - epoch=26 batch=450/842 train_loss=0.9980 it/s=9.71 eta=0.7m
2026-02-21 12:39:16,226 - INFO - epoch=26 batch=500/842 train_loss=0.9982 it/s=9.70 eta=0.6m
2026-02-21 12:39:21,353 - INFO - epoch=26 batch=550/842 train_loss=0.9992 it/s=9.71 eta=0.5m
2026-02-21 12:39:26,523 - INFO - epoch=26 batch=600/842 train_loss=0.9988 it/s=9.71 eta=0.4m
2026-02-21 12:39:31,701 - INFO - epoch=26 batch=650/842 train_loss=0.9992 it/s=9.70 eta=0.3m
2026-02-21 12:39:36,857 - INFO - epoch=26 batch=700/842 train_loss=0.9991 it/s=9.70 eta=0.2m
2026-02-21 12:39:41,997 - INFO - epoch=26 batch=750/842 train_loss=0.9992 it/s=9.70 eta=0.2m
2026-02-21 12:39:47,100 - INFO - epoch=26 batch=800/842 train_loss=0.9995 it/s=9.71 eta=0.1m
2026-02-21 12:39:55,716 - INFO - epoch=26 train_loss=0.999802 val_loss=0.942798 best=0.943721@24
2026-02-21 12:40:01,073 - INFO - epoch=27 batch=50/842 train_loss=1.0060 it/s=9.39 eta=1.4m
2026-02-21 12:40:06,244 - INFO - epoch=27 batch=100/842 train_loss=1.0044 it/s=9.53 eta=1.3m
2026-02-21 12:40:11,399 - INFO - epoch=27 batch=150/842 train_loss=1.0024 it/s=9.58 eta=1.2m
2026-02-21 12:40:16,581 - INFO - epoch=27 batch=200/842 train_loss=1.0018 it/s=9.60 eta=1.1m
2026-02-21 12:40:21,775 - INFO - epoch=27 batch=250/842 train_loss=1.0019 it/s=9.61 eta=1.0m
2026-02-21 12:40:26,899 - INFO - epoch=27 batch=300/842 train_loss=1.0003 it/s=9.63 eta=0.9m
2026-02-21 12:40:32,079 - INFO - epoch=27 batch=350/842 train_loss=0.9991 it/s=9.63 eta=0.9m
2026-02-21 12:40:37,213 - INFO - epoch=27 batch=400/842 train_loss=0.9991 it/s=9.65 eta=0.8m
2026-02-21 12:40:42,418 - INFO - epoch=27 batch=450/842 train_loss=0.9989 it/s=9.64 eta=0.7m
2026-02-21 12:40:47,596 - INFO - epoch=27 batch=500/842 train_loss=0.9988 it/s=9.64 eta=0.6m
2026-02-21 12:40:52,807 - INFO - epoch=27 batch=550/842 train_loss=0.9985 it/s=9.64 eta=0.5m
2026-02-21 12:40:57,958 - INFO - epoch=27 batch=600/842 train_loss=0.9989 it/s=9.64 eta=0.4m
2026-02-21 12:41:03,011 - INFO - epoch=27 batch=650/842 train_loss=0.9983 it/s=9.66 eta=0.3m
2026-02-21 12:41:08,166 - INFO - epoch=27 batch=700/842 train_loss=0.9984 it/s=9.67 eta=0.2m
2026-02-21 12:41:13,275 - INFO - epoch=27 batch=750/842 train_loss=0.9987 it/s=9.67 eta=0.2m
2026-02-21 12:41:18,436 - INFO - epoch=27 batch=800/842 train_loss=0.9988 it/s=9.67 eta=0.1m
2026-02-21 12:41:26,927 - INFO - epoch=27 train_loss=0.999313 val_loss=0.943017 best=0.942798@26
2026-02-21 12:41:32,366 - INFO - epoch=28 batch=50/842 train_loss=0.9941 it/s=9.22 eta=1.4m
2026-02-21 12:41:37,511 - INFO - epoch=28 batch=100/842 train_loss=0.9923 it/s=9.46 eta=1.3m
2026-02-21 12:41:42,649 - INFO - epoch=28 batch=150/842 train_loss=0.9949 it/s=9.55 eta=1.2m
2026-02-21 12:41:47,807 - INFO - epoch=28 batch=200/842 train_loss=0.9979 it/s=9.59 eta=1.1m
2026-02-21 12:41:52,874 - INFO - epoch=28 batch=250/842 train_loss=0.9976 it/s=9.64 eta=1.0m
2026-02-21 12:41:57,989 - INFO - epoch=28 batch=300/842 train_loss=0.9980 it/s=9.66 eta=0.9m
2026-02-21 12:42:03,083 - INFO - epoch=28 batch=350/842 train_loss=0.9993 it/s=9.68 eta=0.8m
2026-02-21 12:42:08,255 - INFO - epoch=28 batch=400/842 train_loss=0.9993 it/s=9.68 eta=0.8m
2026-02-21 12:42:13,385 - INFO - epoch=28 batch=450/842 train_loss=0.9996 it/s=9.69 eta=0.7m
2026-02-21 12:42:18,589 - INFO - epoch=28 batch=500/842 train_loss=0.9995 it/s=9.68 eta=0.6m
2026-02-21 12:42:23,656 - INFO - epoch=28 batch=550/842 train_loss=0.9990 it/s=9.70 eta=0.5m
2026-02-21 12:42:28,766 - INFO - epoch=28 batch=600/842 train_loss=0.9985 it/s=9.71 eta=0.4m
2026-02-21 12:42:33,977 - INFO - epoch=28 batch=650/842 train_loss=0.9980 it/s=9.70 eta=0.3m
2026-02-21 12:42:39,088 - INFO - epoch=28 batch=700/842 train_loss=0.9979 it/s=9.70 eta=0.2m
2026-02-21 12:42:44,207 - INFO - epoch=28 batch=750/842 train_loss=0.9979 it/s=9.71 eta=0.2m
2026-02-21 12:42:49,391 - INFO - epoch=28 batch=800/842 train_loss=0.9981 it/s=9.70 eta=0.1m
2026-02-21 12:42:57,897 - INFO - epoch=28 train_loss=0.998715 val_loss=0.942699 best=0.942798@26
2026-02-21 12:43:03,245 - INFO - epoch=29 batch=50/842 train_loss=0.9960 it/s=9.40 eta=1.4m
2026-02-21 12:43:08,357 - INFO - epoch=29 batch=100/842 train_loss=1.0022 it/s=9.59 eta=1.3m
2026-02-21 12:43:13,480 - INFO - epoch=29 batch=150/842 train_loss=1.0037 it/s=9.64 eta=1.2m
2026-02-21 12:43:18,572 - INFO - epoch=29 batch=200/842 train_loss=1.0027 it/s=9.69 eta=1.1m
2026-02-21 12:43:23,717 - INFO - epoch=29 batch=250/842 train_loss=1.0022 it/s=9.69 eta=1.0m
2026-02-21 12:43:28,906 - INFO - epoch=29 batch=300/842 train_loss=1.0009 it/s=9.68 eta=0.9m
2026-02-21 12:43:33,968 - INFO - epoch=29 batch=350/842 train_loss=1.0010 it/s=9.71 eta=0.8m
2026-02-21 12:43:39,140 - INFO - epoch=29 batch=400/842 train_loss=1.0011 it/s=9.71 eta=0.8m
2026-02-21 12:43:44,282 - INFO - epoch=29 batch=450/842 train_loss=1.0018 it/s=9.71 eta=0.7m
2026-02-21 12:43:49,441 - INFO - epoch=29 batch=500/842 train_loss=1.0015 it/s=9.71 eta=0.6m
2026-02-21 12:43:54,663 - INFO - epoch=29 batch=550/842 train_loss=1.0009 it/s=9.69 eta=0.5m
2026-02-21 12:43:59,879 - INFO - epoch=29 batch=600/842 train_loss=1.0000 it/s=9.68 eta=0.4m
2026-02-21 12:44:05,019 - INFO - epoch=29 batch=650/842 train_loss=0.9997 it/s=9.69 eta=0.3m
2026-02-21 12:44:10,183 - INFO - epoch=29 batch=700/842 train_loss=0.9997 it/s=9.69 eta=0.2m
2026-02-21 12:44:15,285 - INFO - epoch=29 batch=750/842 train_loss=0.9992 it/s=9.69 eta=0.2m
2026-02-21 12:44:20,451 - INFO - epoch=29 batch=800/842 train_loss=0.9988 it/s=9.69 eta=0.1m
2026-02-21 12:44:28,987 - INFO - epoch=29 train_loss=0.998454 val_loss=0.941775 best=0.942699@28
2026-02-21 12:44:34,429 - INFO - epoch=30 batch=50/842 train_loss=1.0006 it/s=9.23 eta=1.4m
2026-02-21 12:44:39,560 - INFO - epoch=30 batch=100/842 train_loss=0.9967 it/s=9.48 eta=1.3m
2026-02-21 12:44:44,683 - INFO - epoch=30 batch=150/842 train_loss=0.9968 it/s=9.57 eta=1.2m
2026-02-21 12:44:49,858 - INFO - epoch=30 batch=200/842 train_loss=0.9968 it/s=9.60 eta=1.1m
2026-02-21 12:44:55,037 - INFO - epoch=30 batch=250/842 train_loss=0.9957 it/s=9.61 eta=1.0m
2026-02-21 12:45:00,130 - INFO - epoch=30 batch=300/842 train_loss=0.9954 it/s=9.64 eta=0.9m
2026-02-21 12:45:05,287 - INFO - epoch=30 batch=350/842 train_loss=0.9964 it/s=9.65 eta=0.8m
2026-02-21 12:45:10,378 - INFO - epoch=30 batch=400/842 train_loss=0.9963 it/s=9.67 eta=0.8m
2026-02-21 12:45:15,580 - INFO - epoch=30 batch=450/842 train_loss=0.9966 it/s=9.66 eta=0.7m
2026-02-21 12:45:20,714 - INFO - epoch=30 batch=500/842 train_loss=0.9962 it/s=9.67 eta=0.6m
2026-02-21 12:45:25,878 - INFO - epoch=30 batch=550/842 train_loss=0.9966 it/s=9.67 eta=0.5m
2026-02-21 12:45:31,037 - INFO - epoch=30 batch=600/842 train_loss=0.9963 it/s=9.67 eta=0.4m
2026-02-21 12:45:36,180 - INFO - epoch=30 batch=650/842 train_loss=0.9961 it/s=9.68 eta=0.3m
2026-02-21 12:45:41,282 - INFO - epoch=30 batch=700/842 train_loss=0.9963 it/s=9.69 eta=0.2m
2026-02-21 12:45:46,401 - INFO - epoch=30 batch=750/842 train_loss=0.9965 it/s=9.69 eta=0.2m
2026-02-21 12:45:51,504 - INFO - epoch=30 batch=800/842 train_loss=0.9969 it/s=9.70 eta=0.1m
2026-02-21 12:45:59,997 - INFO - epoch=30 train_loss=0.997446 val_loss=0.941403 best=0.941775@29
2026-02-21 12:46:05,330 - INFO - epoch=31 batch=50/842 train_loss=0.9944 it/s=9.43 eta=1.4m
2026-02-21 12:46:10,474 - INFO - epoch=31 batch=100/842 train_loss=0.9924 it/s=9.57 eta=1.3m
2026-02-21 12:46:15,650 - INFO - epoch=31 batch=150/842 train_loss=0.9913 it/s=9.60 eta=1.2m
2026-02-21 12:46:20,786 - INFO - epoch=31 batch=200/842 train_loss=0.9923 it/s=9.64 eta=1.1m
2026-02-21 12:46:25,896 - INFO - epoch=31 batch=250/842 train_loss=0.9947 it/s=9.66 eta=1.0m
2026-02-21 12:46:31,059 - INFO - epoch=31 batch=300/842 train_loss=0.9955 it/s=9.67 eta=0.9m
2026-02-21 12:46:36,166 - INFO - epoch=31 batch=350/842 train_loss=0.9966 it/s=9.69 eta=0.8m
2026-02-21 12:46:41,270 - INFO - epoch=31 batch=400/842 train_loss=0.9975 it/s=9.70 eta=0.8m
2026-02-21 12:46:46,403 - INFO - epoch=31 batch=450/842 train_loss=0.9958 it/s=9.70 eta=0.7m
2026-02-21 12:46:51,524 - INFO - epoch=31 batch=500/842 train_loss=0.9956 it/s=9.71 eta=0.6m
2026-02-21 12:46:56,716 - INFO - epoch=31 batch=550/842 train_loss=0.9965 it/s=9.70 eta=0.5m
2026-02-21 12:47:01,769 - INFO - epoch=31 batch=600/842 train_loss=0.9958 it/s=9.72 eta=0.4m
2026-02-21 12:47:06,847 - INFO - epoch=31 batch=650/842 train_loss=0.9963 it/s=9.73 eta=0.3m
2026-02-21 12:47:11,988 - INFO - epoch=31 batch=700/842 train_loss=0.9964 it/s=9.73 eta=0.2m
2026-02-21 12:47:17,055 - INFO - epoch=31 batch=750/842 train_loss=0.9964 it/s=9.74 eta=0.2m
2026-02-21 12:47:22,192 - INFO - epoch=31 batch=800/842 train_loss=0.9962 it/s=9.74 eta=0.1m
2026-02-21 12:47:30,631 - INFO - epoch=31 train_loss=0.996722 val_loss=0.940866 best=0.941403@30
2026-02-21 12:47:36,015 - INFO - epoch=32 batch=50/842 train_loss=0.9825 it/s=9.34 eta=1.4m
2026-02-21 12:47:41,180 - INFO - epoch=32 batch=100/842 train_loss=0.9933 it/s=9.51 eta=1.3m
2026-02-21 12:47:46,372 - INFO - epoch=32 batch=150/842 train_loss=0.9944 it/s=9.55 eta=1.2m
2026-02-21 12:47:51,453 - INFO - epoch=32 batch=200/842 train_loss=0.9957 it/s=9.62 eta=1.1m
2026-02-21 12:47:56,628 - INFO - epoch=32 batch=250/842 train_loss=0.9940 it/s=9.63 eta=1.0m
2026-02-21 12:48:01,717 - INFO - epoch=32 batch=300/842 train_loss=0.9955 it/s=9.66 eta=0.9m
2026-02-21 12:48:06,884 - INFO - epoch=32 batch=350/842 train_loss=0.9961 it/s=9.66 eta=0.8m
2026-02-21 12:48:12,024 - INFO - epoch=32 batch=400/842 train_loss=0.9952 it/s=9.67 eta=0.8m
2026-02-21 12:48:17,168 - INFO - epoch=32 batch=450/842 train_loss=0.9960 it/s=9.68 eta=0.7m
2026-02-21 12:48:22,305 - INFO - epoch=32 batch=500/842 train_loss=0.9963 it/s=9.68 eta=0.6m
2026-02-21 12:48:27,448 - INFO - epoch=32 batch=550/842 train_loss=0.9963 it/s=9.69 eta=0.5m
2026-02-21 12:48:32,556 - INFO - epoch=32 batch=600/842 train_loss=0.9965 it/s=9.69 eta=0.4m
2026-02-21 12:48:37,700 - INFO - epoch=32 batch=650/842 train_loss=0.9960 it/s=9.70 eta=0.3m
2026-02-21 12:48:42,907 - INFO - epoch=32 batch=700/842 train_loss=0.9966 it/s=9.69 eta=0.2m
2026-02-21 12:48:48,056 - INFO - epoch=32 batch=750/842 train_loss=0.9965 it/s=9.69 eta=0.2m
2026-02-21 12:48:53,250 - INFO - epoch=32 batch=800/842 train_loss=0.9958 it/s=9.69 eta=0.1m
2026-02-21 12:49:01,664 - INFO - epoch=32 train_loss=0.995852 val_loss=0.940354 best=0.940866@31
2026-02-21 12:49:07,060 - INFO - epoch=33 batch=50/842 train_loss=0.9954 it/s=9.32 eta=1.4m
2026-02-21 12:49:12,117 - INFO - epoch=33 batch=100/842 train_loss=0.9947 it/s=9.60 eta=1.3m
2026-02-21 12:49:17,292 - INFO - epoch=33 batch=150/842 train_loss=0.9956 it/s=9.62 eta=1.2m
2026-02-21 12:49:22,427 - INFO - epoch=33 batch=200/842 train_loss=0.9955 it/s=9.65 eta=1.1m
2026-02-21 12:49:27,591 - INFO - epoch=33 batch=250/842 train_loss=0.9950 it/s=9.65 eta=1.0m
2026-02-21 12:49:32,739 - INFO - epoch=33 batch=300/842 train_loss=0.9945 it/s=9.66 eta=0.9m
2026-02-21 12:49:37,865 - INFO - epoch=33 batch=350/842 train_loss=0.9936 it/s=9.68 eta=0.8m
2026-02-21 12:49:43,026 - INFO - epoch=33 batch=400/842 train_loss=0.9927 it/s=9.68 eta=0.8m
2026-02-21 12:49:48,152 - INFO - epoch=33 batch=450/842 train_loss=0.9937 it/s=9.69 eta=0.7m
2026-02-21 12:49:53,284 - INFO - epoch=33 batch=500/842 train_loss=0.9945 it/s=9.69 eta=0.6m
2026-02-21 12:49:58,403 - INFO - epoch=33 batch=550/842 train_loss=0.9955 it/s=9.70 eta=0.5m
2026-02-21 12:50:03,536 - INFO - epoch=33 batch=600/842 train_loss=0.9955 it/s=9.70 eta=0.4m
2026-02-21 12:50:08,651 - INFO - epoch=33 batch=650/842 train_loss=0.9959 it/s=9.71 eta=0.3m
2026-02-21 12:50:13,909 - INFO - epoch=33 batch=700/842 train_loss=0.9950 it/s=9.69 eta=0.2m
2026-02-21 12:50:19,041 - INFO - epoch=33 batch=750/842 train_loss=0.9957 it/s=9.70 eta=0.2m
2026-02-21 12:50:24,150 - INFO - epoch=33 batch=800/842 train_loss=0.9958 it/s=9.70 eta=0.1m
2026-02-21 12:50:32,691 - INFO - epoch=33 train_loss=0.995610 val_loss=0.940360 best=0.940354@32
2026-02-21 12:50:38,065 - INFO - epoch=34 batch=50/842 train_loss=0.9976 it/s=9.33 eta=1.4m
2026-02-21 12:50:43,189 - INFO - epoch=34 batch=100/842 train_loss=0.9975 it/s=9.54 eta=1.3m
2026-02-21 12:50:48,304 - INFO - epoch=34 batch=150/842 train_loss=0.9926 it/s=9.62 eta=1.2m
2026-02-21 12:50:53,453 - INFO - epoch=34 batch=200/842 train_loss=0.9943 it/s=9.64 eta=1.1m
2026-02-21 12:50:58,592 - INFO - epoch=34 batch=250/842 train_loss=0.9937 it/s=9.66 eta=1.0m
2026-02-21 12:51:03,713 - INFO - epoch=34 batch=300/842 train_loss=0.9945 it/s=9.68 eta=0.9m
2026-02-21 12:51:08,899 - INFO - epoch=34 batch=350/842 train_loss=0.9947 it/s=9.67 eta=0.8m
2026-02-21 12:51:13,981 - INFO - epoch=34 batch=400/842 train_loss=0.9939 it/s=9.69 eta=0.8m
2026-02-21 12:51:19,109 - INFO - epoch=34 batch=450/842 train_loss=0.9931 it/s=9.70 eta=0.7m
2026-02-21 12:51:24,250 - INFO - epoch=34 batch=500/842 train_loss=0.9932 it/s=9.70 eta=0.6m
2026-02-21 12:51:29,405 - INFO - epoch=34 batch=550/842 train_loss=0.9934 it/s=9.70 eta=0.5m
2026-02-21 12:51:34,477 - INFO - epoch=34 batch=600/842 train_loss=0.9944 it/s=9.71 eta=0.4m
2026-02-21 12:51:39,615 - INFO - epoch=34 batch=650/842 train_loss=0.9944 it/s=9.71 eta=0.3m
2026-02-21 12:51:44,759 - INFO - epoch=34 batch=700/842 train_loss=0.9944 it/s=9.72 eta=0.2m
2026-02-21 12:51:49,906 - INFO - epoch=34 batch=750/842 train_loss=0.9949 it/s=9.72 eta=0.2m
2026-02-21 12:51:55,062 - INFO - epoch=34 batch=800/842 train_loss=0.9949 it/s=9.71 eta=0.1m
2026-02-21 12:52:03,545 - INFO - epoch=34 train_loss=0.994954 val_loss=0.939718 best=0.940354@32
2026-02-21 12:52:08,928 - INFO - epoch=35 batch=50/842 train_loss=0.9953 it/s=9.34 eta=1.4m
2026-02-21 12:52:14,080 - INFO - epoch=35 batch=100/842 train_loss=0.9932 it/s=9.52 eta=1.3m
2026-02-21 12:52:19,199 - INFO - epoch=35 batch=150/842 train_loss=0.9948 it/s=9.60 eta=1.2m
2026-02-21 12:52:24,335 - INFO - epoch=35 batch=200/842 train_loss=0.9924 it/s=9.63 eta=1.1m
2026-02-21 12:52:29,472 - INFO - epoch=35 batch=250/842 train_loss=0.9925 it/s=9.65 eta=1.0m
2026-02-21 12:52:34,625 - INFO - epoch=35 batch=300/842 train_loss=0.9922 it/s=9.66 eta=0.9m
2026-02-21 12:52:39,778 - INFO - epoch=35 batch=350/842 train_loss=0.9933 it/s=9.67 eta=0.8m
2026-02-21 12:52:44,960 - INFO - epoch=35 batch=400/842 train_loss=0.9938 it/s=9.66 eta=0.8m
2026-02-21 12:52:50,032 - INFO - epoch=35 batch=450/842 train_loss=0.9935 it/s=9.69 eta=0.7m
2026-02-21 12:52:55,200 - INFO - epoch=35 batch=500/842 train_loss=0.9930 it/s=9.68 eta=0.6m
2026-02-21 12:53:00,320 - INFO - epoch=35 batch=550/842 train_loss=0.9931 it/s=9.69 eta=0.5m
2026-02-21 12:53:05,453 - INFO - epoch=35 batch=600/842 train_loss=0.9928 it/s=9.70 eta=0.4m
2026-02-21 12:53:10,579 - INFO - epoch=35 batch=650/842 train_loss=0.9924 it/s=9.70 eta=0.3m
2026-02-21 12:53:15,803 - INFO - epoch=35 batch=700/842 train_loss=0.9933 it/s=9.69 eta=0.2m
2026-02-21 12:53:20,896 - INFO - epoch=35 batch=750/842 train_loss=0.9934 it/s=9.70 eta=0.2m
2026-02-21 12:53:26,082 - INFO - epoch=35 batch=800/842 train_loss=0.9939 it/s=9.70 eta=0.1m
2026-02-21 12:53:34,594 - INFO - epoch=35 train_loss=0.994711 val_loss=0.938619 best=0.939718@34
2026-02-21 12:53:40,064 - INFO - epoch=36 batch=50/842 train_loss=0.9948 it/s=9.19 eta=1.4m
2026-02-21 12:53:45,228 - INFO - epoch=36 batch=100/842 train_loss=0.9964 it/s=9.43 eta=1.3m
2026-02-21 12:53:50,337 - INFO - epoch=36 batch=150/842 train_loss=0.9936 it/s=9.55 eta=1.2m
2026-02-21 12:53:55,482 - INFO - epoch=36 batch=200/842 train_loss=0.9929 it/s=9.59 eta=1.1m
2026-02-21 12:54:00,579 - INFO - epoch=36 batch=250/842 train_loss=0.9928 it/s=9.63 eta=1.0m
2026-02-21 12:54:05,774 - INFO - epoch=36 batch=300/842 train_loss=0.9939 it/s=9.63 eta=0.9m
2026-02-21 12:54:10,925 - INFO - epoch=36 batch=350/842 train_loss=0.9926 it/s=9.64 eta=0.9m
2026-02-21 12:54:16,066 - INFO - epoch=36 batch=400/842 train_loss=0.9937 it/s=9.65 eta=0.8m
2026-02-21 12:54:21,171 - INFO - epoch=36 batch=450/842 train_loss=0.9936 it/s=9.67 eta=0.7m
2026-02-21 12:54:26,281 - INFO - epoch=36 batch=500/842 train_loss=0.9940 it/s=9.68 eta=0.6m
2026-02-21 12:54:31,456 - INFO - epoch=36 batch=550/842 train_loss=0.9950 it/s=9.68 eta=0.5m
2026-02-21 12:54:36,561 - INFO - epoch=36 batch=600/842 train_loss=0.9948 it/s=9.69 eta=0.4m
2026-02-21 12:54:41,723 - INFO - epoch=36 batch=650/842 train_loss=0.9949 it/s=9.69 eta=0.3m
2026-02-21 12:54:46,845 - INFO - epoch=36 batch=700/842 train_loss=0.9945 it/s=9.69 eta=0.2m
2026-02-21 12:54:51,994 - INFO - epoch=36 batch=750/842 train_loss=0.9934 it/s=9.69 eta=0.2m
2026-02-21 12:54:57,125 - INFO - epoch=36 batch=800/842 train_loss=0.9936 it/s=9.70 eta=0.1m
2026-02-21 12:55:05,606 - INFO - epoch=36 train_loss=0.993739 val_loss=0.938590 best=0.938619@35
2026-02-21 12:55:10,993 - INFO - epoch=37 batch=50/842 train_loss=1.0055 it/s=9.33 eta=1.4m
2026-02-21 12:55:16,132 - INFO - epoch=37 batch=100/842 train_loss=1.0021 it/s=9.52 eta=1.3m
2026-02-21 12:55:21,278 - INFO - epoch=37 batch=150/842 train_loss=0.9995 it/s=9.59 eta=1.2m
2026-02-21 12:55:26,382 - INFO - epoch=37 batch=200/842 train_loss=0.9965 it/s=9.64 eta=1.1m
2026-02-21 12:55:31,440 - INFO - epoch=37 batch=250/842 train_loss=0.9964 it/s=9.69 eta=1.0m
2026-02-21 12:55:36,569 - INFO - epoch=37 batch=300/842 train_loss=0.9941 it/s=9.70 eta=0.9m
2026-02-21 12:55:41,764 - INFO - epoch=37 batch=350/842 train_loss=0.9943 it/s=9.69 eta=0.8m
2026-02-21 12:55:46,941 - INFO - epoch=37 batch=400/842 train_loss=0.9942 it/s=9.68 eta=0.8m
2026-02-21 12:55:52,083 - INFO - epoch=37 batch=450/842 train_loss=0.9937 it/s=9.69 eta=0.7m
2026-02-21 12:55:57,235 - INFO - epoch=37 batch=500/842 train_loss=0.9941 it/s=9.69 eta=0.6m
2026-02-21 12:56:02,341 - INFO - epoch=37 batch=550/842 train_loss=0.9943 it/s=9.70 eta=0.5m
2026-02-21 12:56:07,494 - INFO - epoch=37 batch=600/842 train_loss=0.9939 it/s=9.70 eta=0.4m
2026-02-21 12:56:12,685 - INFO - epoch=37 batch=650/842 train_loss=0.9932 it/s=9.69 eta=0.3m
2026-02-21 12:56:17,804 - INFO - epoch=37 batch=700/842 train_loss=0.9933 it/s=9.70 eta=0.2m
2026-02-21 12:56:22,942 - INFO - epoch=37 batch=750/842 train_loss=0.9937 it/s=9.70 eta=0.2m
2026-02-21 12:56:28,075 - INFO - epoch=37 batch=800/842 train_loss=0.9933 it/s=9.70 eta=0.1m
2026-02-21 12:56:36,537 - INFO - epoch=37 train_loss=0.993154 val_loss=0.937624 best=0.938590@36
2026-02-21 12:56:41,905 - INFO - epoch=38 batch=50/842 train_loss=0.9905 it/s=9.37 eta=1.4m
2026-02-21 12:56:46,986 - INFO - epoch=38 batch=100/842 train_loss=0.9906 it/s=9.60 eta=1.3m
2026-02-21 12:56:52,132 - INFO - epoch=38 batch=150/842 train_loss=0.9899 it/s=9.64 eta=1.2m
2026-02-21 12:56:57,332 - INFO - epoch=38 batch=200/842 train_loss=0.9920 it/s=9.63 eta=1.1m
2026-02-21 12:57:02,443 - INFO - epoch=38 batch=250/842 train_loss=0.9910 it/s=9.66 eta=1.0m
2026-02-21 12:57:07,544 - INFO - epoch=38 batch=300/842 train_loss=0.9906 it/s=9.68 eta=0.9m
2026-02-21 12:57:12,648 - INFO - epoch=38 batch=350/842 train_loss=0.9905 it/s=9.70 eta=0.8m
2026-02-21 12:57:17,793 - INFO - epoch=38 batch=400/842 train_loss=0.9902 it/s=9.70 eta=0.8m
2026-02-21 12:57:22,976 - INFO - epoch=38 batch=450/842 train_loss=0.9909 it/s=9.70 eta=0.7m
2026-02-21 12:57:28,118 - INFO - epoch=38 batch=500/842 train_loss=0.9913 it/s=9.70 eta=0.6m
2026-02-21 12:57:33,269 - INFO - epoch=38 batch=550/842 train_loss=0.9915 it/s=9.70 eta=0.5m
2026-02-21 12:57:38,388 - INFO - epoch=38 batch=600/842 train_loss=0.9916 it/s=9.71 eta=0.4m
2026-02-21 12:57:43,504 - INFO - epoch=38 batch=650/842 train_loss=0.9915 it/s=9.71 eta=0.3m
2026-02-21 12:57:48,677 - INFO - epoch=38 batch=700/842 train_loss=0.9918 it/s=9.71 eta=0.2m
2026-02-21 12:57:53,850 - INFO - epoch=38 batch=750/842 train_loss=0.9922 it/s=9.70 eta=0.2m
2026-02-21 12:57:59,007 - INFO - epoch=38 batch=800/842 train_loss=0.9926 it/s=9.70 eta=0.1m
2026-02-21 12:58:07,509 - INFO - epoch=38 train_loss=0.992512 val_loss=0.937550 best=0.937624@37
2026-02-21 12:58:12,914 - INFO - epoch=39 batch=50/842 train_loss=0.9867 it/s=9.30 eta=1.4m
2026-02-21 12:58:17,994 - INFO - epoch=39 batch=100/842 train_loss=0.9884 it/s=9.56 eta=1.3m
2026-02-21 12:58:23,150 - INFO - epoch=39 batch=150/842 train_loss=0.9880 it/s=9.61 eta=1.2m
2026-02-21 12:58:28,274 - INFO - epoch=39 batch=200/842 train_loss=0.9883 it/s=9.65 eta=1.1m
2026-02-21 12:58:33,393 - INFO - epoch=39 batch=250/842 train_loss=0.9877 it/s=9.67 eta=1.0m
2026-02-21 12:58:38,517 - INFO - epoch=39 batch=300/842 train_loss=0.9878 it/s=9.68 eta=0.9m
2026-02-21 12:58:43,649 - INFO - epoch=39 batch=350/842 train_loss=0.9884 it/s=9.69 eta=0.8m
2026-02-21 12:58:48,777 - INFO - epoch=39 batch=400/842 train_loss=0.9900 it/s=9.70 eta=0.8m
2026-02-21 12:58:53,924 - INFO - epoch=39 batch=450/842 train_loss=0.9897 it/s=9.70 eta=0.7m
2026-02-21 12:58:59,063 - INFO - epoch=39 batch=500/842 train_loss=0.9897 it/s=9.70 eta=0.6m
2026-02-21 12:59:04,157 - INFO - epoch=39 batch=550/842 train_loss=0.9900 it/s=9.71 eta=0.5m
2026-02-21 12:59:09,283 - INFO - epoch=39 batch=600/842 train_loss=0.9899 it/s=9.72 eta=0.4m
2026-02-21 12:59:14,457 - INFO - epoch=39 batch=650/842 train_loss=0.9904 it/s=9.71 eta=0.3m
2026-02-21 12:59:19,593 - INFO - epoch=39 batch=700/842 train_loss=0.9904 it/s=9.71 eta=0.2m
2026-02-21 12:59:24,762 - INFO - epoch=39 batch=750/842 train_loss=0.9905 it/s=9.71 eta=0.2m
2026-02-21 12:59:29,943 - INFO - epoch=39 batch=800/842 train_loss=0.9917 it/s=9.71 eta=0.1m
2026-02-21 12:59:38,500 - INFO - epoch=39 train_loss=0.991818 val_loss=0.937054 best=0.937550@38
2026-02-21 12:59:43,872 - INFO - epoch=40 batch=50/842 train_loss=0.9845 it/s=9.36 eta=1.4m
2026-02-21 12:59:49,031 - INFO - epoch=40 batch=100/842 train_loss=0.9897 it/s=9.52 eta=1.3m
2026-02-21 12:59:54,189 - INFO - epoch=40 batch=150/842 train_loss=0.9879 it/s=9.58 eta=1.2m
2026-02-21 12:59:59,356 - INFO - epoch=40 batch=200/842 train_loss=0.9876 it/s=9.60 eta=1.1m
2026-02-21 13:00:04,453 - INFO - epoch=40 batch=250/842 train_loss=0.9892 it/s=9.64 eta=1.0m
2026-02-21 13:00:09,646 - INFO - epoch=40 batch=300/842 train_loss=0.9909 it/s=9.64 eta=0.9m
2026-02-21 13:00:14,778 - INFO - epoch=40 batch=350/842 train_loss=0.9920 it/s=9.66 eta=0.8m
2026-02-21 13:00:19,888 - INFO - epoch=40 batch=400/842 train_loss=0.9915 it/s=9.67 eta=0.8m
2026-02-21 13:00:24,990 - INFO - epoch=40 batch=450/842 train_loss=0.9924 it/s=9.69 eta=0.7m
2026-02-21 13:00:30,168 - INFO - epoch=40 batch=500/842 train_loss=0.9926 it/s=9.68 eta=0.6m
2026-02-21 13:00:35,271 - INFO - epoch=40 batch=550/842 train_loss=0.9932 it/s=9.69 eta=0.5m
2026-02-21 13:00:40,431 - INFO - epoch=40 batch=600/842 train_loss=0.9931 it/s=9.69 eta=0.4m
2026-02-21 13:00:45,590 - INFO - epoch=40 batch=650/842 train_loss=0.9930 it/s=9.69 eta=0.3m
2026-02-21 13:00:50,746 - INFO - epoch=40 batch=700/842 train_loss=0.9929 it/s=9.69 eta=0.2m
2026-02-21 13:00:55,849 - INFO - epoch=40 batch=750/842 train_loss=0.9924 it/s=9.70 eta=0.2m
2026-02-21 13:01:01,052 - INFO - epoch=40 batch=800/842 train_loss=0.9917 it/s=9.69 eta=0.1m
2026-02-21 13:01:09,551 - INFO - epoch=40 train_loss=0.991499 val_loss=0.936282 best=0.937054@39
2026-02-21 13:01:14,965 - INFO - epoch=41 batch=50/842 train_loss=0.9934 it/s=9.29 eta=1.4m
2026-02-21 13:01:20,090 - INFO - epoch=41 batch=100/842 train_loss=0.9914 it/s=9.52 eta=1.3m
2026-02-21 13:01:25,194 - INFO - epoch=41 batch=150/842 train_loss=0.9926 it/s=9.61 eta=1.2m
2026-02-21 13:01:30,340 - INFO - epoch=41 batch=200/842 train_loss=0.9911 it/s=9.63 eta=1.1m
2026-02-21 13:01:35,480 - INFO - epoch=41 batch=250/842 train_loss=0.9913 it/s=9.65 eta=1.0m
2026-02-21 13:01:40,602 - INFO - epoch=41 batch=300/842 train_loss=0.9912 it/s=9.67 eta=0.9m
2026-02-21 13:01:45,724 - INFO - epoch=41 batch=350/842 train_loss=0.9902 it/s=9.68 eta=0.8m
2026-02-21 13:01:50,952 - INFO - epoch=41 batch=400/842 train_loss=0.9903 it/s=9.67 eta=0.8m
2026-02-21 13:01:56,105 - INFO - epoch=41 batch=450/842 train_loss=0.9895 it/s=9.67 eta=0.7m
2026-02-21 13:02:01,263 - INFO - epoch=41 batch=500/842 train_loss=0.9896 it/s=9.67 eta=0.6m
2026-02-21 13:02:06,399 - INFO - epoch=41 batch=550/842 train_loss=0.9899 it/s=9.68 eta=0.5m
2026-02-21 13:02:11,551 - INFO - epoch=41 batch=600/842 train_loss=0.9899 it/s=9.68 eta=0.4m
2026-02-21 13:02:16,706 - INFO - epoch=41 batch=650/842 train_loss=0.9905 it/s=9.68 eta=0.3m
2026-02-21 13:02:21,804 - INFO - epoch=41 batch=700/842 train_loss=0.9901 it/s=9.69 eta=0.2m
2026-02-21 13:02:26,916 - INFO - epoch=41 batch=750/842 train_loss=0.9908 it/s=9.70 eta=0.2m
2026-02-21 13:02:32,092 - INFO - epoch=41 batch=800/842 train_loss=0.9916 it/s=9.70 eta=0.1m
2026-02-21 13:02:40,642 - INFO - epoch=41 train_loss=0.991426 val_loss=0.935607 best=0.936282@40
2026-02-21 13:02:46,053 - INFO - epoch=42 batch=50/842 train_loss=0.9977 it/s=9.29 eta=1.4m
2026-02-21 13:02:51,222 - INFO - epoch=42 batch=100/842 train_loss=0.9949 it/s=9.48 eta=1.3m
2026-02-21 13:02:56,356 - INFO - epoch=42 batch=150/842 train_loss=0.9904 it/s=9.56 eta=1.2m
2026-02-21 13:03:01,472 - INFO - epoch=42 batch=200/842 train_loss=0.9930 it/s=9.62 eta=1.1m
2026-02-21 13:03:06,668 - INFO - epoch=42 batch=250/842 train_loss=0.9902 it/s=9.62 eta=1.0m
2026-02-21 13:03:11,760 - INFO - epoch=42 batch=300/842 train_loss=0.9890 it/s=9.65 eta=0.9m
2026-02-21 13:03:16,908 - INFO - epoch=42 batch=350/842 train_loss=0.9896 it/s=9.66 eta=0.8m
2026-02-21 13:03:22,015 - INFO - epoch=42 batch=400/842 train_loss=0.9905 it/s=9.67 eta=0.8m
2026-02-21 13:03:27,203 - INFO - epoch=42 batch=450/842 train_loss=0.9902 it/s=9.67 eta=0.7m
2026-02-21 13:03:32,335 - INFO - epoch=42 batch=500/842 train_loss=0.9899 it/s=9.68 eta=0.6m
2026-02-21 13:03:37,476 - INFO - epoch=42 batch=550/842 train_loss=0.9907 it/s=9.68 eta=0.5m
2026-02-21 13:03:42,594 - INFO - epoch=42 batch=600/842 train_loss=0.9903 it/s=9.69 eta=0.4m
2026-02-21 13:03:47,727 - INFO - epoch=42 batch=650/842 train_loss=0.9903 it/s=9.69 eta=0.3m
2026-02-21 13:03:52,920 - INFO - epoch=42 batch=700/842 train_loss=0.9907 it/s=9.69 eta=0.2m
2026-02-21 13:03:58,101 - INFO - epoch=42 batch=750/842 train_loss=0.9903 it/s=9.69 eta=0.2m
2026-02-21 13:04:03,263 - INFO - epoch=42 batch=800/842 train_loss=0.9899 it/s=9.69 eta=0.1m
2026-02-21 13:04:11,733 - INFO - epoch=42 train_loss=0.990143 val_loss=0.935734 best=0.935607@41
2026-02-21 13:04:17,122 - INFO - epoch=43 batch=50/842 train_loss=0.9893 it/s=9.30 eta=1.4m
2026-02-21 13:04:22,256 - INFO - epoch=43 batch=100/842 train_loss=0.9879 it/s=9.52 eta=1.3m
2026-02-21 13:04:27,412 - INFO - epoch=43 batch=150/842 train_loss=0.9884 it/s=9.58 eta=1.2m
2026-02-21 13:04:32,583 - INFO - epoch=43 batch=200/842 train_loss=0.9879 it/s=9.60 eta=1.1m
2026-02-21 13:04:37,686 - INFO - epoch=43 batch=250/842 train_loss=0.9878 it/s=9.64 eta=1.0m
2026-02-21 13:04:42,813 - INFO - epoch=43 batch=300/842 train_loss=0.9873 it/s=9.66 eta=0.9m
2026-02-21 13:04:47,934 - INFO - epoch=43 batch=350/842 train_loss=0.9882 it/s=9.67 eta=0.8m
2026-02-21 13:04:53,088 - INFO - epoch=43 batch=400/842 train_loss=0.9893 it/s=9.68 eta=0.8m
2026-02-21 13:04:58,213 - INFO - epoch=43 batch=450/842 train_loss=0.9887 it/s=9.68 eta=0.7m
2026-02-21 13:05:03,343 - INFO - epoch=43 batch=500/842 train_loss=0.9896 it/s=9.69 eta=0.6m
2026-02-21 13:05:08,529 - INFO - epoch=43 batch=550/842 train_loss=0.9891 it/s=9.69 eta=0.5m
2026-02-21 13:05:13,712 - INFO - epoch=43 batch=600/842 train_loss=0.9895 it/s=9.68 eta=0.4m
2026-02-21 13:05:18,839 - INFO - epoch=43 batch=650/842 train_loss=0.9904 it/s=9.69 eta=0.3m
2026-02-21 13:05:24,046 - INFO - epoch=43 batch=700/842 train_loss=0.9902 it/s=9.68 eta=0.2m
2026-02-21 13:05:29,111 - INFO - epoch=43 batch=750/842 train_loss=0.9899 it/s=9.69 eta=0.2m
2026-02-21 13:05:34,302 - INFO - epoch=43 batch=800/842 train_loss=0.9901 it/s=9.69 eta=0.1m
2026-02-21 13:05:42,804 - INFO - epoch=43 train_loss=0.989823 val_loss=0.934761 best=0.935607@41
2026-02-21 13:05:48,188 - INFO - epoch=44 batch=50/842 train_loss=0.9897 it/s=9.34 eta=1.4m
2026-02-21 13:05:53,321 - INFO - epoch=44 batch=100/842 train_loss=0.9900 it/s=9.54 eta=1.3m
2026-02-21 13:05:58,469 - INFO - epoch=44 batch=150/842 train_loss=0.9854 it/s=9.59 eta=1.2m
2026-02-21 13:06:03,598 - INFO - epoch=44 batch=200/842 train_loss=0.9872 it/s=9.63 eta=1.1m
2026-02-21 13:06:08,744 - INFO - epoch=44 batch=250/842 train_loss=0.9877 it/s=9.65 eta=1.0m
2026-02-21 13:06:13,902 - INFO - epoch=44 batch=300/842 train_loss=0.9880 it/s=9.66 eta=0.9m
2026-02-21 13:06:19,058 - INFO - epoch=44 batch=350/842 train_loss=0.9890 it/s=9.66 eta=0.8m
2026-02-21 13:06:24,170 - INFO - epoch=44 batch=400/842 train_loss=0.9882 it/s=9.68 eta=0.8m
2026-02-21 13:06:29,281 - INFO - epoch=44 batch=450/842 train_loss=0.9887 it/s=9.69 eta=0.7m
2026-02-21 13:06:34,453 - INFO - epoch=44 batch=500/842 train_loss=0.9887 it/s=9.69 eta=0.6m
2026-02-21 13:06:39,633 - INFO - epoch=44 batch=550/842 train_loss=0.9888 it/s=9.68 eta=0.5m
2026-02-21 13:06:44,809 - INFO - epoch=44 batch=600/842 train_loss=0.9888 it/s=9.68 eta=0.4m
2026-02-21 13:06:50,018 - INFO - epoch=44 batch=650/842 train_loss=0.9887 it/s=9.68 eta=0.3m
2026-02-21 13:06:55,207 - INFO - epoch=44 batch=700/842 train_loss=0.9897 it/s=9.67 eta=0.2m
2026-02-21 13:07:00,310 - INFO - epoch=44 batch=750/842 train_loss=0.9904 it/s=9.68 eta=0.2m
2026-02-21 13:07:05,460 - INFO - epoch=44 batch=800/842 train_loss=0.9899 it/s=9.68 eta=0.1m
2026-02-21 13:07:14,035 - INFO - epoch=44 train_loss=0.989748 val_loss=0.935390 best=0.934761@43
2026-02-21 13:07:19,419 - INFO - epoch=45 batch=50/842 train_loss=0.9906 it/s=9.31 eta=1.4m
2026-02-21 13:07:24,556 - INFO - epoch=45 batch=100/842 train_loss=0.9925 it/s=9.52 eta=1.3m
2026-02-21 13:07:29,729 - INFO - epoch=45 batch=150/842 train_loss=0.9930 it/s=9.57 eta=1.2m
2026-02-21 13:07:34,891 - INFO - epoch=45 batch=200/842 train_loss=0.9938 it/s=9.60 eta=1.1m
2026-02-21 13:07:40,034 - INFO - epoch=45 batch=250/842 train_loss=0.9932 it/s=9.62 eta=1.0m
2026-02-21 13:07:45,165 - INFO - epoch=45 batch=300/842 train_loss=0.9915 it/s=9.64 eta=0.9m
2026-02-21 13:07:50,316 - INFO - epoch=45 batch=350/842 train_loss=0.9919 it/s=9.65 eta=0.8m
2026-02-21 13:07:55,421 - INFO - epoch=45 batch=400/842 train_loss=0.9908 it/s=9.67 eta=0.8m
2026-02-21 13:08:00,570 - INFO - epoch=45 batch=450/842 train_loss=0.9898 it/s=9.67 eta=0.7m
2026-02-21 13:08:05,761 - INFO - epoch=45 batch=500/842 train_loss=0.9902 it/s=9.67 eta=0.6m
2026-02-21 13:08:10,865 - INFO - epoch=45 batch=550/842 train_loss=0.9893 it/s=9.68 eta=0.5m
2026-02-21 13:08:16,073 - INFO - epoch=45 batch=600/842 train_loss=0.9885 it/s=9.67 eta=0.4m
2026-02-21 13:08:21,260 - INFO - epoch=45 batch=650/842 train_loss=0.9887 it/s=9.67 eta=0.3m
2026-02-21 13:08:26,440 - INFO - epoch=45 batch=700/842 train_loss=0.9892 it/s=9.67 eta=0.2m
2026-02-21 13:08:31,545 - INFO - epoch=45 batch=750/842 train_loss=0.9890 it/s=9.68 eta=0.2m
2026-02-21 13:08:36,726 - INFO - epoch=45 batch=800/842 train_loss=0.9885 it/s=9.68 eta=0.1m
2026-02-21 13:08:45,209 - INFO - epoch=45 train_loss=0.989098 val_loss=0.934553 best=0.934761@43
2026-02-21 13:08:50,588 - INFO - epoch=46 batch=50/842 train_loss=0.9997 it/s=9.35 eta=1.4m
2026-02-21 13:08:55,717 - INFO - epoch=46 batch=100/842 train_loss=0.9938 it/s=9.54 eta=1.3m
2026-02-21 13:09:00,846 - INFO - epoch=46 batch=150/842 train_loss=0.9896 it/s=9.61 eta=1.2m
2026-02-21 13:09:05,978 - INFO - epoch=46 batch=200/842 train_loss=0.9875 it/s=9.64 eta=1.1m
2026-02-21 13:09:11,112 - INFO - epoch=46 batch=250/842 train_loss=0.9880 it/s=9.66 eta=1.0m
2026-02-21 13:09:16,292 - INFO - epoch=46 batch=300/842 train_loss=0.9869 it/s=9.66 eta=0.9m
2026-02-21 13:09:21,498 - INFO - epoch=46 batch=350/842 train_loss=0.9874 it/s=9.65 eta=0.8m
2026-02-21 13:09:26,674 - INFO - epoch=46 batch=400/842 train_loss=0.9880 it/s=9.65 eta=0.8m
2026-02-21 13:09:31,872 - INFO - epoch=46 batch=450/842 train_loss=0.9878 it/s=9.65 eta=0.7m
2026-02-21 13:09:37,053 - INFO - epoch=46 batch=500/842 train_loss=0.9875 it/s=9.65 eta=0.6m
2026-02-21 13:09:42,223 - INFO - epoch=46 batch=550/842 train_loss=0.9871 it/s=9.65 eta=0.5m
2026-02-21 13:09:47,342 - INFO - epoch=46 batch=600/842 train_loss=0.9869 it/s=9.66 eta=0.4m
2026-02-21 13:09:52,498 - INFO - epoch=46 batch=650/842 train_loss=0.9871 it/s=9.66 eta=0.3m
2026-02-21 13:09:57,593 - INFO - epoch=46 batch=700/842 train_loss=0.9871 it/s=9.67 eta=0.2m
2026-02-21 13:10:02,729 - INFO - epoch=46 batch=750/842 train_loss=0.9880 it/s=9.68 eta=0.2m
2026-02-21 13:10:07,847 - INFO - epoch=46 batch=800/842 train_loss=0.9881 it/s=9.68 eta=0.1m
2026-02-21 13:10:16,337 - INFO - epoch=46 train_loss=0.988153 val_loss=0.933521 best=0.934553@45
2026-02-21 13:10:21,666 - INFO - epoch=47 batch=50/842 train_loss=0.9862 it/s=9.44 eta=1.4m
2026-02-21 13:10:26,817 - INFO - epoch=47 batch=100/842 train_loss=0.9863 it/s=9.57 eta=1.3m
2026-02-21 13:10:31,964 - INFO - epoch=47 batch=150/842 train_loss=0.9865 it/s=9.62 eta=1.2m
2026-02-21 13:10:37,060 - INFO - epoch=47 batch=200/842 train_loss=0.9869 it/s=9.67 eta=1.1m
2026-02-21 13:10:42,219 - INFO - epoch=47 batch=250/842 train_loss=0.9871 it/s=9.67 eta=1.0m
2026-02-21 13:10:47,374 - INFO - epoch=47 batch=300/842 train_loss=0.9883 it/s=9.68 eta=0.9m
2026-02-21 13:10:52,540 - INFO - epoch=47 batch=350/842 train_loss=0.9888 it/s=9.68 eta=0.8m
2026-02-21 13:10:57,740 - INFO - epoch=47 batch=400/842 train_loss=0.9880 it/s=9.67 eta=0.8m
2026-02-21 13:11:02,927 - INFO - epoch=47 batch=450/842 train_loss=0.9884 it/s=9.66 eta=0.7m
2026-02-21 13:11:08,122 - INFO - epoch=47 batch=500/842 train_loss=0.9886 it/s=9.66 eta=0.6m
2026-02-21 13:11:13,280 - INFO - epoch=47 batch=550/842 train_loss=0.9878 it/s=9.66 eta=0.5m
2026-02-21 13:11:18,417 - INFO - epoch=47 batch=600/842 train_loss=0.9883 it/s=9.67 eta=0.4m
2026-02-21 13:11:23,509 - INFO - epoch=47 batch=650/842 train_loss=0.9876 it/s=9.68 eta=0.3m
2026-02-21 13:11:28,667 - INFO - epoch=47 batch=700/842 train_loss=0.9875 it/s=9.68 eta=0.2m
2026-02-21 13:11:33,781 - INFO - epoch=47 batch=750/842 train_loss=0.9874 it/s=9.69 eta=0.2m
2026-02-21 13:11:38,906 - INFO - epoch=47 batch=800/842 train_loss=0.9872 it/s=9.69 eta=0.1m
2026-02-21 13:11:47,385 - INFO - epoch=47 train_loss=0.987287 val_loss=0.933277 best=0.933521@46
2026-02-21 13:11:52,723 - INFO - epoch=48 batch=50/842 train_loss=0.9861 it/s=9.42 eta=1.4m
2026-02-21 13:11:57,856 - INFO - epoch=48 batch=100/842 train_loss=0.9849 it/s=9.58 eta=1.3m
2026-02-21 13:12:03,024 - INFO - epoch=48 batch=150/842 train_loss=0.9840 it/s=9.61 eta=1.2m
2026-02-21 13:12:08,111 - INFO - epoch=48 batch=200/842 train_loss=0.9835 it/s=9.66 eta=1.1m
2026-02-21 13:12:13,195 - INFO - epoch=48 batch=250/842 train_loss=0.9841 it/s=9.70 eta=1.0m
2026-02-21 13:12:18,316 - INFO - epoch=48 batch=300/842 train_loss=0.9848 it/s=9.71 eta=0.9m
2026-02-21 13:12:23,420 - INFO - epoch=48 batch=350/842 train_loss=0.9857 it/s=9.72 eta=0.8m
2026-02-21 13:12:28,537 - INFO - epoch=48 batch=400/842 train_loss=0.9864 it/s=9.73 eta=0.8m
2026-02-21 13:12:33,705 - INFO - epoch=48 batch=450/842 train_loss=0.9868 it/s=9.72 eta=0.7m
2026-02-21 13:12:38,781 - INFO - epoch=48 batch=500/842 train_loss=0.9872 it/s=9.73 eta=0.6m
2026-02-21 13:12:43,921 - INFO - epoch=48 batch=550/842 train_loss=0.9873 it/s=9.73 eta=0.5m
2026-02-21 13:12:49,033 - INFO - epoch=48 batch=600/842 train_loss=0.9861 it/s=9.74 eta=0.4m
2026-02-21 13:12:54,168 - INFO - epoch=48 batch=650/842 train_loss=0.9861 it/s=9.74 eta=0.3m
2026-02-21 13:12:59,369 - INFO - epoch=48 batch=700/842 train_loss=0.9866 it/s=9.73 eta=0.2m
2026-02-21 13:13:04,555 - INFO - epoch=48 batch=750/842 train_loss=0.9867 it/s=9.72 eta=0.2m
2026-02-21 13:13:09,676 - INFO - epoch=48 batch=800/842 train_loss=0.9871 it/s=9.73 eta=0.1m
2026-02-21 13:13:18,159 - INFO - epoch=48 train_loss=0.987506 val_loss=0.932491 best=0.933277@47
2026-02-21 13:13:23,580 - INFO - epoch=49 batch=50/842 train_loss=0.9942 it/s=9.28 eta=1.4m
2026-02-21 13:13:28,710 - INFO - epoch=49 batch=100/842 train_loss=0.9870 it/s=9.50 eta=1.3m
2026-02-21 13:13:33,858 - INFO - epoch=49 batch=150/842 train_loss=0.9871 it/s=9.57 eta=1.2m
2026-02-21 13:13:39,084 - INFO - epoch=49 batch=200/842 train_loss=0.9875 it/s=9.57 eta=1.1m
2026-02-21 13:13:44,172 - INFO - epoch=49 batch=250/842 train_loss=0.9867 it/s=9.62 eta=1.0m
2026-02-21 13:13:49,295 - INFO - epoch=49 batch=300/842 train_loss=0.9857 it/s=9.64 eta=0.9m
2026-02-21 13:13:54,438 - INFO - epoch=49 batch=350/842 train_loss=0.9861 it/s=9.66 eta=0.8m
2026-02-21 13:13:59,506 - INFO - epoch=49 batch=400/842 train_loss=0.9849 it/s=9.68 eta=0.8m
2026-02-21 13:14:04,619 - INFO - epoch=49 batch=450/842 train_loss=0.9860 it/s=9.69 eta=0.7m
2026-02-21 13:14:09,824 - INFO - epoch=49 batch=500/842 train_loss=0.9859 it/s=9.68 eta=0.6m
2026-02-21 13:14:14,923 - INFO - epoch=49 batch=550/842 train_loss=0.9857 it/s=9.69 eta=0.5m
2026-02-21 13:14:20,107 - INFO - epoch=49 batch=600/842 train_loss=0.9863 it/s=9.69 eta=0.4m
2026-02-21 13:14:25,282 - INFO - epoch=49 batch=650/842 train_loss=0.9863 it/s=9.69 eta=0.3m
2026-02-21 13:14:30,407 - INFO - epoch=49 batch=700/842 train_loss=0.9864 it/s=9.69 eta=0.2m
2026-02-21 13:14:35,521 - INFO - epoch=49 batch=750/842 train_loss=0.9863 it/s=9.70 eta=0.2m
2026-02-21 13:14:40,670 - INFO - epoch=49 batch=800/842 train_loss=0.9866 it/s=9.70 eta=0.1m
2026-02-21 13:14:49,168 - INFO - epoch=49 train_loss=0.986710 val_loss=0.932805 best=0.932491@48
2026-02-21 13:14:54,586 - INFO - epoch=50 batch=50/842 train_loss=0.9828 it/s=9.26 eta=1.4m
2026-02-21 13:14:59,713 - INFO - epoch=50 batch=100/842 train_loss=0.9867 it/s=9.50 eta=1.3m
2026-02-21 13:15:04,898 - INFO - epoch=50 batch=150/842 train_loss=0.9861 it/s=9.55 eta=1.2m
2026-02-21 13:15:10,020 - INFO - epoch=50 batch=200/842 train_loss=0.9875 it/s=9.60 eta=1.1m
2026-02-21 13:15:15,132 - INFO - epoch=50 batch=250/842 train_loss=0.9879 it/s=9.63 eta=1.0m
2026-02-21 13:15:20,259 - INFO - epoch=50 batch=300/842 train_loss=0.9888 it/s=9.65 eta=0.9m
2026-02-21 13:15:25,454 - INFO - epoch=50 batch=350/842 train_loss=0.9877 it/s=9.65 eta=0.8m
2026-02-21 13:15:30,622 - INFO - epoch=50 batch=400/842 train_loss=0.9875 it/s=9.65 eta=0.8m
2026-02-21 13:15:35,731 - INFO - epoch=50 batch=450/842 train_loss=0.9881 it/s=9.67 eta=0.7m
2026-02-21 13:15:40,847 - INFO - epoch=50 batch=500/842 train_loss=0.9875 it/s=9.68 eta=0.6m
2026-02-21 13:15:45,951 - INFO - epoch=50 batch=550/842 train_loss=0.9875 it/s=9.69 eta=0.5m
2026-02-21 13:15:51,109 - INFO - epoch=50 batch=600/842 train_loss=0.9877 it/s=9.69 eta=0.4m
2026-02-21 13:15:56,161 - INFO - epoch=50 batch=650/842 train_loss=0.9869 it/s=9.71 eta=0.3m
2026-02-21 13:16:01,287 - INFO - epoch=50 batch=700/842 train_loss=0.9867 it/s=9.71 eta=0.2m
2026-02-21 13:16:06,479 - INFO - epoch=50 batch=750/842 train_loss=0.9869 it/s=9.70 eta=0.2m
2026-02-21 13:16:11,617 - INFO - epoch=50 batch=800/842 train_loss=0.9864 it/s=9.70 eta=0.1m
2026-02-21 13:16:20,100 - INFO - epoch=50 train_loss=0.986180 val_loss=0.932711 best=0.932491@48
2026-02-21 13:16:25,412 - INFO - epoch=51 batch=50/842 train_loss=0.9873 it/s=9.44 eta=1.4m
2026-02-21 13:16:30,561 - INFO - epoch=51 batch=100/842 train_loss=0.9846 it/s=9.57 eta=1.3m
2026-02-21 13:16:35,688 - INFO - epoch=51 batch=150/842 train_loss=0.9851 it/s=9.63 eta=1.2m
2026-02-21 13:16:40,796 - INFO - epoch=51 batch=200/842 train_loss=0.9854 it/s=9.67 eta=1.1m
2026-02-21 13:16:45,915 - INFO - epoch=51 batch=250/842 train_loss=0.9858 it/s=9.69 eta=1.0m
2026-02-21 13:16:51,083 - INFO - epoch=51 batch=300/842 train_loss=0.9859 it/s=9.69 eta=0.9m
2026-02-21 13:16:56,192 - INFO - epoch=51 batch=350/842 train_loss=0.9857 it/s=9.70 eta=0.8m
2026-02-21 13:17:01,363 - INFO - epoch=51 batch=400/842 train_loss=0.9876 it/s=9.70 eta=0.8m
2026-02-21 13:17:06,513 - INFO - epoch=51 batch=450/842 train_loss=0.9877 it/s=9.70 eta=0.7m
2026-02-21 13:17:11,689 - INFO - epoch=51 batch=500/842 train_loss=0.9867 it/s=9.69 eta=0.6m
2026-02-21 13:17:16,878 - INFO - epoch=51 batch=550/842 train_loss=0.9868 it/s=9.69 eta=0.5m
2026-02-21 13:17:21,982 - INFO - epoch=51 batch=600/842 train_loss=0.9863 it/s=9.70 eta=0.4m
2026-02-21 13:17:27,122 - INFO - epoch=51 batch=650/842 train_loss=0.9868 it/s=9.70 eta=0.3m
2026-02-21 13:17:32,302 - INFO - epoch=51 batch=700/842 train_loss=0.9872 it/s=9.70 eta=0.2m
2026-02-21 13:17:37,493 - INFO - epoch=51 batch=750/842 train_loss=0.9872 it/s=9.69 eta=0.2m
2026-02-21 13:17:42,560 - INFO - epoch=51 batch=800/842 train_loss=0.9866 it/s=9.70 eta=0.1m
2026-02-21 13:17:51,009 - INFO - epoch=51 train_loss=0.986217 val_loss=0.931402 best=0.932491@48
2026-02-21 13:17:56,507 - INFO - epoch=52 batch=50/842 train_loss=0.9768 it/s=9.14 eta=1.4m
2026-02-21 13:18:01,667 - INFO - epoch=52 batch=100/842 train_loss=0.9820 it/s=9.41 eta=1.3m
2026-02-21 13:18:06,796 - INFO - epoch=52 batch=150/842 train_loss=0.9840 it/s=9.52 eta=1.2m
2026-02-21 13:18:11,922 - INFO - epoch=52 batch=200/842 train_loss=0.9858 it/s=9.58 eta=1.1m
2026-02-21 13:18:17,083 - INFO - epoch=52 batch=250/842 train_loss=0.9865 it/s=9.60 eta=1.0m
2026-02-21 13:18:22,282 - INFO - epoch=52 batch=300/842 train_loss=0.9870 it/s=9.60 eta=0.9m
2026-02-21 13:18:27,427 - INFO - epoch=52 batch=350/842 train_loss=0.9864 it/s=9.62 eta=0.9m
2026-02-21 13:18:32,607 - INFO - epoch=52 batch=400/842 train_loss=0.9862 it/s=9.62 eta=0.8m
2026-02-21 13:18:37,751 - INFO - epoch=52 batch=450/842 train_loss=0.9862 it/s=9.63 eta=0.7m
2026-02-21 13:18:42,874 - INFO - epoch=52 batch=500/842 train_loss=0.9862 it/s=9.65 eta=0.6m
2026-02-21 13:18:47,989 - INFO - epoch=52 batch=550/842 train_loss=0.9864 it/s=9.66 eta=0.5m
2026-02-21 13:18:53,138 - INFO - epoch=52 batch=600/842 train_loss=0.9866 it/s=9.66 eta=0.4m
2026-02-21 13:18:58,290 - INFO - epoch=52 batch=650/842 train_loss=0.9859 it/s=9.67 eta=0.3m
2026-02-21 13:19:03,448 - INFO - epoch=52 batch=700/842 train_loss=0.9853 it/s=9.67 eta=0.2m
2026-02-21 13:19:08,610 - INFO - epoch=52 batch=750/842 train_loss=0.9853 it/s=9.67 eta=0.2m
2026-02-21 13:19:13,733 - INFO - epoch=52 batch=800/842 train_loss=0.9851 it/s=9.67 eta=0.1m
2026-02-21 13:19:22,240 - INFO - epoch=52 train_loss=0.985045 val_loss=0.931263 best=0.931402@51
2026-02-21 13:19:27,663 - INFO - epoch=53 batch=50/842 train_loss=0.9783 it/s=9.27 eta=1.4m
2026-02-21 13:19:32,845 - INFO - epoch=53 batch=100/842 train_loss=0.9840 it/s=9.46 eta=1.3m
2026-02-21 13:19:37,936 - INFO - epoch=53 batch=150/842 train_loss=0.9818 it/s=9.58 eta=1.2m
2026-02-21 13:19:43,021 - INFO - epoch=53 batch=200/842 train_loss=0.9803 it/s=9.64 eta=1.1m
2026-02-21 13:19:48,155 - INFO - epoch=53 batch=250/842 train_loss=0.9819 it/s=9.66 eta=1.0m
2026-02-21 13:19:53,311 - INFO - epoch=53 batch=300/842 train_loss=0.9823 it/s=9.66 eta=0.9m
2026-02-21 13:19:58,447 - INFO - epoch=53 batch=350/842 train_loss=0.9810 it/s=9.67 eta=0.8m
2026-02-21 13:20:03,582 - INFO - epoch=53 batch=400/842 train_loss=0.9821 it/s=9.68 eta=0.8m
2026-02-21 13:20:08,738 - INFO - epoch=53 batch=450/842 train_loss=0.9827 it/s=9.68 eta=0.7m
2026-02-21 13:20:13,901 - INFO - epoch=53 batch=500/842 train_loss=0.9822 it/s=9.68 eta=0.6m
2026-02-21 13:20:19,025 - INFO - epoch=53 batch=550/842 train_loss=0.9823 it/s=9.69 eta=0.5m
2026-02-21 13:20:24,235 - INFO - epoch=53 batch=600/842 train_loss=0.9823 it/s=9.68 eta=0.4m
2026-02-21 13:20:29,363 - INFO - epoch=53 batch=650/842 train_loss=0.9829 it/s=9.69 eta=0.3m
2026-02-21 13:20:34,455 - INFO - epoch=53 batch=700/842 train_loss=0.9829 it/s=9.70 eta=0.2m
2026-02-21 13:20:39,599 - INFO - epoch=53 batch=750/842 train_loss=0.9834 it/s=9.70 eta=0.2m
2026-02-21 13:20:44,784 - INFO - epoch=53 batch=800/842 train_loss=0.9840 it/s=9.70 eta=0.1m
2026-02-21 13:20:53,315 - INFO - epoch=53 train_loss=0.984108 val_loss=0.931346 best=0.931263@52
2026-02-21 13:20:58,630 - INFO - epoch=54 batch=50/842 train_loss=0.9809 it/s=9.43 eta=1.4m
2026-02-21 13:21:03,760 - INFO - epoch=54 batch=100/842 train_loss=0.9832 it/s=9.59 eta=1.3m
2026-02-21 13:21:08,902 - INFO - epoch=54 batch=150/842 train_loss=0.9829 it/s=9.63 eta=1.2m
2026-02-21 13:21:14,069 - INFO - epoch=54 batch=200/842 train_loss=0.9844 it/s=9.64 eta=1.1m
2026-02-21 13:21:19,146 - INFO - epoch=54 batch=250/842 train_loss=0.9834 it/s=9.68 eta=1.0m
2026-02-21 13:21:24,259 - INFO - epoch=54 batch=300/842 train_loss=0.9845 it/s=9.70 eta=0.9m
2026-02-21 13:21:29,397 - INFO - epoch=54 batch=350/842 train_loss=0.9848 it/s=9.70 eta=0.8m
2026-02-21 13:21:34,543 - INFO - epoch=54 batch=400/842 train_loss=0.9845 it/s=9.71 eta=0.8m
2026-02-21 13:21:39,757 - INFO - epoch=54 batch=450/842 train_loss=0.9852 it/s=9.69 eta=0.7m
2026-02-21 13:21:44,899 - INFO - epoch=54 batch=500/842 train_loss=0.9856 it/s=9.70 eta=0.6m
2026-02-21 13:21:50,013 - INFO - epoch=54 batch=550/842 train_loss=0.9851 it/s=9.70 eta=0.5m
2026-02-21 13:21:55,204 - INFO - epoch=54 batch=600/842 train_loss=0.9855 it/s=9.70 eta=0.4m
2026-02-21 13:22:00,378 - INFO - epoch=54 batch=650/842 train_loss=0.9854 it/s=9.69 eta=0.3m
2026-02-21 13:22:05,510 - INFO - epoch=54 batch=700/842 train_loss=0.9850 it/s=9.70 eta=0.2m
2026-02-21 13:22:10,623 - INFO - epoch=54 batch=750/842 train_loss=0.9847 it/s=9.70 eta=0.2m
2026-02-21 13:22:15,708 - INFO - epoch=54 batch=800/842 train_loss=0.9844 it/s=9.71 eta=0.1m
2026-02-21 13:22:24,163 - INFO - epoch=54 train_loss=0.984478 val_loss=0.931133 best=0.931263@52
2026-02-21 13:22:29,638 - INFO - epoch=55 batch=50/842 train_loss=0.9784 it/s=9.18 eta=1.4m
2026-02-21 13:22:34,776 - INFO - epoch=55 batch=100/842 train_loss=0.9778 it/s=9.45 eta=1.3m
2026-02-21 13:22:39,929 - INFO - epoch=55 batch=150/842 train_loss=0.9825 it/s=9.53 eta=1.2m
2026-02-21 13:22:44,999 - INFO - epoch=55 batch=200/842 train_loss=0.9844 it/s=9.61 eta=1.1m
2026-02-21 13:22:50,095 - INFO - epoch=55 batch=250/842 train_loss=0.9848 it/s=9.65 eta=1.0m
2026-02-21 13:22:55,271 - INFO - epoch=55 batch=300/842 train_loss=0.9852 it/s=9.65 eta=0.9m
2026-02-21 13:23:00,401 - INFO - epoch=55 batch=350/842 train_loss=0.9846 it/s=9.67 eta=0.8m
2026-02-21 13:23:05,570 - INFO - epoch=55 batch=400/842 train_loss=0.9846 it/s=9.67 eta=0.8m
2026-02-21 13:23:10,720 - INFO - epoch=55 batch=450/842 train_loss=0.9845 it/s=9.67 eta=0.7m
2026-02-21 13:23:15,835 - INFO - epoch=55 batch=500/842 train_loss=0.9843 it/s=9.68 eta=0.6m
2026-02-21 13:23:20,963 - INFO - epoch=55 batch=550/842 train_loss=0.9840 it/s=9.69 eta=0.5m
2026-02-21 13:23:26,081 - INFO - epoch=55 batch=600/842 train_loss=0.9840 it/s=9.69 eta=0.4m
2026-02-21 13:23:31,276 - INFO - epoch=55 batch=650/842 train_loss=0.9834 it/s=9.69 eta=0.3m
2026-02-21 13:23:36,400 - INFO - epoch=55 batch=700/842 train_loss=0.9831 it/s=9.69 eta=0.2m
2026-02-21 13:23:41,488 - INFO - epoch=55 batch=750/842 train_loss=0.9837 it/s=9.70 eta=0.2m
2026-02-21 13:23:46,605 - INFO - epoch=55 batch=800/842 train_loss=0.9839 it/s=9.71 eta=0.1m
2026-02-21 13:23:55,116 - INFO - epoch=55 train_loss=0.983907 val_loss=0.930475 best=0.931133@54
2026-02-21 13:24:00,550 - INFO - epoch=56 batch=50/842 train_loss=0.9842 it/s=9.25 eta=1.4m
2026-02-21 13:24:05,666 - INFO - epoch=56 batch=100/842 train_loss=0.9857 it/s=9.51 eta=1.3m
2026-02-21 13:24:10,872 - INFO - epoch=56 batch=150/842 train_loss=0.9853 it/s=9.54 eta=1.2m
2026-02-21 13:24:15,996 - INFO - epoch=56 batch=200/842 train_loss=0.9889 it/s=9.59 eta=1.1m
2026-02-21 13:24:21,155 - INFO - epoch=56 batch=250/842 train_loss=0.9872 it/s=9.61 eta=1.0m
2026-02-21 13:24:26,293 - INFO - epoch=56 batch=300/842 train_loss=0.9858 it/s=9.63 eta=0.9m
2026-02-21 13:24:31,464 - INFO - epoch=56 batch=350/842 train_loss=0.9861 it/s=9.64 eta=0.9m
2026-02-21 13:24:36,604 - INFO - epoch=56 batch=400/842 train_loss=0.9846 it/s=9.65 eta=0.8m
2026-02-21 13:24:41,735 - INFO - epoch=56 batch=450/842 train_loss=0.9842 it/s=9.66 eta=0.7m
2026-02-21 13:24:46,891 - INFO - epoch=56 batch=500/842 train_loss=0.9839 it/s=9.66 eta=0.6m
2026-02-21 13:24:52,049 - INFO - epoch=56 batch=550/842 train_loss=0.9835 it/s=9.67 eta=0.5m
2026-02-21 13:24:57,211 - INFO - epoch=56 batch=600/842 train_loss=0.9840 it/s=9.67 eta=0.4m
2026-02-21 13:25:02,330 - INFO - epoch=56 batch=650/842 train_loss=0.9838 it/s=9.68 eta=0.3m
2026-02-21 13:25:07,441 - INFO - epoch=56 batch=700/842 train_loss=0.9846 it/s=9.68 eta=0.2m
2026-02-21 13:25:12,613 - INFO - epoch=56 batch=750/842 train_loss=0.9847 it/s=9.68 eta=0.2m
2026-02-21 13:25:17,736 - INFO - epoch=56 batch=800/842 train_loss=0.9840 it/s=9.69 eta=0.1m
2026-02-21 13:25:26,186 - INFO - epoch=56 train_loss=0.983957 val_loss=0.930039 best=0.930475@55
2026-02-21 13:25:31,630 - INFO - epoch=57 batch=50/842 train_loss=0.9960 it/s=9.24 eta=1.4m
2026-02-21 13:25:36,757 - INFO - epoch=57 batch=100/842 train_loss=0.9869 it/s=9.49 eta=1.3m
2026-02-21 13:25:41,867 - INFO - epoch=57 batch=150/842 train_loss=0.9862 it/s=9.59 eta=1.2m
2026-02-21 13:25:46,961 - INFO - epoch=57 batch=200/842 train_loss=0.9818 it/s=9.64 eta=1.1m
2026-02-21 13:25:52,053 - INFO - epoch=57 batch=250/842 train_loss=0.9819 it/s=9.68 eta=1.0m
2026-02-21 13:25:57,177 - INFO - epoch=57 batch=300/842 train_loss=0.9810 it/s=9.69 eta=0.9m
2026-02-21 13:26:02,277 - INFO - epoch=57 batch=350/842 train_loss=0.9824 it/s=9.71 eta=0.8m
2026-02-21 13:26:07,422 - INFO - epoch=57 batch=400/842 train_loss=0.9825 it/s=9.71 eta=0.8m
2026-02-21 13:26:12,591 - INFO - epoch=57 batch=450/842 train_loss=0.9822 it/s=9.70 eta=0.7m
2026-02-21 13:26:17,740 - INFO - epoch=57 batch=500/842 train_loss=0.9814 it/s=9.70 eta=0.6m
2026-02-21 13:26:22,961 - INFO - epoch=57 batch=550/842 train_loss=0.9814 it/s=9.69 eta=0.5m
2026-02-21 13:26:28,165 - INFO - epoch=57 batch=600/842 train_loss=0.9815 it/s=9.69 eta=0.4m
2026-02-21 13:26:33,300 - INFO - epoch=57 batch=650/842 train_loss=0.9816 it/s=9.69 eta=0.3m
2026-02-21 13:26:38,456 - INFO - epoch=57 batch=700/842 train_loss=0.9823 it/s=9.69 eta=0.2m
2026-02-21 13:26:43,583 - INFO - epoch=57 batch=750/842 train_loss=0.9829 it/s=9.69 eta=0.2m
2026-02-21 13:26:48,755 - INFO - epoch=57 batch=800/842 train_loss=0.9825 it/s=9.69 eta=0.1m
2026-02-21 13:26:57,255 - INFO - epoch=57 train_loss=0.982706 val_loss=0.929438 best=0.930039@56
2026-02-21 13:27:02,557 - INFO - epoch=58 batch=50/842 train_loss=0.9737 it/s=9.48 eta=1.4m
2026-02-21 13:27:07,644 - INFO - epoch=58 batch=100/842 train_loss=0.9797 it/s=9.65 eta=1.3m
2026-02-21 13:27:12,737 - INFO - epoch=58 batch=150/842 train_loss=0.9820 it/s=9.71 eta=1.2m
2026-02-21 13:27:17,842 - INFO - epoch=58 batch=200/842 train_loss=0.9818 it/s=9.73 eta=1.1m
2026-02-21 13:27:22,972 - INFO - epoch=58 batch=250/842 train_loss=0.9834 it/s=9.73 eta=1.0m
2026-02-21 13:27:28,156 - INFO - epoch=58 batch=300/842 train_loss=0.9832 it/s=9.72 eta=0.9m
2026-02-21 13:27:33,300 - INFO - epoch=58 batch=350/842 train_loss=0.9818 it/s=9.72 eta=0.8m
2026-02-21 13:27:38,466 - INFO - epoch=58 batch=400/842 train_loss=0.9819 it/s=9.71 eta=0.8m
2026-02-21 13:27:43,575 - INFO - epoch=58 batch=450/842 train_loss=0.9817 it/s=9.72 eta=0.7m
2026-02-21 13:27:48,723 - INFO - epoch=58 batch=500/842 train_loss=0.9817 it/s=9.72 eta=0.6m
2026-02-21 13:27:53,808 - INFO - epoch=58 batch=550/842 train_loss=0.9825 it/s=9.73 eta=0.5m
2026-02-21 13:27:58,955 - INFO - epoch=58 batch=600/842 train_loss=0.9822 it/s=9.73 eta=0.4m
2026-02-21 13:28:04,140 - INFO - epoch=58 batch=650/842 train_loss=0.9823 it/s=9.72 eta=0.3m
2026-02-21 13:28:09,328 - INFO - epoch=58 batch=700/842 train_loss=0.9823 it/s=9.72 eta=0.2m
2026-02-21 13:28:14,493 - INFO - epoch=58 batch=750/842 train_loss=0.9826 it/s=9.71 eta=0.2m
2026-02-21 13:28:19,689 - INFO - epoch=58 batch=800/842 train_loss=0.9828 it/s=9.71 eta=0.1m
2026-02-21 13:28:28,190 - INFO - epoch=58 train_loss=0.982440 val_loss=0.929220 best=0.929438@57
2026-02-21 13:28:33,587 - INFO - epoch=59 batch=50/842 train_loss=0.9823 it/s=9.31 eta=1.4m
2026-02-21 13:28:38,748 - INFO - epoch=59 batch=100/842 train_loss=0.9806 it/s=9.50 eta=1.3m
2026-02-21 13:28:43,864 - INFO - epoch=59 batch=150/842 train_loss=0.9799 it/s=9.59 eta=1.2m
2026-02-21 13:28:49,003 - INFO - epoch=59 batch=200/842 train_loss=0.9806 it/s=9.62 eta=1.1m
2026-02-21 13:28:54,164 - INFO - epoch=59 batch=250/842 train_loss=0.9820 it/s=9.64 eta=1.0m
2026-02-21 13:28:59,295 - INFO - epoch=59 batch=300/842 train_loss=0.9823 it/s=9.65 eta=0.9m
2026-02-21 13:29:04,485 - INFO - epoch=59 batch=350/842 train_loss=0.9827 it/s=9.65 eta=0.8m
2026-02-21 13:29:09,647 - INFO - epoch=59 batch=400/842 train_loss=0.9837 it/s=9.66 eta=0.8m
2026-02-21 13:29:14,815 - INFO - epoch=59 batch=450/842 train_loss=0.9829 it/s=9.66 eta=0.7m
2026-02-21 13:29:19,933 - INFO - epoch=59 batch=500/842 train_loss=0.9823 it/s=9.67 eta=0.6m
2026-02-21 13:29:25,041 - INFO - epoch=59 batch=550/842 train_loss=0.9824 it/s=9.68 eta=0.5m
2026-02-21 13:29:30,196 - INFO - epoch=59 batch=600/842 train_loss=0.9820 it/s=9.68 eta=0.4m
2026-02-21 13:29:35,355 - INFO - epoch=59 batch=650/842 train_loss=0.9821 it/s=9.68 eta=0.3m
2026-02-21 13:29:40,524 - INFO - epoch=59 batch=700/842 train_loss=0.9813 it/s=9.68 eta=0.2m
2026-02-21 13:29:45,682 - INFO - epoch=59 batch=750/842 train_loss=0.9813 it/s=9.68 eta=0.2m
2026-02-21 13:29:50,849 - INFO - epoch=59 batch=800/842 train_loss=0.9820 it/s=9.68 eta=0.1m
2026-02-21 13:29:59,320 - INFO - epoch=59 train_loss=0.981827 val_loss=0.928759 best=0.929220@58
2026-02-21 13:30:04,669 - INFO - epoch=60 batch=50/842 train_loss=0.9808 it/s=9.40 eta=1.4m
2026-02-21 13:30:09,749 - INFO - epoch=60 batch=100/842 train_loss=0.9844 it/s=9.62 eta=1.3m
2026-02-21 13:30:14,877 - INFO - epoch=60 batch=150/842 train_loss=0.9823 it/s=9.66 eta=1.2m
2026-02-21 13:30:20,030 - INFO - epoch=60 batch=200/842 train_loss=0.9811 it/s=9.67 eta=1.1m
2026-02-21 13:30:25,191 - INFO - epoch=60 batch=250/842 train_loss=0.9824 it/s=9.67 eta=1.0m
2026-02-21 13:30:30,353 - INFO - epoch=60 batch=300/842 train_loss=0.9840 it/s=9.68 eta=0.9m
2026-02-21 13:30:35,523 - INFO - epoch=60 batch=350/842 train_loss=0.9845 it/s=9.68 eta=0.8m
2026-02-21 13:30:40,655 - INFO - epoch=60 batch=400/842 train_loss=0.9830 it/s=9.68 eta=0.8m
2026-02-21 13:30:45,795 - INFO - epoch=60 batch=450/842 train_loss=0.9834 it/s=9.69 eta=0.7m
2026-02-21 13:30:50,883 - INFO - epoch=60 batch=500/842 train_loss=0.9827 it/s=9.70 eta=0.6m
2026-02-21 13:30:56,033 - INFO - epoch=60 batch=550/842 train_loss=0.9813 it/s=9.70 eta=0.5m
2026-02-21 13:31:01,130 - INFO - epoch=60 batch=600/842 train_loss=0.9815 it/s=9.71 eta=0.4m
2026-02-21 13:31:06,371 - INFO - epoch=60 batch=650/842 train_loss=0.9814 it/s=9.70 eta=0.3m
2026-02-21 13:31:11,519 - INFO - epoch=60 batch=700/842 train_loss=0.9814 it/s=9.70 eta=0.2m
2026-02-21 13:31:16,662 - INFO - epoch=60 batch=750/842 train_loss=0.9815 it/s=9.70 eta=0.2m
2026-02-21 13:31:21,783 - INFO - epoch=60 batch=800/842 train_loss=0.9817 it/s=9.70 eta=0.1m
2026-02-21 13:31:30,290 - INFO - epoch=60 train_loss=0.981913 val_loss=0.928756 best=0.928759@59
2026-02-21 13:31:30,317 - INFO - saved: _sync/wsa/pi_verify/20260221_porto_p0_graphdist_from_e40_s0/report.json
