2026-02-13 23:49:38,472 - INFO - device=cuda
2026-02-13 23:49:39,271 - INFO - split_json=/home/jinlin/data/geoexplicit_data/experiments/icml2026_routegen/WAYCASD0_waydata_porto_seed0/W5_way_routes_strict_gate/od_split_min3_max160_seed0_dev10p.json train_routes=108153 val_routes=13086 => train_idx=107706 val_idx=13041
2026-02-13 23:49:39,273 - INFO - routes: total=1343467 train=107706 val=13041 min_hops=5 max_way_len=160
/home/jinlin/miniconda3/envs/dpl/lib/python3.11/site-packages/torch/nn/modules/transformer.py:392: UserWarning: enable_nested_tensor is True, but self.use_nested_tensor is False because encoder_layer.norm_first was True
  warnings.warn(
2026-02-13 23:49:39,797 - INFO - AE decoder cfg inferred/override: step_emb=True past_k=16 cross_attn=True cand_query=True past_ctx=True dest_query=False dir_query=False
2026-02-13 23:50:23,351 - INFO - epoch=1 batch=200/842 train_loss=1.0139 it/s=4.65 eta=2.3m
2026-02-13 23:51:06,966 - INFO - epoch=1 batch=400/842 train_loss=1.0152 it/s=4.62 eta=1.6m
2026-02-13 23:51:50,927 - INFO - epoch=1 batch=600/842 train_loss=1.0166 it/s=4.60 eta=0.9m
2026-02-13 23:52:35,119 - INFO - epoch=1 batch=800/842 train_loss=1.0178 it/s=4.58 eta=0.2m
2026-02-13 23:53:00,218 - INFO - epoch=1 train_loss=1.017692 val_loss=0.956313 best=inf@0
2026-02-13 23:53:44,649 - INFO - epoch=2 batch=200/842 train_loss=1.0165 it/s=4.50 eta=2.4m
2026-02-13 23:54:28,838 - INFO - epoch=2 batch=400/842 train_loss=1.0176 it/s=4.51 eta=1.6m
2026-02-13 23:55:12,951 - INFO - epoch=2 batch=600/842 train_loss=1.0162 it/s=4.52 eta=0.9m
2026-02-13 23:55:57,045 - INFO - epoch=2 batch=800/842 train_loss=1.0167 it/s=4.52 eta=0.2m
2026-02-13 23:56:22,540 - INFO - epoch=2 train_loss=1.016524 val_loss=0.955922 best=0.956313@1
2026-02-13 23:57:06,799 - INFO - epoch=3 batch=200/842 train_loss=1.0165 it/s=4.52 eta=2.4m
2026-02-13 23:57:50,786 - INFO - epoch=3 batch=400/842 train_loss=1.0163 it/s=4.53 eta=1.6m
2026-02-13 23:58:34,819 - INFO - epoch=3 batch=600/842 train_loss=1.0159 it/s=4.54 eta=0.9m
2026-02-13 23:59:18,730 - INFO - epoch=3 batch=800/842 train_loss=1.0150 it/s=4.54 eta=0.2m
2026-02-13 23:59:43,631 - INFO - epoch=3 train_loss=1.015135 val_loss=0.954856 best=0.955922@2
2026-02-14 00:00:27,841 - INFO - epoch=4 batch=200/842 train_loss=1.0092 it/s=4.53 eta=2.4m
2026-02-14 00:01:11,832 - INFO - epoch=4 batch=400/842 train_loss=1.0136 it/s=4.54 eta=1.6m
2026-02-14 00:01:55,717 - INFO - epoch=4 batch=600/842 train_loss=1.0151 it/s=4.54 eta=0.9m
2026-02-14 00:02:39,646 - INFO - epoch=4 batch=800/842 train_loss=1.0150 it/s=4.55 eta=0.2m
2026-02-14 00:03:04,323 - INFO - epoch=4 train_loss=1.014636 val_loss=0.954069 best=0.954856@3
2026-02-14 00:03:48,571 - INFO - epoch=5 batch=200/842 train_loss=1.0099 it/s=4.52 eta=2.4m
2026-02-14 00:04:32,432 - INFO - epoch=5 batch=400/842 train_loss=1.0112 it/s=4.54 eta=1.6m
2026-02-14 00:05:16,477 - INFO - epoch=5 batch=600/842 train_loss=1.0129 it/s=4.54 eta=0.9m
2026-02-14 00:06:00,394 - INFO - epoch=5 batch=800/842 train_loss=1.0141 it/s=4.54 eta=0.2m
2026-02-14 00:06:25,286 - INFO - epoch=5 train_loss=1.013813 val_loss=0.952384 best=0.954069@4
2026-02-14 00:07:09,325 - INFO - epoch=6 batch=200/842 train_loss=1.0105 it/s=4.54 eta=2.4m
2026-02-14 00:07:53,219 - INFO - epoch=6 batch=400/842 train_loss=1.0120 it/s=4.55 eta=1.6m
2026-02-14 00:08:37,125 - INFO - epoch=6 batch=600/842 train_loss=1.0116 it/s=4.55 eta=0.9m
2026-02-14 00:09:21,176 - INFO - epoch=6 batch=800/842 train_loss=1.0123 it/s=4.55 eta=0.2m
2026-02-14 00:09:45,870 - INFO - epoch=6 train_loss=1.012656 val_loss=0.952687 best=0.952384@5
2026-02-14 00:10:29,866 - INFO - epoch=7 batch=200/842 train_loss=1.0145 it/s=4.55 eta=2.4m
2026-02-14 00:11:13,656 - INFO - epoch=7 batch=400/842 train_loss=1.0119 it/s=4.56 eta=1.6m
2026-02-14 00:11:57,507 - INFO - epoch=7 batch=600/842 train_loss=1.0129 it/s=4.56 eta=0.9m
2026-02-14 00:12:41,592 - INFO - epoch=7 batch=800/842 train_loss=1.0120 it/s=4.55 eta=0.2m
2026-02-14 00:13:06,355 - INFO - epoch=7 train_loss=1.011977 val_loss=0.952084 best=0.952384@5
2026-02-14 00:13:50,475 - INFO - epoch=8 batch=200/842 train_loss=1.0099 it/s=4.54 eta=2.4m
2026-02-14 00:14:34,326 - INFO - epoch=8 batch=400/842 train_loss=1.0111 it/s=4.55 eta=1.6m
2026-02-14 00:15:18,249 - INFO - epoch=8 batch=600/842 train_loss=1.0114 it/s=4.55 eta=0.9m
2026-02-14 00:16:02,156 - INFO - epoch=8 batch=800/842 train_loss=1.0111 it/s=4.55 eta=0.2m
2026-02-14 00:16:27,129 - INFO - epoch=8 train_loss=1.010939 val_loss=0.951373 best=0.952084@7
2026-02-14 00:17:11,175 - INFO - epoch=9 batch=200/842 train_loss=1.0085 it/s=4.54 eta=2.4m
2026-02-14 00:17:55,202 - INFO - epoch=9 batch=400/842 train_loss=1.0112 it/s=4.54 eta=1.6m
2026-02-14 00:18:39,084 - INFO - epoch=9 batch=600/842 train_loss=1.0094 it/s=4.55 eta=0.9m
2026-02-14 00:19:23,020 - INFO - epoch=9 batch=800/842 train_loss=1.0096 it/s=4.55 eta=0.2m
2026-02-14 00:19:47,682 - INFO - epoch=9 train_loss=1.009784 val_loss=0.949736 best=0.951373@8
2026-02-14 00:20:31,780 - INFO - epoch=10 batch=200/842 train_loss=1.0098 it/s=4.54 eta=2.4m
2026-02-14 00:21:15,689 - INFO - epoch=10 batch=400/842 train_loss=1.0089 it/s=4.55 eta=1.6m
2026-02-14 00:21:59,589 - INFO - epoch=10 batch=600/842 train_loss=1.0090 it/s=4.55 eta=0.9m
2026-02-14 00:22:43,415 - INFO - epoch=10 batch=800/842 train_loss=1.0088 it/s=4.55 eta=0.2m
2026-02-14 00:23:08,252 - INFO - epoch=10 train_loss=1.008829 val_loss=0.949460 best=0.949736@9
2026-02-14 00:23:52,282 - INFO - epoch=11 batch=200/842 train_loss=1.0036 it/s=4.55 eta=2.4m
2026-02-14 00:24:36,091 - INFO - epoch=11 batch=400/842 train_loss=1.0081 it/s=4.56 eta=1.6m
2026-02-14 00:25:19,977 - INFO - epoch=11 batch=600/842 train_loss=1.0082 it/s=4.56 eta=0.9m
2026-02-14 00:26:03,806 - INFO - epoch=11 batch=800/842 train_loss=1.0080 it/s=4.56 eta=0.2m
2026-02-14 00:26:28,834 - INFO - epoch=11 train_loss=1.008410 val_loss=0.949147 best=0.949460@10
2026-02-14 00:27:12,970 - INFO - epoch=12 batch=200/842 train_loss=1.0111 it/s=4.53 eta=2.4m
2026-02-14 00:27:56,659 - INFO - epoch=12 batch=400/842 train_loss=1.0086 it/s=4.56 eta=1.6m
2026-02-14 00:28:41,345 - INFO - epoch=12 batch=600/842 train_loss=1.0073 it/s=4.53 eta=0.9m
2026-02-14 00:29:25,180 - INFO - epoch=12 batch=800/842 train_loss=1.0080 it/s=4.54 eta=0.2m
2026-02-14 00:29:49,810 - INFO - epoch=12 train_loss=1.007906 val_loss=0.948536 best=0.949147@11
2026-02-14 00:30:33,945 - INFO - epoch=13 batch=200/842 train_loss=1.0091 it/s=4.53 eta=2.4m
2026-02-14 00:31:17,796 - INFO - epoch=13 batch=400/842 train_loss=1.0074 it/s=4.55 eta=1.6m
2026-02-14 00:32:01,767 - INFO - epoch=13 batch=600/842 train_loss=1.0072 it/s=4.55 eta=0.9m
2026-02-14 00:32:45,710 - INFO - epoch=13 batch=800/842 train_loss=1.0064 it/s=4.55 eta=0.2m
2026-02-14 00:33:10,508 - INFO - epoch=13 train_loss=1.006650 val_loss=0.947416 best=0.948536@12
2026-02-14 00:33:54,663 - INFO - epoch=14 batch=200/842 train_loss=1.0023 it/s=4.53 eta=2.4m
2026-02-14 00:34:38,534 - INFO - epoch=14 batch=400/842 train_loss=1.0071 it/s=4.55 eta=1.6m
2026-02-14 00:35:22,459 - INFO - epoch=14 batch=600/842 train_loss=1.0056 it/s=4.55 eta=0.9m
2026-02-14 00:36:06,291 - INFO - epoch=14 batch=800/842 train_loss=1.0060 it/s=4.55 eta=0.2m
2026-02-14 00:36:31,051 - INFO - epoch=14 train_loss=1.005994 val_loss=0.946664 best=0.947416@13
2026-02-14 00:37:15,229 - INFO - epoch=15 batch=200/842 train_loss=1.0040 it/s=4.53 eta=2.4m
2026-02-14 00:37:58,972 - INFO - epoch=15 batch=400/842 train_loss=1.0058 it/s=4.55 eta=1.6m
2026-02-14 00:38:42,880 - INFO - epoch=15 batch=600/842 train_loss=1.0057 it/s=4.55 eta=0.9m
2026-02-14 00:39:26,683 - INFO - epoch=15 batch=800/842 train_loss=1.0062 it/s=4.56 eta=0.2m
2026-02-14 00:39:51,544 - INFO - epoch=15 train_loss=1.005774 val_loss=0.946036 best=0.946664@14
2026-02-14 00:40:35,540 - INFO - epoch=16 batch=200/842 train_loss=1.0029 it/s=4.55 eta=2.4m
2026-02-14 00:41:19,458 - INFO - epoch=16 batch=400/842 train_loss=1.0034 it/s=4.55 eta=1.6m
2026-02-14 00:42:03,273 - INFO - epoch=16 batch=600/842 train_loss=1.0043 it/s=4.56 eta=0.9m
2026-02-14 00:42:47,092 - INFO - epoch=16 batch=800/842 train_loss=1.0046 it/s=4.56 eta=0.2m
2026-02-14 00:43:11,859 - INFO - epoch=16 train_loss=1.004641 val_loss=0.945624 best=0.946036@15
2026-02-14 00:43:55,988 - INFO - epoch=17 batch=200/842 train_loss=1.0004 it/s=4.54 eta=2.4m
2026-02-14 00:44:39,788 - INFO - epoch=17 batch=400/842 train_loss=1.0023 it/s=4.55 eta=1.6m
2026-02-14 00:45:23,655 - INFO - epoch=17 batch=600/842 train_loss=1.0040 it/s=4.55 eta=0.9m
2026-02-14 00:46:07,580 - INFO - epoch=17 batch=800/842 train_loss=1.0041 it/s=4.55 eta=0.2m
2026-02-14 00:46:32,411 - INFO - epoch=17 train_loss=1.004262 val_loss=0.944591 best=0.945624@16
2026-02-14 00:47:16,539 - INFO - epoch=18 batch=200/842 train_loss=0.9997 it/s=4.54 eta=2.4m
2026-02-14 00:48:00,419 - INFO - epoch=18 batch=400/842 train_loss=1.0028 it/s=4.55 eta=1.6m
2026-02-14 00:48:44,357 - INFO - epoch=18 batch=600/842 train_loss=1.0028 it/s=4.55 eta=0.9m
2026-02-14 00:49:28,401 - INFO - epoch=18 batch=800/842 train_loss=1.0033 it/s=4.55 eta=0.2m
2026-02-14 00:49:53,241 - INFO - epoch=18 train_loss=1.003360 val_loss=0.944558 best=0.944591@17
2026-02-14 00:50:37,339 - INFO - epoch=19 batch=200/842 train_loss=1.0027 it/s=4.54 eta=2.4m
2026-02-14 00:51:21,145 - INFO - epoch=19 batch=400/842 train_loss=1.0045 it/s=4.55 eta=1.6m
2026-02-14 00:52:05,004 - INFO - epoch=19 batch=600/842 train_loss=1.0035 it/s=4.55 eta=0.9m
2026-02-14 00:52:48,644 - INFO - epoch=19 batch=800/842 train_loss=1.0023 it/s=4.56 eta=0.2m
2026-02-14 00:53:13,413 - INFO - epoch=19 train_loss=1.002875 val_loss=0.944833 best=0.944558@18
2026-02-14 00:53:57,211 - INFO - epoch=20 batch=200/842 train_loss=1.0059 it/s=4.57 eta=2.3m
2026-02-14 00:54:41,076 - INFO - epoch=20 batch=400/842 train_loss=1.0047 it/s=4.56 eta=1.6m
2026-02-14 00:55:24,852 - INFO - epoch=20 batch=600/842 train_loss=1.0020 it/s=4.57 eta=0.9m
2026-02-14 00:56:08,641 - INFO - epoch=20 batch=800/842 train_loss=1.0016 it/s=4.57 eta=0.2m
2026-02-14 00:56:33,372 - INFO - epoch=20 train_loss=1.001732 val_loss=0.943593 best=0.944558@18
2026-02-14 00:57:17,459 - INFO - epoch=21 batch=200/842 train_loss=1.0060 it/s=4.54 eta=2.4m
2026-02-14 00:58:01,249 - INFO - epoch=21 batch=400/842 train_loss=1.0014 it/s=4.55 eta=1.6m
2026-02-14 00:58:46,039 - INFO - epoch=21 batch=600/842 train_loss=1.0023 it/s=4.52 eta=0.9m
2026-02-14 00:59:30,064 - INFO - epoch=21 batch=800/842 train_loss=1.0029 it/s=4.53 eta=0.2m
2026-02-14 00:59:54,860 - INFO - epoch=21 train_loss=1.002551 val_loss=0.942015 best=0.943593@20
2026-02-14 01:00:38,858 - INFO - epoch=22 batch=200/842 train_loss=1.0000 it/s=4.55 eta=2.4m
2026-02-14 01:01:22,825 - INFO - epoch=22 batch=400/842 train_loss=1.0027 it/s=4.55 eta=1.6m
2026-02-14 01:02:06,653 - INFO - epoch=22 batch=600/842 train_loss=1.0028 it/s=4.55 eta=0.9m
2026-02-14 01:02:50,561 - INFO - epoch=22 batch=800/842 train_loss=1.0022 it/s=4.55 eta=0.2m
2026-02-14 01:03:15,450 - INFO - epoch=22 train_loss=1.002049 val_loss=0.942182 best=0.942015@21
2026-02-14 01:03:59,575 - INFO - epoch=23 batch=200/842 train_loss=1.0006 it/s=4.53 eta=2.4m
2026-02-14 01:04:43,548 - INFO - epoch=23 batch=400/842 train_loss=1.0011 it/s=4.54 eta=1.6m
2026-02-14 01:05:27,470 - INFO - epoch=23 batch=600/842 train_loss=1.0014 it/s=4.55 eta=0.9m
2026-02-14 01:06:11,387 - INFO - epoch=23 batch=800/842 train_loss=1.0011 it/s=4.55 eta=0.2m
2026-02-14 01:06:36,209 - INFO - epoch=23 train_loss=1.001196 val_loss=0.941858 best=0.942015@21
2026-02-14 01:07:20,249 - INFO - epoch=24 batch=200/842 train_loss=1.0021 it/s=4.54 eta=2.4m
2026-02-14 01:08:03,928 - INFO - epoch=24 batch=400/842 train_loss=1.0011 it/s=4.56 eta=1.6m
2026-02-14 01:08:47,643 - INFO - epoch=24 batch=600/842 train_loss=1.0016 it/s=4.57 eta=0.9m
2026-02-14 01:09:31,449 - INFO - epoch=24 batch=800/842 train_loss=1.0011 it/s=4.57 eta=0.2m
2026-02-14 01:09:56,222 - INFO - epoch=24 train_loss=1.001092 val_loss=0.940839 best=0.941858@23
2026-02-14 01:10:40,313 - INFO - epoch=25 batch=200/842 train_loss=0.9998 it/s=4.54 eta=2.4m
2026-02-14 01:11:24,217 - INFO - epoch=25 batch=400/842 train_loss=0.9999 it/s=4.55 eta=1.6m
2026-02-14 01:12:08,161 - INFO - epoch=25 batch=600/842 train_loss=0.9999 it/s=4.55 eta=0.9m
2026-02-14 01:12:51,968 - INFO - epoch=25 batch=800/842 train_loss=1.0002 it/s=4.55 eta=0.2m
2026-02-14 01:13:16,792 - INFO - epoch=25 train_loss=1.000219 val_loss=0.940193 best=0.940839@24
2026-02-14 01:14:00,767 - INFO - epoch=26 batch=200/842 train_loss=0.9988 it/s=4.55 eta=2.4m
2026-02-14 01:14:44,477 - INFO - epoch=26 batch=400/842 train_loss=0.9999 it/s=4.56 eta=1.6m
2026-02-14 01:15:28,197 - INFO - epoch=26 batch=600/842 train_loss=1.0001 it/s=4.57 eta=0.9m
2026-02-14 01:16:12,236 - INFO - epoch=26 batch=800/842 train_loss=0.9990 it/s=4.56 eta=0.2m
2026-02-14 01:16:37,064 - INFO - epoch=26 train_loss=0.998669 val_loss=0.939246 best=0.940193@25
2026-02-14 01:17:21,234 - INFO - epoch=27 batch=200/842 train_loss=0.9990 it/s=4.53 eta=2.4m
2026-02-14 01:18:04,972 - INFO - epoch=27 batch=400/842 train_loss=0.9986 it/s=4.55 eta=1.6m
2026-02-14 01:18:48,817 - INFO - epoch=27 batch=600/842 train_loss=0.9990 it/s=4.56 eta=0.9m
2026-02-14 01:19:32,849 - INFO - epoch=27 batch=800/842 train_loss=0.9992 it/s=4.55 eta=0.2m
2026-02-14 01:19:57,691 - INFO - epoch=27 train_loss=0.999231 val_loss=0.938963 best=0.939246@26
2026-02-14 01:20:41,782 - INFO - epoch=28 batch=200/842 train_loss=0.9995 it/s=4.54 eta=2.4m
2026-02-14 01:21:25,668 - INFO - epoch=28 batch=400/842 train_loss=0.9971 it/s=4.55 eta=1.6m
2026-02-14 01:22:09,615 - INFO - epoch=28 batch=600/842 train_loss=0.9974 it/s=4.55 eta=0.9m
2026-02-14 01:22:53,429 - INFO - epoch=28 batch=800/842 train_loss=0.9982 it/s=4.55 eta=0.2m
2026-02-14 01:23:18,269 - INFO - epoch=28 train_loss=0.998424 val_loss=0.938376 best=0.938963@27
2026-02-14 01:24:02,299 - INFO - epoch=29 batch=200/842 train_loss=1.0005 it/s=4.55 eta=2.4m
2026-02-14 01:24:46,106 - INFO - epoch=29 batch=400/842 train_loss=0.9979 it/s=4.56 eta=1.6m
2026-02-14 01:25:30,026 - INFO - epoch=29 batch=600/842 train_loss=0.9976 it/s=4.55 eta=0.9m
2026-02-14 01:26:13,741 - INFO - epoch=29 batch=800/842 train_loss=0.9971 it/s=4.56 eta=0.2m
2026-02-14 01:26:38,581 - INFO - epoch=29 train_loss=0.997620 val_loss=0.938447 best=0.938376@28
2026-02-14 01:27:22,631 - INFO - epoch=30 batch=200/842 train_loss=0.9958 it/s=4.54 eta=2.4m
2026-02-14 01:28:06,512 - INFO - epoch=30 batch=400/842 train_loss=0.9971 it/s=4.55 eta=1.6m
2026-02-14 01:28:50,393 - INFO - epoch=30 batch=600/842 train_loss=0.9968 it/s=4.55 eta=0.9m
2026-02-14 01:29:34,235 - INFO - epoch=30 batch=800/842 train_loss=0.9961 it/s=4.55 eta=0.2m
2026-02-14 01:29:59,046 - INFO - epoch=30 train_loss=0.996685 val_loss=0.937962 best=0.938376@28
2026-02-14 01:30:43,787 - INFO - epoch=31 batch=200/842 train_loss=0.9990 it/s=4.47 eta=2.4m
2026-02-14 01:31:27,680 - INFO - epoch=31 batch=400/842 train_loss=0.9988 it/s=4.51 eta=1.6m
2026-02-14 01:32:11,792 - INFO - epoch=31 batch=600/842 train_loss=0.9975 it/s=4.52 eta=0.9m
2026-02-14 01:32:55,710 - INFO - epoch=31 batch=800/842 train_loss=0.9963 it/s=4.53 eta=0.2m
2026-02-14 01:33:20,407 - INFO - epoch=31 train_loss=0.996040 val_loss=0.937461 best=0.937962@30
2026-02-14 01:34:04,498 - INFO - epoch=32 batch=200/842 train_loss=0.9953 it/s=4.54 eta=2.4m
2026-02-14 01:34:48,250 - INFO - epoch=32 batch=400/842 train_loss=0.9942 it/s=4.56 eta=1.6m
2026-02-14 01:35:32,217 - INFO - epoch=32 batch=600/842 train_loss=0.9943 it/s=4.55 eta=0.9m
2026-02-14 01:36:16,171 - INFO - epoch=32 batch=800/842 train_loss=0.9952 it/s=4.55 eta=0.2m
2026-02-14 01:36:40,983 - INFO - epoch=32 train_loss=0.995755 val_loss=0.937045 best=0.937461@31
2026-02-14 01:37:25,169 - INFO - epoch=33 batch=200/842 train_loss=0.9913 it/s=4.53 eta=2.4m
2026-02-14 01:38:08,922 - INFO - epoch=33 batch=400/842 train_loss=0.9960 it/s=4.55 eta=1.6m
2026-02-14 01:38:52,812 - INFO - epoch=33 batch=600/842 train_loss=0.9945 it/s=4.55 eta=0.9m
2026-02-14 01:39:36,479 - INFO - epoch=33 batch=800/842 train_loss=0.9951 it/s=4.56 eta=0.2m
2026-02-14 01:40:01,168 - INFO - epoch=33 train_loss=0.995501 val_loss=0.936278 best=0.937045@32
2026-02-14 01:40:45,236 - INFO - epoch=34 batch=200/842 train_loss=0.9943 it/s=4.54 eta=2.4m
2026-02-14 01:41:29,076 - INFO - epoch=34 batch=400/842 train_loss=0.9943 it/s=4.55 eta=1.6m
2026-02-14 01:42:12,894 - INFO - epoch=34 batch=600/842 train_loss=0.9955 it/s=4.56 eta=0.9m
2026-02-14 01:42:56,812 - INFO - epoch=34 batch=800/842 train_loss=0.9944 it/s=4.56 eta=0.2m
2026-02-14 01:43:21,602 - INFO - epoch=34 train_loss=0.994405 val_loss=0.935511 best=0.936278@33
2026-02-14 01:44:05,587 - INFO - epoch=35 batch=200/842 train_loss=0.9948 it/s=4.55 eta=2.4m
2026-02-14 01:44:49,490 - INFO - epoch=35 batch=400/842 train_loss=0.9925 it/s=4.55 eta=1.6m
2026-02-14 01:45:33,354 - INFO - epoch=35 batch=600/842 train_loss=0.9947 it/s=4.56 eta=0.9m
2026-02-14 01:46:17,385 - INFO - epoch=35 batch=800/842 train_loss=0.9946 it/s=4.55 eta=0.2m
2026-02-14 01:46:42,295 - INFO - epoch=35 train_loss=0.994520 val_loss=0.935742 best=0.935511@34
2026-02-14 01:47:26,389 - INFO - epoch=36 batch=200/842 train_loss=0.9937 it/s=4.54 eta=2.4m
2026-02-14 01:48:10,261 - INFO - epoch=36 batch=400/842 train_loss=0.9929 it/s=4.55 eta=1.6m
2026-02-14 01:48:54,114 - INFO - epoch=36 batch=600/842 train_loss=0.9930 it/s=4.55 eta=0.9m
2026-02-14 01:49:37,954 - INFO - epoch=36 batch=800/842 train_loss=0.9933 it/s=4.55 eta=0.2m
2026-02-14 01:50:02,780 - INFO - epoch=36 train_loss=0.993449 val_loss=0.935019 best=0.935511@34
2026-02-14 01:50:46,660 - INFO - epoch=37 batch=200/842 train_loss=0.9901 it/s=4.56 eta=2.3m
2026-02-14 01:51:30,578 - INFO - epoch=37 batch=400/842 train_loss=0.9915 it/s=4.56 eta=1.6m
2026-02-14 01:52:14,407 - INFO - epoch=37 batch=600/842 train_loss=0.9910 it/s=4.56 eta=0.9m
2026-02-14 01:52:58,319 - INFO - epoch=37 batch=800/842 train_loss=0.9922 it/s=4.56 eta=0.2m
2026-02-14 01:53:23,070 - INFO - epoch=37 train_loss=0.993042 val_loss=0.933979 best=0.935019@36
2026-02-14 01:54:07,278 - INFO - epoch=38 batch=200/842 train_loss=0.9917 it/s=4.53 eta=2.4m
2026-02-14 01:54:51,242 - INFO - epoch=38 batch=400/842 train_loss=0.9931 it/s=4.54 eta=1.6m
2026-02-14 01:55:34,925 - INFO - epoch=38 batch=600/842 train_loss=0.9940 it/s=4.55 eta=0.9m
2026-02-14 01:56:18,779 - INFO - epoch=38 batch=800/842 train_loss=0.9928 it/s=4.55 eta=0.2m
2026-02-14 01:56:43,648 - INFO - epoch=38 train_loss=0.992834 val_loss=0.934295 best=0.933979@37
2026-02-14 01:57:27,764 - INFO - epoch=39 batch=200/842 train_loss=0.9958 it/s=4.54 eta=2.4m
2026-02-14 01:58:11,750 - INFO - epoch=39 batch=400/842 train_loss=0.9941 it/s=4.54 eta=1.6m
2026-02-14 01:58:55,739 - INFO - epoch=39 batch=600/842 train_loss=0.9932 it/s=4.54 eta=0.9m
2026-02-14 01:59:39,713 - INFO - epoch=39 batch=800/842 train_loss=0.9922 it/s=4.54 eta=0.2m
2026-02-14 02:00:04,423 - INFO - epoch=39 train_loss=0.991983 val_loss=0.933556 best=0.933979@37
2026-02-14 02:00:48,548 - INFO - epoch=40 batch=200/842 train_loss=0.9904 it/s=4.54 eta=2.4m
2026-02-14 02:01:32,150 - INFO - epoch=40 batch=400/842 train_loss=0.9895 it/s=4.56 eta=1.6m
2026-02-14 02:02:16,110 - INFO - epoch=40 batch=600/842 train_loss=0.9904 it/s=4.56 eta=0.9m
2026-02-14 02:03:00,809 - INFO - epoch=40 batch=800/842 train_loss=0.9911 it/s=4.54 eta=0.2m
2026-02-14 02:03:25,666 - INFO - epoch=40 train_loss=0.991106 val_loss=0.933487 best=0.933556@39
2026-02-14 02:04:09,786 - INFO - epoch=41 batch=200/842 train_loss=0.9878 it/s=4.54 eta=2.4m
2026-02-14 02:04:53,629 - INFO - epoch=41 batch=400/842 train_loss=0.9897 it/s=4.55 eta=1.6m
2026-02-14 02:05:37,491 - INFO - epoch=41 batch=600/842 train_loss=0.9887 it/s=4.55 eta=0.9m
2026-02-14 02:06:21,551 - INFO - epoch=41 batch=800/842 train_loss=0.9907 it/s=4.55 eta=0.2m
2026-02-14 02:06:46,380 - INFO - epoch=41 train_loss=0.990836 val_loss=0.932887 best=0.933487@40
2026-02-14 02:07:30,508 - INFO - epoch=42 batch=200/842 train_loss=0.9854 it/s=4.54 eta=2.4m
2026-02-14 02:08:14,358 - INFO - epoch=42 batch=400/842 train_loss=0.9904 it/s=4.55 eta=1.6m
2026-02-14 02:08:58,160 - INFO - epoch=42 batch=600/842 train_loss=0.9921 it/s=4.55 eta=0.9m
2026-02-14 02:09:42,063 - INFO - epoch=42 batch=800/842 train_loss=0.9909 it/s=4.55 eta=0.2m
2026-02-14 02:10:06,794 - INFO - epoch=42 train_loss=0.990578 val_loss=0.932245 best=0.932887@41
2026-02-14 02:10:50,721 - INFO - epoch=43 batch=200/842 train_loss=0.9897 it/s=4.56 eta=2.3m
2026-02-14 02:11:34,503 - INFO - epoch=43 batch=400/842 train_loss=0.9884 it/s=4.56 eta=1.6m
2026-02-14 02:12:18,291 - INFO - epoch=43 batch=600/842 train_loss=0.9884 it/s=4.56 eta=0.9m
2026-02-14 02:13:02,113 - INFO - epoch=43 batch=800/842 train_loss=0.9902 it/s=4.56 eta=0.2m
2026-02-14 02:13:26,968 - INFO - epoch=43 train_loss=0.989951 val_loss=0.931451 best=0.932245@42
2026-02-14 02:14:11,089 - INFO - epoch=44 batch=200/842 train_loss=0.9918 it/s=4.54 eta=2.4m
2026-02-14 02:14:54,985 - INFO - epoch=44 batch=400/842 train_loss=0.9898 it/s=4.55 eta=1.6m
2026-02-14 02:15:38,789 - INFO - epoch=44 batch=600/842 train_loss=0.9892 it/s=4.55 eta=0.9m
2026-02-14 02:16:22,665 - INFO - epoch=44 batch=800/842 train_loss=0.9891 it/s=4.55 eta=0.2m
2026-02-14 02:16:47,507 - INFO - epoch=44 train_loss=0.989189 val_loss=0.931597 best=0.931451@43
2026-02-14 02:17:31,591 - INFO - epoch=45 batch=200/842 train_loss=0.9868 it/s=4.54 eta=2.4m
2026-02-14 02:18:15,361 - INFO - epoch=45 batch=400/842 train_loss=0.9883 it/s=4.55 eta=1.6m
2026-02-14 02:18:59,244 - INFO - epoch=45 batch=600/842 train_loss=0.9885 it/s=4.56 eta=0.9m
2026-02-14 02:19:43,227 - INFO - epoch=45 batch=800/842 train_loss=0.9892 it/s=4.55 eta=0.2m
2026-02-14 02:20:08,098 - INFO - epoch=45 train_loss=0.988940 val_loss=0.930350 best=0.931451@43
2026-02-14 02:20:52,132 - INFO - epoch=46 batch=200/842 train_loss=0.9860 it/s=4.54 eta=2.4m
2026-02-14 02:21:36,010 - INFO - epoch=46 batch=400/842 train_loss=0.9868 it/s=4.55 eta=1.6m
2026-02-14 02:22:19,939 - INFO - epoch=46 batch=600/842 train_loss=0.9875 it/s=4.55 eta=0.9m
2026-02-14 02:23:03,903 - INFO - epoch=46 batch=800/842 train_loss=0.9886 it/s=4.55 eta=0.2m
2026-02-14 02:23:28,708 - INFO - epoch=46 train_loss=0.988505 val_loss=0.931293 best=0.930350@45
2026-02-14 02:24:12,750 - INFO - epoch=47 batch=200/842 train_loss=0.9922 it/s=4.54 eta=2.4m
2026-02-14 02:24:56,476 - INFO - epoch=47 batch=400/842 train_loss=0.9895 it/s=4.56 eta=1.6m
2026-02-14 02:25:40,327 - INFO - epoch=47 batch=600/842 train_loss=0.9875 it/s=4.56 eta=0.9m
2026-02-14 02:26:24,210 - INFO - epoch=47 batch=800/842 train_loss=0.9877 it/s=4.56 eta=0.2m
2026-02-14 02:26:48,871 - INFO - epoch=47 train_loss=0.988251 val_loss=0.930171 best=0.930350@45
2026-02-14 02:27:32,969 - INFO - epoch=48 batch=200/842 train_loss=0.9867 it/s=4.54 eta=2.4m
2026-02-14 02:28:16,944 - INFO - epoch=48 batch=400/842 train_loss=0.9879 it/s=4.54 eta=1.6m
2026-02-14 02:29:00,954 - INFO - epoch=48 batch=600/842 train_loss=0.9866 it/s=4.54 eta=0.9m
2026-02-14 02:29:44,793 - INFO - epoch=48 batch=800/842 train_loss=0.9877 it/s=4.55 eta=0.2m
2026-02-14 02:30:09,633 - INFO - epoch=48 train_loss=0.987836 val_loss=0.930150 best=0.930171@47
2026-02-14 02:30:53,626 - INFO - epoch=49 batch=200/842 train_loss=0.9861 it/s=4.55 eta=2.4m
2026-02-14 02:31:37,576 - INFO - epoch=49 batch=400/842 train_loss=0.9878 it/s=4.55 eta=1.6m
2026-02-14 02:32:21,656 - INFO - epoch=49 batch=600/842 train_loss=0.9877 it/s=4.55 eta=0.9m
2026-02-14 02:33:05,566 - INFO - epoch=49 batch=800/842 train_loss=0.9870 it/s=4.55 eta=0.2m
2026-02-14 02:33:31,061 - INFO - epoch=49 train_loss=0.987082 val_loss=0.929187 best=0.930150@48
2026-02-14 02:34:15,352 - INFO - epoch=50 batch=200/842 train_loss=0.9838 it/s=4.52 eta=2.4m
2026-02-14 02:34:59,177 - INFO - epoch=50 batch=400/842 train_loss=0.9854 it/s=4.54 eta=1.6m
2026-02-14 02:35:43,078 - INFO - epoch=50 batch=600/842 train_loss=0.9853 it/s=4.55 eta=0.9m
2026-02-14 02:36:27,070 - INFO - epoch=50 batch=800/842 train_loss=0.9859 it/s=4.55 eta=0.2m
2026-02-14 02:36:51,946 - INFO - epoch=50 train_loss=0.986438 val_loss=0.928883 best=0.929187@49
2026-02-14 02:37:36,189 - INFO - epoch=51 batch=200/842 train_loss=0.9859 it/s=4.52 eta=2.4m
2026-02-14 02:38:20,031 - INFO - epoch=51 batch=400/842 train_loss=0.9844 it/s=4.54 eta=1.6m
2026-02-14 02:39:03,956 - INFO - epoch=51 batch=600/842 train_loss=0.9858 it/s=4.55 eta=0.9m
2026-02-14 02:39:47,802 - INFO - epoch=51 batch=800/842 train_loss=0.9865 it/s=4.55 eta=0.2m
2026-02-14 02:40:12,490 - INFO - epoch=51 train_loss=0.986461 val_loss=0.928977 best=0.928883@50
2026-02-14 02:40:56,453 - INFO - epoch=52 batch=200/842 train_loss=0.9874 it/s=4.55 eta=2.4m
2026-02-14 02:41:40,280 - INFO - epoch=52 batch=400/842 train_loss=0.9862 it/s=4.56 eta=1.6m
2026-02-14 02:42:24,080 - INFO - epoch=52 batch=600/842 train_loss=0.9870 it/s=4.56 eta=0.9m
2026-02-14 02:43:07,822 - INFO - epoch=52 batch=800/842 train_loss=0.9857 it/s=4.56 eta=0.2m
2026-02-14 02:43:32,682 - INFO - epoch=52 train_loss=0.985487 val_loss=0.928796 best=0.928883@50
2026-02-14 02:44:16,679 - INFO - epoch=53 batch=200/842 train_loss=0.9834 it/s=4.55 eta=2.4m
2026-02-14 02:45:00,445 - INFO - epoch=53 batch=400/842 train_loss=0.9862 it/s=4.56 eta=1.6m
2026-02-14 02:45:44,280 - INFO - epoch=53 batch=600/842 train_loss=0.9848 it/s=4.56 eta=0.9m
2026-02-14 02:46:28,027 - INFO - epoch=53 batch=800/842 train_loss=0.9856 it/s=4.56 eta=0.2m
2026-02-14 02:46:52,862 - INFO - epoch=53 train_loss=0.985230 val_loss=0.927359 best=0.928796@52
2026-02-14 02:47:36,953 - INFO - epoch=54 batch=200/842 train_loss=0.9856 it/s=4.54 eta=2.4m
2026-02-14 02:48:20,874 - INFO - epoch=54 batch=400/842 train_loss=0.9865 it/s=4.55 eta=1.6m
2026-02-14 02:49:04,767 - INFO - epoch=54 batch=600/842 train_loss=0.9866 it/s=4.55 eta=0.9m
2026-02-14 02:49:48,618 - INFO - epoch=54 batch=800/842 train_loss=0.9850 it/s=4.55 eta=0.2m
2026-02-14 02:50:13,284 - INFO - epoch=54 train_loss=0.984794 val_loss=0.927282 best=0.927359@53
2026-02-14 02:50:57,283 - INFO - epoch=55 batch=200/842 train_loss=0.9800 it/s=4.55 eta=2.4m
2026-02-14 02:51:41,136 - INFO - epoch=55 batch=400/842 train_loss=0.9821 it/s=4.55 eta=1.6m
2026-02-14 02:52:25,099 - INFO - epoch=55 batch=600/842 train_loss=0.9822 it/s=4.55 eta=0.9m
2026-02-14 02:53:08,850 - INFO - epoch=55 batch=800/842 train_loss=0.9840 it/s=4.56 eta=0.2m
2026-02-14 02:53:33,659 - INFO - epoch=55 train_loss=0.984168 val_loss=0.927745 best=0.927282@54
2026-02-14 02:54:17,518 - INFO - epoch=56 batch=200/842 train_loss=0.9835 it/s=4.56 eta=2.3m
2026-02-14 02:55:01,258 - INFO - epoch=56 batch=400/842 train_loss=0.9837 it/s=4.57 eta=1.6m
2026-02-14 02:55:45,231 - INFO - epoch=56 batch=600/842 train_loss=0.9846 it/s=4.56 eta=0.9m
2026-02-14 02:56:28,867 - INFO - epoch=56 batch=800/842 train_loss=0.9843 it/s=4.57 eta=0.2m
2026-02-14 02:56:53,619 - INFO - epoch=56 train_loss=0.984260 val_loss=0.927015 best=0.927282@54
2026-02-14 02:57:37,775 - INFO - epoch=57 batch=200/842 train_loss=0.9844 it/s=4.53 eta=2.4m
2026-02-14 02:58:21,602 - INFO - epoch=57 batch=400/842 train_loss=0.9845 it/s=4.55 eta=1.6m
2026-02-14 02:59:05,537 - INFO - epoch=57 batch=600/842 train_loss=0.9836 it/s=4.55 eta=0.9m
2026-02-14 02:59:49,405 - INFO - epoch=57 batch=800/842 train_loss=0.9834 it/s=4.55 eta=0.2m
2026-02-14 03:00:14,211 - INFO - epoch=57 train_loss=0.983359 val_loss=0.925838 best=0.927015@56
2026-02-14 03:00:58,447 - INFO - epoch=58 batch=200/842 train_loss=0.9888 it/s=4.52 eta=2.4m
2026-02-14 03:01:42,354 - INFO - epoch=58 batch=400/842 train_loss=0.9842 it/s=4.54 eta=1.6m
2026-02-14 03:02:26,280 - INFO - epoch=58 batch=600/842 train_loss=0.9832 it/s=4.54 eta=0.9m
2026-02-14 03:03:10,125 - INFO - epoch=58 batch=800/842 train_loss=0.9833 it/s=4.55 eta=0.2m
2026-02-14 03:03:34,924 - INFO - epoch=58 train_loss=0.983200 val_loss=0.925977 best=0.925838@57
2026-02-14 03:04:19,089 - INFO - epoch=59 batch=200/842 train_loss=0.9819 it/s=4.53 eta=2.4m
2026-02-14 03:05:02,836 - INFO - epoch=59 batch=400/842 train_loss=0.9825 it/s=4.55 eta=1.6m
2026-02-14 03:05:47,796 - INFO - epoch=59 batch=600/842 train_loss=0.9815 it/s=4.52 eta=0.9m
2026-02-14 03:06:31,822 - INFO - epoch=59 batch=800/842 train_loss=0.9824 it/s=4.52 eta=0.2m
2026-02-14 03:06:56,629 - INFO - epoch=59 train_loss=0.982540 val_loss=0.925174 best=0.925838@57
2026-02-14 03:07:40,496 - INFO - epoch=60 batch=200/842 train_loss=0.9810 it/s=4.56 eta=2.3m
2026-02-14 03:08:24,422 - INFO - epoch=60 batch=400/842 train_loss=0.9815 it/s=4.56 eta=1.6m
2026-02-14 03:09:08,245 - INFO - epoch=60 batch=600/842 train_loss=0.9815 it/s=4.56 eta=0.9m
2026-02-14 03:09:52,187 - INFO - epoch=60 batch=800/842 train_loss=0.9823 it/s=4.56 eta=0.2m
2026-02-14 03:10:17,025 - INFO - epoch=60 train_loss=0.982011 val_loss=0.925483 best=0.925174@59
2026-02-14 03:10:17,040 - INFO - saved: _sync/wsa/pi_verify/20260214_porto_p1_stepemb_cont_e100_s0/report.json
