/home/jinlin/miniconda3/envs/dpl/lib/python3.11/site-packages/torch/nn/modules/transformer.py:392: UserWarning: enable_nested_tensor is True, but self.use_nested_tensor is False because encoder_layer.norm_first was True
  warnings.warn(
[city0] start n_routes=5000 K=1
[city0] done=100/5000 sample_sr=0.4100
[city0] done=200/5000 sample_sr=0.4500
[city0] done=300/5000 sample_sr=0.4300
[city0] done=400/5000 sample_sr=0.4350
[city0] done=500/5000 sample_sr=0.4500
[city0] done=600/5000 sample_sr=0.4483
[city0] done=700/5000 sample_sr=0.4443
[city0] done=800/5000 sample_sr=0.4412
[city0] done=900/5000 sample_sr=0.4422
[city0] done=1000/5000 sample_sr=0.4300
[city0] done=1100/5000 sample_sr=0.4309
[city0] done=1200/5000 sample_sr=0.4342
[city0] done=1300/5000 sample_sr=0.4315
[city0] done=1400/5000 sample_sr=0.4293
[city0] done=1500/5000 sample_sr=0.4267
[city0] done=1600/5000 sample_sr=0.4288
[city0] done=1700/5000 sample_sr=0.4300
[city0] done=1800/5000 sample_sr=0.4289
[city0] done=1900/5000 sample_sr=0.4284
[city0] done=2000/5000 sample_sr=0.4280
[city0] done=2100/5000 sample_sr=0.4281
[city0] done=2200/5000 sample_sr=0.4277
[city0] done=2300/5000 sample_sr=0.4287
[city0] done=2400/5000 sample_sr=0.4308
[city0] done=2500/5000 sample_sr=0.4296
[city0] done=2600/5000 sample_sr=0.4308
[city0] done=2700/5000 sample_sr=0.4304
[city0] done=2800/5000 sample_sr=0.4321
[city0] done=2900/5000 sample_sr=0.4317
[city0] done=3000/5000 sample_sr=0.4337
[city0] done=3100/5000 sample_sr=0.4358
[city0] done=3200/5000 sample_sr=0.4331
[city0] done=3300/5000 sample_sr=0.4327
[city0] done=3400/5000 sample_sr=0.4303
[city0] done=3500/5000 sample_sr=0.4317
[city0] done=3600/5000 sample_sr=0.4314
[city0] done=3700/5000 sample_sr=0.4335
[city0] done=3800/5000 sample_sr=0.4332
[city0] done=3900/5000 sample_sr=0.4318
[city0] done=4000/5000 sample_sr=0.4320
[city0] done=4100/5000 sample_sr=0.4334
[city0] done=4200/5000 sample_sr=0.4350
[city0] done=4300/5000 sample_sr=0.4347
[city0] done=4400/5000 sample_sr=0.4345
[city0] done=4500/5000 sample_sr=0.4340
[city0] done=4600/5000 sample_sr=0.4339
[city0] done=4700/5000 sample_sr=0.4332
[city0] done=4800/5000 sample_sr=0.4340
[city0] done=4900/5000 sample_sr=0.4335
[city0] done=5000/5000 sample_sr=0.4318
[OK] saved flat per_route: _sync/wsa/pi_verify/20260222_porto_tf_stepwise_e20_probe_s0/tf_stepwise_k1_cand32_n5000_e20_flat.json
[OK] saved: _sync/wsa/pi_verify/20260222_porto_tf_stepwise_e20_probe_s0/tf_stepwise_k1_cand32_n5000_e20.json
Teacher-Forcing Probe | sample_arrival=0.4318 | route_any_success=0.4318 | coverage_mean=0.0647 | div_mean=nan | n_od=154
