2026-01-27 15:54:54,150 - INFO - device=cuda
2026-01-27 15:54:54,156 - INFO - loaded way_semantic: n_channels=5
2026-01-27 15:54:54,162 - INFO - routes: total=5392 train=4853 val=539 max_way_len=160
/home/jinlin/miniconda3/envs/dpl/lib/python3.11/site-packages/torch/nn/modules/transformer.py:392: UserWarning: enable_nested_tensor is True, but self.use_nested_tensor is False because encoder_layer.norm_first was True
  warnings.warn(
2026-01-27 15:54:55,442 - INFO - init best_val_loss=0.333768 from current weights (epoch=0)
2026-01-27 15:54:59,657 - INFO - epoch=1 train_loss=0.3117 train_acc=0.804 val_loss=0.3260 val_acc=0.789
2026-01-27 15:55:03,407 - INFO - epoch=2 train_loss=0.3090 train_acc=0.806 val_loss=0.3225 val_acc=0.791
2026-01-27 15:55:07,201 - INFO - epoch=3 train_loss=0.3028 train_acc=0.810 val_loss=0.3148 val_acc=0.813
2026-01-27 15:55:10,989 - INFO - epoch=4 train_loss=0.2971 train_acc=0.815 val_loss=0.3105 val_acc=0.805
2026-01-27 15:55:14,772 - INFO - epoch=5 train_loss=0.2942 train_acc=0.817 val_loss=0.3091 val_acc=0.813
2026-01-27 15:55:18,589 - INFO - epoch=6 train_loss=0.2908 train_acc=0.822 val_loss=0.3048 val_acc=0.816
2026-01-27 15:55:22,405 - INFO - epoch=7 train_loss=0.2865 train_acc=0.824 val_loss=0.2997 val_acc=0.818
2026-01-27 15:55:26,203 - INFO - epoch=8 train_loss=0.2835 train_acc=0.829 val_loss=0.2990 val_acc=0.819
2026-01-27 15:55:30,028 - INFO - epoch=9 train_loss=0.2811 train_acc=0.830 val_loss=0.3012 val_acc=0.817
2026-01-27 15:55:33,823 - INFO - epoch=10 train_loss=0.2796 train_acc=0.832 val_loss=0.2965 val_acc=0.822
2026-01-27 15:55:37,660 - INFO - epoch=11 train_loss=0.2769 train_acc=0.834 val_loss=0.2945 val_acc=0.821
2026-01-27 15:55:41,502 - INFO - epoch=12 train_loss=0.2744 train_acc=0.836 val_loss=0.2917 val_acc=0.826
2026-01-27 15:55:45,319 - INFO - epoch=13 train_loss=0.2717 train_acc=0.839 val_loss=0.2880 val_acc=0.830
2026-01-27 15:55:49,151 - INFO - epoch=14 train_loss=0.2695 train_acc=0.842 val_loss=0.2861 val_acc=0.834
2026-01-27 15:55:52,988 - INFO - epoch=15 train_loss=0.2662 train_acc=0.846 val_loss=0.2830 val_acc=0.837
2026-01-27 15:55:56,829 - INFO - epoch=16 train_loss=0.2617 train_acc=0.852 val_loss=0.2768 val_acc=0.847
2026-01-27 15:56:00,680 - INFO - epoch=17 train_loss=0.2565 train_acc=0.858 val_loss=0.2703 val_acc=0.856
2026-01-27 15:56:04,550 - INFO - epoch=18 train_loss=0.2507 train_acc=0.867 val_loss=0.2672 val_acc=0.863
2026-01-27 15:56:08,437 - INFO - epoch=19 train_loss=0.2452 train_acc=0.872 val_loss=0.2612 val_acc=0.868
2026-01-27 15:56:12,294 - INFO - epoch=20 train_loss=0.2396 train_acc=0.879 val_loss=0.2566 val_acc=0.873
2026-01-27 15:56:16,222 - INFO - epoch=21 train_loss=0.2353 train_acc=0.881 val_loss=0.2545 val_acc=0.879
2026-01-27 15:56:20,071 - INFO - epoch=22 train_loss=0.2304 train_acc=0.886 val_loss=0.2491 val_acc=0.881
2026-01-27 15:56:23,919 - INFO - epoch=23 train_loss=0.2251 train_acc=0.890 val_loss=0.2418 val_acc=0.888
2026-01-27 15:56:27,764 - INFO - epoch=24 train_loss=0.2196 train_acc=0.894 val_loss=0.2388 val_acc=0.892
2026-01-27 15:56:31,630 - INFO - epoch=25 train_loss=0.2159 train_acc=0.896 val_loss=0.2383 val_acc=0.889
2026-01-27 15:56:35,467 - INFO - epoch=26 train_loss=0.2115 train_acc=0.900 val_loss=0.2358 val_acc=0.891
2026-01-27 15:56:39,343 - INFO - epoch=27 train_loss=0.2081 train_acc=0.902 val_loss=0.2286 val_acc=0.896
2026-01-27 15:56:43,218 - INFO - epoch=28 train_loss=0.2035 train_acc=0.905 val_loss=0.2268 val_acc=0.896
2026-01-27 15:56:47,092 - INFO - epoch=29 train_loss=0.2003 train_acc=0.906 val_loss=0.2261 val_acc=0.897
2026-01-27 15:56:50,926 - INFO - epoch=30 train_loss=0.1959 train_acc=0.908 val_loss=0.2208 val_acc=0.901
2026-01-27 15:56:54,822 - INFO - epoch=31 train_loss=0.1918 train_acc=0.910 val_loss=0.2154 val_acc=0.902
2026-01-27 15:56:58,677 - INFO - epoch=32 train_loss=0.1879 train_acc=0.913 val_loss=0.2136 val_acc=0.903
2026-01-27 15:57:02,578 - INFO - epoch=33 train_loss=0.1863 train_acc=0.913 val_loss=0.2125 val_acc=0.903
2026-01-27 15:57:06,460 - INFO - epoch=34 train_loss=0.1810 train_acc=0.917 val_loss=0.2098 val_acc=0.906
2026-01-27 15:57:10,351 - INFO - epoch=35 train_loss=0.1788 train_acc=0.918 val_loss=0.2093 val_acc=0.908
2026-01-27 15:57:14,245 - INFO - epoch=36 train_loss=0.1788 train_acc=0.918 val_loss=0.2071 val_acc=0.909
2026-01-27 15:57:18,127 - INFO - epoch=37 train_loss=0.1740 train_acc=0.921 val_loss=0.2045 val_acc=0.909
2026-01-27 15:57:22,047 - INFO - epoch=38 train_loss=0.1721 train_acc=0.922 val_loss=0.2043 val_acc=0.911
2026-01-27 15:57:25,968 - INFO - epoch=39 train_loss=0.1689 train_acc=0.923 val_loss=0.2005 val_acc=0.911
2026-01-27 15:57:29,843 - INFO - epoch=40 train_loss=0.1652 train_acc=0.926 val_loss=0.1976 val_acc=0.914
2026-01-27 15:57:33,784 - INFO - epoch=41 train_loss=0.1626 train_acc=0.926 val_loss=0.2003 val_acc=0.915
2026-01-27 15:57:37,651 - INFO - epoch=42 train_loss=0.1609 train_acc=0.928 val_loss=0.1993 val_acc=0.914
2026-01-27 15:57:41,549 - INFO - epoch=43 train_loss=0.1589 train_acc=0.928 val_loss=0.2001 val_acc=0.917
2026-01-27 15:57:45,432 - INFO - epoch=44 train_loss=0.1549 train_acc=0.931 val_loss=0.1959 val_acc=0.917
2026-01-27 15:57:49,298 - INFO - epoch=45 train_loss=0.1535 train_acc=0.932 val_loss=0.1975 val_acc=0.920
2026-01-27 15:57:53,183 - INFO - epoch=46 train_loss=0.1516 train_acc=0.933 val_loss=0.1959 val_acc=0.918
2026-01-27 15:57:57,089 - INFO - epoch=47 train_loss=0.1504 train_acc=0.933 val_loss=0.1966 val_acc=0.920
2026-01-27 15:58:00,966 - INFO - epoch=48 train_loss=0.1488 train_acc=0.934 val_loss=0.1954 val_acc=0.920
2026-01-27 15:58:04,864 - INFO - epoch=49 train_loss=0.1458 train_acc=0.936 val_loss=0.1960 val_acc=0.919
2026-01-27 15:58:08,755 - INFO - epoch=50 train_loss=0.1424 train_acc=0.937 val_loss=0.2010 val_acc=0.921
2026-01-27 15:58:12,670 - INFO - epoch=51 train_loss=0.1408 train_acc=0.938 val_loss=0.1955 val_acc=0.922
2026-01-27 15:58:16,544 - INFO - epoch=52 train_loss=0.1402 train_acc=0.938 val_loss=0.1943 val_acc=0.922
2026-01-27 15:58:20,409 - INFO - epoch=53 train_loss=0.1378 train_acc=0.940 val_loss=0.1929 val_acc=0.924
2026-01-27 15:58:24,327 - INFO - epoch=54 train_loss=0.1354 train_acc=0.941 val_loss=0.1889 val_acc=0.925
2026-01-27 15:58:28,238 - INFO - epoch=55 train_loss=0.1337 train_acc=0.942 val_loss=0.1909 val_acc=0.925
2026-01-27 15:58:32,091 - INFO - epoch=56 train_loss=0.1322 train_acc=0.942 val_loss=0.1916 val_acc=0.925
2026-01-27 15:58:35,984 - INFO - epoch=57 train_loss=0.1304 train_acc=0.943 val_loss=0.1936 val_acc=0.926
2026-01-27 15:58:39,887 - INFO - epoch=58 train_loss=0.1288 train_acc=0.945 val_loss=0.1923 val_acc=0.928
2026-01-27 15:58:43,764 - INFO - epoch=59 train_loss=0.1254 train_acc=0.945 val_loss=0.1955 val_acc=0.925
2026-01-27 15:58:47,656 - INFO - epoch=60 train_loss=0.1254 train_acc=0.945 val_loss=0.1923 val_acc=0.927
2026-01-27 15:58:51,593 - INFO - epoch=61 train_loss=0.1215 train_acc=0.947 val_loss=0.1937 val_acc=0.927
2026-01-27 15:58:55,519 - INFO - epoch=62 train_loss=0.1220 train_acc=0.948 val_loss=0.1883 val_acc=0.930
2026-01-27 15:58:59,416 - INFO - epoch=63 train_loss=0.1210 train_acc=0.948 val_loss=0.1912 val_acc=0.931
2026-01-27 15:59:03,307 - INFO - epoch=64 train_loss=0.1190 train_acc=0.949 val_loss=0.1933 val_acc=0.929
2026-01-27 15:59:07,219 - INFO - epoch=65 train_loss=0.1179 train_acc=0.949 val_loss=0.1898 val_acc=0.930
2026-01-27 15:59:11,094 - INFO - epoch=66 train_loss=0.1160 train_acc=0.950 val_loss=0.1940 val_acc=0.932
2026-01-27 15:59:14,956 - INFO - epoch=67 train_loss=0.1151 train_acc=0.951 val_loss=0.1924 val_acc=0.931
2026-01-27 15:59:18,832 - INFO - epoch=68 train_loss=0.1144 train_acc=0.951 val_loss=0.1936 val_acc=0.932
2026-01-27 15:59:22,751 - INFO - epoch=69 train_loss=0.1134 train_acc=0.952 val_loss=0.1977 val_acc=0.931
2026-01-27 15:59:26,634 - INFO - epoch=70 train_loss=0.1119 train_acc=0.953 val_loss=0.1871 val_acc=0.933
2026-01-27 15:59:30,543 - INFO - epoch=71 train_loss=0.1087 train_acc=0.954 val_loss=0.1884 val_acc=0.933
2026-01-27 15:59:34,419 - INFO - epoch=72 train_loss=0.1069 train_acc=0.955 val_loss=0.1891 val_acc=0.932
2026-01-27 15:59:38,284 - INFO - epoch=73 train_loss=0.1059 train_acc=0.955 val_loss=0.1952 val_acc=0.934
2026-01-27 15:59:42,141 - INFO - epoch=74 train_loss=0.1057 train_acc=0.956 val_loss=0.1900 val_acc=0.935
2026-01-27 15:59:46,022 - INFO - epoch=75 train_loss=0.1043 train_acc=0.956 val_loss=0.1942 val_acc=0.933
2026-01-27 15:59:49,882 - INFO - epoch=76 train_loss=0.1044 train_acc=0.956 val_loss=0.1908 val_acc=0.933
2026-01-27 15:59:53,714 - INFO - epoch=77 train_loss=0.1040 train_acc=0.956 val_loss=0.1945 val_acc=0.935
2026-01-27 15:59:57,550 - INFO - epoch=78 train_loss=0.1024 train_acc=0.957 val_loss=0.1913 val_acc=0.935
2026-01-27 16:00:01,451 - INFO - epoch=79 train_loss=0.1001 train_acc=0.958 val_loss=0.1891 val_acc=0.935
2026-01-27 16:00:05,322 - INFO - epoch=80 train_loss=0.0992 train_acc=0.959 val_loss=0.1954 val_acc=0.935
2026-01-27 16:00:09,409 - INFO - epoch=81 train_loss=0.0978 train_acc=0.960 val_loss=0.1995 val_acc=0.934
2026-01-27 16:00:13,301 - INFO - epoch=82 train_loss=0.0963 train_acc=0.960 val_loss=0.1951 val_acc=0.935
2026-01-27 16:00:17,168 - INFO - epoch=83 train_loss=0.0964 train_acc=0.960 val_loss=0.1930 val_acc=0.936
2026-01-27 16:00:21,070 - INFO - epoch=84 train_loss=0.0946 train_acc=0.960 val_loss=0.2004 val_acc=0.936
2026-01-27 16:00:24,969 - INFO - epoch=85 train_loss=0.0933 train_acc=0.961 val_loss=0.1930 val_acc=0.937
2026-01-27 16:00:28,834 - INFO - epoch=86 train_loss=0.0922 train_acc=0.962 val_loss=0.1989 val_acc=0.937
2026-01-27 16:00:32,710 - INFO - epoch=87 train_loss=0.0905 train_acc=0.963 val_loss=0.1904 val_acc=0.938
2026-01-27 16:00:36,589 - INFO - epoch=88 train_loss=0.0889 train_acc=0.963 val_loss=0.1940 val_acc=0.938
2026-01-27 16:00:40,456 - INFO - epoch=89 train_loss=0.0885 train_acc=0.963 val_loss=0.2026 val_acc=0.935
2026-01-27 16:00:44,304 - INFO - epoch=90 train_loss=0.0890 train_acc=0.963 val_loss=0.1978 val_acc=0.938
2026-01-27 16:00:48,187 - INFO - epoch=91 train_loss=0.0865 train_acc=0.964 val_loss=0.1977 val_acc=0.939
2026-01-27 16:00:52,060 - INFO - epoch=92 train_loss=0.0847 train_acc=0.966 val_loss=0.1947 val_acc=0.940
2026-01-27 16:00:55,931 - INFO - epoch=93 train_loss=0.0840 train_acc=0.965 val_loss=0.1999 val_acc=0.939
2026-01-27 16:00:59,787 - INFO - epoch=94 train_loss=0.0845 train_acc=0.965 val_loss=0.2005 val_acc=0.939
2026-01-27 16:01:03,646 - INFO - epoch=95 train_loss=0.0843 train_acc=0.966 val_loss=0.2022 val_acc=0.940
2026-01-27 16:01:07,526 - INFO - epoch=96 train_loss=0.0817 train_acc=0.967 val_loss=0.2002 val_acc=0.939
2026-01-27 16:01:11,390 - INFO - epoch=97 train_loss=0.0832 train_acc=0.966 val_loss=0.2006 val_acc=0.940
2026-01-27 16:01:15,275 - INFO - epoch=98 train_loss=0.0842 train_acc=0.965 val_loss=0.2030 val_acc=0.938
2026-01-27 16:01:19,146 - INFO - epoch=99 train_loss=0.0807 train_acc=0.967 val_loss=0.1979 val_acc=0.939
2026-01-27 16:01:23,044 - INFO - epoch=100 train_loss=0.0796 train_acc=0.967 val_loss=0.2011 val_acc=0.940
2026-01-27 16:01:26,980 - INFO - epoch=101 train_loss=0.0790 train_acc=0.968 val_loss=0.2010 val_acc=0.940
2026-01-27 16:01:30,862 - INFO - epoch=102 train_loss=0.0779 train_acc=0.968 val_loss=0.2059 val_acc=0.939
2026-01-27 16:01:34,733 - INFO - epoch=103 train_loss=0.0787 train_acc=0.968 val_loss=0.2093 val_acc=0.940
2026-01-27 16:01:38,593 - INFO - epoch=104 train_loss=0.0777 train_acc=0.968 val_loss=0.2009 val_acc=0.940
2026-01-27 16:01:42,434 - INFO - epoch=105 train_loss=0.0762 train_acc=0.969 val_loss=0.2077 val_acc=0.940
2026-01-27 16:01:46,283 - INFO - epoch=106 train_loss=0.0761 train_acc=0.969 val_loss=0.2080 val_acc=0.940
2026-01-27 16:01:50,138 - INFO - epoch=107 train_loss=0.0753 train_acc=0.969 val_loss=0.2065 val_acc=0.941
2026-01-27 16:01:54,004 - INFO - epoch=108 train_loss=0.0748 train_acc=0.970 val_loss=0.2051 val_acc=0.939
2026-01-27 16:01:57,841 - INFO - epoch=109 train_loss=0.0733 train_acc=0.970 val_loss=0.2053 val_acc=0.941
2026-01-27 16:02:01,691 - INFO - epoch=110 train_loss=0.0718 train_acc=0.971 val_loss=0.2125 val_acc=0.941
2026-01-27 16:02:05,577 - INFO - epoch=111 train_loss=0.0707 train_acc=0.971 val_loss=0.2119 val_acc=0.940
2026-01-27 16:02:09,470 - INFO - epoch=112 train_loss=0.0696 train_acc=0.972 val_loss=0.2105 val_acc=0.942
2026-01-27 16:02:13,366 - INFO - epoch=113 train_loss=0.0723 train_acc=0.971 val_loss=0.2024 val_acc=0.943
2026-01-27 16:02:17,236 - INFO - epoch=114 train_loss=0.0706 train_acc=0.971 val_loss=0.2152 val_acc=0.940
2026-01-27 16:02:21,096 - INFO - epoch=115 train_loss=0.0694 train_acc=0.972 val_loss=0.2106 val_acc=0.941
2026-01-27 16:02:24,946 - INFO - epoch=116 train_loss=0.0694 train_acc=0.972 val_loss=0.2135 val_acc=0.942
2026-01-27 16:02:28,833 - INFO - epoch=117 train_loss=0.0689 train_acc=0.972 val_loss=0.2182 val_acc=0.943
2026-01-27 16:02:32,732 - INFO - epoch=118 train_loss=0.0687 train_acc=0.972 val_loss=0.2113 val_acc=0.942
2026-01-27 16:02:36,577 - INFO - epoch=119 train_loss=0.0682 train_acc=0.972 val_loss=0.2112 val_acc=0.944
2026-01-27 16:02:40,486 - INFO - epoch=120 train_loss=0.0668 train_acc=0.973 val_loss=0.2136 val_acc=0.942
2026-01-27 16:02:44,408 - INFO - epoch=121 train_loss=0.0688 train_acc=0.972 val_loss=0.2129 val_acc=0.941
2026-01-27 16:02:48,309 - INFO - epoch=122 train_loss=0.0683 train_acc=0.972 val_loss=0.2102 val_acc=0.943
2026-01-27 16:02:52,196 - INFO - epoch=123 train_loss=0.0680 train_acc=0.973 val_loss=0.2187 val_acc=0.941
2026-01-27 16:02:56,042 - INFO - epoch=124 train_loss=0.0661 train_acc=0.974 val_loss=0.2113 val_acc=0.943
2026-01-27 16:02:59,915 - INFO - epoch=125 train_loss=0.0652 train_acc=0.974 val_loss=0.2104 val_acc=0.943
2026-01-27 16:03:03,793 - INFO - epoch=126 train_loss=0.0638 train_acc=0.974 val_loss=0.2147 val_acc=0.943
2026-01-27 16:03:07,672 - INFO - epoch=127 train_loss=0.0629 train_acc=0.975 val_loss=0.2167 val_acc=0.944
2026-01-27 16:03:11,546 - INFO - epoch=128 train_loss=0.0621 train_acc=0.975 val_loss=0.2184 val_acc=0.943
2026-01-27 16:03:15,387 - INFO - epoch=129 train_loss=0.0613 train_acc=0.975 val_loss=0.2178 val_acc=0.943
2026-01-27 16:03:19,254 - INFO - epoch=130 train_loss=0.0619 train_acc=0.975 val_loss=0.2176 val_acc=0.944
2026-01-27 16:03:23,090 - INFO - epoch=131 train_loss=0.0596 train_acc=0.976 val_loss=0.2191 val_acc=0.944
2026-01-27 16:03:26,938 - INFO - epoch=132 train_loss=0.0593 train_acc=0.976 val_loss=0.2229 val_acc=0.945
2026-01-27 16:03:30,805 - INFO - epoch=133 train_loss=0.0590 train_acc=0.977 val_loss=0.2262 val_acc=0.943
2026-01-27 16:03:34,651 - INFO - epoch=134 train_loss=0.0592 train_acc=0.976 val_loss=0.2198 val_acc=0.945
2026-01-27 16:03:38,513 - INFO - epoch=135 train_loss=0.0589 train_acc=0.977 val_loss=0.2271 val_acc=0.942
2026-01-27 16:03:42,369 - INFO - epoch=136 train_loss=0.0615 train_acc=0.976 val_loss=0.2276 val_acc=0.942
2026-01-27 16:03:46,231 - INFO - epoch=137 train_loss=0.0598 train_acc=0.976 val_loss=0.2237 val_acc=0.945
2026-01-27 16:03:50,098 - INFO - epoch=138 train_loss=0.0590 train_acc=0.976 val_loss=0.2336 val_acc=0.942
2026-01-27 16:03:53,944 - INFO - epoch=139 train_loss=0.0583 train_acc=0.977 val_loss=0.2270 val_acc=0.945
2026-01-27 16:03:57,842 - INFO - epoch=140 train_loss=0.0570 train_acc=0.977 val_loss=0.2204 val_acc=0.944
2026-01-27 16:04:01,751 - INFO - epoch=141 train_loss=0.0575 train_acc=0.977 val_loss=0.2247 val_acc=0.945
2026-01-27 16:04:05,595 - INFO - epoch=142 train_loss=0.0558 train_acc=0.978 val_loss=0.2202 val_acc=0.946
2026-01-27 16:04:09,479 - INFO - epoch=143 train_loss=0.0548 train_acc=0.979 val_loss=0.2351 val_acc=0.943
2026-01-27 16:04:13,325 - INFO - epoch=144 train_loss=0.0554 train_acc=0.978 val_loss=0.2354 val_acc=0.943
2026-01-27 16:04:17,188 - INFO - epoch=145 train_loss=0.0566 train_acc=0.978 val_loss=0.2260 val_acc=0.945
2026-01-27 16:04:21,042 - INFO - epoch=146 train_loss=0.0551 train_acc=0.978 val_loss=0.2303 val_acc=0.945
2026-01-27 16:04:24,948 - INFO - epoch=147 train_loss=0.0551 train_acc=0.978 val_loss=0.2293 val_acc=0.946
2026-01-27 16:04:28,805 - INFO - epoch=148 train_loss=0.0544 train_acc=0.979 val_loss=0.2346 val_acc=0.945
2026-01-27 16:04:32,674 - INFO - epoch=149 train_loss=0.0535 train_acc=0.979 val_loss=0.2333 val_acc=0.946
2026-01-27 16:04:36,609 - INFO - epoch=150 train_loss=0.0519 train_acc=0.979 val_loss=0.2346 val_acc=0.947
2026-01-27 16:04:40,501 - INFO - epoch=151 train_loss=0.0525 train_acc=0.980 val_loss=0.2353 val_acc=0.946
2026-01-27 16:04:44,345 - INFO - epoch=152 train_loss=0.0509 train_acc=0.980 val_loss=0.2386 val_acc=0.944
2026-01-27 16:04:48,209 - INFO - epoch=153 train_loss=0.0509 train_acc=0.979 val_loss=0.2325 val_acc=0.944
2026-01-27 16:04:52,086 - INFO - epoch=154 train_loss=0.0516 train_acc=0.980 val_loss=0.2368 val_acc=0.947
2026-01-27 16:04:55,958 - INFO - epoch=155 train_loss=0.0500 train_acc=0.980 val_loss=0.2418 val_acc=0.945
2026-01-27 16:04:59,802 - INFO - epoch=156 train_loss=0.0506 train_acc=0.980 val_loss=0.2417 val_acc=0.945
2026-01-27 16:05:03,682 - INFO - epoch=157 train_loss=0.0497 train_acc=0.981 val_loss=0.2476 val_acc=0.945
2026-01-27 16:05:07,548 - INFO - epoch=158 train_loss=0.0485 train_acc=0.981 val_loss=0.2431 val_acc=0.945
2026-01-27 16:05:11,390 - INFO - epoch=159 train_loss=0.0483 train_acc=0.981 val_loss=0.2488 val_acc=0.945
2026-01-27 16:05:15,270 - INFO - epoch=160 train_loss=0.0517 train_acc=0.980 val_loss=0.2554 val_acc=0.945
2026-01-27 16:05:19,197 - INFO - epoch=161 train_loss=0.0509 train_acc=0.980 val_loss=0.2461 val_acc=0.945
2026-01-27 16:05:23,056 - INFO - epoch=162 train_loss=0.0497 train_acc=0.980 val_loss=0.2487 val_acc=0.945
2026-01-27 16:05:26,891 - INFO - epoch=163 train_loss=0.0489 train_acc=0.981 val_loss=0.2429 val_acc=0.945
2026-01-27 16:05:30,755 - INFO - epoch=164 train_loss=0.0476 train_acc=0.981 val_loss=0.2445 val_acc=0.946
2026-01-27 16:05:34,576 - INFO - epoch=165 train_loss=0.0478 train_acc=0.981 val_loss=0.2393 val_acc=0.943
2026-01-27 16:05:38,431 - INFO - epoch=166 train_loss=0.0466 train_acc=0.982 val_loss=0.2455 val_acc=0.944
2026-01-27 16:05:42,312 - INFO - epoch=167 train_loss=0.0456 train_acc=0.982 val_loss=0.2492 val_acc=0.946
2026-01-27 16:05:46,183 - INFO - epoch=168 train_loss=0.0457 train_acc=0.982 val_loss=0.2538 val_acc=0.946
2026-01-27 16:05:50,060 - INFO - epoch=169 train_loss=0.0470 train_acc=0.982 val_loss=0.2522 val_acc=0.946
2026-01-27 16:05:53,966 - INFO - epoch=170 train_loss=0.0455 train_acc=0.982 val_loss=0.2560 val_acc=0.945
2026-01-27 16:05:57,825 - INFO - epoch=171 train_loss=0.0470 train_acc=0.982 val_loss=0.2531 val_acc=0.946
2026-01-27 16:06:01,667 - INFO - epoch=172 train_loss=0.0463 train_acc=0.982 val_loss=0.2556 val_acc=0.948
2026-01-27 16:06:05,524 - INFO - epoch=173 train_loss=0.0458 train_acc=0.982 val_loss=0.2512 val_acc=0.947
2026-01-27 16:06:09,361 - INFO - epoch=174 train_loss=0.0459 train_acc=0.982 val_loss=0.2540 val_acc=0.946
2026-01-27 16:06:13,213 - INFO - epoch=175 train_loss=0.0449 train_acc=0.983 val_loss=0.2544 val_acc=0.945
2026-01-27 16:06:17,116 - INFO - epoch=176 train_loss=0.0458 train_acc=0.983 val_loss=0.2537 val_acc=0.948
2026-01-27 16:06:20,957 - INFO - epoch=177 train_loss=0.0445 train_acc=0.983 val_loss=0.2543 val_acc=0.947
2026-01-27 16:06:24,850 - INFO - epoch=178 train_loss=0.0436 train_acc=0.983 val_loss=0.2534 val_acc=0.948
2026-01-27 16:06:28,682 - INFO - epoch=179 train_loss=0.0438 train_acc=0.983 val_loss=0.2546 val_acc=0.948
2026-01-27 16:06:32,508 - INFO - epoch=180 train_loss=0.0422 train_acc=0.984 val_loss=0.2615 val_acc=0.947
2026-01-27 16:06:36,400 - INFO - epoch=181 train_loss=0.0416 train_acc=0.984 val_loss=0.2564 val_acc=0.947
2026-01-27 16:06:40,212 - INFO - epoch=182 train_loss=0.0410 train_acc=0.984 val_loss=0.2592 val_acc=0.947
2026-01-27 16:06:44,033 - INFO - epoch=183 train_loss=0.0413 train_acc=0.984 val_loss=0.2593 val_acc=0.948
2026-01-27 16:06:47,872 - INFO - epoch=184 train_loss=0.0416 train_acc=0.984 val_loss=0.2697 val_acc=0.945
2026-01-27 16:06:51,708 - INFO - epoch=185 train_loss=0.0422 train_acc=0.984 val_loss=0.2598 val_acc=0.948
2026-01-27 16:06:55,548 - INFO - epoch=186 train_loss=0.0398 train_acc=0.985 val_loss=0.2632 val_acc=0.948
2026-01-27 16:06:59,425 - INFO - epoch=187 train_loss=0.0393 train_acc=0.985 val_loss=0.2701 val_acc=0.948
2026-01-27 16:07:03,304 - INFO - epoch=188 train_loss=0.0394 train_acc=0.985 val_loss=0.2707 val_acc=0.948
2026-01-27 16:07:07,161 - INFO - epoch=189 train_loss=0.0387 train_acc=0.985 val_loss=0.2722 val_acc=0.947
2026-01-27 16:07:10,985 - INFO - epoch=190 train_loss=0.0404 train_acc=0.984 val_loss=0.2704 val_acc=0.948
2026-01-27 16:07:14,860 - INFO - epoch=191 train_loss=0.0404 train_acc=0.984 val_loss=0.2687 val_acc=0.946
2026-01-27 16:07:18,730 - INFO - epoch=192 train_loss=0.0397 train_acc=0.985 val_loss=0.2796 val_acc=0.946
2026-01-27 16:07:22,630 - INFO - epoch=193 train_loss=0.0399 train_acc=0.984 val_loss=0.2750 val_acc=0.948
2026-01-27 16:07:26,515 - INFO - epoch=194 train_loss=0.0380 train_acc=0.985 val_loss=0.2750 val_acc=0.949
2026-01-27 16:07:30,355 - INFO - epoch=195 train_loss=0.0378 train_acc=0.985 val_loss=0.2814 val_acc=0.948
2026-01-27 16:07:34,234 - INFO - epoch=196 train_loss=0.0399 train_acc=0.985 val_loss=0.2764 val_acc=0.948
2026-01-27 16:07:38,085 - INFO - epoch=197 train_loss=0.0391 train_acc=0.985 val_loss=0.2688 val_acc=0.947
2026-01-27 16:07:41,914 - INFO - epoch=198 train_loss=0.0381 train_acc=0.985 val_loss=0.2696 val_acc=0.949
2026-01-27 16:07:45,775 - INFO - epoch=199 train_loss=0.0392 train_acc=0.985 val_loss=0.2801 val_acc=0.947
2026-01-27 16:07:49,626 - INFO - epoch=200 train_loss=0.0398 train_acc=0.985 val_loss=0.2750 val_acc=0.948
2026-01-27 16:07:53,528 - INFO - epoch=201 train_loss=0.0380 train_acc=0.985 val_loss=0.2745 val_acc=0.947
2026-01-27 16:07:57,394 - INFO - epoch=202 train_loss=0.0379 train_acc=0.985 val_loss=0.2775 val_acc=0.947
2026-01-27 16:08:01,249 - INFO - epoch=203 train_loss=0.0381 train_acc=0.986 val_loss=0.2780 val_acc=0.947
2026-01-27 16:08:05,095 - INFO - epoch=204 train_loss=0.0386 train_acc=0.985 val_loss=0.2713 val_acc=0.946
2026-01-27 16:08:08,953 - INFO - epoch=205 train_loss=0.0385 train_acc=0.985 val_loss=0.2726 val_acc=0.947
2026-01-27 16:08:12,869 - INFO - epoch=206 train_loss=0.0367 train_acc=0.986 val_loss=0.2792 val_acc=0.948
2026-01-27 16:08:16,751 - INFO - epoch=207 train_loss=0.0368 train_acc=0.986 val_loss=0.2800 val_acc=0.948
2026-01-27 16:08:20,609 - INFO - epoch=208 train_loss=0.0365 train_acc=0.986 val_loss=0.2748 val_acc=0.948
2026-01-27 16:08:24,491 - INFO - epoch=209 train_loss=0.0362 train_acc=0.986 val_loss=0.2973 val_acc=0.947
2026-01-27 16:08:28,394 - INFO - epoch=210 train_loss=0.0366 train_acc=0.986 val_loss=0.2893 val_acc=0.947
2026-01-27 16:08:32,257 - INFO - epoch=211 train_loss=0.0368 train_acc=0.986 val_loss=0.2724 val_acc=0.949
2026-01-27 16:08:36,128 - INFO - epoch=212 train_loss=0.0349 train_acc=0.987 val_loss=0.2801 val_acc=0.948
2026-01-27 16:08:39,963 - INFO - epoch=213 train_loss=0.0349 train_acc=0.986 val_loss=0.2822 val_acc=0.946
2026-01-27 16:08:43,851 - INFO - epoch=214 train_loss=0.0353 train_acc=0.987 val_loss=0.2864 val_acc=0.948
2026-01-27 16:08:47,704 - INFO - epoch=215 train_loss=0.0361 train_acc=0.986 val_loss=0.2850 val_acc=0.947
2026-01-27 16:08:51,544 - INFO - epoch=216 train_loss=0.0361 train_acc=0.986 val_loss=0.2880 val_acc=0.949
2026-01-27 16:08:55,426 - INFO - epoch=217 train_loss=0.0350 train_acc=0.987 val_loss=0.2779 val_acc=0.949
2026-01-27 16:08:59,333 - INFO - epoch=218 train_loss=0.0342 train_acc=0.987 val_loss=0.2762 val_acc=0.950
2026-01-27 16:09:03,186 - INFO - epoch=219 train_loss=0.0337 train_acc=0.988 val_loss=0.2910 val_acc=0.946
2026-01-27 16:09:07,056 - INFO - epoch=220 train_loss=0.0352 train_acc=0.987 val_loss=0.2902 val_acc=0.947
2026-01-27 16:09:10,988 - INFO - epoch=221 train_loss=0.0332 train_acc=0.988 val_loss=0.2852 val_acc=0.949
2026-01-27 16:09:14,817 - INFO - epoch=222 train_loss=0.0334 train_acc=0.987 val_loss=0.2933 val_acc=0.949
2026-01-27 16:09:18,682 - INFO - epoch=223 train_loss=0.0319 train_acc=0.988 val_loss=0.2913 val_acc=0.947
2026-01-27 16:09:22,534 - INFO - epoch=224 train_loss=0.0325 train_acc=0.988 val_loss=0.2916 val_acc=0.949
2026-01-27 16:09:26,403 - INFO - epoch=225 train_loss=0.0327 train_acc=0.988 val_loss=0.2850 val_acc=0.950
2026-01-27 16:09:30,262 - INFO - epoch=226 train_loss=0.0317 train_acc=0.988 val_loss=0.3014 val_acc=0.948
2026-01-27 16:09:34,113 - INFO - epoch=227 train_loss=0.0313 train_acc=0.988 val_loss=0.3064 val_acc=0.948
2026-01-27 16:09:37,966 - INFO - epoch=228 train_loss=0.0323 train_acc=0.988 val_loss=0.2955 val_acc=0.950
2026-01-27 16:09:41,830 - INFO - epoch=229 train_loss=0.0318 train_acc=0.988 val_loss=0.2877 val_acc=0.950
2026-01-27 16:09:45,686 - INFO - epoch=230 train_loss=0.0332 train_acc=0.988 val_loss=0.3035 val_acc=0.949
2026-01-27 16:09:49,590 - INFO - epoch=231 train_loss=0.0324 train_acc=0.988 val_loss=0.2920 val_acc=0.949
2026-01-27 16:09:53,443 - INFO - epoch=232 train_loss=0.0322 train_acc=0.988 val_loss=0.2896 val_acc=0.949
2026-01-27 16:09:57,289 - INFO - epoch=233 train_loss=0.0306 train_acc=0.989 val_loss=0.2890 val_acc=0.949
2026-01-27 16:10:01,132 - INFO - epoch=234 train_loss=0.0314 train_acc=0.988 val_loss=0.3069 val_acc=0.949
2026-01-27 16:10:05,022 - INFO - epoch=235 train_loss=0.0318 train_acc=0.988 val_loss=0.3000 val_acc=0.949
2026-01-27 16:10:08,883 - INFO - epoch=236 train_loss=0.0311 train_acc=0.989 val_loss=0.2990 val_acc=0.949
2026-01-27 16:10:12,733 - INFO - epoch=237 train_loss=0.0326 train_acc=0.988 val_loss=0.2925 val_acc=0.949
2026-01-27 16:10:16,621 - INFO - epoch=238 train_loss=0.0320 train_acc=0.988 val_loss=0.2897 val_acc=0.950
2026-01-27 16:10:20,490 - INFO - epoch=239 train_loss=0.0320 train_acc=0.988 val_loss=0.2811 val_acc=0.950
2026-01-27 16:10:24,342 - INFO - epoch=240 train_loss=0.0312 train_acc=0.988 val_loss=0.2994 val_acc=0.949
2026-01-27 16:10:28,269 - INFO - epoch=241 train_loss=0.0312 train_acc=0.988 val_loss=0.3033 val_acc=0.949
2026-01-27 16:10:32,125 - INFO - epoch=242 train_loss=0.0305 train_acc=0.989 val_loss=0.3008 val_acc=0.949
2026-01-27 16:10:36,002 - INFO - epoch=243 train_loss=0.0301 train_acc=0.989 val_loss=0.3172 val_acc=0.949
2026-01-27 16:10:39,827 - INFO - epoch=244 train_loss=0.0297 train_acc=0.989 val_loss=0.3164 val_acc=0.948
2026-01-27 16:10:43,690 - INFO - epoch=245 train_loss=0.0299 train_acc=0.989 val_loss=0.3049 val_acc=0.949
2026-01-27 16:10:47,579 - INFO - epoch=246 train_loss=0.0307 train_acc=0.989 val_loss=0.2834 val_acc=0.949
2026-01-27 16:10:51,458 - INFO - epoch=247 train_loss=0.0293 train_acc=0.989 val_loss=0.3053 val_acc=0.949
2026-01-27 16:10:55,355 - INFO - epoch=248 train_loss=0.0294 train_acc=0.989 val_loss=0.3029 val_acc=0.949
2026-01-27 16:10:59,208 - INFO - epoch=249 train_loss=0.0282 train_acc=0.989 val_loss=0.3107 val_acc=0.950
2026-01-27 16:11:03,099 - INFO - epoch=250 train_loss=0.0285 train_acc=0.989 val_loss=0.3055 val_acc=0.950
2026-01-27 16:11:06,943 - INFO - epoch=251 train_loss=0.0291 train_acc=0.989 val_loss=0.3091 val_acc=0.949
2026-01-27 16:11:10,811 - INFO - epoch=252 train_loss=0.0297 train_acc=0.989 val_loss=0.3121 val_acc=0.948
2026-01-27 16:11:14,672 - INFO - epoch=253 train_loss=0.0292 train_acc=0.989 val_loss=0.3136 val_acc=0.948
2026-01-27 16:11:18,475 - INFO - epoch=254 train_loss=0.0289 train_acc=0.989 val_loss=0.3194 val_acc=0.949
2026-01-27 16:11:22,324 - INFO - epoch=255 train_loss=0.0298 train_acc=0.989 val_loss=0.3081 val_acc=0.949
2026-01-27 16:11:26,191 - INFO - epoch=256 train_loss=0.0287 train_acc=0.990 val_loss=0.3058 val_acc=0.950
2026-01-27 16:11:30,017 - INFO - epoch=257 train_loss=0.0289 train_acc=0.989 val_loss=0.3017 val_acc=0.950
2026-01-27 16:11:33,919 - INFO - epoch=258 train_loss=0.0285 train_acc=0.989 val_loss=0.3006 val_acc=0.951
2026-01-27 16:11:37,772 - INFO - epoch=259 train_loss=0.0282 train_acc=0.989 val_loss=0.3026 val_acc=0.950
2026-01-27 16:11:41,662 - INFO - epoch=260 train_loss=0.0292 train_acc=0.990 val_loss=0.3086 val_acc=0.950
2026-01-27 16:11:45,607 - INFO - epoch=261 train_loss=0.0257 train_acc=0.990 val_loss=0.3161 val_acc=0.948
2026-01-27 16:11:49,483 - INFO - epoch=262 train_loss=0.0271 train_acc=0.990 val_loss=0.3031 val_acc=0.950
2026-01-27 16:11:53,332 - INFO - epoch=263 train_loss=0.0270 train_acc=0.990 val_loss=0.2973 val_acc=0.949
2026-01-27 16:11:57,156 - INFO - epoch=264 train_loss=0.0267 train_acc=0.990 val_loss=0.3080 val_acc=0.950
2026-01-27 16:12:01,025 - INFO - epoch=265 train_loss=0.0272 train_acc=0.990 val_loss=0.3028 val_acc=0.950
2026-01-27 16:12:04,869 - INFO - epoch=266 train_loss=0.0278 train_acc=0.990 val_loss=0.3047 val_acc=0.951
2026-01-27 16:12:08,700 - INFO - epoch=267 train_loss=0.0276 train_acc=0.990 val_loss=0.3084 val_acc=0.950
2026-01-27 16:12:12,538 - INFO - epoch=268 train_loss=0.0286 train_acc=0.989 val_loss=0.3207 val_acc=0.950
2026-01-27 16:12:16,409 - INFO - epoch=269 train_loss=0.0284 train_acc=0.989 val_loss=0.3083 val_acc=0.951
2026-01-27 16:12:20,280 - INFO - epoch=270 train_loss=0.0268 train_acc=0.990 val_loss=0.3081 val_acc=0.949
2026-01-27 16:12:24,132 - INFO - epoch=271 train_loss=0.0261 train_acc=0.990 val_loss=0.3109 val_acc=0.951
2026-01-27 16:12:28,014 - INFO - epoch=272 train_loss=0.0269 train_acc=0.990 val_loss=0.3061 val_acc=0.951
2026-01-27 16:12:31,876 - INFO - epoch=273 train_loss=0.0268 train_acc=0.990 val_loss=0.3207 val_acc=0.950
2026-01-27 16:12:35,709 - INFO - epoch=274 train_loss=0.0266 train_acc=0.990 val_loss=0.3159 val_acc=0.952
2026-01-27 16:12:39,550 - INFO - epoch=275 train_loss=0.0267 train_acc=0.990 val_loss=0.3170 val_acc=0.950
2026-01-27 16:12:43,415 - INFO - epoch=276 train_loss=0.0268 train_acc=0.990 val_loss=0.3260 val_acc=0.950
2026-01-27 16:12:47,253 - INFO - epoch=277 train_loss=0.0256 train_acc=0.991 val_loss=0.3123 val_acc=0.950
2026-01-27 16:12:51,078 - INFO - epoch=278 train_loss=0.0268 train_acc=0.990 val_loss=0.3161 val_acc=0.949
2026-01-27 16:12:54,932 - INFO - epoch=279 train_loss=0.0268 train_acc=0.990 val_loss=0.3274 val_acc=0.949
2026-01-27 16:12:58,814 - INFO - epoch=280 train_loss=0.0258 train_acc=0.990 val_loss=0.3537 val_acc=0.949
2026-01-27 16:13:02,736 - INFO - epoch=281 train_loss=0.0254 train_acc=0.991 val_loss=0.3342 val_acc=0.949
2026-01-27 16:13:06,609 - INFO - epoch=282 train_loss=0.0256 train_acc=0.990 val_loss=0.3207 val_acc=0.950
2026-01-27 16:13:10,457 - INFO - epoch=283 train_loss=0.0249 train_acc=0.991 val_loss=0.3392 val_acc=0.950
2026-01-27 16:13:14,332 - INFO - epoch=284 train_loss=0.0251 train_acc=0.991 val_loss=0.3350 val_acc=0.951
2026-01-27 16:13:18,225 - INFO - epoch=285 train_loss=0.0244 train_acc=0.991 val_loss=0.3264 val_acc=0.950
2026-01-27 16:13:22,132 - INFO - epoch=286 train_loss=0.0244 train_acc=0.991 val_loss=0.3311 val_acc=0.950
2026-01-27 16:13:26,009 - INFO - epoch=287 train_loss=0.0255 train_acc=0.991 val_loss=0.3202 val_acc=0.951
2026-01-27 16:13:29,883 - INFO - epoch=288 train_loss=0.0249 train_acc=0.991 val_loss=0.3272 val_acc=0.949
2026-01-27 16:13:33,725 - INFO - epoch=289 train_loss=0.0261 train_acc=0.991 val_loss=0.3218 val_acc=0.952
2026-01-27 16:13:37,620 - INFO - epoch=290 train_loss=0.0266 train_acc=0.990 val_loss=0.3198 val_acc=0.951
2026-01-27 16:13:41,481 - INFO - epoch=291 train_loss=0.0258 train_acc=0.990 val_loss=0.3253 val_acc=0.952
2026-01-27 16:13:45,355 - INFO - epoch=292 train_loss=0.0261 train_acc=0.990 val_loss=0.3268 val_acc=0.949
2026-01-27 16:13:49,225 - INFO - epoch=293 train_loss=0.0259 train_acc=0.990 val_loss=0.3338 val_acc=0.951
2026-01-27 16:13:53,068 - INFO - epoch=294 train_loss=0.0255 train_acc=0.991 val_loss=0.3432 val_acc=0.949
2026-01-27 16:13:56,958 - INFO - epoch=295 train_loss=0.0262 train_acc=0.990 val_loss=0.3381 val_acc=0.949
2026-01-27 16:14:00,822 - INFO - epoch=296 train_loss=0.0253 train_acc=0.991 val_loss=0.3263 val_acc=0.950
2026-01-27 16:14:04,673 - INFO - epoch=297 train_loss=0.0247 train_acc=0.991 val_loss=0.3200 val_acc=0.950
2026-01-27 16:14:08,521 - INFO - epoch=298 train_loss=0.0247 train_acc=0.991 val_loss=0.3104 val_acc=0.952
2026-01-27 16:14:12,366 - INFO - epoch=299 train_loss=0.0231 train_acc=0.991 val_loss=0.3263 val_acc=0.950
2026-01-27 16:14:16,200 - INFO - epoch=300 train_loss=0.0236 train_acc=0.991 val_loss=0.3329 val_acc=0.950
2026-01-27 16:14:20,128 - INFO - epoch=301 train_loss=0.0239 train_acc=0.991 val_loss=0.3224 val_acc=0.950
2026-01-27 16:14:23,971 - INFO - epoch=302 train_loss=0.0241 train_acc=0.991 val_loss=0.3373 val_acc=0.951
2026-01-27 16:14:27,861 - INFO - epoch=303 train_loss=0.0237 train_acc=0.992 val_loss=0.3270 val_acc=0.950
2026-01-27 16:14:31,706 - INFO - epoch=304 train_loss=0.0228 train_acc=0.992 val_loss=0.3362 val_acc=0.949
2026-01-27 16:14:35,554 - INFO - epoch=305 train_loss=0.0232 train_acc=0.991 val_loss=0.3403 val_acc=0.949
2026-01-27 16:14:39,436 - INFO - epoch=306 train_loss=0.0226 train_acc=0.992 val_loss=0.3437 val_acc=0.952
2026-01-27 16:14:43,307 - INFO - epoch=307 train_loss=0.0221 train_acc=0.992 val_loss=0.3433 val_acc=0.951
2026-01-27 16:14:47,181 - INFO - epoch=308 train_loss=0.0214 train_acc=0.992 val_loss=0.3466 val_acc=0.949
2026-01-27 16:14:51,078 - INFO - epoch=309 train_loss=0.0220 train_acc=0.992 val_loss=0.3396 val_acc=0.950
2026-01-27 16:14:54,950 - INFO - epoch=310 train_loss=0.0230 train_acc=0.991 val_loss=0.3523 val_acc=0.951
2026-01-27 16:14:58,806 - INFO - epoch=311 train_loss=0.0219 train_acc=0.992 val_loss=0.3308 val_acc=0.951
2026-01-27 16:15:02,670 - INFO - epoch=312 train_loss=0.0233 train_acc=0.992 val_loss=0.3594 val_acc=0.949
2026-01-27 16:15:06,540 - INFO - epoch=313 train_loss=0.0237 train_acc=0.991 val_loss=0.3400 val_acc=0.951
2026-01-27 16:15:10,403 - INFO - epoch=314 train_loss=0.0248 train_acc=0.991 val_loss=0.3387 val_acc=0.951
2026-01-27 16:15:14,296 - INFO - epoch=315 train_loss=0.0239 train_acc=0.991 val_loss=0.3433 val_acc=0.949
2026-01-27 16:15:18,161 - INFO - epoch=316 train_loss=0.0218 train_acc=0.992 val_loss=0.3417 val_acc=0.951
2026-01-27 16:15:22,025 - INFO - epoch=317 train_loss=0.0225 train_acc=0.992 val_loss=0.3317 val_acc=0.950
2026-01-27 16:15:25,899 - INFO - epoch=318 train_loss=0.0231 train_acc=0.991 val_loss=0.3373 val_acc=0.949
2026-01-27 16:15:29,756 - INFO - epoch=319 train_loss=0.0223 train_acc=0.992 val_loss=0.3349 val_acc=0.949
2026-01-27 16:15:33,659 - INFO - epoch=320 train_loss=0.0232 train_acc=0.991 val_loss=0.3457 val_acc=0.950
2026-01-27 16:15:37,580 - INFO - epoch=321 train_loss=0.0226 train_acc=0.992 val_loss=0.3479 val_acc=0.951
2026-01-27 16:15:41,459 - INFO - epoch=322 train_loss=0.0236 train_acc=0.992 val_loss=0.3513 val_acc=0.949
2026-01-27 16:15:45,321 - INFO - epoch=323 train_loss=0.0244 train_acc=0.991 val_loss=0.3519 val_acc=0.950
2026-01-27 16:15:49,185 - INFO - epoch=324 train_loss=0.0229 train_acc=0.992 val_loss=0.3435 val_acc=0.950
2026-01-27 16:15:53,055 - INFO - epoch=325 train_loss=0.0223 train_acc=0.992 val_loss=0.3334 val_acc=0.950
2026-01-27 16:15:56,906 - INFO - epoch=326 train_loss=0.0214 train_acc=0.992 val_loss=0.3583 val_acc=0.950
2026-01-27 16:16:00,773 - INFO - epoch=327 train_loss=0.0213 train_acc=0.992 val_loss=0.3515 val_acc=0.952
2026-01-27 16:16:04,674 - INFO - epoch=328 train_loss=0.0208 train_acc=0.992 val_loss=0.3486 val_acc=0.951
2026-01-27 16:16:08,524 - INFO - epoch=329 train_loss=0.0214 train_acc=0.992 val_loss=0.3489 val_acc=0.952
2026-01-27 16:16:12,432 - INFO - epoch=330 train_loss=0.0221 train_acc=0.992 val_loss=0.3422 val_acc=0.950
2026-01-27 16:16:16,281 - INFO - epoch=331 train_loss=0.0238 train_acc=0.992 val_loss=0.3400 val_acc=0.952
2026-01-27 16:16:20,186 - INFO - epoch=332 train_loss=0.0258 train_acc=0.991 val_loss=0.3403 val_acc=0.950
2026-01-27 16:16:24,054 - INFO - epoch=333 train_loss=0.0238 train_acc=0.992 val_loss=0.3398 val_acc=0.952
2026-01-27 16:16:27,925 - INFO - epoch=334 train_loss=0.0244 train_acc=0.991 val_loss=0.3525 val_acc=0.949
2026-01-27 16:16:31,746 - INFO - epoch=335 train_loss=0.0243 train_acc=0.991 val_loss=0.3561 val_acc=0.949
2026-01-27 16:16:35,566 - INFO - epoch=336 train_loss=0.0218 train_acc=0.992 val_loss=0.3412 val_acc=0.950
2026-01-27 16:16:39,427 - INFO - epoch=337 train_loss=0.0211 train_acc=0.992 val_loss=0.3531 val_acc=0.949
2026-01-27 16:16:43,322 - INFO - epoch=338 train_loss=0.0213 train_acc=0.992 val_loss=0.3604 val_acc=0.951
2026-01-27 16:16:47,195 - INFO - epoch=339 train_loss=0.0206 train_acc=0.993 val_loss=0.3450 val_acc=0.951
2026-01-27 16:16:51,067 - INFO - epoch=340 train_loss=0.0206 train_acc=0.993 val_loss=0.3593 val_acc=0.951
2026-01-27 16:16:55,033 - INFO - epoch=341 train_loss=0.0209 train_acc=0.993 val_loss=0.3729 val_acc=0.950
2026-01-27 16:16:58,913 - INFO - epoch=342 train_loss=0.0204 train_acc=0.993 val_loss=0.3499 val_acc=0.950
2026-01-27 16:17:02,767 - INFO - epoch=343 train_loss=0.0202 train_acc=0.993 val_loss=0.3482 val_acc=0.951
2026-01-27 16:17:06,628 - INFO - epoch=344 train_loss=0.0211 train_acc=0.992 val_loss=0.3589 val_acc=0.949
2026-01-27 16:17:10,509 - INFO - epoch=345 train_loss=0.0208 train_acc=0.992 val_loss=0.3427 val_acc=0.951
2026-01-27 16:17:14,383 - INFO - epoch=346 train_loss=0.0205 train_acc=0.993 val_loss=0.3484 val_acc=0.951
2026-01-27 16:17:18,285 - INFO - epoch=347 train_loss=0.0182 train_acc=0.993 val_loss=0.3640 val_acc=0.951
2026-01-27 16:17:22,183 - INFO - epoch=348 train_loss=0.0191 train_acc=0.993 val_loss=0.3660 val_acc=0.951
2026-01-27 16:17:26,046 - INFO - epoch=349 train_loss=0.0196 train_acc=0.993 val_loss=0.3587 val_acc=0.952
2026-01-27 16:17:29,934 - INFO - epoch=350 train_loss=0.0205 train_acc=0.992 val_loss=0.3696 val_acc=0.951
2026-01-27 16:17:33,803 - INFO - epoch=351 train_loss=0.0210 train_acc=0.993 val_loss=0.3515 val_acc=0.952
2026-01-27 16:17:37,655 - INFO - epoch=352 train_loss=0.0211 train_acc=0.992 val_loss=0.3585 val_acc=0.951
2026-01-27 16:17:41,531 - INFO - epoch=353 train_loss=0.0191 train_acc=0.993 val_loss=0.3493 val_acc=0.950
2026-01-27 16:17:45,394 - INFO - epoch=354 train_loss=0.0187 train_acc=0.993 val_loss=0.3511 val_acc=0.950
2026-01-27 16:17:49,261 - INFO - epoch=355 train_loss=0.0192 train_acc=0.993 val_loss=0.3541 val_acc=0.952
2026-01-27 16:17:53,119 - INFO - epoch=356 train_loss=0.0194 train_acc=0.993 val_loss=0.3519 val_acc=0.952
2026-01-27 16:17:56,983 - INFO - epoch=357 train_loss=0.0195 train_acc=0.993 val_loss=0.3654 val_acc=0.951
2026-01-27 16:18:00,859 - INFO - epoch=358 train_loss=0.0205 train_acc=0.993 val_loss=0.3653 val_acc=0.952
2026-01-27 16:18:04,749 - INFO - epoch=359 train_loss=0.0193 train_acc=0.993 val_loss=0.3604 val_acc=0.951
2026-01-27 16:18:08,616 - INFO - epoch=360 train_loss=0.0203 train_acc=0.993 val_loss=0.3655 val_acc=0.951
2026-01-27 16:18:12,494 - INFO - epoch=361 train_loss=0.0194 train_acc=0.993 val_loss=0.3656 val_acc=0.950
2026-01-27 16:18:16,370 - INFO - epoch=362 train_loss=0.0212 train_acc=0.993 val_loss=0.3510 val_acc=0.951
2026-01-27 16:18:20,207 - INFO - epoch=363 train_loss=0.0203 train_acc=0.993 val_loss=0.3617 val_acc=0.951
2026-01-27 16:18:24,066 - INFO - epoch=364 train_loss=0.0202 train_acc=0.993 val_loss=0.3660 val_acc=0.952
2026-01-27 16:18:27,934 - INFO - epoch=365 train_loss=0.0213 train_acc=0.993 val_loss=0.3766 val_acc=0.951
2026-01-27 16:18:31,819 - INFO - epoch=366 train_loss=0.0226 train_acc=0.992 val_loss=0.3755 val_acc=0.950
2026-01-27 16:18:35,703 - INFO - epoch=367 train_loss=0.0219 train_acc=0.992 val_loss=0.3678 val_acc=0.950
2026-01-27 16:18:39,602 - INFO - epoch=368 train_loss=0.0212 train_acc=0.992 val_loss=0.3468 val_acc=0.950
2026-01-27 16:18:43,501 - INFO - epoch=369 train_loss=0.0209 train_acc=0.993 val_loss=0.3499 val_acc=0.951
2026-01-27 16:18:47,374 - INFO - epoch=370 train_loss=0.0214 train_acc=0.992 val_loss=0.3466 val_acc=0.951
2026-01-27 16:18:51,248 - INFO - epoch=371 train_loss=0.0197 train_acc=0.993 val_loss=0.3466 val_acc=0.950
2026-01-27 16:18:55,094 - INFO - epoch=372 train_loss=0.0182 train_acc=0.994 val_loss=0.3499 val_acc=0.952
2026-01-27 16:18:58,985 - INFO - epoch=373 train_loss=0.0184 train_acc=0.993 val_loss=0.3598 val_acc=0.952
2026-01-27 16:19:02,855 - INFO - epoch=374 train_loss=0.0189 train_acc=0.993 val_loss=0.3670 val_acc=0.952
2026-01-27 16:19:06,740 - INFO - epoch=375 train_loss=0.0183 train_acc=0.993 val_loss=0.3638 val_acc=0.951
2026-01-27 16:19:10,625 - INFO - epoch=376 train_loss=0.0185 train_acc=0.993 val_loss=0.3481 val_acc=0.952
2026-01-27 16:19:14,518 - INFO - epoch=377 train_loss=0.0186 train_acc=0.993 val_loss=0.3576 val_acc=0.950
2026-01-27 16:19:18,404 - INFO - epoch=378 train_loss=0.0189 train_acc=0.993 val_loss=0.3652 val_acc=0.952
2026-01-27 16:19:22,292 - INFO - epoch=379 train_loss=0.0195 train_acc=0.993 val_loss=0.3644 val_acc=0.950
2026-01-27 16:19:26,231 - INFO - epoch=380 train_loss=0.0186 train_acc=0.993 val_loss=0.3682 val_acc=0.952
2026-01-27 16:19:30,179 - INFO - epoch=381 train_loss=0.0195 train_acc=0.993 val_loss=0.3577 val_acc=0.951
2026-01-27 16:19:34,048 - INFO - epoch=382 train_loss=0.0195 train_acc=0.993 val_loss=0.3514 val_acc=0.952
2026-01-27 16:19:37,968 - INFO - epoch=383 train_loss=0.0191 train_acc=0.993 val_loss=0.3550 val_acc=0.953
2026-01-27 16:19:41,810 - INFO - epoch=384 train_loss=0.0195 train_acc=0.993 val_loss=0.3595 val_acc=0.952
2026-01-27 16:19:45,661 - INFO - epoch=385 train_loss=0.0189 train_acc=0.993 val_loss=0.3652 val_acc=0.950
2026-01-27 16:19:49,522 - INFO - epoch=386 train_loss=0.0188 train_acc=0.993 val_loss=0.3811 val_acc=0.951
2026-01-27 16:19:53,399 - INFO - epoch=387 train_loss=0.0184 train_acc=0.994 val_loss=0.3754 val_acc=0.949
2026-01-27 16:19:57,290 - INFO - epoch=388 train_loss=0.0196 train_acc=0.993 val_loss=0.3653 val_acc=0.952
2026-01-27 16:20:01,132 - INFO - epoch=389 train_loss=0.0188 train_acc=0.993 val_loss=0.3631 val_acc=0.951
2026-01-27 16:20:05,015 - INFO - epoch=390 train_loss=0.0177 train_acc=0.994 val_loss=0.3694 val_acc=0.952
2026-01-27 16:20:08,923 - INFO - epoch=391 train_loss=0.0192 train_acc=0.993 val_loss=0.3632 val_acc=0.951
2026-01-27 16:20:12,797 - INFO - epoch=392 train_loss=0.0188 train_acc=0.993 val_loss=0.3582 val_acc=0.951
2026-01-27 16:20:16,670 - INFO - epoch=393 train_loss=0.0169 train_acc=0.994 val_loss=0.3839 val_acc=0.951
2026-01-27 16:20:20,571 - INFO - epoch=394 train_loss=0.0179 train_acc=0.993 val_loss=0.3602 val_acc=0.953
2026-01-27 16:20:24,471 - INFO - epoch=395 train_loss=0.0177 train_acc=0.994 val_loss=0.3536 val_acc=0.952
2026-01-27 16:20:28,371 - INFO - epoch=396 train_loss=0.0177 train_acc=0.994 val_loss=0.3552 val_acc=0.953
2026-01-27 16:20:32,229 - INFO - epoch=397 train_loss=0.0174 train_acc=0.994 val_loss=0.3831 val_acc=0.950
2026-01-27 16:20:36,103 - INFO - epoch=398 train_loss=0.0180 train_acc=0.993 val_loss=0.3678 val_acc=0.951
2026-01-27 16:20:39,975 - INFO - epoch=399 train_loss=0.0173 train_acc=0.994 val_loss=0.3702 val_acc=0.951
2026-01-27 16:20:43,821 - INFO - epoch=400 train_loss=0.0182 train_acc=0.994 val_loss=0.3685 val_acc=0.952
2026-01-27 16:20:47,739 - INFO - epoch=401 train_loss=0.0177 train_acc=0.994 val_loss=0.3650 val_acc=0.952
2026-01-27 16:20:51,601 - INFO - epoch=402 train_loss=0.0173 train_acc=0.994 val_loss=0.3675 val_acc=0.952
2026-01-27 16:20:55,506 - INFO - epoch=403 train_loss=0.0152 train_acc=0.994 val_loss=0.3683 val_acc=0.952
2026-01-27 16:20:59,419 - INFO - epoch=404 train_loss=0.0165 train_acc=0.994 val_loss=0.3829 val_acc=0.952
2026-01-27 16:21:03,277 - INFO - epoch=405 train_loss=0.0166 train_acc=0.994 val_loss=0.3794 val_acc=0.952
2026-01-27 16:21:07,164 - INFO - epoch=406 train_loss=0.0170 train_acc=0.994 val_loss=0.3584 val_acc=0.952
2026-01-27 16:21:11,024 - INFO - epoch=407 train_loss=0.0170 train_acc=0.994 val_loss=0.3692 val_acc=0.950
2026-01-27 16:21:14,894 - INFO - epoch=408 train_loss=0.0176 train_acc=0.993 val_loss=0.3738 val_acc=0.952
2026-01-27 16:21:18,783 - INFO - epoch=409 train_loss=0.0176 train_acc=0.994 val_loss=0.3730 val_acc=0.952
2026-01-27 16:21:22,659 - INFO - epoch=410 train_loss=0.0205 train_acc=0.993 val_loss=0.3736 val_acc=0.950
2026-01-27 16:21:26,548 - INFO - epoch=411 train_loss=0.0204 train_acc=0.993 val_loss=0.3585 val_acc=0.950
2026-01-27 16:21:30,452 - INFO - epoch=412 train_loss=0.0182 train_acc=0.993 val_loss=0.3680 val_acc=0.951
2026-01-27 16:21:34,349 - INFO - epoch=413 train_loss=0.0186 train_acc=0.994 val_loss=0.3548 val_acc=0.951
2026-01-27 16:21:38,265 - INFO - epoch=414 train_loss=0.0182 train_acc=0.994 val_loss=0.3808 val_acc=0.951
2026-01-27 16:21:42,161 - INFO - epoch=415 train_loss=0.0174 train_acc=0.994 val_loss=0.3734 val_acc=0.952
2026-01-27 16:21:46,032 - INFO - epoch=416 train_loss=0.0191 train_acc=0.993 val_loss=0.3634 val_acc=0.951
2026-01-27 16:21:49,901 - INFO - epoch=417 train_loss=0.0187 train_acc=0.994 val_loss=0.3666 val_acc=0.952
2026-01-27 16:21:53,758 - INFO - epoch=418 train_loss=0.0195 train_acc=0.993 val_loss=0.3748 val_acc=0.953
2026-01-27 16:21:57,632 - INFO - epoch=419 train_loss=0.0183 train_acc=0.994 val_loss=0.3582 val_acc=0.953
2026-01-27 16:22:01,482 - INFO - epoch=420 train_loss=0.0189 train_acc=0.994 val_loss=0.3488 val_acc=0.952
2026-01-27 16:22:05,417 - INFO - epoch=421 train_loss=0.0166 train_acc=0.994 val_loss=0.3792 val_acc=0.952
2026-01-27 16:22:09,296 - INFO - epoch=422 train_loss=0.0169 train_acc=0.994 val_loss=0.3663 val_acc=0.954
2026-01-27 16:22:13,135 - INFO - epoch=423 train_loss=0.0157 train_acc=0.994 val_loss=0.3605 val_acc=0.952
2026-01-27 16:22:16,981 - INFO - epoch=424 train_loss=0.0156 train_acc=0.994 val_loss=0.3786 val_acc=0.951
2026-01-27 16:22:20,870 - INFO - epoch=425 train_loss=0.0161 train_acc=0.994 val_loss=0.3645 val_acc=0.954
2026-01-27 16:22:24,750 - INFO - epoch=426 train_loss=0.0161 train_acc=0.994 val_loss=0.3727 val_acc=0.952
2026-01-27 16:22:28,592 - INFO - epoch=427 train_loss=0.0156 train_acc=0.994 val_loss=0.3778 val_acc=0.952
2026-01-27 16:22:32,506 - INFO - epoch=428 train_loss=0.0158 train_acc=0.994 val_loss=0.3941 val_acc=0.950
2026-01-27 16:22:36,365 - INFO - epoch=429 train_loss=0.0161 train_acc=0.994 val_loss=0.3935 val_acc=0.952
2026-01-27 16:22:40,250 - INFO - epoch=430 train_loss=0.0165 train_acc=0.994 val_loss=0.3957 val_acc=0.951
2026-01-27 16:22:44,117 - INFO - epoch=431 train_loss=0.0151 train_acc=0.995 val_loss=0.3857 val_acc=0.953
2026-01-27 16:22:47,982 - INFO - epoch=432 train_loss=0.0155 train_acc=0.994 val_loss=0.3913 val_acc=0.951
2026-01-27 16:22:51,834 - INFO - epoch=433 train_loss=0.0158 train_acc=0.994 val_loss=0.3801 val_acc=0.954
2026-01-27 16:22:55,721 - INFO - epoch=434 train_loss=0.0159 train_acc=0.994 val_loss=0.3824 val_acc=0.954
2026-01-27 16:22:59,570 - INFO - epoch=435 train_loss=0.0149 train_acc=0.995 val_loss=0.3713 val_acc=0.954
2026-01-27 16:23:03,424 - INFO - epoch=436 train_loss=0.0148 train_acc=0.995 val_loss=0.3908 val_acc=0.953
2026-01-27 16:23:07,291 - INFO - epoch=437 train_loss=0.0146 train_acc=0.995 val_loss=0.4091 val_acc=0.952
2026-01-27 16:23:11,176 - INFO - epoch=438 train_loss=0.0160 train_acc=0.994 val_loss=0.3918 val_acc=0.951
2026-01-27 16:23:15,036 - INFO - epoch=439 train_loss=0.0153 train_acc=0.995 val_loss=0.3856 val_acc=0.952
2026-01-27 16:23:18,913 - INFO - epoch=440 train_loss=0.0158 train_acc=0.995 val_loss=0.3886 val_acc=0.952
2026-01-27 16:23:22,799 - INFO - epoch=441 train_loss=0.0163 train_acc=0.994 val_loss=0.3905 val_acc=0.951
2026-01-27 16:23:26,655 - INFO - epoch=442 train_loss=0.0172 train_acc=0.994 val_loss=0.3844 val_acc=0.952
2026-01-27 16:23:30,568 - INFO - epoch=443 train_loss=0.0162 train_acc=0.994 val_loss=0.3840 val_acc=0.952
2026-01-27 16:23:34,436 - INFO - epoch=444 train_loss=0.0161 train_acc=0.994 val_loss=0.3809 val_acc=0.951
2026-01-27 16:23:38,272 - INFO - epoch=445 train_loss=0.0166 train_acc=0.994 val_loss=0.3764 val_acc=0.952
2026-01-27 16:23:42,120 - INFO - epoch=446 train_loss=0.0150 train_acc=0.995 val_loss=0.4020 val_acc=0.952
2026-01-27 16:23:45,989 - INFO - epoch=447 train_loss=0.0150 train_acc=0.995 val_loss=0.3935 val_acc=0.951
2026-01-27 16:23:49,862 - INFO - epoch=448 train_loss=0.0145 train_acc=0.995 val_loss=0.4027 val_acc=0.951
2026-01-27 16:23:53,736 - INFO - epoch=449 train_loss=0.0156 train_acc=0.994 val_loss=0.3874 val_acc=0.952
2026-01-27 16:23:57,656 - INFO - epoch=450 train_loss=0.0162 train_acc=0.994 val_loss=0.3803 val_acc=0.952
2026-01-27 16:24:01,527 - INFO - epoch=451 train_loss=0.0157 train_acc=0.994 val_loss=0.3836 val_acc=0.951
2026-01-27 16:24:05,418 - INFO - epoch=452 train_loss=0.0162 train_acc=0.994 val_loss=0.3851 val_acc=0.949
2026-01-27 16:24:09,278 - INFO - epoch=453 train_loss=0.0158 train_acc=0.995 val_loss=0.4250 val_acc=0.951
2026-01-27 16:24:13,142 - INFO - epoch=454 train_loss=0.0151 train_acc=0.995 val_loss=0.3916 val_acc=0.951
2026-01-27 16:24:17,018 - INFO - epoch=455 train_loss=0.0162 train_acc=0.994 val_loss=0.3840 val_acc=0.952
2026-01-27 16:24:20,878 - INFO - epoch=456 train_loss=0.0163 train_acc=0.994 val_loss=0.3865 val_acc=0.951
2026-01-27 16:24:24,747 - INFO - epoch=457 train_loss=0.0163 train_acc=0.994 val_loss=0.3992 val_acc=0.952
2026-01-27 16:24:28,592 - INFO - epoch=458 train_loss=0.0173 train_acc=0.994 val_loss=0.3910 val_acc=0.952
2026-01-27 16:24:32,431 - INFO - epoch=459 train_loss=0.0175 train_acc=0.994 val_loss=0.3826 val_acc=0.952
2026-01-27 16:24:36,301 - INFO - epoch=460 train_loss=0.0189 train_acc=0.994 val_loss=0.3855 val_acc=0.951
2026-01-27 16:24:40,232 - INFO - epoch=461 train_loss=0.0178 train_acc=0.994 val_loss=0.3936 val_acc=0.951
2026-01-27 16:24:44,118 - INFO - epoch=462 train_loss=0.0157 train_acc=0.994 val_loss=0.3889 val_acc=0.950
2026-01-27 16:24:47,982 - INFO - epoch=463 train_loss=0.0166 train_acc=0.994 val_loss=0.3920 val_acc=0.952
2026-01-27 16:24:51,887 - INFO - epoch=464 train_loss=0.0158 train_acc=0.995 val_loss=0.3797 val_acc=0.953
2026-01-27 16:24:55,774 - INFO - epoch=465 train_loss=0.0156 train_acc=0.995 val_loss=0.3839 val_acc=0.951
2026-01-27 16:24:59,647 - INFO - epoch=466 train_loss=0.0161 train_acc=0.994 val_loss=0.3822 val_acc=0.952
2026-01-27 16:25:03,538 - INFO - epoch=467 train_loss=0.0167 train_acc=0.994 val_loss=0.3827 val_acc=0.953
2026-01-27 16:25:07,429 - INFO - epoch=468 train_loss=0.0168 train_acc=0.994 val_loss=0.3666 val_acc=0.951
2026-01-27 16:25:11,312 - INFO - epoch=469 train_loss=0.0157 train_acc=0.994 val_loss=0.3837 val_acc=0.953
2026-01-27 16:25:15,212 - INFO - epoch=470 train_loss=0.0151 train_acc=0.995 val_loss=0.3807 val_acc=0.952
2026-01-27 16:25:19,055 - INFO - epoch=471 train_loss=0.0144 train_acc=0.995 val_loss=0.4015 val_acc=0.951
2026-01-27 16:25:22,903 - INFO - epoch=472 train_loss=0.0143 train_acc=0.995 val_loss=0.4027 val_acc=0.951
2026-01-27 16:25:26,753 - INFO - epoch=473 train_loss=0.0148 train_acc=0.994 val_loss=0.3952 val_acc=0.952
2026-01-27 16:25:30,625 - INFO - epoch=474 train_loss=0.0156 train_acc=0.995 val_loss=0.3930 val_acc=0.952
2026-01-27 16:25:34,519 - INFO - epoch=475 train_loss=0.0160 train_acc=0.995 val_loss=0.3938 val_acc=0.951
2026-01-27 16:25:38,426 - INFO - epoch=476 train_loss=0.0173 train_acc=0.994 val_loss=0.3792 val_acc=0.954
2026-01-27 16:25:42,291 - INFO - epoch=477 train_loss=0.0158 train_acc=0.994 val_loss=0.3921 val_acc=0.953
2026-01-27 16:25:46,152 - INFO - epoch=478 train_loss=0.0160 train_acc=0.994 val_loss=0.3938 val_acc=0.954
2026-01-27 16:25:50,024 - INFO - epoch=479 train_loss=0.0167 train_acc=0.994 val_loss=0.3793 val_acc=0.951
2026-01-27 16:25:53,894 - INFO - epoch=480 train_loss=0.0147 train_acc=0.995 val_loss=0.3876 val_acc=0.951
2026-01-27 16:25:57,797 - INFO - epoch=481 train_loss=0.0141 train_acc=0.995 val_loss=0.3970 val_acc=0.950
2026-01-27 16:26:01,651 - INFO - epoch=482 train_loss=0.0146 train_acc=0.995 val_loss=0.3894 val_acc=0.951
2026-01-27 16:26:05,480 - INFO - epoch=483 train_loss=0.0143 train_acc=0.995 val_loss=0.4002 val_acc=0.952
2026-01-27 16:26:09,376 - INFO - epoch=484 train_loss=0.0144 train_acc=0.995 val_loss=0.3933 val_acc=0.951
2026-01-27 16:26:13,237 - INFO - epoch=485 train_loss=0.0148 train_acc=0.995 val_loss=0.4088 val_acc=0.951
2026-01-27 16:26:17,071 - INFO - epoch=486 train_loss=0.0143 train_acc=0.995 val_loss=0.4093 val_acc=0.951
2026-01-27 16:26:20,916 - INFO - epoch=487 train_loss=0.0142 train_acc=0.995 val_loss=0.4095 val_acc=0.953
2026-01-27 16:26:24,778 - INFO - epoch=488 train_loss=0.0136 train_acc=0.995 val_loss=0.4039 val_acc=0.952
2026-01-27 16:26:28,653 - INFO - epoch=489 train_loss=0.0136 train_acc=0.995 val_loss=0.3847 val_acc=0.952
2026-01-27 16:26:32,526 - INFO - epoch=490 train_loss=0.0139 train_acc=0.995 val_loss=0.4024 val_acc=0.952
2026-01-27 16:26:36,416 - INFO - epoch=491 train_loss=0.0137 train_acc=0.995 val_loss=0.4246 val_acc=0.952
2026-01-27 16:26:40,272 - INFO - epoch=492 train_loss=0.0146 train_acc=0.995 val_loss=0.3920 val_acc=0.953
2026-01-27 16:26:44,151 - INFO - epoch=493 train_loss=0.0141 train_acc=0.995 val_loss=0.4098 val_acc=0.950
2026-01-27 16:26:48,010 - INFO - epoch=494 train_loss=0.0149 train_acc=0.995 val_loss=0.4222 val_acc=0.951
2026-01-27 16:26:51,880 - INFO - epoch=495 train_loss=0.0140 train_acc=0.995 val_loss=0.4049 val_acc=0.952
2026-01-27 16:26:55,775 - INFO - epoch=496 train_loss=0.0138 train_acc=0.995 val_loss=0.4193 val_acc=0.952
2026-01-27 16:26:59,638 - INFO - epoch=497 train_loss=0.0130 train_acc=0.995 val_loss=0.4225 val_acc=0.952
2026-01-27 16:27:03,514 - INFO - epoch=498 train_loss=0.0130 train_acc=0.995 val_loss=0.4134 val_acc=0.952
2026-01-27 16:27:07,387 - INFO - epoch=499 train_loss=0.0135 train_acc=0.995 val_loss=0.4302 val_acc=0.951
2026-01-27 16:27:11,252 - INFO - epoch=500 train_loss=0.0139 train_acc=0.995 val_loss=0.4271 val_acc=0.951
2026-01-27 16:27:11,356 - INFO - saved: /home/jinlin/data/geoexplicit_data/experiments/icml2026_routegen/WAYCASD_PASTCTX_nodist_strict_sem5_rustbelt_seed0/W6_train_ae/report.json
