[WARN] pyrosm get_network failed (/home/jinlin/data/geoexplicit_data/osm/michigan-latest.osm.pbf): "None of ['id'] are in the columns"
[WARN] pyrosm get_network failed (/home/jinlin/data/geoexplicit_data/osm/michigan-latest.osm.pbf): "None of ['id'] are in the columns"
[WARN] pyrosm get_network failed (/home/jinlin/data/geoexplicit_data/osm/michigan-latest.osm.pbf): "None of ['id'] are in the columns"
/home/jinlin/miniconda3/envs/dpl/lib/python3.11/site-packages/pyrosm/networks.py:37: FutureWarning: ChainedAssignmentError: behaviour will change in pandas 3.0!
You are setting values through chained assignment. Currently this works in certain cases, but when using Copy-on-Write (which will become the default behaviour in pandas 3.0) this will never work to update the original DataFrame or Series, because the intermediate object on which we are setting values will behave as a copy.
A typical example is when you are setting values in a column of a DataFrame, like:

df["col"][row_indexer] = value

Use `df.loc[row_indexer, "col"] = values` instead, to perform the assignment in a single step and ensure this keeps updating the original `df`.

See the caveats in the documentation: https://pandas.pydata.org/pandas-docs/stable/user_guide/indexing.html#returning-a-view-versus-a-copy

  edges, nodes = prepare_geodataframe(
Traceback (most recent call last):
  File "<frozen runpy>", line 198, in _run_module_as_main
  File "<frozen runpy>", line 88, in _run_code
  File "/home/jinlin/projects/Mobility_v3/src/evaluation/plot_worldtrace_multimodal_od_bins.py", line 398, in <module>
    main()
  File "/home/jinlin/projects/Mobility_v3/src/evaluation/plot_worldtrace_multimodal_od_bins.py", line 369, in main
    _plot_one_od(
  File "/home/jinlin/projects/Mobility_v3/src/evaluation/plot_worldtrace_multimodal_od_bins.py", line 195, in _plot_one_od
    _plot_roads(ax_map, osm_pbf=osm_pbf_oh, bbox=view_bbox)
  File "/home/jinlin/projects/Mobility_v3/src/evaluation/plot_worldtrace_multimodal_od_bins.py", line 135, in _plot_roads
    coords = np.asarray(getattr(geom, "coords", []), dtype=np.float64)
                        ^^^^^^^^^^^^^^^^^^^^^^^^^^^
  File "/home/jinlin/miniconda3/envs/dpl/lib/python3.11/site-packages/shapely/geometry/base.py", line 1033, in coords
    raise NotImplementedError(
NotImplementedError: Sub-geometries may have coordinate sequences, but multi-part geometries do not
