[WARN] pyrosm get_network failed (/home/jinlin/data/geoexplicit_data/osm/michigan-latest.osm.pbf): "None of ['id'] are in the columns"
[WARN] pyrosm get_network failed (/home/jinlin/data/geoexplicit_data/osm/michigan-latest.osm.pbf): "None of ['id'] are in the columns"
[WARN] pyrosm get_network failed (/home/jinlin/data/geoexplicit_data/osm/michigan-latest.osm.pbf): "None of ['id'] are in the columns"
/home/jinlin/miniconda3/envs/dpl/lib/python3.11/site-packages/pyrosm/networks.py:37: FutureWarning: ChainedAssignmentError: behaviour will change in pandas 3.0!
You are setting values through chained assignment. Currently this works in certain cases, but when using Copy-on-Write (which will become the default behaviour in pandas 3.0) this will never work to update the original DataFrame or Series, because the intermediate object on which we are setting values will behave as a copy.
A typical example is when you are setting values in a column of a DataFrame, like:

df["col"][row_indexer] = value

Use `df.loc[row_indexer, "col"] = values` instead, to perform the assignment in a single step and ensure this keeps updating the original `df`.

See the caveats in the documentation: https://pandas.pydata.org/pandas-docs/stable/user_guide/indexing.html#returning-a-view-versus-a-copy

  edges, nodes = prepare_geodataframe(
/home/jinlin/miniconda3/envs/dpl/lib/python3.11/site-packages/pyrosm/networks.py:37: FutureWarning: ChainedAssignmentError: behaviour will change in pandas 3.0!
You are setting values through chained assignment. Currently this works in certain cases, but when using Copy-on-Write (which will become the default behaviour in pandas 3.0) this will never work to update the original DataFrame or Series, because the intermediate object on which we are setting values will behave as a copy.
A typical example is when you are setting values in a column of a DataFrame, like:

df["col"][row_indexer] = value

Use `df.loc[row_indexer, "col"] = values` instead, to perform the assignment in a single step and ensure this keeps updating the original `df`.

See the caveats in the documentation: https://pandas.pydata.org/pandas-docs/stable/user_guide/indexing.html#returning-a-view-versus-a-copy

  edges, nodes = prepare_geodataframe(
/home/jinlin/miniconda3/envs/dpl/lib/python3.11/site-packages/pyrosm/networks.py:37: FutureWarning: ChainedAssignmentError: behaviour will change in pandas 3.0!
You are setting values through chained assignment. Currently this works in certain cases, but when using Copy-on-Write (which will become the default behaviour in pandas 3.0) this will never work to update the original DataFrame or Series, because the intermediate object on which we are setting values will behave as a copy.
A typical example is when you are setting values in a column of a DataFrame, like:

df["col"][row_indexer] = value

Use `df.loc[row_indexer, "col"] = values` instead, to perform the assignment in a single step and ensure this keeps updating the original `df`.

See the caveats in the documentation: https://pandas.pydata.org/pandas-docs/stable/user_guide/indexing.html#returning-a-view-versus-a-copy

  edges, nodes = prepare_geodataframe(
[WARN] pyrosm get_network failed (/home/jinlin/data/geoexplicit_data/osm/michigan-latest.osm.pbf): "None of ['id'] are in the columns"
[WARN] pyrosm get_network failed (/home/jinlin/data/geoexplicit_data/osm/michigan-latest.osm.pbf): "None of ['id'] are in the columns"
/home/jinlin/miniconda3/envs/dpl/lib/python3.11/site-packages/pyrosm/networks.py:37: FutureWarning: ChainedAssignmentError: behaviour will change in pandas 3.0!
You are setting values through chained assignment. Currently this works in certain cases, but when using Copy-on-Write (which will become the default behaviour in pandas 3.0) this will never work to update the original DataFrame or Series, because the intermediate object on which we are setting values will behave as a copy.
A typical example is when you are setting values in a column of a DataFrame, like:

df["col"][row_indexer] = value

Use `df.loc[row_indexer, "col"] = values` instead, to perform the assignment in a single step and ensure this keeps updating the original `df`.

See the caveats in the documentation: https://pandas.pydata.org/pandas-docs/stable/user_guide/indexing.html#returning-a-view-versus-a-copy

  edges, nodes = prepare_geodataframe(
/home/jinlin/miniconda3/envs/dpl/lib/python3.11/site-packages/pyrosm/pyrosm.py:249: UserWarning: Could not find any edges for given area.
  edges, node_gdf = get_network_data(
/home/jinlin/miniconda3/envs/dpl/lib/python3.11/site-packages/pyrosm/networks.py:37: FutureWarning: ChainedAssignmentError: behaviour will change in pandas 3.0!
You are setting values through chained assignment. Currently this works in certain cases, but when using Copy-on-Write (which will become the default behaviour in pandas 3.0) this will never work to update the original DataFrame or Series, because the intermediate object on which we are setting values will behave as a copy.
A typical example is when you are setting values in a column of a DataFrame, like:

df["col"][row_indexer] = value

Use `df.loc[row_indexer, "col"] = values` instead, to perform the assignment in a single step and ensure this keeps updating the original `df`.

See the caveats in the documentation: https://pandas.pydata.org/pandas-docs/stable/user_guide/indexing.html#returning-a-view-versus-a-copy

  edges, nodes = prepare_geodataframe(
[WARN] pyrosm get_network failed (/home/jinlin/data/geoexplicit_data/osm/michigan-latest.osm.pbf): "None of ['id'] are in the columns"
/home/jinlin/miniconda3/envs/dpl/lib/python3.11/site-packages/pyrosm/pyrosm.py:249: UserWarning: Could not find any edges for given area.
  edges, node_gdf = get_network_data(
[WARN] pyrosm get_network failed (/home/jinlin/data/geoexplicit_data/osm/michigan-latest.osm.pbf): "None of ['id'] are in the columns"
/home/jinlin/miniconda3/envs/dpl/lib/python3.11/site-packages/pyrosm/networks.py:37: FutureWarning: ChainedAssignmentError: behaviour will change in pandas 3.0!
You are setting values through chained assignment. Currently this works in certain cases, but when using Copy-on-Write (which will become the default behaviour in pandas 3.0) this will never work to update the original DataFrame or Series, because the intermediate object on which we are setting values will behave as a copy.
A typical example is when you are setting values in a column of a DataFrame, like:

df["col"][row_indexer] = value

Use `df.loc[row_indexer, "col"] = values` instead, to perform the assignment in a single step and ensure this keeps updating the original `df`.

See the caveats in the documentation: https://pandas.pydata.org/pandas-docs/stable/user_guide/indexing.html#returning-a-view-versus-a-copy

  edges, nodes = prepare_geodataframe(
{
  "ok": true,
  "out_dir": "/home/jinlin/data/geoexplicit_data/experiments/icml2026_routegen/A_mm_od_mioh_v1_viz_top20",
  "n_plotted": 20
}
