2026-03-01 14:46:04,765 - INFO - device=cuda
2026-03-01 14:46:05,455 - INFO - split_json=/home/jinlin/data/geoexplicit_data/experiments/icml2026_routegen/WAYCASD0_waydata_porto_seed0/W5_way_routes_strict_gate/od_split_min3_max160_seed0_dev10p.json train_routes=108153 val_routes=13086 => train_idx=107706 val_idx=13041
2026-03-01 14:46:05,456 - INFO - routes: total=1343467 train=107706 val=13041 min_hops=5 max_way_len=160
/home/jinlin/miniconda3/envs/dpl/lib/python3.11/site-packages/torch/nn/modules/transformer.py:392: UserWarning: enable_nested_tensor is True, but self.use_nested_tensor is False because encoder_layer.norm_first was True
  warnings.warn(
2026-03-01 14:46:10,243 - INFO - init best_val_loss=3.210766 from current weights (epoch=0)
2026-03-01 14:47:34,303 - INFO - epoch=1 train_loss=2.5884(ce=2.5884 kl=2590.4751 β=0.0000) train_acc=0.170 val_loss=2.3671(ce=2.3671 kl=1645.0489 β=0.0000) val_acc=0.237
2026-03-01 14:49:01,710 - INFO - epoch=2 train_loss=2.3768(ce=2.3333 kl=126.1111 β=0.0003) train_acc=0.235 val_loss=2.1952(ce=2.1563 kl=112.7754 β=0.0003) val_acc=0.282
2026-03-01 14:50:29,160 - INFO - epoch=3 train_loss=2.1953(ce=2.1355 kl=86.8005 β=0.0007) train_acc=0.286 val_loss=2.0192(ce=1.9577 kl=89.0720 β=0.0007) val_acc=0.342
2026-03-01 14:51:55,898 - INFO - epoch=4 train_loss=2.0638(ce=1.9846 kl=76.5135 β=0.0010) train_acc=0.334 val_loss=1.8942(ce=1.8121 kl=79.3274 β=0.0010) val_acc=0.393
2026-03-01 14:53:23,045 - INFO - epoch=5 train_loss=1.9673(ce=1.8721 kl=68.9876 β=0.0014) train_acc=0.370 val_loss=1.7854(ce=1.6894 kl=69.5966 β=0.0014) val_acc=0.433
2026-03-01 14:54:50,071 - INFO - epoch=6 train_loss=1.8904(ce=1.7814 kl=63.1891 β=0.0017) train_acc=0.400 val_loss=1.7030(ce=1.5942 kl=63.0975 β=0.0017) val_acc=0.469
2026-03-01 14:56:17,163 - INFO - epoch=7 train_loss=1.8263(ce=1.7063 kl=58.0280 β=0.0021) train_acc=0.425 val_loss=1.6370(ce=1.5155 kl=58.7276 β=0.0021) val_acc=0.496
2026-03-01 14:57:44,123 - INFO - epoch=8 train_loss=1.7668(ce=1.6376 kl=53.5519 β=0.0024) train_acc=0.449 val_loss=1.5642(ce=1.4324 kl=54.5950 β=0.0024) val_acc=0.525
2026-03-01 14:59:11,272 - INFO - epoch=9 train_loss=1.6763(ce=1.5420 kl=48.6717 β=0.0028) train_acc=0.481 val_loss=1.4429(ce=1.3080 kl=48.9015 β=0.0028) val_acc=0.563
2026-03-01 15:00:38,446 - INFO - epoch=10 train_loss=1.5253(ce=1.3916 kl=43.0770 β=0.0031) train_acc=0.529 val_loss=1.3042(ce=1.1693 kl=43.4787 β=0.0031) val_acc=0.606
2026-03-01 15:02:05,318 - INFO - epoch=11 train_loss=1.4026(ce=1.2695 kl=38.5748 β=0.0034) train_acc=0.568 val_loss=1.2103(ce=1.0808 kl=37.5476 β=0.0034) val_acc=0.633
2026-03-01 15:03:32,190 - INFO - epoch=12 train_loss=1.3329(ce=1.2000 kl=35.0379 β=0.0038) train_acc=0.590 val_loss=1.1506(ce=1.0204 kl=34.3146 β=0.0038) val_acc=0.650
2026-03-01 15:04:59,017 - INFO - epoch=13 train_loss=1.2912(ce=1.1582 kl=32.1475 β=0.0041) train_acc=0.603 val_loss=1.1329(ce=0.9998 kl=32.1571 β=0.0041) val_acc=0.657
2026-03-01 15:06:25,786 - INFO - epoch=14 train_loss=1.2643(ce=1.1311 kl=29.7280 β=0.0045) train_acc=0.612 val_loss=1.1048(ce=0.9665 kl=30.8371 β=0.0045) val_acc=0.669
2026-03-01 15:07:52,549 - INFO - epoch=15 train_loss=1.2436(ce=1.1108 kl=27.4935 β=0.0048) train_acc=0.620 val_loss=1.0874(ce=0.9553 kl=27.3633 β=0.0048) val_acc=0.672
2026-03-01 15:09:19,379 - INFO - epoch=16 train_loss=1.2250(ce=1.0937 kl=25.3935 β=0.0052) train_acc=0.625 val_loss=1.0711(ce=0.9380 kl=25.7227 β=0.0052) val_acc=0.678
2026-03-01 15:10:46,182 - INFO - epoch=17 train_loss=1.2118(ce=1.0816 kl=23.5966 β=0.0055) train_acc=0.630 val_loss=1.0688(ce=0.9283 kl=25.4568 β=0.0055) val_acc=0.683
2026-03-01 15:12:13,113 - INFO - epoch=18 train_loss=1.1988(ce=1.0705 kl=21.8903 β=0.0059) train_acc=0.633 val_loss=1.0453(ce=0.9174 kl=21.8161 β=0.0059) val_acc=0.685
2026-03-01 15:13:40,036 - INFO - epoch=19 train_loss=1.1880(ce=1.0621 kl=20.2906 β=0.0062) train_acc=0.637 val_loss=1.0387(ce=0.9115 kl=20.4947 β=0.0062) val_acc=0.688
2026-03-01 15:15:06,879 - INFO - epoch=20 train_loss=1.1787(ce=1.0549 kl=18.9053 β=0.0066) train_acc=0.640 val_loss=1.0379(ce=0.9109 kl=19.3850 β=0.0066) val_acc=0.689
2026-03-01 15:16:33,749 - INFO - epoch=21 train_loss=1.1691(ce=1.0483 kl=17.5264 β=0.0069) train_acc=0.642 val_loss=1.0292(ce=0.9038 kl=18.1837 β=0.0069) val_acc=0.690
2026-03-01 15:18:00,603 - INFO - epoch=22 train_loss=1.1604(ce=1.0426 kl=16.2728 β=0.0072) train_acc=0.644 val_loss=1.0150(ce=0.8981 kl=16.1375 β=0.0072) val_acc=0.692
2026-03-01 15:19:27,684 - INFO - epoch=23 train_loss=1.1529(ce=1.0389 kl=15.0285 β=0.0076) train_acc=0.646 val_loss=1.0159(ce=0.8963 kl=15.7675 β=0.0076) val_acc=0.692
2026-03-01 15:20:54,471 - INFO - epoch=24 train_loss=1.1465(ce=1.0356 kl=13.9840 β=0.0079) train_acc=0.648 val_loss=1.0071(ce=0.8911 kl=14.6250 β=0.0079) val_acc=0.695
2026-03-01 15:22:21,267 - INFO - epoch=25 train_loss=1.1396(ce=1.0323 kl=12.9733 β=0.0083) train_acc=0.649 val_loss=1.0034(ce=0.8944 kl=13.1709 β=0.0083) val_acc=0.693
2026-03-01 15:23:47,964 - INFO - epoch=26 train_loss=1.1328(ce=1.0297 kl=11.9616 β=0.0086) train_acc=0.650 val_loss=0.9954(ce=0.8904 kl=12.1771 β=0.0086) val_acc=0.697
2026-03-01 15:25:14,769 - INFO - epoch=27 train_loss=1.1258(ce=1.0267 kl=11.0544 β=0.0090) train_acc=0.652 val_loss=0.9948(ce=0.8950 kl=11.1266 β=0.0090) val_acc=0.695
2026-03-01 15:26:41,526 - INFO - epoch=28 train_loss=1.1202(ce=1.0255 kl=10.1653 β=0.0093) train_acc=0.652 val_loss=0.9860(ce=0.8920 kl=10.0868 β=0.0093) val_acc=0.698
2026-03-01 15:28:08,219 - INFO - epoch=29 train_loss=1.1143(ce=1.0237 kl=9.3789 β=0.0097) train_acc=0.653 val_loss=0.9828(ce=0.8918 kl=9.4184 β=0.0097) val_acc=0.696
2026-03-01 15:29:34,974 - INFO - epoch=30 train_loss=1.1079(ce=1.0217 kl=8.6271 β=0.0100) train_acc=0.654 val_loss=0.9810(ce=0.8967 kl=8.4253 β=0.0100) val_acc=0.695
2026-03-01 15:31:01,823 - INFO - epoch=31 train_loss=1.1001(ce=1.0172 kl=8.2848 β=0.0100) train_acc=0.656 val_loss=0.9712(ce=0.8829 kl=8.8338 β=0.0100) val_acc=0.699
2026-03-01 15:32:28,593 - INFO - epoch=32 train_loss=1.0923(ce=1.0117 kl=8.0576 β=0.0100) train_acc=0.657 val_loss=0.9688(ce=0.8851 kl=8.3638 β=0.0100) val_acc=0.699
2026-03-01 15:33:55,365 - INFO - epoch=33 train_loss=1.0834(ce=1.0047 kl=7.8704 β=0.0100) train_acc=0.660 val_loss=0.9644(ce=0.8863 kl=7.8107 β=0.0100) val_acc=0.698
2026-03-01 15:35:22,192 - INFO - epoch=34 train_loss=1.0775(ce=1.0006 kl=7.6917 β=0.0100) train_acc=0.661 val_loss=0.9532(ce=0.8761 kl=7.7120 β=0.0100) val_acc=0.702
2026-03-01 15:36:49,201 - INFO - epoch=35 train_loss=1.0711(ce=0.9952 kl=7.5900 β=0.0100) train_acc=0.662 val_loss=0.9484(ce=0.8745 kl=7.3977 β=0.0100) val_acc=0.702
2026-03-01 15:38:15,841 - INFO - epoch=36 train_loss=1.0653(ce=0.9909 kl=7.4377 β=0.0100) train_acc=0.664 val_loss=0.9450(ce=0.8689 kl=7.6128 β=0.0100) val_acc=0.704
2026-03-01 15:39:42,634 - INFO - epoch=37 train_loss=1.0598(ce=0.9863 kl=7.3472 β=0.0100) train_acc=0.665 val_loss=0.9409(ce=0.8652 kl=7.5769 β=0.0100) val_acc=0.705
2026-03-01 15:41:09,424 - INFO - epoch=38 train_loss=1.0549(ce=0.9825 kl=7.2429 β=0.0100) train_acc=0.666 val_loss=0.9379(ce=0.8667 kl=7.1205 β=0.0100) val_acc=0.704
2026-03-01 15:42:36,220 - INFO - epoch=39 train_loss=1.0492(ce=0.9776 kl=7.1584 β=0.0100) train_acc=0.668 val_loss=0.9363(ce=0.8595 kl=7.6822 β=0.0100) val_acc=0.707
2026-03-01 15:44:02,888 - INFO - epoch=40 train_loss=1.0445(ce=0.9736 kl=7.0861 β=0.0100) train_acc=0.669 val_loss=0.9316(ce=0.8611 kl=7.0494 β=0.0100) val_acc=0.705
2026-03-01 15:45:29,800 - INFO - epoch=41 train_loss=1.0394(ce=0.9693 kl=7.0117 β=0.0100) train_acc=0.670 val_loss=0.9276(ce=0.8548 kl=7.2771 β=0.0100) val_acc=0.707
2026-03-01 15:46:56,736 - INFO - epoch=42 train_loss=1.0346(ce=0.9648 kl=6.9744 β=0.0100) train_acc=0.671 val_loss=0.9297(ce=0.8609 kl=6.8774 β=0.0100) val_acc=0.705
2026-03-01 15:48:23,482 - INFO - epoch=43 train_loss=1.0303(ce=0.9615 kl=6.8797 β=0.0100) train_acc=0.672 val_loss=0.9199(ce=0.8512 kl=6.8750 β=0.0100) val_acc=0.708
2026-03-01 15:49:50,195 - INFO - epoch=44 train_loss=1.0247(ce=0.9564 kl=6.8334 β=0.0100) train_acc=0.674 val_loss=0.9182(ce=0.8500 kl=6.8179 β=0.0100) val_acc=0.709
2026-03-01 15:51:16,837 - INFO - epoch=45 train_loss=1.0211(ce=0.9531 kl=6.7992 β=0.0100) train_acc=0.675 val_loss=0.9101(ce=0.8422 kl=6.7845 β=0.0100) val_acc=0.711
2026-03-01 15:52:43,517 - INFO - epoch=46 train_loss=1.0180(ce=0.9504 kl=6.7583 β=0.0100) train_acc=0.675 val_loss=0.9104(ce=0.8400 kl=7.0436 β=0.0100) val_acc=0.713
2026-03-01 15:54:10,232 - INFO - epoch=47 train_loss=1.0140(ce=0.9467 kl=6.7325 β=0.0100) train_acc=0.676 val_loss=0.9156(ce=0.8453 kl=7.0380 β=0.0100) val_acc=0.710
2026-03-01 15:55:36,965 - INFO - epoch=48 train_loss=1.0104(ce=0.9435 kl=6.6861 β=0.0100) train_acc=0.677 val_loss=0.9048(ce=0.8351 kl=6.9745 β=0.0100) val_acc=0.713
2026-03-01 15:57:03,876 - INFO - epoch=49 train_loss=1.0072(ce=0.9407 kl=6.6464 β=0.0100) train_acc=0.678 val_loss=0.9038(ce=0.8328 kl=7.0952 β=0.0100) val_acc=0.713
2026-03-01 15:58:30,752 - INFO - epoch=50 train_loss=1.0035(ce=0.9373 kl=6.6201 β=0.0100) train_acc=0.679 val_loss=0.9024(ce=0.8346 kl=6.7866 β=0.0100) val_acc=0.713
2026-03-01 15:59:57,807 - INFO - epoch=51 train_loss=0.9996(ce=0.9337 kl=6.5891 β=0.0100) train_acc=0.680 val_loss=0.8949(ce=0.8267 kl=6.8151 β=0.0100) val_acc=0.716
2026-03-01 16:01:24,661 - INFO - epoch=52 train_loss=0.9965(ce=0.9307 kl=6.5795 β=0.0100) train_acc=0.681 val_loss=0.8958(ce=0.8243 kl=7.1482 β=0.0100) val_acc=0.716
2026-03-01 16:02:51,712 - INFO - epoch=53 train_loss=0.9937(ce=0.9284 kl=6.5346 β=0.0100) train_acc=0.682 val_loss=0.8876(ce=0.8229 kl=6.4687 β=0.0100) val_acc=0.716
2026-03-01 16:04:18,775 - INFO - epoch=54 train_loss=0.9915(ce=0.9263 kl=6.5204 β=0.0100) train_acc=0.682 val_loss=0.8895(ce=0.8238 kl=6.5667 β=0.0100) val_acc=0.715
2026-03-01 16:05:45,965 - INFO - epoch=55 train_loss=0.9872(ce=0.9223 kl=6.4900 β=0.0100) train_acc=0.683 val_loss=0.8895(ce=0.8234 kl=6.6098 β=0.0100) val_acc=0.715
2026-03-01 16:07:13,072 - INFO - epoch=56 train_loss=0.9845(ce=0.9195 kl=6.5014 β=0.0100) train_acc=0.684 val_loss=0.8849(ce=0.8179 kl=6.7058 β=0.0100) val_acc=0.718
2026-03-01 16:08:40,152 - INFO - epoch=57 train_loss=0.9813(ce=0.9165 kl=6.4811 β=0.0100) train_acc=0.685 val_loss=0.8864(ce=0.8201 kl=6.6268 β=0.0100) val_acc=0.717
2026-03-01 16:10:07,306 - INFO - epoch=58 train_loss=0.9794(ce=0.9150 kl=6.4452 β=0.0100) train_acc=0.685 val_loss=0.8800(ce=0.8132 kl=6.6828 β=0.0100) val_acc=0.719
2026-03-01 16:11:34,533 - INFO - epoch=59 train_loss=0.9764(ce=0.9121 kl=6.4370 β=0.0100) train_acc=0.686 val_loss=0.8745(ce=0.8080 kl=6.6507 β=0.0100) val_acc=0.720
2026-03-01 16:13:01,708 - INFO - epoch=60 train_loss=0.9735(ce=0.9092 kl=6.4302 β=0.0100) train_acc=0.687 val_loss=0.8776(ce=0.8109 kl=6.6770 β=0.0100) val_acc=0.719
2026-03-01 16:14:28,926 - INFO - epoch=61 train_loss=0.9718(ce=0.9077 kl=6.4097 β=0.0100) train_acc=0.687 val_loss=0.8791(ce=0.8134 kl=6.5763 β=0.0100) val_acc=0.719
2026-03-01 16:15:55,973 - INFO - epoch=62 train_loss=0.9693(ce=0.9053 kl=6.4017 β=0.0100) train_acc=0.688 val_loss=0.8732(ce=0.8063 kl=6.6946 β=0.0100) val_acc=0.722
2026-03-01 16:17:22,878 - INFO - epoch=63 train_loss=0.9667(ce=0.9028 kl=6.3937 β=0.0100) train_acc=0.689 val_loss=0.8692(ce=0.8035 kl=6.5679 β=0.0100) val_acc=0.722
2026-03-01 16:18:49,862 - INFO - epoch=64 train_loss=0.9638(ce=0.9000 kl=6.3850 β=0.0100) train_acc=0.690 val_loss=0.8689(ce=0.8021 kl=6.6862 β=0.0100) val_acc=0.722
2026-03-01 16:20:17,056 - INFO - epoch=65 train_loss=0.9622(ce=0.8984 kl=6.3843 β=0.0100) train_acc=0.690 val_loss=0.8649(ce=0.8009 kl=6.3925 β=0.0100) val_acc=0.722
2026-03-01 16:21:44,061 - INFO - epoch=66 train_loss=0.9604(ce=0.8965 kl=6.3846 β=0.0100) train_acc=0.691 val_loss=0.8684(ce=0.8009 kl=6.7459 β=0.0100) val_acc=0.723
2026-03-01 16:23:11,097 - INFO - epoch=67 train_loss=0.9585(ce=0.8949 kl=6.3592 β=0.0100) train_acc=0.691 val_loss=0.8638(ce=0.7978 kl=6.6029 β=0.0100) val_acc=0.724
2026-03-01 16:24:38,118 - INFO - epoch=68 train_loss=0.9552(ce=0.8916 kl=6.3550 β=0.0100) train_acc=0.692 val_loss=0.8628(ce=0.7946 kl=6.8146 β=0.0100) val_acc=0.725
2026-03-01 16:26:05,282 - INFO - epoch=69 train_loss=0.9536(ce=0.8900 kl=6.3586 β=0.0100) train_acc=0.692 val_loss=0.8613(ce=0.7968 kl=6.4529 β=0.0100) val_acc=0.724
2026-03-01 16:27:32,366 - INFO - epoch=70 train_loss=0.9512(ce=0.8876 kl=6.3627 β=0.0100) train_acc=0.693 val_loss=0.8604(ce=0.7930 kl=6.7404 β=0.0100) val_acc=0.725
2026-03-01 16:28:59,592 - INFO - epoch=71 train_loss=0.9496(ce=0.8861 kl=6.3483 β=0.0100) train_acc=0.693 val_loss=0.8597(ce=0.7957 kl=6.3992 β=0.0100) val_acc=0.724
2026-03-01 16:30:26,566 - INFO - epoch=72 train_loss=0.9467(ce=0.8833 kl=6.3314 β=0.0100) train_acc=0.694 val_loss=0.8545(ce=0.7887 kl=6.5746 β=0.0100) val_acc=0.727
2026-03-01 16:31:53,600 - INFO - epoch=73 train_loss=0.9453(ce=0.8818 kl=6.3432 β=0.0100) train_acc=0.694 val_loss=0.8536(ce=0.7907 kl=6.2842 β=0.0100) val_acc=0.727
2026-03-01 16:33:20,923 - INFO - epoch=74 train_loss=0.9428(ce=0.8794 kl=6.3335 β=0.0100) train_acc=0.695 val_loss=0.8531(ce=0.7904 kl=6.2709 β=0.0100) val_acc=0.727
2026-03-01 16:34:48,073 - INFO - epoch=75 train_loss=0.9418(ce=0.8786 kl=6.3213 β=0.0100) train_acc=0.695 val_loss=0.8508(ce=0.7866 kl=6.4188 β=0.0100) val_acc=0.727
2026-03-01 16:36:15,274 - INFO - epoch=76 train_loss=0.9398(ce=0.8767 kl=6.3083 β=0.0100) train_acc=0.696 val_loss=0.8501(ce=0.7870 kl=6.3078 β=0.0100) val_acc=0.726
2026-03-01 16:37:42,318 - INFO - epoch=77 train_loss=0.9378(ce=0.8746 kl=6.3188 β=0.0100) train_acc=0.697 val_loss=0.8517(ce=0.7861 kl=6.5530 β=0.0100) val_acc=0.727
2026-03-01 16:39:09,371 - INFO - epoch=78 train_loss=0.9376(ce=0.8743 kl=6.3259 β=0.0100) train_acc=0.697 val_loss=0.8485(ce=0.7820 kl=6.6476 β=0.0100) val_acc=0.729
2026-03-01 16:40:36,461 - INFO - epoch=79 train_loss=0.9349(ce=0.8715 kl=6.3339 β=0.0100) train_acc=0.698 val_loss=0.8437(ce=0.7795 kl=6.4146 β=0.0100) val_acc=0.729
2026-03-01 16:42:03,506 - INFO - epoch=80 train_loss=0.9324(ce=0.8691 kl=6.3255 β=0.0100) train_acc=0.698 val_loss=0.8474(ce=0.7828 kl=6.4664 β=0.0100) val_acc=0.728
2026-03-01 16:43:30,589 - INFO - epoch=81 train_loss=0.9307(ce=0.8676 kl=6.3102 β=0.0100) train_acc=0.699 val_loss=0.8480(ce=0.7820 kl=6.6015 β=0.0100) val_acc=0.727
2026-03-01 16:44:57,630 - INFO - epoch=82 train_loss=0.9281(ce=0.8649 kl=6.3183 β=0.0100) train_acc=0.699 val_loss=0.8390(ce=0.7735 kl=6.5472 β=0.0100) val_acc=0.731
2026-03-01 16:46:24,780 - INFO - epoch=83 train_loss=0.9277(ce=0.8646 kl=6.3110 β=0.0100) train_acc=0.699 val_loss=0.8494(ce=0.7843 kl=6.5089 β=0.0100) val_acc=0.727
2026-03-01 16:47:51,995 - INFO - epoch=84 train_loss=0.9255(ce=0.8623 kl=6.3228 β=0.0100) train_acc=0.700 val_loss=0.8394(ce=0.7754 kl=6.3982 β=0.0100) val_acc=0.729
2026-03-01 16:49:19,045 - INFO - epoch=85 train_loss=0.9240(ce=0.8608 kl=6.3194 β=0.0100) train_acc=0.701 val_loss=0.8406(ce=0.7747 kl=6.5847 β=0.0100) val_acc=0.729
2026-03-01 16:50:46,046 - INFO - epoch=86 train_loss=0.9222(ce=0.8590 kl=6.3243 β=0.0100) train_acc=0.701 val_loss=0.8358(ce=0.7716 kl=6.4162 β=0.0100) val_acc=0.731
2026-03-01 16:52:13,140 - INFO - epoch=87 train_loss=0.9206(ce=0.8573 kl=6.3269 β=0.0100) train_acc=0.701 val_loss=0.8334(ce=0.7679 kl=6.5417 β=0.0100) val_acc=0.732
2026-03-01 16:53:40,201 - INFO - epoch=88 train_loss=0.9191(ce=0.8559 kl=6.3179 β=0.0100) train_acc=0.702 val_loss=0.8327(ce=0.7697 kl=6.3020 β=0.0100) val_acc=0.731
2026-03-01 16:55:07,170 - INFO - epoch=89 train_loss=0.9165(ce=0.8534 kl=6.3159 β=0.0100) train_acc=0.702 val_loss=0.8372(ce=0.7715 kl=6.5736 β=0.0100) val_acc=0.730
2026-03-01 16:56:34,072 - INFO - epoch=90 train_loss=0.9148(ce=0.8517 kl=6.3092 β=0.0100) train_acc=0.702 val_loss=0.8292(ce=0.7668 kl=6.2381 β=0.0100) val_acc=0.732
2026-03-01 16:58:01,197 - INFO - epoch=91 train_loss=0.9124(ce=0.8493 kl=6.3094 β=0.0100) train_acc=0.704 val_loss=0.8318(ce=0.7685 kl=6.3318 β=0.0100) val_acc=0.732
2026-03-01 16:59:28,144 - INFO - epoch=92 train_loss=0.9096(ce=0.8467 kl=6.2887 β=0.0100) train_acc=0.704 val_loss=0.8296(ce=0.7662 kl=6.3477 β=0.0100) val_acc=0.732
2026-03-01 17:00:55,080 - INFO - epoch=93 train_loss=0.9071(ce=0.8442 kl=6.2841 β=0.0100) train_acc=0.705 val_loss=0.8254(ce=0.7601 kl=6.5273 β=0.0100) val_acc=0.734
2026-03-01 17:02:21,953 - INFO - epoch=94 train_loss=0.9047(ce=0.8418 kl=6.2976 β=0.0100) train_acc=0.705 val_loss=0.8212(ce=0.7570 kl=6.4140 β=0.0100) val_acc=0.735
2026-03-01 17:03:49,189 - INFO - epoch=95 train_loss=0.9016(ce=0.8387 kl=6.2930 β=0.0100) train_acc=0.706 val_loss=0.8189(ce=0.7550 kl=6.3930 β=0.0100) val_acc=0.736
2026-03-01 17:05:16,299 - INFO - epoch=96 train_loss=0.8989(ce=0.8360 kl=6.2903 β=0.0100) train_acc=0.707 val_loss=0.8180(ce=0.7548 kl=6.3211 β=0.0100) val_acc=0.735
2026-03-01 17:06:43,282 - INFO - epoch=97 train_loss=0.8969(ce=0.8341 kl=6.2777 β=0.0100) train_acc=0.707 val_loss=0.8149(ce=0.7514 kl=6.3454 β=0.0100) val_acc=0.736
2026-03-01 17:08:10,401 - INFO - epoch=98 train_loss=0.8944(ce=0.8315 kl=6.2832 β=0.0100) train_acc=0.708 val_loss=0.8186(ce=0.7578 kl=6.0868 β=0.0100) val_acc=0.734
2026-03-01 17:09:37,385 - INFO - epoch=99 train_loss=0.8927(ce=0.8300 kl=6.2663 β=0.0100) train_acc=0.708 val_loss=0.8117(ce=0.7474 kl=6.4275 β=0.0100) val_acc=0.737
2026-03-01 17:11:04,439 - INFO - epoch=100 train_loss=0.8902(ce=0.8277 kl=6.2462 β=0.0100) train_acc=0.709 val_loss=0.8102(ce=0.7485 kl=6.1689 β=0.0100) val_acc=0.737
2026-03-01 17:11:04,552 - INFO - saved: _sync/wsa/pi_verify/20260225_porto_beta_vae64_flowmu_s2/A1_beta_vae64_ae/report.json

