2026-01-27 17:25:57,217 - INFO - device=cuda
2026-01-27 17:25:57,222 - INFO - loaded way_semantic: n_channels=5
2026-01-27 17:25:57,228 - INFO - routes: total=5392 train=4853 val=539 max_way_len=160
/home/jinlin/miniconda3/envs/dpl/lib/python3.11/site-packages/torch/nn/modules/transformer.py:392: UserWarning: enable_nested_tensor is True, but self.use_nested_tensor is False because encoder_layer.norm_first was True
  warnings.warn(
2026-01-27 17:25:58,497 - INFO - init best_val_loss=0.333070 from current weights (epoch=0)
2026-01-27 17:26:02,493 - INFO - epoch=1 train_loss=0.3117 train_acc=0.804 val_loss=0.3257 val_acc=0.789
2026-01-27 17:26:06,044 - INFO - epoch=2 train_loss=0.3092 train_acc=0.807 val_loss=0.3225 val_acc=0.796
2026-01-27 17:26:09,563 - INFO - epoch=3 train_loss=0.3033 train_acc=0.810 val_loss=0.3150 val_acc=0.799
2026-01-27 17:26:13,102 - INFO - epoch=4 train_loss=0.2982 train_acc=0.813 val_loss=0.3112 val_acc=0.804
2026-01-27 17:26:16,637 - INFO - epoch=5 train_loss=0.2947 train_acc=0.818 val_loss=0.3097 val_acc=0.811
2026-01-27 17:26:20,174 - INFO - epoch=6 train_loss=0.2921 train_acc=0.820 val_loss=0.3055 val_acc=0.813
2026-01-27 17:26:23,989 - INFO - epoch=7 train_loss=0.2867 train_acc=0.826 val_loss=0.3017 val_acc=0.819
2026-01-27 17:26:27,597 - INFO - epoch=8 train_loss=0.2838 train_acc=0.828 val_loss=0.2994 val_acc=0.819
2026-01-27 17:26:31,241 - INFO - epoch=9 train_loss=0.2812 train_acc=0.830 val_loss=0.2966 val_acc=0.822
2026-01-27 17:26:34,864 - INFO - epoch=10 train_loss=0.2783 train_acc=0.833 val_loss=0.2949 val_acc=0.821
2026-01-27 17:26:38,497 - INFO - epoch=11 train_loss=0.2758 train_acc=0.835 val_loss=0.2927 val_acc=0.823
2026-01-27 17:26:42,150 - INFO - epoch=12 train_loss=0.2732 train_acc=0.837 val_loss=0.2890 val_acc=0.826
2026-01-27 17:26:45,811 - INFO - epoch=13 train_loss=0.2698 train_acc=0.840 val_loss=0.2861 val_acc=0.830
2026-01-27 17:26:49,504 - INFO - epoch=14 train_loss=0.2665 train_acc=0.845 val_loss=0.2830 val_acc=0.839
2026-01-27 17:26:53,229 - INFO - epoch=15 train_loss=0.2622 train_acc=0.851 val_loss=0.2803 val_acc=0.844
2026-01-27 17:26:56,936 - INFO - epoch=16 train_loss=0.2581 train_acc=0.857 val_loss=0.2771 val_acc=0.852
2026-01-27 17:27:00,621 - INFO - epoch=17 train_loss=0.2542 train_acc=0.863 val_loss=0.2732 val_acc=0.858
2026-01-27 17:27:04,342 - INFO - epoch=18 train_loss=0.2482 train_acc=0.869 val_loss=0.2651 val_acc=0.866
2026-01-27 17:27:08,092 - INFO - epoch=19 train_loss=0.2431 train_acc=0.875 val_loss=0.2610 val_acc=0.870
2026-01-27 17:27:11,846 - INFO - epoch=20 train_loss=0.2382 train_acc=0.879 val_loss=0.2567 val_acc=0.875
2026-01-27 17:27:15,659 - INFO - epoch=21 train_loss=0.2351 train_acc=0.882 val_loss=0.2532 val_acc=0.878
2026-01-27 17:27:19,488 - INFO - epoch=22 train_loss=0.2298 train_acc=0.886 val_loss=0.2503 val_acc=0.880
2026-01-27 17:27:23,287 - INFO - epoch=23 train_loss=0.2260 train_acc=0.890 val_loss=0.2476 val_acc=0.884
2026-01-27 17:27:27,060 - INFO - epoch=24 train_loss=0.2232 train_acc=0.892 val_loss=0.2458 val_acc=0.885
2026-01-27 17:27:30,867 - INFO - epoch=25 train_loss=0.2188 train_acc=0.895 val_loss=0.2384 val_acc=0.891
2026-01-27 17:27:34,713 - INFO - epoch=26 train_loss=0.2152 train_acc=0.897 val_loss=0.2380 val_acc=0.889
2026-01-27 17:27:38,555 - INFO - epoch=27 train_loss=0.2107 train_acc=0.900 val_loss=0.2353 val_acc=0.891
2026-01-27 17:27:42,396 - INFO - epoch=28 train_loss=0.2070 train_acc=0.902 val_loss=0.2317 val_acc=0.895
2026-01-27 17:27:46,254 - INFO - epoch=29 train_loss=0.2039 train_acc=0.904 val_loss=0.2255 val_acc=0.898
2026-01-27 17:27:50,110 - INFO - epoch=30 train_loss=0.1983 train_acc=0.907 val_loss=0.2273 val_acc=0.898
2026-01-27 17:27:53,954 - INFO - epoch=31 train_loss=0.1950 train_acc=0.909 val_loss=0.2193 val_acc=0.900
2026-01-27 17:27:57,877 - INFO - epoch=32 train_loss=0.1905 train_acc=0.911 val_loss=0.2172 val_acc=0.902
2026-01-27 17:28:01,767 - INFO - epoch=33 train_loss=0.1881 train_acc=0.913 val_loss=0.2136 val_acc=0.905
2026-01-27 17:28:05,619 - INFO - epoch=34 train_loss=0.1847 train_acc=0.916 val_loss=0.2128 val_acc=0.905
2026-01-27 17:28:09,475 - INFO - epoch=35 train_loss=0.1803 train_acc=0.917 val_loss=0.2112 val_acc=0.906
2026-01-27 17:28:13,362 - INFO - epoch=36 train_loss=0.1776 train_acc=0.919 val_loss=0.2065 val_acc=0.909
2026-01-27 17:28:17,242 - INFO - epoch=37 train_loss=0.1746 train_acc=0.921 val_loss=0.2108 val_acc=0.907
2026-01-27 17:28:21,103 - INFO - epoch=38 train_loss=0.1725 train_acc=0.922 val_loss=0.2063 val_acc=0.912
2026-01-27 17:28:25,024 - INFO - epoch=39 train_loss=0.1686 train_acc=0.924 val_loss=0.2021 val_acc=0.912
2026-01-27 17:28:28,935 - INFO - epoch=40 train_loss=0.1660 train_acc=0.925 val_loss=0.2004 val_acc=0.915
2026-01-27 17:28:32,914 - INFO - epoch=41 train_loss=0.1635 train_acc=0.926 val_loss=0.2086 val_acc=0.913
2026-01-27 17:28:36,836 - INFO - epoch=42 train_loss=0.1621 train_acc=0.927 val_loss=0.2001 val_acc=0.914
2026-01-27 17:28:40,770 - INFO - epoch=43 train_loss=0.1597 train_acc=0.928 val_loss=0.1986 val_acc=0.918
2026-01-27 17:28:44,694 - INFO - epoch=44 train_loss=0.1566 train_acc=0.931 val_loss=0.1979 val_acc=0.916
2026-01-27 17:28:48,634 - INFO - epoch=45 train_loss=0.1554 train_acc=0.931 val_loss=0.1994 val_acc=0.918
2026-01-27 17:28:52,541 - INFO - epoch=46 train_loss=0.1541 train_acc=0.931 val_loss=0.1973 val_acc=0.919
2026-01-27 17:28:56,466 - INFO - epoch=47 train_loss=0.1509 train_acc=0.933 val_loss=0.1979 val_acc=0.920
2026-01-27 17:29:00,410 - INFO - epoch=48 train_loss=0.1481 train_acc=0.935 val_loss=0.1961 val_acc=0.920
2026-01-27 17:29:04,356 - INFO - epoch=49 train_loss=0.1447 train_acc=0.937 val_loss=0.1946 val_acc=0.924
2026-01-27 17:29:08,325 - INFO - epoch=50 train_loss=0.1405 train_acc=0.939 val_loss=0.1955 val_acc=0.923
2026-01-27 17:29:12,225 - INFO - epoch=51 train_loss=0.1401 train_acc=0.939 val_loss=0.1942 val_acc=0.923
2026-01-27 17:29:16,138 - INFO - epoch=52 train_loss=0.1385 train_acc=0.939 val_loss=0.1873 val_acc=0.927
2026-01-27 17:29:20,083 - INFO - epoch=53 train_loss=0.1367 train_acc=0.941 val_loss=0.1936 val_acc=0.925
2026-01-27 17:29:23,989 - INFO - epoch=54 train_loss=0.1352 train_acc=0.941 val_loss=0.1924 val_acc=0.927
2026-01-27 17:29:27,914 - INFO - epoch=55 train_loss=0.1321 train_acc=0.942 val_loss=0.1929 val_acc=0.924
2026-01-27 17:29:31,835 - INFO - epoch=56 train_loss=0.1308 train_acc=0.943 val_loss=0.1887 val_acc=0.928
2026-01-27 17:29:35,761 - INFO - epoch=57 train_loss=0.1276 train_acc=0.945 val_loss=0.1910 val_acc=0.929
2026-01-27 17:29:39,659 - INFO - epoch=58 train_loss=0.1274 train_acc=0.944 val_loss=0.1925 val_acc=0.927
2026-01-27 17:29:43,617 - INFO - epoch=59 train_loss=0.1247 train_acc=0.946 val_loss=0.1914 val_acc=0.928
2026-01-27 17:29:47,574 - INFO - epoch=60 train_loss=0.1245 train_acc=0.947 val_loss=0.1907 val_acc=0.928
2026-01-27 17:29:51,554 - INFO - epoch=61 train_loss=0.1214 train_acc=0.948 val_loss=0.1937 val_acc=0.929
2026-01-27 17:29:55,493 - INFO - epoch=62 train_loss=0.1216 train_acc=0.948 val_loss=0.1906 val_acc=0.929
2026-01-27 17:29:59,415 - INFO - epoch=63 train_loss=0.1216 train_acc=0.948 val_loss=0.1939 val_acc=0.931
2026-01-27 17:30:03,405 - INFO - epoch=64 train_loss=0.1189 train_acc=0.949 val_loss=0.1891 val_acc=0.931
2026-01-27 17:30:07,352 - INFO - epoch=65 train_loss=0.1165 train_acc=0.950 val_loss=0.1905 val_acc=0.931
2026-01-27 17:30:11,294 - INFO - epoch=66 train_loss=0.1149 train_acc=0.952 val_loss=0.1902 val_acc=0.930
2026-01-27 17:30:15,228 - INFO - epoch=67 train_loss=0.1139 train_acc=0.952 val_loss=0.1917 val_acc=0.930
2026-01-27 17:30:19,209 - INFO - epoch=68 train_loss=0.1123 train_acc=0.952 val_loss=0.1918 val_acc=0.931
2026-01-27 17:30:23,157 - INFO - epoch=69 train_loss=0.1117 train_acc=0.953 val_loss=0.1949 val_acc=0.933
2026-01-27 17:30:27,104 - INFO - epoch=70 train_loss=0.1115 train_acc=0.953 val_loss=0.1937 val_acc=0.932
2026-01-27 17:30:31,048 - INFO - epoch=71 train_loss=0.1082 train_acc=0.954 val_loss=0.1879 val_acc=0.934
2026-01-27 17:30:35,005 - INFO - epoch=72 train_loss=0.1084 train_acc=0.955 val_loss=0.1967 val_acc=0.934
2026-01-27 17:30:38,956 - INFO - epoch=73 train_loss=0.1057 train_acc=0.956 val_loss=0.1960 val_acc=0.934
2026-01-27 17:30:42,912 - INFO - epoch=74 train_loss=0.1037 train_acc=0.957 val_loss=0.1953 val_acc=0.932
2026-01-27 17:30:46,860 - INFO - epoch=75 train_loss=0.1032 train_acc=0.956 val_loss=0.1995 val_acc=0.932
2026-01-27 17:30:50,811 - INFO - epoch=76 train_loss=0.1028 train_acc=0.957 val_loss=0.1969 val_acc=0.934
2026-01-27 17:30:54,783 - INFO - epoch=77 train_loss=0.1016 train_acc=0.958 val_loss=0.2001 val_acc=0.935
2026-01-27 17:30:58,736 - INFO - epoch=78 train_loss=0.1003 train_acc=0.958 val_loss=0.2003 val_acc=0.936
2026-01-27 17:31:02,748 - INFO - epoch=79 train_loss=0.0992 train_acc=0.958 val_loss=0.1981 val_acc=0.935
2026-01-27 17:31:06,699 - INFO - epoch=80 train_loss=0.0976 train_acc=0.959 val_loss=0.1968 val_acc=0.934
2026-01-27 17:31:10,719 - INFO - epoch=81 train_loss=0.0966 train_acc=0.960 val_loss=0.1972 val_acc=0.935
2026-01-27 17:31:14,693 - INFO - epoch=82 train_loss=0.0959 train_acc=0.960 val_loss=0.2028 val_acc=0.937
2026-01-27 17:31:18,651 - INFO - epoch=83 train_loss=0.0944 train_acc=0.961 val_loss=0.2049 val_acc=0.937
2026-01-27 17:31:22,612 - INFO - epoch=84 train_loss=0.0929 train_acc=0.961 val_loss=0.2031 val_acc=0.936
2026-01-27 17:31:26,558 - INFO - epoch=85 train_loss=0.0918 train_acc=0.962 val_loss=0.2022 val_acc=0.936
2026-01-27 17:31:30,529 - INFO - epoch=86 train_loss=0.0911 train_acc=0.962 val_loss=0.2059 val_acc=0.937
2026-01-27 17:31:34,498 - INFO - epoch=87 train_loss=0.0918 train_acc=0.962 val_loss=0.2060 val_acc=0.938
2026-01-27 17:31:38,440 - INFO - epoch=88 train_loss=0.0917 train_acc=0.962 val_loss=0.2066 val_acc=0.937
2026-01-27 17:31:42,386 - INFO - epoch=89 train_loss=0.0902 train_acc=0.962 val_loss=0.2051 val_acc=0.937
2026-01-27 17:31:46,395 - INFO - epoch=90 train_loss=0.0878 train_acc=0.964 val_loss=0.2090 val_acc=0.938
2026-01-27 17:31:50,364 - INFO - epoch=91 train_loss=0.0866 train_acc=0.964 val_loss=0.2062 val_acc=0.939
2026-01-27 17:31:54,347 - INFO - epoch=92 train_loss=0.0857 train_acc=0.964 val_loss=0.2043 val_acc=0.939
2026-01-27 17:31:58,329 - INFO - epoch=93 train_loss=0.0852 train_acc=0.964 val_loss=0.2037 val_acc=0.938
2026-01-27 17:32:02,276 - INFO - epoch=94 train_loss=0.0853 train_acc=0.964 val_loss=0.2054 val_acc=0.937
2026-01-27 17:32:06,243 - INFO - epoch=95 train_loss=0.0857 train_acc=0.964 val_loss=0.2092 val_acc=0.937
2026-01-27 17:32:10,246 - INFO - epoch=96 train_loss=0.0847 train_acc=0.965 val_loss=0.2203 val_acc=0.936
2026-01-27 17:32:14,256 - INFO - epoch=97 train_loss=0.0846 train_acc=0.965 val_loss=0.2111 val_acc=0.937
2026-01-27 17:32:18,211 - INFO - epoch=98 train_loss=0.0824 train_acc=0.966 val_loss=0.2119 val_acc=0.937
2026-01-27 17:32:22,167 - INFO - epoch=99 train_loss=0.0799 train_acc=0.967 val_loss=0.2126 val_acc=0.935
2026-01-27 17:32:26,177 - INFO - epoch=100 train_loss=0.0800 train_acc=0.967 val_loss=0.2102 val_acc=0.939
2026-01-27 17:32:26,267 - INFO - saved: /home/jinlin/data/geoexplicit_data/experiments/icml2026_routegen/WAYCASD_AB_stepemb0_strict_sem5_rustbelt_seed0_e100/W6_train_ae/report.json
