2026-01-27 17:32:27,719 - INFO - device=cuda
2026-01-27 17:32:27,725 - INFO - loaded way_semantic: n_channels=5
2026-01-27 17:32:27,730 - INFO - routes: total=5392 train=4853 val=539 max_way_len=160
/home/jinlin/miniconda3/envs/dpl/lib/python3.11/site-packages/torch/nn/modules/transformer.py:392: UserWarning: enable_nested_tensor is True, but self.use_nested_tensor is False because encoder_layer.norm_first was True
  warnings.warn(
2026-01-27 17:32:28,996 - INFO - init best_val_loss=0.334036 from current weights (epoch=0)
2026-01-27 17:32:33,416 - INFO - epoch=1 train_loss=0.3120 train_acc=0.801 val_loss=0.3257 val_acc=0.789
2026-01-27 17:32:37,360 - INFO - epoch=2 train_loss=0.3088 train_acc=0.806 val_loss=0.3225 val_acc=0.792
2026-01-27 17:32:41,324 - INFO - epoch=3 train_loss=0.3032 train_acc=0.810 val_loss=0.3146 val_acc=0.802
2026-01-27 17:32:45,270 - INFO - epoch=4 train_loss=0.2991 train_acc=0.812 val_loss=0.3116 val_acc=0.806
2026-01-27 17:32:49,233 - INFO - epoch=5 train_loss=0.2957 train_acc=0.817 val_loss=0.3110 val_acc=0.808
2026-01-27 17:32:53,224 - INFO - epoch=6 train_loss=0.2935 train_acc=0.818 val_loss=0.3086 val_acc=0.810
2026-01-27 17:32:57,164 - INFO - epoch=7 train_loss=0.2914 train_acc=0.822 val_loss=0.3076 val_acc=0.810
2026-01-27 17:33:01,130 - INFO - epoch=8 train_loss=0.2893 train_acc=0.824 val_loss=0.3051 val_acc=0.816
2026-01-27 17:33:05,109 - INFO - epoch=9 train_loss=0.2850 train_acc=0.827 val_loss=0.3014 val_acc=0.817
2026-01-27 17:33:09,051 - INFO - epoch=10 train_loss=0.2816 train_acc=0.830 val_loss=0.2970 val_acc=0.822
2026-01-27 17:33:12,993 - INFO - epoch=11 train_loss=0.2783 train_acc=0.832 val_loss=0.2941 val_acc=0.824
2026-01-27 17:33:16,952 - INFO - epoch=12 train_loss=0.2743 train_acc=0.835 val_loss=0.2917 val_acc=0.827
2026-01-27 17:33:20,917 - INFO - epoch=13 train_loss=0.2707 train_acc=0.839 val_loss=0.2893 val_acc=0.827
2026-01-27 17:33:24,878 - INFO - epoch=14 train_loss=0.2678 train_acc=0.841 val_loss=0.2862 val_acc=0.829
2026-01-27 17:33:28,869 - INFO - epoch=15 train_loss=0.2664 train_acc=0.844 val_loss=0.2864 val_acc=0.834
2026-01-27 17:33:32,842 - INFO - epoch=16 train_loss=0.2633 train_acc=0.846 val_loss=0.2830 val_acc=0.835
2026-01-27 17:33:36,818 - INFO - epoch=17 train_loss=0.2597 train_acc=0.852 val_loss=0.2780 val_acc=0.847
2026-01-27 17:33:40,782 - INFO - epoch=18 train_loss=0.2556 train_acc=0.857 val_loss=0.2761 val_acc=0.850
2026-01-27 17:33:44,778 - INFO - epoch=19 train_loss=0.2513 train_acc=0.864 val_loss=0.2710 val_acc=0.856
2026-01-27 17:33:48,774 - INFO - epoch=20 train_loss=0.2469 train_acc=0.870 val_loss=0.2653 val_acc=0.866
2026-01-27 17:33:52,761 - INFO - epoch=21 train_loss=0.2412 train_acc=0.876 val_loss=0.2654 val_acc=0.869
2026-01-27 17:33:56,739 - INFO - epoch=22 train_loss=0.2369 train_acc=0.881 val_loss=0.2572 val_acc=0.874
2026-01-27 17:34:00,724 - INFO - epoch=23 train_loss=0.2310 train_acc=0.886 val_loss=0.2548 val_acc=0.875
2026-01-27 17:34:04,710 - INFO - epoch=24 train_loss=0.2272 train_acc=0.888 val_loss=0.2526 val_acc=0.877
2026-01-27 17:34:08,691 - INFO - epoch=25 train_loss=0.2239 train_acc=0.890 val_loss=0.2485 val_acc=0.880
2026-01-27 17:34:12,664 - INFO - epoch=26 train_loss=0.2200 train_acc=0.893 val_loss=0.2460 val_acc=0.881
2026-01-27 17:34:16,642 - INFO - epoch=27 train_loss=0.2154 train_acc=0.896 val_loss=0.2427 val_acc=0.887
2026-01-27 17:34:20,590 - INFO - epoch=28 train_loss=0.2125 train_acc=0.897 val_loss=0.2393 val_acc=0.889
2026-01-27 17:34:24,567 - INFO - epoch=29 train_loss=0.2092 train_acc=0.899 val_loss=0.2395 val_acc=0.889
2026-01-27 17:34:28,512 - INFO - epoch=30 train_loss=0.2052 train_acc=0.903 val_loss=0.2331 val_acc=0.890
2026-01-27 17:34:32,517 - INFO - epoch=31 train_loss=0.2010 train_acc=0.905 val_loss=0.2353 val_acc=0.892
2026-01-27 17:34:36,484 - INFO - epoch=32 train_loss=0.1963 train_acc=0.907 val_loss=0.2311 val_acc=0.892
2026-01-27 17:34:40,478 - INFO - epoch=33 train_loss=0.1938 train_acc=0.909 val_loss=0.2315 val_acc=0.895
2026-01-27 17:34:44,474 - INFO - epoch=34 train_loss=0.1916 train_acc=0.910 val_loss=0.2258 val_acc=0.897
2026-01-27 17:34:48,495 - INFO - epoch=35 train_loss=0.1871 train_acc=0.912 val_loss=0.2258 val_acc=0.898
2026-01-27 17:34:52,473 - INFO - epoch=36 train_loss=0.1830 train_acc=0.915 val_loss=0.2245 val_acc=0.901
2026-01-27 17:34:56,477 - INFO - epoch=37 train_loss=0.1797 train_acc=0.917 val_loss=0.2247 val_acc=0.901
2026-01-27 17:35:00,447 - INFO - epoch=38 train_loss=0.1777 train_acc=0.918 val_loss=0.2203 val_acc=0.902
2026-01-27 17:35:04,477 - INFO - epoch=39 train_loss=0.1753 train_acc=0.919 val_loss=0.2238 val_acc=0.901
2026-01-27 17:35:08,480 - INFO - epoch=40 train_loss=0.1729 train_acc=0.920 val_loss=0.2232 val_acc=0.904
2026-01-27 17:35:12,508 - INFO - epoch=41 train_loss=0.1701 train_acc=0.922 val_loss=0.2195 val_acc=0.906
2026-01-27 17:35:16,503 - INFO - epoch=42 train_loss=0.1677 train_acc=0.923 val_loss=0.2172 val_acc=0.909
2026-01-27 17:35:20,496 - INFO - epoch=43 train_loss=0.1639 train_acc=0.925 val_loss=0.2153 val_acc=0.908
2026-01-27 17:35:24,496 - INFO - epoch=44 train_loss=0.1604 train_acc=0.927 val_loss=0.2130 val_acc=0.910
2026-01-27 17:35:28,468 - INFO - epoch=45 train_loss=0.1578 train_acc=0.929 val_loss=0.2128 val_acc=0.911
2026-01-27 17:35:32,442 - INFO - epoch=46 train_loss=0.1563 train_acc=0.930 val_loss=0.2125 val_acc=0.912
2026-01-27 17:35:36,462 - INFO - epoch=47 train_loss=0.1536 train_acc=0.931 val_loss=0.2171 val_acc=0.910
2026-01-27 17:35:40,452 - INFO - epoch=48 train_loss=0.1523 train_acc=0.932 val_loss=0.2213 val_acc=0.911
2026-01-27 17:35:44,428 - INFO - epoch=49 train_loss=0.1506 train_acc=0.932 val_loss=0.2121 val_acc=0.914
2026-01-27 17:35:48,420 - INFO - epoch=50 train_loss=0.1478 train_acc=0.934 val_loss=0.2117 val_acc=0.914
2026-01-27 17:35:52,405 - INFO - epoch=51 train_loss=0.1475 train_acc=0.934 val_loss=0.2167 val_acc=0.911
2026-01-27 17:35:56,413 - INFO - epoch=52 train_loss=0.1449 train_acc=0.935 val_loss=0.2077 val_acc=0.917
2026-01-27 17:36:00,424 - INFO - epoch=53 train_loss=0.1393 train_acc=0.938 val_loss=0.2129 val_acc=0.920
2026-01-27 17:36:04,378 - INFO - epoch=54 train_loss=0.1382 train_acc=0.939 val_loss=0.2113 val_acc=0.918
2026-01-27 17:36:08,369 - INFO - epoch=55 train_loss=0.1363 train_acc=0.940 val_loss=0.2084 val_acc=0.920
2026-01-27 17:36:12,349 - INFO - epoch=56 train_loss=0.1346 train_acc=0.941 val_loss=0.2117 val_acc=0.919
2026-01-27 17:36:16,340 - INFO - epoch=57 train_loss=0.1330 train_acc=0.941 val_loss=0.2088 val_acc=0.919
2026-01-27 17:36:20,336 - INFO - epoch=58 train_loss=0.1307 train_acc=0.943 val_loss=0.2134 val_acc=0.920
2026-01-27 17:36:24,295 - INFO - epoch=59 train_loss=0.1295 train_acc=0.943 val_loss=0.2111 val_acc=0.921
2026-01-27 17:36:28,285 - INFO - epoch=60 train_loss=0.1264 train_acc=0.944 val_loss=0.2085 val_acc=0.921
2026-01-27 17:36:32,325 - INFO - epoch=61 train_loss=0.1248 train_acc=0.946 val_loss=0.2162 val_acc=0.920
2026-01-27 17:36:36,306 - INFO - epoch=62 train_loss=0.1238 train_acc=0.946 val_loss=0.2154 val_acc=0.920
2026-01-27 17:36:40,280 - INFO - epoch=63 train_loss=0.1225 train_acc=0.946 val_loss=0.2156 val_acc=0.922
2026-01-27 17:36:44,267 - INFO - epoch=64 train_loss=0.1195 train_acc=0.948 val_loss=0.2107 val_acc=0.924
2026-01-27 17:36:48,260 - INFO - epoch=65 train_loss=0.1184 train_acc=0.948 val_loss=0.2117 val_acc=0.924
2026-01-27 17:36:52,258 - INFO - epoch=66 train_loss=0.1185 train_acc=0.948 val_loss=0.2163 val_acc=0.924
2026-01-27 17:36:56,239 - INFO - epoch=67 train_loss=0.1167 train_acc=0.949 val_loss=0.2103 val_acc=0.927
2026-01-27 17:37:00,222 - INFO - epoch=68 train_loss=0.1141 train_acc=0.951 val_loss=0.2134 val_acc=0.927
2026-01-27 17:37:04,226 - INFO - epoch=69 train_loss=0.1128 train_acc=0.952 val_loss=0.2166 val_acc=0.926
2026-01-27 17:37:08,230 - INFO - epoch=70 train_loss=0.1111 train_acc=0.952 val_loss=0.2105 val_acc=0.925
2026-01-27 17:37:12,212 - INFO - epoch=71 train_loss=0.1085 train_acc=0.954 val_loss=0.2145 val_acc=0.928
2026-01-27 17:37:16,187 - INFO - epoch=72 train_loss=0.1084 train_acc=0.953 val_loss=0.2160 val_acc=0.926
2026-01-27 17:37:20,144 - INFO - epoch=73 train_loss=0.1074 train_acc=0.954 val_loss=0.2196 val_acc=0.927
2026-01-27 17:37:24,113 - INFO - epoch=74 train_loss=0.1044 train_acc=0.955 val_loss=0.2204 val_acc=0.927
2026-01-27 17:37:28,082 - INFO - epoch=75 train_loss=0.1034 train_acc=0.956 val_loss=0.2220 val_acc=0.928
2026-01-27 17:37:32,050 - INFO - epoch=76 train_loss=0.1034 train_acc=0.956 val_loss=0.2166 val_acc=0.928
2026-01-27 17:37:36,041 - INFO - epoch=77 train_loss=0.1018 train_acc=0.957 val_loss=0.2120 val_acc=0.928
2026-01-27 17:37:40,023 - INFO - epoch=78 train_loss=0.0998 train_acc=0.958 val_loss=0.2227 val_acc=0.929
2026-01-27 17:37:44,003 - INFO - epoch=79 train_loss=0.0978 train_acc=0.958 val_loss=0.2220 val_acc=0.930
2026-01-27 17:37:47,994 - INFO - epoch=80 train_loss=0.0957 train_acc=0.959 val_loss=0.2292 val_acc=0.928
2026-01-27 17:37:52,048 - INFO - epoch=81 train_loss=0.0970 train_acc=0.959 val_loss=0.2252 val_acc=0.929
2026-01-27 17:37:56,035 - INFO - epoch=82 train_loss=0.0954 train_acc=0.960 val_loss=0.2217 val_acc=0.931
2026-01-27 17:38:00,032 - INFO - epoch=83 train_loss=0.0920 train_acc=0.961 val_loss=0.2250 val_acc=0.931
2026-01-27 17:38:03,984 - INFO - epoch=84 train_loss=0.0942 train_acc=0.960 val_loss=0.2242 val_acc=0.932
2026-01-27 17:38:07,976 - INFO - epoch=85 train_loss=0.0930 train_acc=0.961 val_loss=0.2307 val_acc=0.929
2026-01-27 17:38:11,932 - INFO - epoch=86 train_loss=0.0911 train_acc=0.962 val_loss=0.2280 val_acc=0.932
2026-01-27 17:38:15,932 - INFO - epoch=87 train_loss=0.0891 train_acc=0.962 val_loss=0.2291 val_acc=0.929
2026-01-27 17:38:19,908 - INFO - epoch=88 train_loss=0.0888 train_acc=0.963 val_loss=0.2359 val_acc=0.932
2026-01-27 17:38:23,886 - INFO - epoch=89 train_loss=0.0884 train_acc=0.963 val_loss=0.2280 val_acc=0.932
2026-01-27 17:38:27,849 - INFO - epoch=90 train_loss=0.0851 train_acc=0.964 val_loss=0.2294 val_acc=0.931
2026-01-27 17:38:31,890 - INFO - epoch=91 train_loss=0.0850 train_acc=0.965 val_loss=0.2253 val_acc=0.931
2026-01-27 17:38:35,865 - INFO - epoch=92 train_loss=0.0843 train_acc=0.965 val_loss=0.2312 val_acc=0.930
2026-01-27 17:38:39,803 - INFO - epoch=93 train_loss=0.0845 train_acc=0.965 val_loss=0.2301 val_acc=0.934
2026-01-27 17:38:43,793 - INFO - epoch=94 train_loss=0.0831 train_acc=0.965 val_loss=0.2322 val_acc=0.931
2026-01-27 17:38:47,802 - INFO - epoch=95 train_loss=0.0829 train_acc=0.966 val_loss=0.2363 val_acc=0.933
2026-01-27 17:38:51,804 - INFO - epoch=96 train_loss=0.0820 train_acc=0.966 val_loss=0.2299 val_acc=0.930
2026-01-27 17:38:55,812 - INFO - epoch=97 train_loss=0.0815 train_acc=0.966 val_loss=0.2293 val_acc=0.932
2026-01-27 17:38:59,813 - INFO - epoch=98 train_loss=0.0791 train_acc=0.967 val_loss=0.2321 val_acc=0.932
2026-01-27 17:39:03,779 - INFO - epoch=99 train_loss=0.0802 train_acc=0.966 val_loss=0.2350 val_acc=0.934
2026-01-27 17:39:07,757 - INFO - epoch=100 train_loss=0.0763 train_acc=0.968 val_loss=0.2418 val_acc=0.933
2026-01-27 17:39:07,869 - INFO - saved: /home/jinlin/data/geoexplicit_data/experiments/icml2026_routegen/WAYCASD_AB_stepemb1_strict_sem5_rustbelt_seed0_e100/W6_train_ae/report.json
