2026-02-12 23:53:18,878 - INFO - device=cuda
2026-02-12 23:53:19,628 - INFO - split_json=/home/jinlin/data/geoexplicit_data/experiments/icml2026_routegen/WAYCASD0_waydata_porto_seed0/W5_way_routes_strict_gate/od_split_min3_max160_seed0_dev10p.json train_routes=108153 val_routes=13086 => train_idx=108153 val_idx=13086
2026-02-12 23:53:19,629 - INFO - routes: total=1349045 train=108153 val=13086 min_hops=3 max_way_len=160
/home/jinlin/miniconda3/envs/dpl/lib/python3.11/site-packages/torch/nn/modules/transformer.py:392: UserWarning: enable_nested_tensor is True, but self.use_nested_tensor is False because encoder_layer.norm_first was True
  warnings.warn(
2026-02-12 23:53:38,152 - INFO - epoch=1 batch=200/1690 train_loss=1.0656 it/s=11.45 eta=2.2m
2026-02-12 23:53:55,436 - INFO - epoch=1 batch=400/1690 train_loss=1.0690 it/s=11.51 eta=1.9m
2026-02-12 23:54:13,136 - INFO - epoch=1 batch=600/1690 train_loss=1.0689 it/s=11.44 eta=1.6m
2026-02-12 23:54:31,149 - INFO - epoch=1 batch=800/1690 train_loss=1.0681 it/s=11.35 eta=1.3m
2026-02-12 23:54:49,468 - INFO - epoch=1 batch=1000/1690 train_loss=1.0686 it/s=11.26 eta=1.0m
2026-02-12 23:55:07,895 - INFO - epoch=1 batch=1200/1690 train_loss=1.0683 it/s=11.19 eta=0.7m
2026-02-12 23:55:26,311 - INFO - epoch=1 batch=1400/1690 train_loss=1.0685 it/s=11.14 eta=0.4m
2026-02-12 23:55:44,689 - INFO - epoch=1 batch=1600/1690 train_loss=1.0690 it/s=11.11 eta=0.1m
2026-02-12 23:56:06,152 - INFO - epoch=1 train_loss=1.068922 val_loss=0.997805 best=inf@0
2026-02-12 23:56:24,824 - INFO - epoch=2 batch=200/1690 train_loss=1.0748 it/s=10.73 eta=2.3m
2026-02-12 23:56:43,331 - INFO - epoch=2 batch=400/1690 train_loss=1.0698 it/s=10.77 eta=2.0m
2026-02-12 23:57:01,632 - INFO - epoch=2 batch=600/1690 train_loss=1.0683 it/s=10.82 eta=1.7m
2026-02-12 23:57:19,962 - INFO - epoch=2 batch=800/1690 train_loss=1.0666 it/s=10.84 eta=1.4m
2026-02-12 23:57:38,285 - INFO - epoch=2 batch=1000/1690 train_loss=1.0668 it/s=10.86 eta=1.1m
2026-02-12 23:57:56,585 - INFO - epoch=2 batch=1200/1690 train_loss=1.0685 it/s=10.87 eta=0.8m
2026-02-12 23:58:14,863 - INFO - epoch=2 batch=1400/1690 train_loss=1.0674 it/s=10.88 eta=0.4m
2026-02-12 23:58:33,109 - INFO - epoch=2 batch=1600/1690 train_loss=1.0677 it/s=10.89 eta=0.1m
2026-02-12 23:58:54,004 - INFO - epoch=2 train_loss=1.067397 val_loss=0.995916 best=0.997805@1
2026-02-12 23:59:12,492 - INFO - epoch=3 batch=200/1690 train_loss=1.0648 it/s=10.84 eta=2.3m
2026-02-12 23:59:30,807 - INFO - epoch=3 batch=400/1690 train_loss=1.0696 it/s=10.88 eta=2.0m
2026-02-12 23:59:49,074 - INFO - epoch=3 batch=600/1690 train_loss=1.0659 it/s=10.90 eta=1.7m
2026-02-13 00:00:07,449 - INFO - epoch=3 batch=800/1690 train_loss=1.0670 it/s=10.90 eta=1.4m
2026-02-13 00:00:25,772 - INFO - epoch=3 batch=1000/1690 train_loss=1.0666 it/s=10.90 eta=1.1m
2026-02-13 00:00:44,143 - INFO - epoch=3 batch=1200/1690 train_loss=1.0665 it/s=10.90 eta=0.7m
2026-02-13 00:01:02,487 - INFO - epoch=3 batch=1400/1690 train_loss=1.0655 it/s=10.90 eta=0.4m
2026-02-13 00:01:20,848 - INFO - epoch=3 batch=1600/1690 train_loss=1.0658 it/s=10.90 eta=0.1m
2026-02-13 00:01:41,765 - INFO - epoch=3 train_loss=1.065870 val_loss=0.993881 best=0.995916@2
2026-02-13 00:02:00,214 - INFO - epoch=4 batch=200/1690 train_loss=1.0591 it/s=10.86 eta=2.3m
2026-02-13 00:02:18,466 - INFO - epoch=4 batch=400/1690 train_loss=1.0593 it/s=10.91 eta=2.0m
2026-02-13 00:02:36,725 - INFO - epoch=4 batch=600/1690 train_loss=1.0601 it/s=10.92 eta=1.7m
2026-02-13 00:02:55,044 - INFO - epoch=4 batch=800/1690 train_loss=1.0620 it/s=10.92 eta=1.4m
2026-02-13 00:03:13,343 - INFO - epoch=4 batch=1000/1690 train_loss=1.0633 it/s=10.92 eta=1.1m
2026-02-13 00:03:31,682 - INFO - epoch=4 batch=1200/1690 train_loss=1.0640 it/s=10.92 eta=0.7m
2026-02-13 00:03:49,987 - INFO - epoch=4 batch=1400/1690 train_loss=1.0644 it/s=10.92 eta=0.4m
2026-02-13 00:04:08,339 - INFO - epoch=4 batch=1600/1690 train_loss=1.0648 it/s=10.92 eta=0.1m
2026-02-13 00:04:29,205 - INFO - epoch=4 train_loss=1.064686 val_loss=0.993709 best=0.993881@3
2026-02-13 00:04:47,719 - INFO - epoch=5 batch=200/1690 train_loss=1.0655 it/s=10.82 eta=2.3m
2026-02-13 00:05:06,137 - INFO - epoch=5 batch=400/1690 train_loss=1.0641 it/s=10.84 eta=2.0m
2026-02-13 00:05:24,519 - INFO - epoch=5 batch=600/1690 train_loss=1.0626 it/s=10.85 eta=1.7m
2026-02-13 00:05:42,871 - INFO - epoch=5 batch=800/1690 train_loss=1.0628 it/s=10.86 eta=1.4m
2026-02-13 00:06:01,157 - INFO - epoch=5 batch=1000/1690 train_loss=1.0634 it/s=10.88 eta=1.1m
2026-02-13 00:06:19,481 - INFO - epoch=5 batch=1200/1690 train_loss=1.0638 it/s=10.89 eta=0.8m
2026-02-13 00:06:37,778 - INFO - epoch=5 batch=1400/1690 train_loss=1.0641 it/s=10.89 eta=0.4m
2026-02-13 00:06:56,060 - INFO - epoch=5 batch=1600/1690 train_loss=1.0638 it/s=10.90 eta=0.1m
2026-02-13 00:07:16,880 - INFO - epoch=5 train_loss=1.063945 val_loss=0.992002 best=0.993709@4
2026-02-13 00:07:35,243 - INFO - epoch=6 batch=200/1690 train_loss=1.0607 it/s=10.91 eta=2.3m
2026-02-13 00:07:53,487 - INFO - epoch=6 batch=400/1690 train_loss=1.0604 it/s=10.94 eta=2.0m
2026-02-13 00:08:11,865 - INFO - epoch=6 batch=600/1690 train_loss=1.0618 it/s=10.92 eta=1.7m
2026-02-13 00:08:30,179 - INFO - epoch=6 batch=800/1690 train_loss=1.0616 it/s=10.92 eta=1.4m
2026-02-13 00:08:48,502 - INFO - epoch=6 batch=1000/1690 train_loss=1.0611 it/s=10.92 eta=1.1m
2026-02-13 00:09:06,813 - INFO - epoch=6 batch=1200/1690 train_loss=1.0610 it/s=10.92 eta=0.7m
2026-02-13 00:09:25,229 - INFO - epoch=6 batch=1400/1690 train_loss=1.0619 it/s=10.91 eta=0.4m
2026-02-13 00:09:43,557 - INFO - epoch=6 batch=1600/1690 train_loss=1.0618 it/s=10.91 eta=0.1m
2026-02-13 00:10:04,355 - INFO - epoch=6 train_loss=1.061900 val_loss=0.991251 best=0.992002@5
2026-02-13 00:10:23,018 - INFO - epoch=7 batch=200/1690 train_loss=1.0632 it/s=10.74 eta=2.3m
2026-02-13 00:10:41,247 - INFO - epoch=7 batch=400/1690 train_loss=1.0653 it/s=10.85 eta=2.0m
2026-02-13 00:10:59,451 - INFO - epoch=7 batch=600/1690 train_loss=1.0632 it/s=10.90 eta=1.7m
2026-02-13 00:11:17,696 - INFO - epoch=7 batch=800/1690 train_loss=1.0624 it/s=10.91 eta=1.4m
2026-02-13 00:11:36,014 - INFO - epoch=7 batch=1000/1690 train_loss=1.0622 it/s=10.91 eta=1.1m
2026-02-13 00:11:54,353 - INFO - epoch=7 batch=1200/1690 train_loss=1.0609 it/s=10.91 eta=0.7m
2026-02-13 00:12:12,670 - INFO - epoch=7 batch=1400/1690 train_loss=1.0614 it/s=10.91 eta=0.4m
2026-02-13 00:12:30,992 - INFO - epoch=7 batch=1600/1690 train_loss=1.0612 it/s=10.91 eta=0.1m
2026-02-13 00:12:51,922 - INFO - epoch=7 train_loss=1.060473 val_loss=0.989414 best=0.991251@6
2026-02-13 00:13:10,458 - INFO - epoch=8 batch=200/1690 train_loss=1.0587 it/s=10.81 eta=2.3m
2026-02-13 00:13:28,704 - INFO - epoch=8 batch=400/1690 train_loss=1.0582 it/s=10.89 eta=2.0m
2026-02-13 00:13:46,907 - INFO - epoch=8 batch=600/1690 train_loss=1.0585 it/s=10.92 eta=1.7m
2026-02-13 00:14:05,272 - INFO - epoch=8 batch=800/1690 train_loss=1.0597 it/s=10.91 eta=1.4m
2026-02-13 00:14:23,627 - INFO - epoch=8 batch=1000/1690 train_loss=1.0589 it/s=10.91 eta=1.1m
2026-02-13 00:14:41,882 - INFO - epoch=8 batch=1200/1690 train_loss=1.0586 it/s=10.92 eta=0.7m
2026-02-13 00:15:00,096 - INFO - epoch=8 batch=1400/1690 train_loss=1.0590 it/s=10.93 eta=0.4m
2026-02-13 00:15:18,353 - INFO - epoch=8 batch=1600/1690 train_loss=1.0594 it/s=10.93 eta=0.1m
2026-02-13 00:15:39,169 - INFO - epoch=8 train_loss=1.059216 val_loss=0.987867 best=0.989414@7
2026-02-13 00:15:57,566 - INFO - epoch=9 batch=200/1690 train_loss=1.0569 it/s=10.89 eta=2.3m
2026-02-13 00:16:15,714 - INFO - epoch=9 batch=400/1690 train_loss=1.0584 it/s=10.95 eta=2.0m
2026-02-13 00:16:33,832 - INFO - epoch=9 batch=600/1690 train_loss=1.0587 it/s=10.98 eta=1.7m
2026-02-13 00:16:52,069 - INFO - epoch=9 batch=800/1690 train_loss=1.0588 it/s=10.98 eta=1.4m
2026-02-13 00:17:10,263 - INFO - epoch=9 batch=1000/1690 train_loss=1.0580 it/s=10.98 eta=1.0m
2026-02-13 00:17:28,449 - INFO - epoch=9 batch=1200/1690 train_loss=1.0574 it/s=10.98 eta=0.7m
2026-02-13 00:17:46,650 - INFO - epoch=9 batch=1400/1690 train_loss=1.0585 it/s=10.98 eta=0.4m
2026-02-13 00:18:04,874 - INFO - epoch=9 batch=1600/1690 train_loss=1.0579 it/s=10.98 eta=0.1m
2026-02-13 00:18:25,676 - INFO - epoch=9 train_loss=1.058246 val_loss=0.988143 best=0.987867@8
2026-02-13 00:18:44,097 - INFO - epoch=10 batch=200/1690 train_loss=1.0583 it/s=10.87 eta=2.3m
2026-02-13 00:19:02,334 - INFO - epoch=10 batch=400/1690 train_loss=1.0613 it/s=10.92 eta=2.0m
2026-02-13 00:19:20,495 - INFO - epoch=10 batch=600/1690 train_loss=1.0592 it/s=10.95 eta=1.7m
2026-02-13 00:19:38,813 - INFO - epoch=10 batch=800/1690 train_loss=1.0580 it/s=10.94 eta=1.4m
2026-02-13 00:19:56,964 - INFO - epoch=10 batch=1000/1690 train_loss=1.0591 it/s=10.96 eta=1.0m
2026-02-13 00:20:15,120 - INFO - epoch=10 batch=1200/1690 train_loss=1.0572 it/s=10.97 eta=0.7m
2026-02-13 00:20:33,318 - INFO - epoch=10 batch=1400/1690 train_loss=1.0573 it/s=10.97 eta=0.4m
2026-02-13 00:20:51,494 - INFO - epoch=10 batch=1600/1690 train_loss=1.0565 it/s=10.97 eta=0.1m
2026-02-13 00:21:12,303 - INFO - epoch=10 train_loss=1.056911 val_loss=0.985904 best=0.987867@8
2026-02-13 00:21:30,697 - INFO - epoch=11 batch=200/1690 train_loss=1.0625 it/s=10.89 eta=2.3m
2026-02-13 00:21:48,843 - INFO - epoch=11 batch=400/1690 train_loss=1.0549 it/s=10.95 eta=2.0m
2026-02-13 00:22:07,168 - INFO - epoch=11 batch=600/1690 train_loss=1.0564 it/s=10.94 eta=1.7m
2026-02-13 00:22:25,343 - INFO - epoch=11 batch=800/1690 train_loss=1.0571 it/s=10.96 eta=1.4m
2026-02-13 00:22:43,615 - INFO - epoch=11 batch=1000/1690 train_loss=1.0561 it/s=10.95 eta=1.0m
2026-02-13 00:23:01,757 - INFO - epoch=11 batch=1200/1690 train_loss=1.0570 it/s=10.97 eta=0.7m
2026-02-13 00:23:19,926 - INFO - epoch=11 batch=1400/1690 train_loss=1.0562 it/s=10.97 eta=0.4m
2026-02-13 00:23:38,141 - INFO - epoch=11 batch=1600/1690 train_loss=1.0554 it/s=10.97 eta=0.1m
2026-02-13 00:23:59,032 - INFO - epoch=11 train_loss=1.055397 val_loss=0.985461 best=0.985904@10
2026-02-13 00:24:17,498 - INFO - epoch=12 batch=200/1690 train_loss=1.0582 it/s=10.85 eta=2.3m
2026-02-13 00:24:35,712 - INFO - epoch=12 batch=400/1690 train_loss=1.0564 it/s=10.92 eta=2.0m
2026-02-13 00:24:53,851 - INFO - epoch=12 batch=600/1690 train_loss=1.0560 it/s=10.95 eta=1.7m
2026-02-13 00:25:12,042 - INFO - epoch=12 batch=800/1690 train_loss=1.0553 it/s=10.96 eta=1.4m
2026-02-13 00:25:30,237 - INFO - epoch=12 batch=1000/1690 train_loss=1.0562 it/s=10.97 eta=1.0m
2026-02-13 00:25:48,493 - INFO - epoch=12 batch=1200/1690 train_loss=1.0547 it/s=10.97 eta=0.7m
2026-02-13 00:26:06,742 - INFO - epoch=12 batch=1400/1690 train_loss=1.0547 it/s=10.97 eta=0.4m
2026-02-13 00:26:24,931 - INFO - epoch=12 batch=1600/1690 train_loss=1.0551 it/s=10.97 eta=0.1m
2026-02-13 00:26:45,799 - INFO - epoch=12 train_loss=1.054873 val_loss=0.984381 best=0.985461@11
2026-02-13 00:27:04,204 - INFO - epoch=13 batch=200/1690 train_loss=1.0508 it/s=10.88 eta=2.3m
2026-02-13 00:27:22,478 - INFO - epoch=13 batch=400/1690 train_loss=1.0506 it/s=10.91 eta=2.0m
2026-02-13 00:27:40,663 - INFO - epoch=13 batch=600/1690 train_loss=1.0521 it/s=10.94 eta=1.7m
2026-02-13 00:27:58,880 - INFO - epoch=13 batch=800/1690 train_loss=1.0544 it/s=10.95 eta=1.4m
2026-02-13 00:28:17,071 - INFO - epoch=13 batch=1000/1690 train_loss=1.0551 it/s=10.96 eta=1.0m
2026-02-13 00:28:35,319 - INFO - epoch=13 batch=1200/1690 train_loss=1.0538 it/s=10.96 eta=0.7m
2026-02-13 00:28:53,553 - INFO - epoch=13 batch=1400/1690 train_loss=1.0526 it/s=10.96 eta=0.4m
2026-02-13 00:29:11,645 - INFO - epoch=13 batch=1600/1690 train_loss=1.0526 it/s=10.97 eta=0.1m
2026-02-13 00:29:32,399 - INFO - epoch=13 train_loss=1.052990 val_loss=0.984451 best=0.984381@12
2026-02-13 00:29:50,742 - INFO - epoch=14 batch=200/1690 train_loss=1.0530 it/s=10.91 eta=2.3m
2026-02-13 00:30:08,967 - INFO - epoch=14 batch=400/1690 train_loss=1.0499 it/s=10.94 eta=2.0m
2026-02-13 00:30:27,186 - INFO - epoch=14 batch=600/1690 train_loss=1.0519 it/s=10.95 eta=1.7m
2026-02-13 00:30:45,272 - INFO - epoch=14 batch=800/1690 train_loss=1.0516 it/s=10.98 eta=1.4m
2026-02-13 00:31:03,340 - INFO - epoch=14 batch=1000/1690 train_loss=1.0514 it/s=11.00 eta=1.0m
2026-02-13 00:31:21,501 - INFO - epoch=14 batch=1200/1690 train_loss=1.0512 it/s=11.00 eta=0.7m
2026-02-13 00:31:39,704 - INFO - epoch=14 batch=1400/1690 train_loss=1.0511 it/s=11.00 eta=0.4m
2026-02-13 00:31:57,911 - INFO - epoch=14 batch=1600/1690 train_loss=1.0521 it/s=11.00 eta=0.1m
2026-02-13 00:32:18,767 - INFO - epoch=14 train_loss=1.052162 val_loss=0.982132 best=0.984381@12
2026-02-13 00:32:37,080 - INFO - epoch=15 batch=200/1690 train_loss=1.0480 it/s=10.94 eta=2.3m
2026-02-13 00:32:55,188 - INFO - epoch=15 batch=400/1690 train_loss=1.0498 it/s=10.99 eta=2.0m
2026-02-13 00:33:13,345 - INFO - epoch=15 batch=600/1690 train_loss=1.0499 it/s=11.00 eta=1.7m
2026-02-13 00:33:31,594 - INFO - epoch=15 batch=800/1690 train_loss=1.0479 it/s=10.99 eta=1.3m
2026-02-13 00:33:49,807 - INFO - epoch=15 batch=1000/1690 train_loss=1.0504 it/s=10.99 eta=1.0m
2026-02-13 00:34:07,995 - INFO - epoch=15 batch=1200/1690 train_loss=1.0499 it/s=10.99 eta=0.7m
2026-02-13 00:34:26,187 - INFO - epoch=15 batch=1400/1690 train_loss=1.0505 it/s=10.99 eta=0.4m
2026-02-13 00:34:44,341 - INFO - epoch=15 batch=1600/1690 train_loss=1.0508 it/s=10.99 eta=0.1m
2026-02-13 00:35:05,163 - INFO - epoch=15 train_loss=1.050641 val_loss=0.980803 best=0.982132@14
2026-02-13 00:35:23,505 - INFO - epoch=16 batch=200/1690 train_loss=1.0526 it/s=10.92 eta=2.3m
2026-02-13 00:35:41,654 - INFO - epoch=16 batch=400/1690 train_loss=1.0508 it/s=10.97 eta=2.0m
2026-02-13 00:35:59,812 - INFO - epoch=16 batch=600/1690 train_loss=1.0508 it/s=10.98 eta=1.7m
2026-02-13 00:36:18,000 - INFO - epoch=16 batch=800/1690 train_loss=1.0497 it/s=10.99 eta=1.3m
2026-02-13 00:36:36,172 - INFO - epoch=16 batch=1000/1690 train_loss=1.0495 it/s=10.99 eta=1.0m
2026-02-13 00:36:54,448 - INFO - epoch=16 batch=1200/1690 train_loss=1.0494 it/s=10.98 eta=0.7m
2026-02-13 00:37:12,652 - INFO - epoch=16 batch=1400/1690 train_loss=1.0497 it/s=10.98 eta=0.4m
2026-02-13 00:37:30,767 - INFO - epoch=16 batch=1600/1690 train_loss=1.0493 it/s=10.99 eta=0.1m
2026-02-13 00:37:51,625 - INFO - epoch=16 train_loss=1.049680 val_loss=0.980955 best=0.980803@15
2026-02-13 00:38:09,941 - INFO - epoch=17 batch=200/1690 train_loss=1.0462 it/s=10.93 eta=2.3m
2026-02-13 00:38:28,208 - INFO - epoch=17 batch=400/1690 train_loss=1.0498 it/s=10.94 eta=2.0m
2026-02-13 00:38:46,399 - INFO - epoch=17 batch=600/1690 train_loss=1.0490 it/s=10.96 eta=1.7m
2026-02-13 00:39:04,565 - INFO - epoch=17 batch=800/1690 train_loss=1.0476 it/s=10.97 eta=1.4m
2026-02-13 00:39:22,770 - INFO - epoch=17 batch=1000/1690 train_loss=1.0470 it/s=10.97 eta=1.0m
2026-02-13 00:39:40,916 - INFO - epoch=17 batch=1200/1690 train_loss=1.0484 it/s=10.98 eta=0.7m
2026-02-13 00:39:59,122 - INFO - epoch=17 batch=1400/1690 train_loss=1.0482 it/s=10.98 eta=0.4m
2026-02-13 00:40:17,293 - INFO - epoch=17 batch=1600/1690 train_loss=1.0485 it/s=10.99 eta=0.1m
2026-02-13 00:40:38,015 - INFO - epoch=17 train_loss=1.048516 val_loss=0.979030 best=0.980803@15
2026-02-13 00:40:56,267 - INFO - epoch=18 batch=200/1690 train_loss=1.0515 it/s=10.98 eta=2.3m
2026-02-13 00:41:14,439 - INFO - epoch=18 batch=400/1690 train_loss=1.0505 it/s=10.99 eta=2.0m
2026-02-13 00:41:32,692 - INFO - epoch=18 batch=600/1690 train_loss=1.0489 it/s=10.98 eta=1.7m
2026-02-13 00:41:50,800 - INFO - epoch=18 batch=800/1690 train_loss=1.0476 it/s=11.00 eta=1.3m
2026-02-13 00:42:09,025 - INFO - epoch=18 batch=1000/1690 train_loss=1.0487 it/s=10.99 eta=1.0m
2026-02-13 00:42:27,169 - INFO - epoch=18 batch=1200/1690 train_loss=1.0487 it/s=11.00 eta=0.7m
2026-02-13 00:42:45,383 - INFO - epoch=18 batch=1400/1690 train_loss=1.0484 it/s=10.99 eta=0.4m
2026-02-13 00:43:03,579 - INFO - epoch=18 batch=1600/1690 train_loss=1.0479 it/s=10.99 eta=0.1m
2026-02-13 00:43:24,318 - INFO - epoch=18 train_loss=1.048024 val_loss=0.978204 best=0.979030@17
2026-02-13 00:43:42,891 - INFO - epoch=19 batch=200/1690 train_loss=1.0500 it/s=10.79 eta=2.3m
2026-02-13 00:44:01,126 - INFO - epoch=19 batch=400/1690 train_loss=1.0438 it/s=10.88 eta=2.0m
2026-02-13 00:44:19,206 - INFO - epoch=19 batch=600/1690 train_loss=1.0473 it/s=10.94 eta=1.7m
2026-02-13 00:44:37,294 - INFO - epoch=19 batch=800/1690 train_loss=1.0472 it/s=10.97 eta=1.4m
2026-02-13 00:44:55,451 - INFO - epoch=19 batch=1000/1690 train_loss=1.0463 it/s=10.98 eta=1.0m
2026-02-13 00:45:13,609 - INFO - epoch=19 batch=1200/1690 train_loss=1.0460 it/s=10.98 eta=0.7m
2026-02-13 00:45:31,788 - INFO - epoch=19 batch=1400/1690 train_loss=1.0460 it/s=10.99 eta=0.4m
2026-02-13 00:45:50,092 - INFO - epoch=19 batch=1600/1690 train_loss=1.0465 it/s=10.98 eta=0.1m
2026-02-13 00:46:10,820 - INFO - epoch=19 train_loss=1.046167 val_loss=0.977492 best=0.978204@18
2026-02-13 00:46:29,145 - INFO - epoch=20 batch=200/1690 train_loss=1.0422 it/s=10.93 eta=2.3m
2026-02-13 00:46:47,364 - INFO - epoch=20 batch=400/1690 train_loss=1.0458 it/s=10.95 eta=2.0m
2026-02-13 00:47:05,602 - INFO - epoch=20 batch=600/1690 train_loss=1.0460 it/s=10.96 eta=1.7m
2026-02-13 00:47:23,680 - INFO - epoch=20 batch=800/1690 train_loss=1.0459 it/s=10.98 eta=1.4m
2026-02-13 00:47:41,793 - INFO - epoch=20 batch=1000/1690 train_loss=1.0464 it/s=11.00 eta=1.0m
2026-02-13 00:47:59,975 - INFO - epoch=20 batch=1200/1690 train_loss=1.0461 it/s=11.00 eta=0.7m
2026-02-13 00:48:18,208 - INFO - epoch=20 batch=1400/1690 train_loss=1.0463 it/s=10.99 eta=0.4m
2026-02-13 00:48:36,484 - INFO - epoch=20 batch=1600/1690 train_loss=1.0459 it/s=10.99 eta=0.1m
2026-02-13 00:48:57,268 - INFO - epoch=20 train_loss=1.045557 val_loss=0.977255 best=0.977492@19
2026-02-13 00:49:15,601 - INFO - epoch=21 batch=200/1690 train_loss=1.0442 it/s=10.93 eta=2.3m
2026-02-13 00:49:33,875 - INFO - epoch=21 batch=400/1690 train_loss=1.0475 it/s=10.94 eta=2.0m
2026-02-13 00:49:52,005 - INFO - epoch=21 batch=600/1690 train_loss=1.0479 it/s=10.97 eta=1.7m
2026-02-13 00:50:10,166 - INFO - epoch=21 batch=800/1690 train_loss=1.0471 it/s=10.98 eta=1.4m
2026-02-13 00:50:28,346 - INFO - epoch=21 batch=1000/1690 train_loss=1.0460 it/s=10.98 eta=1.0m
2026-02-13 00:50:46,492 - INFO - epoch=21 batch=1200/1690 train_loss=1.0468 it/s=10.99 eta=0.7m
2026-02-13 00:51:04,754 - INFO - epoch=21 batch=1400/1690 train_loss=1.0468 it/s=10.98 eta=0.4m
2026-02-13 00:51:22,988 - INFO - epoch=21 batch=1600/1690 train_loss=1.0458 it/s=10.98 eta=0.1m
2026-02-13 00:51:43,802 - INFO - epoch=21 train_loss=1.045100 val_loss=0.975458 best=0.977255@20
2026-02-13 00:52:02,223 - INFO - epoch=22 batch=200/1690 train_loss=1.0350 it/s=10.88 eta=2.3m
2026-02-13 00:52:20,471 - INFO - epoch=22 batch=400/1690 train_loss=1.0419 it/s=10.92 eta=2.0m
2026-02-13 00:52:38,688 - INFO - epoch=22 batch=600/1690 train_loss=1.0435 it/s=10.94 eta=1.7m
2026-02-13 00:52:56,848 - INFO - epoch=22 batch=800/1690 train_loss=1.0422 it/s=10.96 eta=1.4m
2026-02-13 00:53:15,026 - INFO - epoch=22 batch=1000/1690 train_loss=1.0425 it/s=10.97 eta=1.0m
2026-02-13 00:53:33,203 - INFO - epoch=22 batch=1200/1690 train_loss=1.0428 it/s=10.97 eta=0.7m
2026-02-13 00:53:51,456 - INFO - epoch=22 batch=1400/1690 train_loss=1.0437 it/s=10.97 eta=0.4m
2026-02-13 00:54:09,659 - INFO - epoch=22 batch=1600/1690 train_loss=1.0437 it/s=10.97 eta=0.1m
2026-02-13 00:54:30,432 - INFO - epoch=22 train_loss=1.044227 val_loss=0.974596 best=0.975458@21
2026-02-13 00:54:48,748 - INFO - epoch=23 batch=200/1690 train_loss=1.0407 it/s=10.94 eta=2.3m
2026-02-13 00:55:06,951 - INFO - epoch=23 batch=400/1690 train_loss=1.0432 it/s=10.96 eta=2.0m
2026-02-13 00:55:25,159 - INFO - epoch=23 batch=600/1690 train_loss=1.0434 it/s=10.97 eta=1.7m
2026-02-13 00:55:43,324 - INFO - epoch=23 batch=800/1690 train_loss=1.0435 it/s=10.98 eta=1.4m
2026-02-13 00:56:01,496 - INFO - epoch=23 batch=1000/1690 train_loss=1.0435 it/s=10.98 eta=1.0m
2026-02-13 00:56:19,672 - INFO - epoch=23 batch=1200/1690 train_loss=1.0435 it/s=10.99 eta=0.7m
2026-02-13 00:56:37,902 - INFO - epoch=23 batch=1400/1690 train_loss=1.0434 it/s=10.99 eta=0.4m
2026-02-13 00:56:56,009 - INFO - epoch=23 batch=1600/1690 train_loss=1.0430 it/s=10.99 eta=0.1m
2026-02-13 00:57:16,811 - INFO - epoch=23 train_loss=1.042441 val_loss=0.973706 best=0.974596@22
2026-02-13 00:57:35,325 - INFO - epoch=24 batch=200/1690 train_loss=1.0494 it/s=10.82 eta=2.3m
2026-02-13 00:57:53,431 - INFO - epoch=24 batch=400/1690 train_loss=1.0460 it/s=10.93 eta=2.0m
2026-02-13 00:58:11,618 - INFO - epoch=24 batch=600/1690 train_loss=1.0438 it/s=10.95 eta=1.7m
2026-02-13 00:58:29,805 - INFO - epoch=24 batch=800/1690 train_loss=1.0432 it/s=10.96 eta=1.4m
2026-02-13 00:58:47,948 - INFO - epoch=24 batch=1000/1690 train_loss=1.0434 it/s=10.98 eta=1.0m
2026-02-13 00:59:06,240 - INFO - epoch=24 batch=1200/1690 train_loss=1.0425 it/s=10.97 eta=0.7m
2026-02-13 00:59:24,412 - INFO - epoch=24 batch=1400/1690 train_loss=1.0423 it/s=10.97 eta=0.4m
2026-02-13 00:59:42,551 - INFO - epoch=24 batch=1600/1690 train_loss=1.0414 it/s=10.98 eta=0.1m
2026-02-13 01:00:03,360 - INFO - epoch=24 train_loss=1.041564 val_loss=0.973277 best=0.973706@23
2026-02-13 01:00:21,787 - INFO - epoch=25 batch=200/1690 train_loss=1.0392 it/s=10.87 eta=2.3m
2026-02-13 01:00:39,958 - INFO - epoch=25 batch=400/1690 train_loss=1.0392 it/s=10.94 eta=2.0m
2026-02-13 01:00:58,144 - INFO - epoch=25 batch=600/1690 train_loss=1.0393 it/s=10.96 eta=1.7m
2026-02-13 01:01:16,257 - INFO - epoch=25 batch=800/1690 train_loss=1.0389 it/s=10.98 eta=1.4m
2026-02-13 01:01:34,554 - INFO - epoch=25 batch=1000/1690 train_loss=1.0394 it/s=10.97 eta=1.0m
2026-02-13 01:01:52,774 - INFO - epoch=25 batch=1200/1690 train_loss=1.0394 it/s=10.97 eta=0.7m
2026-02-13 01:02:10,922 - INFO - epoch=25 batch=1400/1690 train_loss=1.0399 it/s=10.98 eta=0.4m
2026-02-13 01:02:29,118 - INFO - epoch=25 batch=1600/1690 train_loss=1.0403 it/s=10.98 eta=0.1m
2026-02-13 01:02:49,888 - INFO - epoch=25 train_loss=1.040714 val_loss=0.971904 best=0.973277@24
2026-02-13 01:03:08,216 - INFO - epoch=26 batch=200/1690 train_loss=1.0371 it/s=10.93 eta=2.3m
2026-02-13 01:03:26,365 - INFO - epoch=26 batch=400/1690 train_loss=1.0376 it/s=10.97 eta=2.0m
2026-02-13 01:03:44,569 - INFO - epoch=26 batch=600/1690 train_loss=1.0392 it/s=10.98 eta=1.7m
2026-02-13 01:04:02,767 - INFO - epoch=26 batch=800/1690 train_loss=1.0400 it/s=10.98 eta=1.4m
2026-02-13 01:04:21,053 - INFO - epoch=26 batch=1000/1690 train_loss=1.0393 it/s=10.97 eta=1.0m
2026-02-13 01:04:39,177 - INFO - epoch=26 batch=1200/1690 train_loss=1.0397 it/s=10.98 eta=0.7m
2026-02-13 01:04:57,368 - INFO - epoch=26 batch=1400/1690 train_loss=1.0398 it/s=10.98 eta=0.4m
2026-02-13 01:05:15,657 - INFO - epoch=26 batch=1600/1690 train_loss=1.0399 it/s=10.98 eta=0.1m
2026-02-13 01:05:36,480 - INFO - epoch=26 train_loss=1.039940 val_loss=0.970269 best=0.971904@25
2026-02-13 01:05:54,993 - INFO - epoch=27 batch=200/1690 train_loss=1.0387 it/s=10.82 eta=2.3m
2026-02-13 01:06:13,218 - INFO - epoch=27 batch=400/1690 train_loss=1.0401 it/s=10.90 eta=2.0m
2026-02-13 01:06:31,388 - INFO - epoch=27 batch=600/1690 train_loss=1.0385 it/s=10.93 eta=1.7m
2026-02-13 01:06:49,692 - INFO - epoch=27 batch=800/1690 train_loss=1.0385 it/s=10.93 eta=1.4m
2026-02-13 01:07:07,833 - INFO - epoch=27 batch=1000/1690 train_loss=1.0378 it/s=10.95 eta=1.1m
2026-02-13 01:07:26,063 - INFO - epoch=27 batch=1200/1690 train_loss=1.0387 it/s=10.95 eta=0.7m
2026-02-13 01:07:44,275 - INFO - epoch=27 batch=1400/1690 train_loss=1.0386 it/s=10.96 eta=0.4m
2026-02-13 01:08:02,452 - INFO - epoch=27 batch=1600/1690 train_loss=1.0384 it/s=10.96 eta=0.1m
2026-02-13 01:08:23,235 - INFO - epoch=27 train_loss=1.038450 val_loss=0.970619 best=0.970269@26
2026-02-13 01:08:41,736 - INFO - epoch=28 batch=200/1690 train_loss=1.0371 it/s=10.82 eta=2.3m
2026-02-13 01:08:59,955 - INFO - epoch=28 batch=400/1690 train_loss=1.0369 it/s=10.90 eta=2.0m
2026-02-13 01:09:18,164 - INFO - epoch=28 batch=600/1690 train_loss=1.0376 it/s=10.93 eta=1.7m
2026-02-13 01:09:36,455 - INFO - epoch=28 batch=800/1690 train_loss=1.0387 it/s=10.93 eta=1.4m
2026-02-13 01:09:54,725 - INFO - epoch=28 batch=1000/1690 train_loss=1.0392 it/s=10.93 eta=1.1m
2026-02-13 01:10:12,994 - INFO - epoch=28 batch=1200/1690 train_loss=1.0388 it/s=10.93 eta=0.7m
2026-02-13 01:10:31,201 - INFO - epoch=28 batch=1400/1690 train_loss=1.0386 it/s=10.94 eta=0.4m
2026-02-13 01:10:49,341 - INFO - epoch=28 batch=1600/1690 train_loss=1.0380 it/s=10.95 eta=0.1m
2026-02-13 01:11:10,144 - INFO - epoch=28 train_loss=1.037593 val_loss=0.968681 best=0.970269@26
2026-02-13 01:11:28,717 - INFO - epoch=29 batch=200/1690 train_loss=1.0379 it/s=10.79 eta=2.3m
2026-02-13 01:11:46,919 - INFO - epoch=29 batch=400/1690 train_loss=1.0367 it/s=10.89 eta=2.0m
2026-02-13 01:12:05,196 - INFO - epoch=29 batch=600/1690 train_loss=1.0375 it/s=10.90 eta=1.7m
2026-02-13 01:12:23,319 - INFO - epoch=29 batch=800/1690 train_loss=1.0372 it/s=10.94 eta=1.4m
2026-02-13 01:12:41,600 - INFO - epoch=29 batch=1000/1690 train_loss=1.0362 it/s=10.94 eta=1.1m
2026-02-13 01:12:59,736 - INFO - epoch=29 batch=1200/1690 train_loss=1.0365 it/s=10.95 eta=0.7m
2026-02-13 01:13:17,855 - INFO - epoch=29 batch=1400/1690 train_loss=1.0370 it/s=10.96 eta=0.4m
2026-02-13 01:13:36,042 - INFO - epoch=29 batch=1600/1690 train_loss=1.0368 it/s=10.97 eta=0.1m
2026-02-13 01:13:56,871 - INFO - epoch=29 train_loss=1.036765 val_loss=0.969433 best=0.968681@28
2026-02-13 01:14:15,295 - INFO - epoch=30 batch=200/1690 train_loss=1.0290 it/s=10.86 eta=2.3m
2026-02-13 01:14:33,422 - INFO - epoch=30 batch=400/1690 train_loss=1.0362 it/s=10.95 eta=2.0m
2026-02-13 01:14:51,709 - INFO - epoch=30 batch=600/1690 train_loss=1.0361 it/s=10.94 eta=1.7m
2026-02-13 01:15:09,974 - INFO - epoch=30 batch=800/1690 train_loss=1.0372 it/s=10.95 eta=1.4m
2026-02-13 01:15:28,165 - INFO - epoch=30 batch=1000/1690 train_loss=1.0378 it/s=10.96 eta=1.0m
2026-02-13 01:15:46,409 - INFO - epoch=30 batch=1200/1690 train_loss=1.0370 it/s=10.96 eta=0.7m
2026-02-13 01:16:04,654 - INFO - epoch=30 batch=1400/1690 train_loss=1.0366 it/s=10.96 eta=0.4m
2026-02-13 01:16:22,867 - INFO - epoch=30 batch=1600/1690 train_loss=1.0364 it/s=10.96 eta=0.1m
2026-02-13 01:16:43,639 - INFO - epoch=30 train_loss=1.036185 val_loss=0.968307 best=0.968681@28
2026-02-13 01:17:02,004 - INFO - epoch=31 batch=200/1690 train_loss=1.0301 it/s=10.91 eta=2.3m
2026-02-13 01:17:20,266 - INFO - epoch=31 batch=400/1690 train_loss=1.0287 it/s=10.93 eta=2.0m
2026-02-13 01:17:38,418 - INFO - epoch=31 batch=600/1690 train_loss=1.0314 it/s=10.96 eta=1.7m
2026-02-13 01:17:56,720 - INFO - epoch=31 batch=800/1690 train_loss=1.0325 it/s=10.95 eta=1.4m
2026-02-13 01:18:14,916 - INFO - epoch=31 batch=1000/1690 train_loss=1.0337 it/s=10.96 eta=1.0m
2026-02-13 01:18:33,099 - INFO - epoch=31 batch=1200/1690 train_loss=1.0349 it/s=10.97 eta=0.7m
2026-02-13 01:18:51,318 - INFO - epoch=31 batch=1400/1690 train_loss=1.0349 it/s=10.97 eta=0.4m
2026-02-13 01:19:09,519 - INFO - epoch=31 batch=1600/1690 train_loss=1.0352 it/s=10.97 eta=0.1m
2026-02-13 01:19:30,319 - INFO - epoch=31 train_loss=1.035258 val_loss=0.967090 best=0.968307@30
2026-02-13 01:19:48,580 - INFO - epoch=32 batch=200/1690 train_loss=1.0362 it/s=10.97 eta=2.3m
2026-02-13 01:20:06,882 - INFO - epoch=32 batch=400/1690 train_loss=1.0359 it/s=10.95 eta=2.0m
2026-02-13 01:20:25,247 - INFO - epoch=32 batch=600/1690 train_loss=1.0331 it/s=10.93 eta=1.7m
2026-02-13 01:20:43,408 - INFO - epoch=32 batch=800/1690 train_loss=1.0326 it/s=10.95 eta=1.4m
2026-02-13 01:21:01,572 - INFO - epoch=32 batch=1000/1690 train_loss=1.0325 it/s=10.96 eta=1.0m
2026-02-13 01:21:19,796 - INFO - epoch=32 batch=1200/1690 train_loss=1.0334 it/s=10.96 eta=0.7m
2026-02-13 01:21:38,074 - INFO - epoch=32 batch=1400/1690 train_loss=1.0338 it/s=10.96 eta=0.4m
2026-02-13 01:21:56,336 - INFO - epoch=32 batch=1600/1690 train_loss=1.0345 it/s=10.96 eta=0.1m
2026-02-13 01:22:17,115 - INFO - epoch=32 train_loss=1.034040 val_loss=0.967083 best=0.967090@31
2026-02-13 01:22:35,495 - INFO - epoch=33 batch=200/1690 train_loss=1.0289 it/s=10.90 eta=2.3m
2026-02-13 01:22:53,705 - INFO - epoch=33 batch=400/1690 train_loss=1.0318 it/s=10.94 eta=2.0m
2026-02-13 01:23:11,881 - INFO - epoch=33 batch=600/1690 train_loss=1.0307 it/s=10.96 eta=1.7m
2026-02-13 01:23:30,194 - INFO - epoch=33 batch=800/1690 train_loss=1.0312 it/s=10.95 eta=1.4m
2026-02-13 01:23:48,396 - INFO - epoch=33 batch=1000/1690 train_loss=1.0332 it/s=10.96 eta=1.0m
2026-02-13 01:24:06,669 - INFO - epoch=33 batch=1200/1690 train_loss=1.0325 it/s=10.96 eta=0.7m
2026-02-13 01:24:24,977 - INFO - epoch=33 batch=1400/1690 train_loss=1.0330 it/s=10.95 eta=0.4m
2026-02-13 01:24:43,098 - INFO - epoch=33 batch=1600/1690 train_loss=1.0332 it/s=10.96 eta=0.1m
2026-02-13 01:25:03,831 - INFO - epoch=33 train_loss=1.033183 val_loss=0.965004 best=0.967083@32
2026-02-13 01:25:22,192 - INFO - epoch=34 batch=200/1690 train_loss=1.0339 it/s=10.91 eta=2.3m
2026-02-13 01:25:40,365 - INFO - epoch=34 batch=400/1690 train_loss=1.0349 it/s=10.96 eta=2.0m
2026-02-13 01:25:58,590 - INFO - epoch=34 batch=600/1690 train_loss=1.0325 it/s=10.96 eta=1.7m
2026-02-13 01:26:16,855 - INFO - epoch=34 batch=800/1690 train_loss=1.0325 it/s=10.96 eta=1.4m
2026-02-13 01:26:35,062 - INFO - epoch=34 batch=1000/1690 train_loss=1.0324 it/s=10.96 eta=1.0m
2026-02-13 01:26:53,345 - INFO - epoch=34 batch=1200/1690 train_loss=1.0327 it/s=10.96 eta=0.7m
2026-02-13 01:27:11,529 - INFO - epoch=34 batch=1400/1690 train_loss=1.0322 it/s=10.97 eta=0.4m
2026-02-13 01:27:29,734 - INFO - epoch=34 batch=1600/1690 train_loss=1.0324 it/s=10.97 eta=0.1m
2026-02-13 01:27:50,510 - INFO - epoch=34 train_loss=1.032239 val_loss=0.964752 best=0.965004@33
2026-02-13 01:28:08,893 - INFO - epoch=35 batch=200/1690 train_loss=1.0345 it/s=10.90 eta=2.3m
2026-02-13 01:28:27,174 - INFO - epoch=35 batch=400/1690 train_loss=1.0326 it/s=10.92 eta=2.0m
2026-02-13 01:28:45,301 - INFO - epoch=35 batch=600/1690 train_loss=1.0331 it/s=10.96 eta=1.7m
2026-02-13 01:29:03,477 - INFO - epoch=35 batch=800/1690 train_loss=1.0317 it/s=10.97 eta=1.4m
2026-02-13 01:29:21,648 - INFO - epoch=35 batch=1000/1690 train_loss=1.0311 it/s=10.98 eta=1.0m
2026-02-13 01:29:39,837 - INFO - epoch=35 batch=1200/1690 train_loss=1.0297 it/s=10.98 eta=0.7m
2026-02-13 01:29:58,065 - INFO - epoch=35 batch=1400/1690 train_loss=1.0305 it/s=10.98 eta=0.4m
2026-02-13 01:30:16,293 - INFO - epoch=35 batch=1600/1690 train_loss=1.0314 it/s=10.98 eta=0.1m
2026-02-13 01:30:37,101 - INFO - epoch=35 train_loss=1.031141 val_loss=0.963736 best=0.964752@34
2026-02-13 01:30:55,502 - INFO - epoch=36 batch=200/1690 train_loss=1.0332 it/s=10.89 eta=2.3m
2026-02-13 01:31:13,722 - INFO - epoch=36 batch=400/1690 train_loss=1.0332 it/s=10.93 eta=2.0m
2026-02-13 01:31:31,953 - INFO - epoch=36 batch=600/1690 train_loss=1.0309 it/s=10.94 eta=1.7m
2026-02-13 01:31:50,126 - INFO - epoch=36 batch=800/1690 train_loss=1.0304 it/s=10.96 eta=1.4m
2026-02-13 01:32:08,257 - INFO - epoch=36 batch=1000/1690 train_loss=1.0308 it/s=10.97 eta=1.0m
2026-02-13 01:32:26,474 - INFO - epoch=36 batch=1200/1690 train_loss=1.0300 it/s=10.97 eta=0.7m
2026-02-13 01:32:44,596 - INFO - epoch=36 batch=1400/1690 train_loss=1.0296 it/s=10.98 eta=0.4m
2026-02-13 01:33:02,804 - INFO - epoch=36 batch=1600/1690 train_loss=1.0295 it/s=10.98 eta=0.1m
2026-02-13 01:33:23,632 - INFO - epoch=36 train_loss=1.029918 val_loss=0.962554 best=0.963736@35
2026-02-13 01:33:41,981 - INFO - epoch=37 batch=200/1690 train_loss=1.0280 it/s=10.92 eta=2.3m
2026-02-13 01:34:00,114 - INFO - epoch=37 batch=400/1690 train_loss=1.0297 it/s=10.97 eta=2.0m
2026-02-13 01:34:18,335 - INFO - epoch=37 batch=600/1690 train_loss=1.0306 it/s=10.97 eta=1.7m
2026-02-13 01:34:36,519 - INFO - epoch=37 batch=800/1690 train_loss=1.0294 it/s=10.98 eta=1.4m
2026-02-13 01:34:54,722 - INFO - epoch=37 batch=1000/1690 train_loss=1.0315 it/s=10.98 eta=1.0m
2026-02-13 01:35:12,898 - INFO - epoch=37 batch=1200/1690 train_loss=1.0297 it/s=10.99 eta=0.7m
2026-02-13 01:35:31,100 - INFO - epoch=37 batch=1400/1690 train_loss=1.0294 it/s=10.99 eta=0.4m
2026-02-13 01:35:49,361 - INFO - epoch=37 batch=1600/1690 train_loss=1.0294 it/s=10.98 eta=0.1m
2026-02-13 01:36:10,140 - INFO - epoch=37 train_loss=1.029672 val_loss=0.962171 best=0.962554@36
2026-02-13 01:36:28,647 - INFO - epoch=38 batch=200/1690 train_loss=1.0282 it/s=10.83 eta=2.3m
2026-02-13 01:36:46,837 - INFO - epoch=38 batch=400/1690 train_loss=1.0321 it/s=10.91 eta=2.0m
2026-02-13 01:37:04,974 - INFO - epoch=38 batch=600/1690 train_loss=1.0311 it/s=10.95 eta=1.7m
2026-02-13 01:37:23,232 - INFO - epoch=38 batch=800/1690 train_loss=1.0275 it/s=10.95 eta=1.4m
2026-02-13 01:37:41,510 - INFO - epoch=38 batch=1000/1690 train_loss=1.0279 it/s=10.95 eta=1.1m
2026-02-13 01:37:59,630 - INFO - epoch=38 batch=1200/1690 train_loss=1.0287 it/s=10.96 eta=0.7m
2026-02-13 01:38:17,805 - INFO - epoch=38 batch=1400/1690 train_loss=1.0287 it/s=10.97 eta=0.4m
2026-02-13 01:38:35,930 - INFO - epoch=38 batch=1600/1690 train_loss=1.0290 it/s=10.98 eta=0.1m
2026-02-13 01:38:56,705 - INFO - epoch=38 train_loss=1.028676 val_loss=0.960978 best=0.962171@37
2026-02-13 01:39:14,994 - INFO - epoch=39 batch=200/1690 train_loss=1.0223 it/s=10.95 eta=2.3m
2026-02-13 01:39:33,204 - INFO - epoch=39 batch=400/1690 train_loss=1.0247 it/s=10.97 eta=2.0m
2026-02-13 01:39:51,343 - INFO - epoch=39 batch=600/1690 train_loss=1.0254 it/s=10.99 eta=1.7m
2026-02-13 01:40:09,460 - INFO - epoch=39 batch=800/1690 train_loss=1.0262 it/s=11.00 eta=1.3m
2026-02-13 01:40:27,668 - INFO - epoch=39 batch=1000/1690 train_loss=1.0263 it/s=11.00 eta=1.0m
2026-02-13 01:40:45,759 - INFO - epoch=39 batch=1200/1690 train_loss=1.0262 it/s=11.01 eta=0.7m
2026-02-13 01:41:04,007 - INFO - epoch=39 batch=1400/1690 train_loss=1.0275 it/s=11.00 eta=0.4m
2026-02-13 01:41:22,300 - INFO - epoch=39 batch=1600/1690 train_loss=1.0269 it/s=10.99 eta=0.1m
2026-02-13 01:41:43,131 - INFO - epoch=39 train_loss=1.027703 val_loss=0.960334 best=0.960978@38
2026-02-13 01:42:01,607 - INFO - epoch=40 batch=200/1690 train_loss=1.0260 it/s=10.84 eta=2.3m
2026-02-13 01:42:19,881 - INFO - epoch=40 batch=400/1690 train_loss=1.0284 it/s=10.89 eta=2.0m
2026-02-13 01:42:38,130 - INFO - epoch=40 batch=600/1690 train_loss=1.0261 it/s=10.92 eta=1.7m
2026-02-13 01:42:56,353 - INFO - epoch=40 batch=800/1690 train_loss=1.0255 it/s=10.93 eta=1.4m
2026-02-13 01:43:14,567 - INFO - epoch=40 batch=1000/1690 train_loss=1.0260 it/s=10.94 eta=1.1m
2026-02-13 01:43:32,742 - INFO - epoch=40 batch=1200/1690 train_loss=1.0262 it/s=10.95 eta=0.7m
2026-02-13 01:43:50,947 - INFO - epoch=40 batch=1400/1690 train_loss=1.0272 it/s=10.96 eta=0.4m
2026-02-13 01:44:09,123 - INFO - epoch=40 batch=1600/1690 train_loss=1.0270 it/s=10.96 eta=0.1m
2026-02-13 01:44:29,767 - INFO - epoch=40 train_loss=1.026586 val_loss=0.959728 best=0.960334@39
2026-02-13 01:44:48,004 - INFO - epoch=41 batch=200/1690 train_loss=1.0258 it/s=10.98 eta=2.3m
2026-02-13 01:45:06,172 - INFO - epoch=41 batch=400/1690 train_loss=1.0261 it/s=11.00 eta=2.0m
2026-02-13 01:45:24,320 - INFO - epoch=41 batch=600/1690 train_loss=1.0280 it/s=11.00 eta=1.7m
2026-02-13 01:45:42,568 - INFO - epoch=41 batch=800/1690 train_loss=1.0278 it/s=10.99 eta=1.3m
2026-02-13 01:46:00,828 - INFO - epoch=41 batch=1000/1690 train_loss=1.0272 it/s=10.99 eta=1.0m
2026-02-13 01:46:19,077 - INFO - epoch=41 batch=1200/1690 train_loss=1.0280 it/s=10.98 eta=0.7m
2026-02-13 01:46:37,225 - INFO - epoch=41 batch=1400/1690 train_loss=1.0276 it/s=10.99 eta=0.4m
2026-02-13 01:46:55,378 - INFO - epoch=41 batch=1600/1690 train_loss=1.0265 it/s=10.99 eta=0.1m
2026-02-13 01:47:16,226 - INFO - epoch=41 train_loss=1.026596 val_loss=0.958985 best=0.959728@40
2026-02-13 01:47:34,718 - INFO - epoch=42 batch=200/1690 train_loss=1.0233 it/s=10.84 eta=2.3m
2026-02-13 01:47:52,948 - INFO - epoch=42 batch=400/1690 train_loss=1.0234 it/s=10.90 eta=2.0m
2026-02-13 01:48:11,008 - INFO - epoch=42 batch=600/1690 train_loss=1.0237 it/s=10.96 eta=1.7m
2026-02-13 01:48:29,117 - INFO - epoch=42 batch=800/1690 train_loss=1.0259 it/s=10.98 eta=1.4m
2026-02-13 01:48:47,315 - INFO - epoch=42 batch=1000/1690 train_loss=1.0246 it/s=10.98 eta=1.0m
2026-02-13 01:49:05,605 - INFO - epoch=42 batch=1200/1690 train_loss=1.0257 it/s=10.97 eta=0.7m
2026-02-13 01:49:23,820 - INFO - epoch=42 batch=1400/1690 train_loss=1.0257 it/s=10.98 eta=0.4m
2026-02-13 01:49:42,073 - INFO - epoch=42 batch=1600/1690 train_loss=1.0259 it/s=10.97 eta=0.1m
2026-02-13 01:50:02,803 - INFO - epoch=42 train_loss=1.025924 val_loss=0.958272 best=0.958985@41
2026-02-13 01:50:21,251 - INFO - epoch=43 batch=200/1690 train_loss=1.0245 it/s=10.86 eta=2.3m
2026-02-13 01:50:39,462 - INFO - epoch=43 batch=400/1690 train_loss=1.0247 it/s=10.92 eta=2.0m
2026-02-13 01:50:57,707 - INFO - epoch=43 batch=600/1690 train_loss=1.0248 it/s=10.93 eta=1.7m
2026-02-13 01:51:15,965 - INFO - epoch=43 batch=800/1690 train_loss=1.0249 it/s=10.94 eta=1.4m
2026-02-13 01:51:34,113 - INFO - epoch=43 batch=1000/1690 train_loss=1.0250 it/s=10.96 eta=1.0m
2026-02-13 01:51:52,336 - INFO - epoch=43 batch=1200/1690 train_loss=1.0251 it/s=10.96 eta=0.7m
2026-02-13 01:52:10,553 - INFO - epoch=43 batch=1400/1690 train_loss=1.0250 it/s=10.96 eta=0.4m
2026-02-13 01:52:28,719 - INFO - epoch=43 batch=1600/1690 train_loss=1.0245 it/s=10.97 eta=0.1m
2026-02-13 01:52:49,453 - INFO - epoch=43 train_loss=1.024117 val_loss=0.956989 best=0.958272@42
2026-02-13 01:53:07,856 - INFO - epoch=44 batch=200/1690 train_loss=1.0268 it/s=10.89 eta=2.3m
2026-02-13 01:53:26,099 - INFO - epoch=44 batch=400/1690 train_loss=1.0227 it/s=10.92 eta=2.0m
2026-02-13 01:53:44,312 - INFO - epoch=44 batch=600/1690 train_loss=1.0238 it/s=10.94 eta=1.7m
2026-02-13 01:54:02,530 - INFO - epoch=44 batch=800/1690 train_loss=1.0249 it/s=10.95 eta=1.4m
2026-02-13 01:54:20,761 - INFO - epoch=44 batch=1000/1690 train_loss=1.0247 it/s=10.96 eta=1.0m
2026-02-13 01:54:38,940 - INFO - epoch=44 batch=1200/1690 train_loss=1.0245 it/s=10.96 eta=0.7m
2026-02-13 01:54:57,114 - INFO - epoch=44 batch=1400/1690 train_loss=1.0241 it/s=10.97 eta=0.4m
2026-02-13 01:55:15,363 - INFO - epoch=44 batch=1600/1690 train_loss=1.0240 it/s=10.97 eta=0.1m
2026-02-13 01:55:36,179 - INFO - epoch=44 train_loss=1.023718 val_loss=0.957322 best=0.956989@43
2026-02-13 01:55:54,530 - INFO - epoch=45 batch=200/1690 train_loss=1.0239 it/s=10.91 eta=2.3m
2026-02-13 01:56:12,752 - INFO - epoch=45 batch=400/1690 train_loss=1.0220 it/s=10.94 eta=2.0m
2026-02-13 01:56:30,954 - INFO - epoch=45 batch=600/1690 train_loss=1.0237 it/s=10.96 eta=1.7m
2026-02-13 01:56:49,121 - INFO - epoch=45 batch=800/1690 train_loss=1.0232 it/s=10.97 eta=1.4m
2026-02-13 01:57:07,348 - INFO - epoch=45 batch=1000/1690 train_loss=1.0228 it/s=10.97 eta=1.0m
2026-02-13 01:57:25,613 - INFO - epoch=45 batch=1200/1690 train_loss=1.0224 it/s=10.97 eta=0.7m
2026-02-13 01:57:43,842 - INFO - epoch=45 batch=1400/1690 train_loss=1.0226 it/s=10.97 eta=0.4m
2026-02-13 01:58:01,990 - INFO - epoch=45 batch=1600/1690 train_loss=1.0237 it/s=10.97 eta=0.1m
2026-02-13 01:58:22,843 - INFO - epoch=45 train_loss=1.023497 val_loss=0.955897 best=0.956989@43
2026-02-13 01:58:41,151 - INFO - epoch=46 batch=200/1690 train_loss=1.0240 it/s=10.94 eta=2.3m
2026-02-13 01:58:59,482 - INFO - epoch=46 batch=400/1690 train_loss=1.0211 it/s=10.93 eta=2.0m
2026-02-13 01:59:17,657 - INFO - epoch=46 batch=600/1690 train_loss=1.0215 it/s=10.95 eta=1.7m
2026-02-13 01:59:35,783 - INFO - epoch=46 batch=800/1690 train_loss=1.0204 it/s=10.97 eta=1.4m
2026-02-13 01:59:53,968 - INFO - epoch=46 batch=1000/1690 train_loss=1.0200 it/s=10.98 eta=1.0m
2026-02-13 02:00:12,200 - INFO - epoch=46 batch=1200/1690 train_loss=1.0215 it/s=10.98 eta=0.7m
2026-02-13 02:00:30,380 - INFO - epoch=46 batch=1400/1690 train_loss=1.0219 it/s=10.98 eta=0.4m
2026-02-13 02:00:48,531 - INFO - epoch=46 batch=1600/1690 train_loss=1.0222 it/s=10.98 eta=0.1m
2026-02-13 02:01:09,218 - INFO - epoch=46 train_loss=1.022478 val_loss=0.955803 best=0.955897@45
2026-02-13 02:01:27,551 - INFO - epoch=47 batch=200/1690 train_loss=1.0172 it/s=10.93 eta=2.3m
2026-02-13 02:01:45,748 - INFO - epoch=47 batch=400/1690 train_loss=1.0190 it/s=10.96 eta=2.0m
2026-02-13 02:02:03,886 - INFO - epoch=47 batch=600/1690 train_loss=1.0193 it/s=10.98 eta=1.7m
2026-02-13 02:02:22,012 - INFO - epoch=47 batch=800/1690 train_loss=1.0183 it/s=10.99 eta=1.3m
2026-02-13 02:02:40,189 - INFO - epoch=47 batch=1000/1690 train_loss=1.0174 it/s=11.00 eta=1.0m
2026-02-13 02:02:58,425 - INFO - epoch=47 batch=1200/1690 train_loss=1.0181 it/s=10.99 eta=0.7m
2026-02-13 02:03:16,711 - INFO - epoch=47 batch=1400/1690 train_loss=1.0205 it/s=10.98 eta=0.4m
2026-02-13 02:03:34,958 - INFO - epoch=47 batch=1600/1690 train_loss=1.0212 it/s=10.98 eta=0.1m
2026-02-13 02:03:55,836 - INFO - epoch=47 train_loss=1.021478 val_loss=0.954381 best=0.955803@46
2026-02-13 02:04:14,157 - INFO - epoch=48 batch=200/1690 train_loss=1.0214 it/s=10.93 eta=2.3m
2026-02-13 02:04:32,393 - INFO - epoch=48 batch=400/1690 train_loss=1.0211 it/s=10.95 eta=2.0m
2026-02-13 02:04:50,625 - INFO - epoch=48 batch=600/1690 train_loss=1.0179 it/s=10.96 eta=1.7m
2026-02-13 02:05:08,898 - INFO - epoch=48 batch=800/1690 train_loss=1.0181 it/s=10.95 eta=1.4m
2026-02-13 02:05:27,066 - INFO - epoch=48 batch=1000/1690 train_loss=1.0186 it/s=10.96 eta=1.0m
2026-02-13 02:05:45,259 - INFO - epoch=48 batch=1200/1690 train_loss=1.0196 it/s=10.97 eta=0.7m
2026-02-13 02:06:03,469 - INFO - epoch=48 batch=1400/1690 train_loss=1.0200 it/s=10.97 eta=0.4m
2026-02-13 02:06:21,673 - INFO - epoch=48 batch=1600/1690 train_loss=1.0202 it/s=10.97 eta=0.1m
2026-02-13 02:06:42,441 - INFO - epoch=48 train_loss=1.020584 val_loss=0.954887 best=0.954381@47
2026-02-13 02:07:00,789 - INFO - epoch=49 batch=200/1690 train_loss=1.0219 it/s=10.91 eta=2.3m
2026-02-13 02:07:19,036 - INFO - epoch=49 batch=400/1690 train_loss=1.0238 it/s=10.93 eta=2.0m
2026-02-13 02:07:37,145 - INFO - epoch=49 batch=600/1690 train_loss=1.0215 it/s=10.97 eta=1.7m
2026-02-13 02:07:55,259 - INFO - epoch=49 batch=800/1690 train_loss=1.0204 it/s=10.99 eta=1.3m
2026-02-13 02:08:13,481 - INFO - epoch=49 batch=1000/1690 train_loss=1.0205 it/s=10.99 eta=1.0m
2026-02-13 02:08:31,646 - INFO - epoch=49 batch=1200/1690 train_loss=1.0206 it/s=10.99 eta=0.7m
2026-02-13 02:08:49,776 - INFO - epoch=49 batch=1400/1690 train_loss=1.0208 it/s=11.00 eta=0.4m
2026-02-13 02:09:08,051 - INFO - epoch=49 batch=1600/1690 train_loss=1.0205 it/s=10.99 eta=0.1m
2026-02-13 02:09:28,933 - INFO - epoch=49 train_loss=1.020584 val_loss=0.953895 best=0.954381@47
2026-02-13 02:09:47,407 - INFO - epoch=50 batch=200/1690 train_loss=1.0196 it/s=10.84 eta=2.3m
2026-02-13 02:10:05,500 - INFO - epoch=50 batch=400/1690 train_loss=1.0244 it/s=10.95 eta=2.0m
2026-02-13 02:10:23,684 - INFO - epoch=50 batch=600/1690 train_loss=1.0230 it/s=10.96 eta=1.7m
2026-02-13 02:10:41,918 - INFO - epoch=50 batch=800/1690 train_loss=1.0204 it/s=10.97 eta=1.4m
2026-02-13 02:11:00,161 - INFO - epoch=50 batch=1000/1690 train_loss=1.0203 it/s=10.97 eta=1.0m
2026-02-13 02:11:18,354 - INFO - epoch=50 batch=1200/1690 train_loss=1.0205 it/s=10.97 eta=0.7m
2026-02-13 02:11:36,513 - INFO - epoch=50 batch=1400/1690 train_loss=1.0199 it/s=10.98 eta=0.4m
2026-02-13 02:11:54,675 - INFO - epoch=50 batch=1600/1690 train_loss=1.0192 it/s=10.98 eta=0.1m
2026-02-13 02:12:15,467 - INFO - epoch=50 train_loss=1.019153 val_loss=0.951825 best=0.953895@49
2026-02-13 02:12:33,812 - INFO - epoch=51 batch=200/1690 train_loss=1.0156 it/s=10.92 eta=2.3m
2026-02-13 02:12:52,004 - INFO - epoch=51 batch=400/1690 train_loss=1.0187 it/s=10.96 eta=2.0m
2026-02-13 02:13:10,176 - INFO - epoch=51 batch=600/1690 train_loss=1.0195 it/s=10.97 eta=1.7m
2026-02-13 02:13:28,327 - INFO - epoch=51 batch=800/1690 train_loss=1.0196 it/s=10.98 eta=1.4m
2026-02-13 02:13:46,463 - INFO - epoch=51 batch=1000/1690 train_loss=1.0194 it/s=10.99 eta=1.0m
2026-02-13 02:14:04,613 - INFO - epoch=51 batch=1200/1690 train_loss=1.0188 it/s=11.00 eta=0.7m
2026-02-13 02:14:22,813 - INFO - epoch=51 batch=1400/1690 train_loss=1.0190 it/s=11.00 eta=0.4m
2026-02-13 02:14:40,997 - INFO - epoch=51 batch=1600/1690 train_loss=1.0189 it/s=11.00 eta=0.1m
2026-02-13 02:15:01,749 - INFO - epoch=51 train_loss=1.018887 val_loss=0.952586 best=0.951825@50
2026-02-13 02:15:20,061 - INFO - epoch=52 batch=200/1690 train_loss=1.0171 it/s=10.93 eta=2.3m
2026-02-13 02:15:38,302 - INFO - epoch=52 batch=400/1690 train_loss=1.0204 it/s=10.95 eta=2.0m
2026-02-13 02:15:56,380 - INFO - epoch=52 batch=600/1690 train_loss=1.0196 it/s=10.99 eta=1.7m
2026-02-13 02:16:14,566 - INFO - epoch=52 batch=800/1690 train_loss=1.0186 it/s=10.99 eta=1.3m
2026-02-13 02:16:32,724 - INFO - epoch=52 batch=1000/1690 train_loss=1.0170 it/s=10.99 eta=1.0m
2026-02-13 02:16:50,912 - INFO - epoch=52 batch=1200/1690 train_loss=1.0165 it/s=10.99 eta=0.7m
2026-02-13 02:17:09,140 - INFO - epoch=52 batch=1400/1690 train_loss=1.0180 it/s=10.99 eta=0.4m
2026-02-13 02:17:27,287 - INFO - epoch=52 batch=1600/1690 train_loss=1.0176 it/s=10.99 eta=0.1m
2026-02-13 02:17:47,996 - INFO - epoch=52 train_loss=1.017926 val_loss=0.951626 best=0.951825@50
2026-02-13 02:18:06,329 - INFO - epoch=53 batch=200/1690 train_loss=1.0173 it/s=10.93 eta=2.3m
2026-02-13 02:18:24,569 - INFO - epoch=53 batch=400/1690 train_loss=1.0161 it/s=10.95 eta=2.0m
2026-02-13 02:18:42,612 - INFO - epoch=53 batch=600/1690 train_loss=1.0164 it/s=10.99 eta=1.7m
2026-02-13 02:19:00,870 - INFO - epoch=53 batch=800/1690 train_loss=1.0163 it/s=10.98 eta=1.4m
2026-02-13 02:19:19,070 - INFO - epoch=53 batch=1000/1690 train_loss=1.0153 it/s=10.98 eta=1.0m
2026-02-13 02:19:37,243 - INFO - epoch=53 batch=1200/1690 train_loss=1.0169 it/s=10.99 eta=0.7m
2026-02-13 02:19:55,464 - INFO - epoch=53 batch=1400/1690 train_loss=1.0170 it/s=10.99 eta=0.4m
2026-02-13 02:20:13,691 - INFO - epoch=53 batch=1600/1690 train_loss=1.0168 it/s=10.98 eta=0.1m
2026-02-13 02:20:34,545 - INFO - epoch=53 train_loss=1.017115 val_loss=0.950890 best=0.951626@52
2026-02-13 02:20:52,887 - INFO - epoch=54 batch=200/1690 train_loss=1.0160 it/s=10.92 eta=2.3m
2026-02-13 02:21:11,081 - INFO - epoch=54 batch=400/1690 train_loss=1.0169 it/s=10.96 eta=2.0m
2026-02-13 02:21:29,220 - INFO - epoch=54 batch=600/1690 train_loss=1.0185 it/s=10.98 eta=1.7m
2026-02-13 02:21:47,432 - INFO - epoch=54 batch=800/1690 train_loss=1.0171 it/s=10.98 eta=1.4m
2026-02-13 02:22:05,603 - INFO - epoch=54 batch=1000/1690 train_loss=1.0170 it/s=10.99 eta=1.0m
2026-02-13 02:22:23,844 - INFO - epoch=54 batch=1200/1690 train_loss=1.0172 it/s=10.98 eta=0.7m
2026-02-13 02:22:42,091 - INFO - epoch=54 batch=1400/1690 train_loss=1.0173 it/s=10.98 eta=0.4m
2026-02-13 02:23:00,283 - INFO - epoch=54 batch=1600/1690 train_loss=1.0173 it/s=10.98 eta=0.1m
2026-02-13 02:23:21,051 - INFO - epoch=54 train_loss=1.016692 val_loss=0.950333 best=0.950890@53
2026-02-13 02:23:39,361 - INFO - epoch=55 batch=200/1690 train_loss=1.0125 it/s=10.94 eta=2.3m
2026-02-13 02:23:57,566 - INFO - epoch=55 batch=400/1690 train_loss=1.0151 it/s=10.96 eta=2.0m
2026-02-13 02:24:15,796 - INFO - epoch=55 batch=600/1690 train_loss=1.0169 it/s=10.97 eta=1.7m
2026-02-13 02:24:33,991 - INFO - epoch=55 batch=800/1690 train_loss=1.0167 it/s=10.97 eta=1.4m
2026-02-13 02:24:52,133 - INFO - epoch=55 batch=1000/1690 train_loss=1.0161 it/s=10.98 eta=1.0m
2026-02-13 02:25:10,293 - INFO - epoch=55 batch=1200/1690 train_loss=1.0163 it/s=10.99 eta=0.7m
2026-02-13 02:25:28,442 - INFO - epoch=55 batch=1400/1690 train_loss=1.0161 it/s=10.99 eta=0.4m
2026-02-13 02:25:46,590 - INFO - epoch=55 batch=1600/1690 train_loss=1.0155 it/s=11.00 eta=0.1m
2026-02-13 02:26:07,419 - INFO - epoch=55 train_loss=1.015476 val_loss=0.949773 best=0.950333@54
2026-02-13 02:26:25,823 - INFO - epoch=56 batch=200/1690 train_loss=1.0102 it/s=10.88 eta=2.3m
2026-02-13 02:26:43,954 - INFO - epoch=56 batch=400/1690 train_loss=1.0127 it/s=10.96 eta=2.0m
2026-02-13 02:27:02,145 - INFO - epoch=56 batch=600/1690 train_loss=1.0136 it/s=10.97 eta=1.7m
2026-02-13 02:27:20,253 - INFO - epoch=56 batch=800/1690 train_loss=1.0134 it/s=10.99 eta=1.3m
2026-02-13 02:27:38,329 - INFO - epoch=56 batch=1000/1690 train_loss=1.0137 it/s=11.00 eta=1.0m
2026-02-13 02:27:56,534 - INFO - epoch=56 batch=1200/1690 train_loss=1.0142 it/s=11.00 eta=0.7m
2026-02-13 02:28:14,784 - INFO - epoch=56 batch=1400/1690 train_loss=1.0152 it/s=10.99 eta=0.4m
2026-02-13 02:28:32,935 - INFO - epoch=56 batch=1600/1690 train_loss=1.0146 it/s=11.00 eta=0.1m
2026-02-13 02:28:53,787 - INFO - epoch=56 train_loss=1.015056 val_loss=0.949179 best=0.949773@55
2026-02-13 02:29:12,053 - INFO - epoch=57 batch=200/1690 train_loss=1.0090 it/s=10.97 eta=2.3m
2026-02-13 02:29:30,250 - INFO - epoch=57 batch=400/1690 train_loss=1.0123 it/s=10.98 eta=2.0m
2026-02-13 02:29:48,400 - INFO - epoch=57 batch=600/1690 train_loss=1.0135 it/s=10.99 eta=1.7m
2026-02-13 02:30:06,546 - INFO - epoch=57 batch=800/1690 train_loss=1.0127 it/s=11.00 eta=1.3m
2026-02-13 02:30:24,843 - INFO - epoch=57 batch=1000/1690 train_loss=1.0131 it/s=10.99 eta=1.0m
2026-02-13 02:30:43,035 - INFO - epoch=57 batch=1200/1690 train_loss=1.0139 it/s=10.99 eta=0.7m
2026-02-13 02:31:01,270 - INFO - epoch=57 batch=1400/1690 train_loss=1.0140 it/s=10.98 eta=0.4m
2026-02-13 02:31:19,463 - INFO - epoch=57 batch=1600/1690 train_loss=1.0142 it/s=10.99 eta=0.1m
2026-02-13 02:31:40,291 - INFO - epoch=57 train_loss=1.014333 val_loss=0.948110 best=0.949179@56
2026-02-13 02:31:58,665 - INFO - epoch=58 batch=200/1690 train_loss=1.0146 it/s=10.90 eta=2.3m
2026-02-13 02:32:16,793 - INFO - epoch=58 batch=400/1690 train_loss=1.0134 it/s=10.97 eta=2.0m
2026-02-13 02:32:34,992 - INFO - epoch=58 batch=600/1690 train_loss=1.0137 it/s=10.97 eta=1.7m
2026-02-13 02:32:53,195 - INFO - epoch=58 batch=800/1690 train_loss=1.0127 it/s=10.98 eta=1.4m
2026-02-13 02:33:11,429 - INFO - epoch=58 batch=1000/1690 train_loss=1.0141 it/s=10.98 eta=1.0m
2026-02-13 02:33:29,636 - INFO - epoch=58 batch=1200/1690 train_loss=1.0134 it/s=10.98 eta=0.7m
2026-02-13 02:33:47,839 - INFO - epoch=58 batch=1400/1690 train_loss=1.0131 it/s=10.98 eta=0.4m
2026-02-13 02:34:06,041 - INFO - epoch=58 batch=1600/1690 train_loss=1.0130 it/s=10.98 eta=0.1m
2026-02-13 02:34:26,810 - INFO - epoch=58 train_loss=1.013477 val_loss=0.947112 best=0.948110@57
2026-02-13 02:34:45,122 - INFO - epoch=59 batch=200/1690 train_loss=1.0138 it/s=10.94 eta=2.3m
2026-02-13 02:35:03,308 - INFO - epoch=59 batch=400/1690 train_loss=1.0147 it/s=10.97 eta=2.0m
2026-02-13 02:35:21,556 - INFO - epoch=59 batch=600/1690 train_loss=1.0133 it/s=10.97 eta=1.7m
2026-02-13 02:35:39,780 - INFO - epoch=59 batch=800/1690 train_loss=1.0114 it/s=10.97 eta=1.4m
2026-02-13 02:35:58,007 - INFO - epoch=59 batch=1000/1690 train_loss=1.0123 it/s=10.97 eta=1.0m
2026-02-13 02:36:16,189 - INFO - epoch=59 batch=1200/1690 train_loss=1.0123 it/s=10.97 eta=0.7m
2026-02-13 02:36:34,368 - INFO - epoch=59 batch=1400/1690 train_loss=1.0128 it/s=10.98 eta=0.4m
2026-02-13 02:36:52,532 - INFO - epoch=59 batch=1600/1690 train_loss=1.0126 it/s=10.98 eta=0.1m
2026-02-13 02:37:13,347 - INFO - epoch=59 train_loss=1.012478 val_loss=0.946968 best=0.947112@58
2026-02-13 02:37:31,804 - INFO - epoch=60 batch=200/1690 train_loss=1.0135 it/s=10.85 eta=2.3m
2026-02-13 02:37:49,948 - INFO - epoch=60 batch=400/1690 train_loss=1.0095 it/s=10.94 eta=2.0m
2026-02-13 02:38:08,082 - INFO - epoch=60 batch=600/1690 train_loss=1.0107 it/s=10.97 eta=1.7m
2026-02-13 02:38:26,267 - INFO - epoch=60 batch=800/1690 train_loss=1.0117 it/s=10.98 eta=1.4m
2026-02-13 02:38:44,520 - INFO - epoch=60 batch=1000/1690 train_loss=1.0131 it/s=10.97 eta=1.0m
2026-02-13 02:39:02,645 - INFO - epoch=60 batch=1200/1690 train_loss=1.0118 it/s=10.98 eta=0.7m
2026-02-13 02:39:20,879 - INFO - epoch=60 batch=1400/1690 train_loss=1.0110 it/s=10.98 eta=0.4m
2026-02-13 02:39:39,010 - INFO - epoch=60 batch=1600/1690 train_loss=1.0112 it/s=10.99 eta=0.1m
2026-02-13 02:39:59,631 - INFO - epoch=60 train_loss=1.011312 val_loss=0.946594 best=0.946968@59
2026-02-13 02:39:59,660 - INFO - saved: _sync/wsa/pi_verify/20260213_porto_e2e60_p1_s0/E2_cont_e60/report.json
