/home/jinlin/miniconda3/envs/dpl/lib/python3.11/site-packages/torch/nn/modules/transformer.py:392: UserWarning: enable_nested_tensor is True, but self.use_nested_tensor is False because encoder_layer.norm_first was True
  warnings.warn(
[city0] start n_routes=1000 latent_source=flow region_constraint=none compare_beam=False
[city0] batch 0:64/1000
[city0] batch 64:128/1000
[city0] batch 128:192/1000
[city0] batch 192:256/1000
[city0] batch 256:320/1000
[city0] batch 320:384/1000
[city0] batch 384:448/1000
[city0] batch 448:512/1000
[city0] batch 512:576/1000
[city0] batch 576:640/1000
[city0] batch 640:704/1000
[city0] batch 704:768/1000
[city0] batch 768:832/1000
[city0] batch 832:896/1000
[city0] batch 896:960/1000
[city0] batch 960:1000/1000
[city0] done=1000 routes
[OK] saved: _sync/wsa/pi_verify/20260210_porto_phase0_s0/d3_bestof16_dest_fast/binned_flow_bestof16_dest_greedy_n1000.json
[W210 15:49:20.536520278 AllocatorConfig.cpp:28] Warning: PYTORCH_CUDA_ALLOC_CONF is deprecated, use PYTORCH_ALLOC_CONF instead (function operator())
