[city0] start n_routes=5000 latent_source=flow region_constraint=none compare_beam=False
[city0] batch 0:64/5000
[city0] batch 64:128/5000
[city0] batch 128:192/5000
[city0] batch 192:256/5000
[city0] batch 256:320/5000
[city0] batch 320:384/5000
[city0] batch 384:448/5000
[city0] batch 448:512/5000
[city0] batch 512:576/5000
[city0] batch 576:640/5000
[city0] batch 640:704/5000
[city0] batch 704:768/5000
[city0] batch 768:832/5000
[city0] batch 832:896/5000
[city0] batch 896:960/5000
[city0] batch 960:1024/5000
[city0] batch 1024:1088/5000
[city0] batch 1088:1152/5000
[city0] batch 1152:1216/5000
[city0] batch 1216:1280/5000
[city0] batch 1280:1344/5000
[city0] batch 1344:1408/5000
[city0] batch 1408:1472/5000
[city0] batch 1472:1536/5000
[city0] batch 1536:1600/5000
[city0] batch 1600:1664/5000
[city0] batch 1664:1728/5000
[city0] batch 1728:1792/5000
[city0] batch 1792:1856/5000
[city0] batch 1856:1920/5000
[city0] batch 1920:1984/5000
[city0] batch 1984:2048/5000
[city0] batch 2048:2112/5000
[city0] batch 2112:2176/5000
[city0] batch 2176:2240/5000
[city0] batch 2240:2304/5000
[city0] batch 2304:2368/5000
[city0] batch 2368:2432/5000
[city0] batch 2432:2496/5000
[city0] batch 2496:2560/5000
[city0] batch 2560:2624/5000
[city0] batch 2624:2688/5000
[city0] batch 2688:2752/5000
[city0] batch 2752:2816/5000
[city0] batch 2816:2880/5000
[city0] batch 2880:2944/5000
[city0] batch 2944:3008/5000
[city0] batch 3008:3072/5000
[city0] batch 3072:3136/5000
[city0] batch 3136:3200/5000
[city0] batch 3200:3264/5000
[city0] batch 3264:3328/5000
[city0] batch 3328:3392/5000
[city0] batch 3392:3456/5000
[city0] batch 3456:3520/5000
[city0] batch 3520:3584/5000
[city0] batch 3584:3648/5000
[city0] batch 3648:3712/5000
[city0] batch 3712:3776/5000
[city0] batch 3776:3840/5000
[city0] batch 3840:3904/5000
[city0] batch 3904:3968/5000
[city0] batch 3968:4032/5000
[city0] batch 4032:4096/5000
[city0] batch 4096:4160/5000
[city0] batch 4160:4224/5000
[city0] batch 4224:4288/5000
[city0] batch 4288:4352/5000
[city0] batch 4352:4416/5000
[city0] batch 4416:4480/5000
[city0] batch 4480:4544/5000
[city0] batch 4544:4608/5000
[city0] batch 4608:4672/5000
[city0] batch 4672:4736/5000
[city0] batch 4736:4800/5000
[city0] batch 4800:4864/5000
[city0] batch 4864:4928/5000
[city0] batch 4928:4992/5000
[city0] batch 4992:5000/5000
[city0] done=5000 routes
[OK] saved: _sync/wsa/pi_verify/20260219_porto_quality_bottleneck_k16_n5000_s0/binned_e2e100_k16_best_n5000.json
[OK] saved: _sync/wsa/pi_verify/20260219_porto_quality_bottleneck_k16_n5000_s0/per_route_e2e100_k16_best_n5000.json

/home/jinlin/miniconda3/envs/dpl/lib/python3.11/site-packages/torch/nn/modules/transformer.py:392: UserWarning: enable_nested_tensor is True, but self.use_nested_tensor is False because encoder_layer.norm_first was True
  warnings.warn(

