2026-03-01 17:11:07,543 - INFO - device=cuda
2026-03-01 17:11:08,320 - INFO - split_json=/home/jinlin/data/geoexplicit_data/experiments/icml2026_routegen/WAYCASD0_waydata_porto_seed0/W5_way_routes_strict_gate/od_split_min3_max160_seed0_dev10p.json train_routes=108153 val_routes=13086 => train_idx=107706 val_idx=13041
2026-03-01 17:11:08,322 - INFO - routes: total=1343467 train=107706 val=13041 min_hops=5 max_way_len=160
2026-03-01 17:11:08,930 - WARNING - region_seq_npz filter mismatch: meta(min_hops=3, max_way_len=160) vs train(min_hops=5, max_way_len=160)
/home/jinlin/miniconda3/envs/dpl/lib/python3.11/site-packages/torch/nn/modules/transformer.py:392: UserWarning: enable_nested_tensor is True, but self.use_nested_tensor is False because encoder_layer.norm_first was True
  warnings.warn(
2026-03-01 17:11:09,431 - WARNING - flow_target=vae_mu overrides Flow shape: user(d_model=256,n_latent=64) -> effective(d_model=64,n_latent=1)
2026-03-01 17:11:10,892 - INFO - init best_val_loss=2.552675 from current weights (epoch=0)
2026-03-01 17:11:15,927 - INFO - epoch=1 train_loss=1.7187 val_loss=1.1143
2026-03-01 17:11:20,781 - INFO - epoch=2 train_loss=1.0684 val_loss=0.8373
2026-03-01 17:11:25,916 - INFO - epoch=3 train_loss=0.8923 val_loss=0.7077
2026-03-01 17:11:30,412 - INFO - epoch=4 train_loss=0.7988 val_loss=0.6426
2026-03-01 17:11:35,157 - INFO - epoch=5 train_loss=0.7414 val_loss=0.6087
2026-03-01 17:11:39,968 - INFO - epoch=6 train_loss=0.7105 val_loss=0.5856
2026-03-01 17:11:44,974 - INFO - epoch=7 train_loss=0.6874 val_loss=0.5781
2026-03-01 17:11:49,542 - INFO - epoch=8 train_loss=0.6694 val_loss=0.5641
2026-03-01 17:11:54,090 - INFO - epoch=9 train_loss=0.6535 val_loss=0.5546
2026-03-01 17:11:59,016 - INFO - epoch=10 train_loss=0.6438 val_loss=0.5484
2026-03-01 17:12:04,095 - INFO - epoch=11 train_loss=0.6329 val_loss=0.5456
2026-03-01 17:12:08,884 - INFO - epoch=12 train_loss=0.6243 val_loss=0.5390
2026-03-01 17:12:13,952 - INFO - epoch=13 train_loss=0.6184 val_loss=0.5336
2026-03-01 17:12:18,829 - INFO - epoch=14 train_loss=0.6105 val_loss=0.5271
2026-03-01 17:12:23,682 - INFO - epoch=15 train_loss=0.6042 val_loss=0.5224
2026-03-01 17:12:28,238 - INFO - epoch=16 train_loss=0.5984 val_loss=0.5218
2026-03-01 17:12:32,784 - INFO - epoch=17 train_loss=0.5952 val_loss=0.5168
2026-03-01 17:12:37,552 - INFO - epoch=18 train_loss=0.5896 val_loss=0.5133
2026-03-01 17:12:42,449 - INFO - epoch=19 train_loss=0.5871 val_loss=0.5108
2026-03-01 17:12:47,335 - INFO - epoch=20 train_loss=0.5845 val_loss=0.5126
2026-03-01 17:12:52,292 - INFO - epoch=21 train_loss=0.5811 val_loss=0.5121
2026-03-01 17:12:57,243 - INFO - epoch=22 train_loss=0.5791 val_loss=0.5067
2026-03-01 17:13:01,983 - INFO - epoch=23 train_loss=0.5760 val_loss=0.5055
2026-03-01 17:13:06,893 - INFO - epoch=24 train_loss=0.5736 val_loss=0.5021
2026-03-01 17:13:11,798 - INFO - epoch=25 train_loss=0.5712 val_loss=0.5008
2026-03-01 17:13:16,597 - INFO - epoch=26 train_loss=0.5695 val_loss=0.4984
2026-03-01 17:13:21,431 - INFO - epoch=27 train_loss=0.5679 val_loss=0.4976
2026-03-01 17:13:25,956 - INFO - epoch=28 train_loss=0.5657 val_loss=0.4968
2026-03-01 17:13:30,693 - INFO - epoch=29 train_loss=0.5647 val_loss=0.4939
2026-03-01 17:13:35,428 - INFO - epoch=30 train_loss=0.5631 val_loss=0.4954
2026-03-01 17:13:40,169 - INFO - epoch=31 train_loss=0.5616 val_loss=0.4953
2026-03-01 17:13:45,021 - INFO - epoch=32 train_loss=0.5595 val_loss=0.4935
2026-03-01 17:13:50,015 - INFO - epoch=33 train_loss=0.5584 val_loss=0.4948
2026-03-01 17:13:54,897 - INFO - epoch=34 train_loss=0.5578 val_loss=0.4933
2026-03-01 17:13:59,785 - INFO - epoch=35 train_loss=0.5552 val_loss=0.4905
2026-03-01 17:14:04,636 - INFO - epoch=36 train_loss=0.5552 val_loss=0.4905
2026-03-01 17:14:09,568 - INFO - epoch=37 train_loss=0.5538 val_loss=0.4925
2026-03-01 17:14:14,303 - INFO - epoch=38 train_loss=0.5501 val_loss=0.4858
2026-03-01 17:14:18,941 - INFO - epoch=39 train_loss=0.5480 val_loss=0.4836
2026-03-01 17:14:23,544 - INFO - epoch=40 train_loss=0.5453 val_loss=0.4851
2026-03-01 17:14:28,265 - INFO - epoch=41 train_loss=0.5432 val_loss=0.4824
2026-03-01 17:14:32,870 - INFO - epoch=42 train_loss=0.5427 val_loss=0.4805
2026-03-01 17:14:37,441 - INFO - epoch=43 train_loss=0.5402 val_loss=0.4769
2026-03-01 17:14:42,189 - INFO - epoch=44 train_loss=0.5383 val_loss=0.4749
2026-03-01 17:14:46,797 - INFO - epoch=45 train_loss=0.5383 val_loss=0.4758
2026-03-01 17:14:51,693 - INFO - epoch=46 train_loss=0.5361 val_loss=0.4737
2026-03-01 17:14:56,480 - INFO - epoch=47 train_loss=0.5331 val_loss=0.4749
2026-03-01 17:15:01,354 - INFO - epoch=48 train_loss=0.5336 val_loss=0.4715
2026-03-01 17:15:06,424 - INFO - epoch=49 train_loss=0.5329 val_loss=0.4752
2026-03-01 17:15:11,216 - INFO - epoch=50 train_loss=0.5303 val_loss=0.4706
2026-03-01 17:15:15,985 - INFO - epoch=51 train_loss=0.5310 val_loss=0.4718
2026-03-01 17:15:20,866 - INFO - epoch=52 train_loss=0.5288 val_loss=0.4712
2026-03-01 17:15:25,652 - INFO - epoch=53 train_loss=0.5277 val_loss=0.4680
2026-03-01 17:15:30,567 - INFO - epoch=54 train_loss=0.5271 val_loss=0.4731
2026-03-01 17:15:35,381 - INFO - epoch=55 train_loss=0.5264 val_loss=0.4733
2026-03-01 17:15:39,913 - INFO - epoch=56 train_loss=0.5259 val_loss=0.4684
2026-03-01 17:15:44,844 - INFO - epoch=57 train_loss=0.5239 val_loss=0.4703
2026-03-01 17:15:49,604 - INFO - epoch=58 train_loss=0.5236 val_loss=0.4678
2026-03-01 17:15:54,646 - INFO - epoch=59 train_loss=0.5225 val_loss=0.4722
2026-03-01 17:15:59,468 - INFO - epoch=60 train_loss=0.5218 val_loss=0.4704
2026-03-01 17:15:59,502 - INFO - saved: _sync/wsa/pi_verify/20260225_porto_beta_vae64_flowmu_s2/A2_flow_on_mu64/report.json

