2026-02-06 14:55:52,426 - INFO - device=cuda
2026-02-06 14:55:52,431 - INFO - loaded way_semantic: n_channels=5
2026-02-06 14:55:52,437 - INFO - split_json=_sync/wsa/pi_verify/20260206_od_disjoint_s0/od_split_min5_max160_seed0.json train_routes=4316 val_routes=233 => train_idx=4316 val_idx=233
2026-02-06 14:55:52,437 - INFO - routes: total=5022 train=4316 val=233 min_hops=5 max_way_len=160
/home/jinlin/miniconda3/envs/dpl/lib/python3.11/site-packages/torch/nn/modules/transformer.py:392: UserWarning: enable_nested_tensor is True, but self.use_nested_tensor is False because encoder_layer.norm_first was True
  warnings.warn(
2026-02-06 14:55:53,504 - INFO - init best_val_loss=0.297651 from current weights (epoch=0)
2026-02-06 14:55:56,976 - INFO - epoch=1 train_loss=0.3119 train_acc=0.803 val_loss=0.2942 val_acc=0.811
2026-02-06 14:56:00,291 - INFO - epoch=2 train_loss=0.3096 train_acc=0.804 val_loss=0.2927 val_acc=0.812
2026-02-06 14:56:03,554 - INFO - epoch=3 train_loss=0.3083 train_acc=0.806 val_loss=0.2918 val_acc=0.811
2026-02-06 14:56:06,862 - INFO - epoch=4 train_loss=0.3050 train_acc=0.807 val_loss=0.2875 val_acc=0.816
2026-02-06 14:56:10,198 - INFO - epoch=5 train_loss=0.2993 train_acc=0.813 val_loss=0.2823 val_acc=0.819
2026-02-06 14:56:13,551 - INFO - epoch=6 train_loss=0.2957 train_acc=0.816 val_loss=0.2794 val_acc=0.824
2026-02-06 14:56:16,922 - INFO - epoch=7 train_loss=0.2917 train_acc=0.820 val_loss=0.2803 val_acc=0.828
2026-02-06 14:56:20,265 - INFO - epoch=8 train_loss=0.2895 train_acc=0.821 val_loss=0.2767 val_acc=0.832
2026-02-06 14:56:23,673 - INFO - epoch=9 train_loss=0.2870 train_acc=0.824 val_loss=0.2755 val_acc=0.833
2026-02-06 14:56:27,066 - INFO - epoch=10 train_loss=0.2840 train_acc=0.826 val_loss=0.2722 val_acc=0.832
2026-02-06 14:56:30,451 - INFO - epoch=11 train_loss=0.2803 train_acc=0.831 val_loss=0.2698 val_acc=0.833
2026-02-06 14:56:33,864 - INFO - epoch=12 train_loss=0.2772 train_acc=0.833 val_loss=0.2677 val_acc=0.835
2026-02-06 14:56:37,241 - INFO - epoch=13 train_loss=0.2748 train_acc=0.836 val_loss=0.2671 val_acc=0.832
2026-02-06 14:56:40,674 - INFO - epoch=14 train_loss=0.2716 train_acc=0.836 val_loss=0.2659 val_acc=0.839
2026-02-06 14:56:44,110 - INFO - epoch=15 train_loss=0.2695 train_acc=0.839 val_loss=0.2647 val_acc=0.844
2026-02-06 14:56:47,503 - INFO - epoch=16 train_loss=0.2671 train_acc=0.842 val_loss=0.2660 val_acc=0.847
2026-02-06 14:56:50,929 - INFO - epoch=17 train_loss=0.2648 train_acc=0.845 val_loss=0.2628 val_acc=0.845
2026-02-06 14:56:54,374 - INFO - epoch=18 train_loss=0.2615 train_acc=0.848 val_loss=0.2611 val_acc=0.850
2026-02-06 14:56:57,823 - INFO - epoch=19 train_loss=0.2586 train_acc=0.852 val_loss=0.2613 val_acc=0.850
2026-02-06 14:57:01,255 - INFO - epoch=20 train_loss=0.2580 train_acc=0.851 val_loss=0.2592 val_acc=0.853
2026-02-06 14:57:04,721 - INFO - epoch=21 train_loss=0.2541 train_acc=0.856 val_loss=0.2563 val_acc=0.859
2026-02-06 14:57:08,177 - INFO - epoch=22 train_loss=0.2507 train_acc=0.861 val_loss=0.2522 val_acc=0.865
2026-02-06 14:57:11,643 - INFO - epoch=23 train_loss=0.2476 train_acc=0.865 val_loss=0.2467 val_acc=0.869
2026-02-06 14:57:15,077 - INFO - epoch=24 train_loss=0.2449 train_acc=0.868 val_loss=0.2463 val_acc=0.870
2026-02-06 14:57:18,509 - INFO - epoch=25 train_loss=0.2430 train_acc=0.871 val_loss=0.2471 val_acc=0.874
2026-02-06 14:57:21,943 - INFO - epoch=26 train_loss=0.2420 train_acc=0.872 val_loss=0.2391 val_acc=0.880
2026-02-06 14:57:25,430 - INFO - epoch=27 train_loss=0.2370 train_acc=0.877 val_loss=0.2340 val_acc=0.880
2026-02-06 14:57:28,925 - INFO - epoch=28 train_loss=0.2322 train_acc=0.881 val_loss=0.2303 val_acc=0.881
2026-02-06 14:57:32,376 - INFO - epoch=29 train_loss=0.2277 train_acc=0.885 val_loss=0.2268 val_acc=0.887
2026-02-06 14:57:35,843 - INFO - epoch=30 train_loss=0.2247 train_acc=0.887 val_loss=0.2220 val_acc=0.896
2026-02-06 14:57:39,327 - INFO - epoch=31 train_loss=0.2209 train_acc=0.890 val_loss=0.2182 val_acc=0.893
2026-02-06 14:57:42,808 - INFO - epoch=32 train_loss=0.2164 train_acc=0.893 val_loss=0.2178 val_acc=0.895
2026-02-06 14:57:46,288 - INFO - epoch=33 train_loss=0.2131 train_acc=0.895 val_loss=0.2145 val_acc=0.899
2026-02-06 14:57:49,792 - INFO - epoch=34 train_loss=0.2091 train_acc=0.898 val_loss=0.2130 val_acc=0.899
2026-02-06 14:57:53,289 - INFO - epoch=35 train_loss=0.2063 train_acc=0.900 val_loss=0.2079 val_acc=0.903
2026-02-06 14:57:56,762 - INFO - epoch=36 train_loss=0.2033 train_acc=0.901 val_loss=0.2068 val_acc=0.903
2026-02-06 14:58:00,279 - INFO - epoch=37 train_loss=0.1985 train_acc=0.905 val_loss=0.2016 val_acc=0.906
2026-02-06 14:58:03,763 - INFO - epoch=38 train_loss=0.1942 train_acc=0.907 val_loss=0.2020 val_acc=0.907
2026-02-06 14:58:07,220 - INFO - epoch=39 train_loss=0.1911 train_acc=0.910 val_loss=0.1992 val_acc=0.911
2026-02-06 14:58:10,700 - INFO - epoch=40 train_loss=0.1869 train_acc=0.911 val_loss=0.1949 val_acc=0.909
2026-02-06 14:58:14,226 - INFO - epoch=41 train_loss=0.1827 train_acc=0.914 val_loss=0.1905 val_acc=0.913
2026-02-06 14:58:17,701 - INFO - epoch=42 train_loss=0.1803 train_acc=0.914 val_loss=0.1914 val_acc=0.912
2026-02-06 14:58:21,173 - INFO - epoch=43 train_loss=0.1770 train_acc=0.917 val_loss=0.1872 val_acc=0.917
2026-02-06 14:58:24,670 - INFO - epoch=44 train_loss=0.1727 train_acc=0.919 val_loss=0.1827 val_acc=0.913
2026-02-06 14:58:28,178 - INFO - epoch=45 train_loss=0.1689 train_acc=0.921 val_loss=0.1848 val_acc=0.916
2026-02-06 14:58:31,653 - INFO - epoch=46 train_loss=0.1661 train_acc=0.922 val_loss=0.1810 val_acc=0.918
2026-02-06 14:58:35,146 - INFO - epoch=47 train_loss=0.1640 train_acc=0.923 val_loss=0.1819 val_acc=0.922
2026-02-06 14:58:38,600 - INFO - epoch=48 train_loss=0.1615 train_acc=0.924 val_loss=0.1780 val_acc=0.923
2026-02-06 14:58:42,062 - INFO - epoch=49 train_loss=0.1582 train_acc=0.925 val_loss=0.1755 val_acc=0.921
2026-02-06 14:58:45,587 - INFO - epoch=50 train_loss=0.1550 train_acc=0.928 val_loss=0.1762 val_acc=0.925
2026-02-06 14:58:49,039 - INFO - epoch=51 train_loss=0.1526 train_acc=0.929 val_loss=0.1742 val_acc=0.922
2026-02-06 14:58:52,514 - INFO - epoch=52 train_loss=0.1491 train_acc=0.930 val_loss=0.1749 val_acc=0.923
2026-02-06 14:58:55,979 - INFO - epoch=53 train_loss=0.1473 train_acc=0.931 val_loss=0.1736 val_acc=0.925
2026-02-06 14:58:59,456 - INFO - epoch=54 train_loss=0.1458 train_acc=0.932 val_loss=0.1753 val_acc=0.923
2026-02-06 14:59:02,937 - INFO - epoch=55 train_loss=0.1418 train_acc=0.934 val_loss=0.1704 val_acc=0.930
2026-02-06 14:59:06,386 - INFO - epoch=56 train_loss=0.1402 train_acc=0.935 val_loss=0.1688 val_acc=0.928
2026-02-06 14:59:09,878 - INFO - epoch=57 train_loss=0.1380 train_acc=0.936 val_loss=0.1687 val_acc=0.926
2026-02-06 14:59:13,396 - INFO - epoch=58 train_loss=0.1348 train_acc=0.938 val_loss=0.1633 val_acc=0.931
2026-02-06 14:59:16,870 - INFO - epoch=59 train_loss=0.1324 train_acc=0.939 val_loss=0.1695 val_acc=0.931
2026-02-06 14:59:20,361 - INFO - epoch=60 train_loss=0.1314 train_acc=0.940 val_loss=0.1612 val_acc=0.932
2026-02-06 14:59:20,472 - INFO - saved: /home/jinlin/data/geoexplicit_data/experiments/icml2026_routegen/20260206_od_disjoint_s0/waycasd_ae_seed0/report.json
