2026-02-06 15:00:52,416 - INFO - device=cuda
2026-02-06 15:00:52,423 - INFO - split_json=_sync/wsa/pi_verify/20260206_od_disjoint_s0/od_split_min5_max160_seed0.json train_routes=4316 val_routes=233 => train_idx=4316 val_idx=233
2026-02-06 15:00:52,423 - INFO - routes: total=5022 train=4316 val=233 min_hops=5 max_way_len=160
/home/jinlin/miniconda3/envs/dpl/lib/python3.11/site-packages/torch/nn/modules/transformer.py:392: UserWarning: enable_nested_tensor is True, but self.use_nested_tensor is False because encoder_layer.norm_first was True
  warnings.warn(
2026-02-06 15:01:00,587 - INFO - epoch=1 train_loss=0.341445 val_loss=0.296804 best=inf@0
2026-02-06 15:01:07,625 - INFO - epoch=2 train_loss=0.274146 val_loss=0.260669 best=0.296804@1
2026-02-06 15:01:14,631 - INFO - epoch=3 train_loss=0.248726 val_loss=0.251742 best=0.260669@2
2026-02-06 15:01:21,648 - INFO - epoch=4 train_loss=0.240476 val_loss=0.236055 best=0.251742@3
2026-02-06 15:01:28,737 - INFO - epoch=5 train_loss=0.230552 val_loss=0.235820 best=0.236055@4
2026-02-06 15:01:35,863 - INFO - epoch=6 train_loss=0.228801 val_loss=0.228160 best=0.235820@5
2026-02-06 15:01:43,037 - INFO - epoch=7 train_loss=0.223434 val_loss=0.226562 best=0.228160@6
2026-02-06 15:01:50,199 - INFO - epoch=8 train_loss=0.222128 val_loss=0.223630 best=0.226562@7
2026-02-06 15:01:57,288 - INFO - epoch=9 train_loss=0.220336 val_loss=0.217478 best=0.223630@8
2026-02-06 15:02:04,445 - INFO - epoch=10 train_loss=0.217320 val_loss=0.217076 best=0.217478@9
2026-02-06 15:02:11,529 - INFO - epoch=11 train_loss=0.216112 val_loss=0.218216 best=0.217076@10
2026-02-06 15:02:18,733 - INFO - epoch=12 train_loss=0.213666 val_loss=0.217454 best=0.217076@10
2026-02-06 15:02:25,878 - INFO - epoch=13 train_loss=0.214059 val_loss=0.217034 best=0.217076@10
2026-02-06 15:02:33,094 - INFO - epoch=14 train_loss=0.211560 val_loss=0.217744 best=0.217034@13
2026-02-06 15:02:40,269 - INFO - epoch=15 train_loss=0.209382 val_loss=0.214852 best=0.217034@13
2026-02-06 15:02:47,429 - INFO - epoch=16 train_loss=0.208349 val_loss=0.212732 best=0.214852@15
2026-02-06 15:02:54,539 - INFO - epoch=17 train_loss=0.208763 val_loss=0.213574 best=0.212732@16
2026-02-06 15:03:01,673 - INFO - epoch=18 train_loss=0.207845 val_loss=0.214596 best=0.212732@16
2026-02-06 15:03:08,805 - INFO - epoch=19 train_loss=0.205765 val_loss=0.212122 best=0.212732@16
2026-02-06 15:03:15,884 - INFO - epoch=20 train_loss=0.204401 val_loss=0.211203 best=0.212122@19
2026-02-06 15:03:22,972 - INFO - epoch=21 train_loss=0.204606 val_loss=0.210939 best=0.211203@20
2026-02-06 15:03:30,001 - INFO - epoch=22 train_loss=0.203753 val_loss=0.209158 best=0.210939@21
2026-02-06 15:03:37,034 - INFO - epoch=23 train_loss=0.202856 val_loss=0.209171 best=0.209158@22
2026-02-06 15:03:44,027 - INFO - epoch=24 train_loss=0.201610 val_loss=0.210988 best=0.209158@22
2026-02-06 15:03:51,042 - INFO - epoch=25 train_loss=0.200873 val_loss=0.211039 best=0.209158@22
2026-02-06 15:03:58,043 - INFO - epoch=26 train_loss=0.200382 val_loss=0.207898 best=0.209158@22
2026-02-06 15:04:05,085 - INFO - epoch=27 train_loss=0.200710 val_loss=0.208453 best=0.207898@26
2026-02-06 15:04:12,212 - INFO - epoch=28 train_loss=0.198317 val_loss=0.204903 best=0.207898@26
2026-02-06 15:04:19,326 - INFO - epoch=29 train_loss=0.198782 val_loss=0.209054 best=0.204903@28
2026-02-06 15:04:26,420 - INFO - epoch=30 train_loss=0.198104 val_loss=0.206006 best=0.204903@28
2026-02-06 15:04:33,378 - INFO - epoch=31 train_loss=0.196919 val_loss=0.205413 best=0.204903@28
2026-02-06 15:04:40,342 - INFO - epoch=32 train_loss=0.196770 val_loss=0.203264 best=0.204903@28
2026-02-06 15:04:47,335 - INFO - epoch=33 train_loss=0.195640 val_loss=0.205467 best=0.203264@32
2026-02-06 15:04:54,385 - INFO - epoch=34 train_loss=0.195701 val_loss=0.202130 best=0.203264@32
2026-02-06 15:05:01,509 - INFO - epoch=35 train_loss=0.195298 val_loss=0.204000 best=0.202130@34
2026-02-06 15:05:08,482 - INFO - epoch=36 train_loss=0.193501 val_loss=0.207134 best=0.202130@34
2026-02-06 15:05:15,472 - INFO - epoch=37 train_loss=0.192818 val_loss=0.201444 best=0.202130@34
2026-02-06 15:05:22,477 - INFO - epoch=38 train_loss=0.193356 val_loss=0.201664 best=0.201444@37
2026-02-06 15:05:29,493 - INFO - epoch=39 train_loss=0.192929 val_loss=0.207171 best=0.201444@37
2026-02-06 15:05:36,579 - INFO - epoch=40 train_loss=0.193318 val_loss=0.202089 best=0.201444@37
2026-02-06 15:05:43,675 - INFO - epoch=41 train_loss=0.192421 val_loss=0.202615 best=0.201444@37
2026-02-06 15:05:50,695 - INFO - epoch=42 train_loss=0.191241 val_loss=0.201563 best=0.201444@37
2026-02-06 15:05:57,678 - INFO - epoch=43 train_loss=0.190778 val_loss=0.201354 best=0.201444@37
2026-02-06 15:06:04,670 - INFO - epoch=44 train_loss=0.190395 val_loss=0.201301 best=0.201354@43
2026-02-06 15:06:11,662 - INFO - epoch=45 train_loss=0.189515 val_loss=0.204097 best=0.201301@44
2026-02-06 15:06:18,768 - INFO - epoch=46 train_loss=0.190641 val_loss=0.201605 best=0.201301@44
2026-02-06 15:06:25,871 - INFO - epoch=47 train_loss=0.190314 val_loss=0.200988 best=0.201301@44
2026-02-06 15:06:32,966 - INFO - epoch=48 train_loss=0.187736 val_loss=0.198269 best=0.200988@47
2026-02-06 15:06:40,079 - INFO - epoch=49 train_loss=0.188713 val_loss=0.200723 best=0.198269@48
2026-02-06 15:06:47,074 - INFO - epoch=50 train_loss=0.188317 val_loss=0.199726 best=0.198269@48
2026-02-06 15:06:54,085 - INFO - epoch=51 train_loss=0.187744 val_loss=0.198797 best=0.198269@48
2026-02-06 15:07:01,168 - INFO - epoch=52 train_loss=0.186765 val_loss=0.199536 best=0.198269@48
2026-02-06 15:07:08,284 - INFO - epoch=53 train_loss=0.187682 val_loss=0.199289 best=0.198269@48
2026-02-06 15:07:15,272 - INFO - epoch=54 train_loss=0.186339 val_loss=0.198352 best=0.198269@48
2026-02-06 15:07:22,369 - INFO - epoch=55 train_loss=0.186288 val_loss=0.198715 best=0.198269@48
2026-02-06 15:07:29,363 - INFO - epoch=56 train_loss=0.186878 val_loss=0.198889 best=0.198269@48
2026-02-06 15:07:36,361 - INFO - epoch=57 train_loss=0.185806 val_loss=0.197215 best=0.198269@48
2026-02-06 15:07:43,479 - INFO - epoch=58 train_loss=0.184853 val_loss=0.195954 best=0.197215@57
2026-02-06 15:07:50,576 - INFO - epoch=59 train_loss=0.184035 val_loss=0.197281 best=0.195954@58
2026-02-06 15:07:57,554 - INFO - epoch=60 train_loss=0.185103 val_loss=0.194886 best=0.195954@58
2026-02-06 15:07:57,583 - INFO - saved: /home/jinlin/data/geoexplicit_data/experiments/icml2026_routegen/20260206_od_disjoint_s0/waycasd_e2_joint_seed0/report.json
