2026-02-04 22:41:42,466 - INFO - device=cuda
2026-02-04 22:41:42,472 - INFO - loaded way_semantic: n_channels=5
2026-02-04 22:41:42,481 - INFO - routes: total=5022 train=4520 val=502 min_hops=5 max_way_len=160
/home/jinlin/miniconda3/envs/dpl/lib/python3.11/site-packages/torch/nn/modules/transformer.py:392: UserWarning: enable_nested_tensor is True, but self.use_nested_tensor is False because encoder_layer.norm_first was True
  warnings.warn(
2026-02-04 22:41:43,850 - INFO - init best_val_loss=0.312909 from current weights (epoch=0)
2026-02-04 22:41:49,199 - INFO - epoch=1 train_loss=0.3111 train_acc=0.803 val_loss=0.3061 val_acc=0.805
2026-02-04 22:41:54,039 - INFO - epoch=2 train_loss=0.3089 train_acc=0.804 val_loss=0.3052 val_acc=0.805
2026-02-04 22:41:58,900 - INFO - epoch=3 train_loss=0.3073 train_acc=0.805 val_loss=0.3025 val_acc=0.806
2026-02-04 22:42:03,854 - INFO - epoch=4 train_loss=0.3029 train_acc=0.809 val_loss=0.2956 val_acc=0.810
2026-02-04 22:42:08,805 - INFO - epoch=5 train_loss=0.2963 train_acc=0.813 val_loss=0.2904 val_acc=0.815
2026-02-04 22:42:13,785 - INFO - epoch=6 train_loss=0.2920 train_acc=0.818 val_loss=0.2867 val_acc=0.818
2026-02-04 22:42:18,815 - INFO - epoch=7 train_loss=0.2886 train_acc=0.821 val_loss=0.2860 val_acc=0.821
2026-02-04 22:42:23,876 - INFO - epoch=8 train_loss=0.2859 train_acc=0.824 val_loss=0.2813 val_acc=0.827
2026-02-04 22:42:28,948 - INFO - epoch=9 train_loss=0.2826 train_acc=0.827 val_loss=0.2786 val_acc=0.832
2026-02-04 22:42:34,015 - INFO - epoch=10 train_loss=0.2797 train_acc=0.830 val_loss=0.2762 val_acc=0.834
2026-02-04 22:42:39,155 - INFO - epoch=11 train_loss=0.2769 train_acc=0.832 val_loss=0.2746 val_acc=0.837
2026-02-04 22:42:44,249 - INFO - epoch=12 train_loss=0.2741 train_acc=0.834 val_loss=0.2730 val_acc=0.836
2026-02-04 22:42:49,399 - INFO - epoch=13 train_loss=0.2714 train_acc=0.836 val_loss=0.2706 val_acc=0.838
2026-02-04 22:42:54,574 - INFO - epoch=14 train_loss=0.2691 train_acc=0.839 val_loss=0.2686 val_acc=0.838
2026-02-04 22:42:59,716 - INFO - epoch=15 train_loss=0.2660 train_acc=0.842 val_loss=0.2677 val_acc=0.841
2026-02-04 22:43:04,915 - INFO - epoch=16 train_loss=0.2650 train_acc=0.843 val_loss=0.2665 val_acc=0.843
2026-02-04 22:43:10,070 - INFO - epoch=17 train_loss=0.2628 train_acc=0.844 val_loss=0.2637 val_acc=0.845
2026-02-04 22:43:15,262 - INFO - epoch=18 train_loss=0.2596 train_acc=0.847 val_loss=0.2625 val_acc=0.849
2026-02-04 22:43:20,490 - INFO - epoch=19 train_loss=0.2572 train_acc=0.850 val_loss=0.2620 val_acc=0.853
2026-02-04 22:43:25,677 - INFO - epoch=20 train_loss=0.2542 train_acc=0.854 val_loss=0.2577 val_acc=0.855
2026-02-04 22:43:30,907 - INFO - epoch=21 train_loss=0.2516 train_acc=0.857 val_loss=0.2555 val_acc=0.861
2026-02-04 22:43:36,135 - INFO - epoch=22 train_loss=0.2476 train_acc=0.861 val_loss=0.2523 val_acc=0.869
2026-02-04 22:43:41,331 - INFO - epoch=23 train_loss=0.2445 train_acc=0.866 val_loss=0.2505 val_acc=0.872
2026-02-04 22:43:46,553 - INFO - epoch=24 train_loss=0.2400 train_acc=0.871 val_loss=0.2456 val_acc=0.876
2026-02-04 22:43:51,775 - INFO - epoch=25 train_loss=0.2364 train_acc=0.876 val_loss=0.2423 val_acc=0.880
2026-02-04 22:43:57,003 - INFO - epoch=26 train_loss=0.2337 train_acc=0.878 val_loss=0.2384 val_acc=0.884
2026-02-04 22:44:02,266 - INFO - epoch=27 train_loss=0.2293 train_acc=0.882 val_loss=0.2370 val_acc=0.889
2026-02-04 22:44:07,497 - INFO - epoch=28 train_loss=0.2254 train_acc=0.886 val_loss=0.2346 val_acc=0.890
2026-02-04 22:44:12,757 - INFO - epoch=29 train_loss=0.2226 train_acc=0.889 val_loss=0.2321 val_acc=0.890
2026-02-04 22:44:18,031 - INFO - epoch=30 train_loss=0.2214 train_acc=0.889 val_loss=0.2261 val_acc=0.895
2026-02-04 22:44:23,298 - INFO - epoch=31 train_loss=0.2168 train_acc=0.892 val_loss=0.2239 val_acc=0.897
2026-02-04 22:44:28,539 - INFO - epoch=32 train_loss=0.2122 train_acc=0.895 val_loss=0.2197 val_acc=0.899
2026-02-04 22:44:33,799 - INFO - epoch=33 train_loss=0.2087 train_acc=0.898 val_loss=0.2177 val_acc=0.900
2026-02-04 22:44:39,022 - INFO - epoch=34 train_loss=0.2053 train_acc=0.900 val_loss=0.2128 val_acc=0.902
2026-02-04 22:44:44,302 - INFO - epoch=35 train_loss=0.2020 train_acc=0.902 val_loss=0.2134 val_acc=0.900
2026-02-04 22:44:49,565 - INFO - epoch=36 train_loss=0.1993 train_acc=0.903 val_loss=0.2088 val_acc=0.906
2026-02-04 22:44:54,832 - INFO - epoch=37 train_loss=0.1966 train_acc=0.905 val_loss=0.2100 val_acc=0.905
2026-02-04 22:45:00,067 - INFO - epoch=38 train_loss=0.1945 train_acc=0.906 val_loss=0.2062 val_acc=0.907
2026-02-04 22:45:05,329 - INFO - epoch=39 train_loss=0.1908 train_acc=0.908 val_loss=0.2034 val_acc=0.908
2026-02-04 22:45:10,606 - INFO - epoch=40 train_loss=0.1875 train_acc=0.910 val_loss=0.2003 val_acc=0.913
2026-02-04 22:45:15,933 - INFO - epoch=41 train_loss=0.1840 train_acc=0.911 val_loss=0.1953 val_acc=0.914
2026-02-04 22:45:21,155 - INFO - epoch=42 train_loss=0.1807 train_acc=0.914 val_loss=0.1934 val_acc=0.913
2026-02-04 22:45:26,441 - INFO - epoch=43 train_loss=0.1773 train_acc=0.915 val_loss=0.1915 val_acc=0.913
2026-02-04 22:45:31,692 - INFO - epoch=44 train_loss=0.1758 train_acc=0.915 val_loss=0.1889 val_acc=0.917
2026-02-04 22:45:36,974 - INFO - epoch=45 train_loss=0.1728 train_acc=0.918 val_loss=0.1867 val_acc=0.920
2026-02-04 22:45:42,255 - INFO - epoch=46 train_loss=0.1708 train_acc=0.919 val_loss=0.1840 val_acc=0.919
2026-02-04 22:45:47,506 - INFO - epoch=47 train_loss=0.1666 train_acc=0.921 val_loss=0.1821 val_acc=0.921
2026-02-04 22:45:52,770 - INFO - epoch=48 train_loss=0.1640 train_acc=0.923 val_loss=0.1814 val_acc=0.922
2026-02-04 22:45:58,050 - INFO - epoch=49 train_loss=0.1613 train_acc=0.924 val_loss=0.1800 val_acc=0.922
2026-02-04 22:46:03,322 - INFO - epoch=50 train_loss=0.1587 train_acc=0.926 val_loss=0.1803 val_acc=0.923
2026-02-04 22:46:08,565 - INFO - epoch=51 train_loss=0.1568 train_acc=0.926 val_loss=0.1766 val_acc=0.926
2026-02-04 22:46:13,855 - INFO - epoch=52 train_loss=0.1546 train_acc=0.928 val_loss=0.1759 val_acc=0.924
2026-02-04 22:46:19,114 - INFO - epoch=53 train_loss=0.1524 train_acc=0.929 val_loss=0.1733 val_acc=0.925
2026-02-04 22:46:24,363 - INFO - epoch=54 train_loss=0.1509 train_acc=0.931 val_loss=0.1727 val_acc=0.928
2026-02-04 22:46:29,581 - INFO - epoch=55 train_loss=0.1466 train_acc=0.932 val_loss=0.1741 val_acc=0.924
2026-02-04 22:46:34,832 - INFO - epoch=56 train_loss=0.1440 train_acc=0.933 val_loss=0.1654 val_acc=0.928
2026-02-04 22:46:40,148 - INFO - epoch=57 train_loss=0.1431 train_acc=0.934 val_loss=0.1687 val_acc=0.928
2026-02-04 22:46:45,416 - INFO - epoch=58 train_loss=0.1400 train_acc=0.936 val_loss=0.1656 val_acc=0.930
2026-02-04 22:46:50,685 - INFO - epoch=59 train_loss=0.1378 train_acc=0.937 val_loss=0.1611 val_acc=0.931
2026-02-04 22:46:55,972 - INFO - epoch=60 train_loss=0.1345 train_acc=0.939 val_loss=0.1659 val_acc=0.932
2026-02-04 22:46:56,067 - INFO - saved: /home/jinlin/data/geoexplicit_data/experiments/icml2026_routegen/WAYCASD1_waydata_rustbelt_seed0_strict_v1/W13_train_ae_min5_candq1_past24_len160_s0/report.json
