2026-02-07 06:50:49,378 - INFO - device=cuda
2026-02-07 06:50:49,385 - INFO - split_json=_sync/wsa/pi_verify/20260206_od_disjoint_s0/od_split_min5_max160_seed0.json train_routes=4316 val_routes=233 => train_idx=4316 val_idx=233
2026-02-07 06:50:49,385 - INFO - routes: total=5022 train=4316 val=233 min_hops=5 max_way_len=160
/home/jinlin/miniconda3/envs/dpl/lib/python3.11/site-packages/torch/nn/modules/transformer.py:392: UserWarning: enable_nested_tensor is True, but self.use_nested_tensor is False because encoder_layer.norm_first was True
  warnings.warn(
2026-02-07 06:50:57,192 - INFO - epoch=1 train_loss=0.333785 val_loss=0.287878 best=inf@0
2026-02-07 06:51:03,910 - INFO - epoch=2 train_loss=0.279302 val_loss=0.256833 best=0.287878@1
2026-02-07 06:51:10,507 - INFO - epoch=3 train_loss=0.258325 val_loss=0.247631 best=0.256833@2
2026-02-07 06:51:17,169 - INFO - epoch=4 train_loss=0.249353 val_loss=0.242904 best=0.247631@3
2026-02-07 06:51:23,896 - INFO - epoch=5 train_loss=0.241620 val_loss=0.238395 best=0.242904@4
2026-02-07 06:51:30,647 - INFO - epoch=6 train_loss=0.238223 val_loss=0.239911 best=0.238395@5
2026-02-07 06:51:37,383 - INFO - epoch=7 train_loss=0.235510 val_loss=0.234940 best=0.238395@5
2026-02-07 06:51:44,063 - INFO - epoch=8 train_loss=0.232949 val_loss=0.234220 best=0.234940@7
2026-02-07 06:51:50,713 - INFO - epoch=9 train_loss=0.231645 val_loss=0.230298 best=0.234220@8
2026-02-07 06:51:57,445 - INFO - epoch=10 train_loss=0.230070 val_loss=0.227702 best=0.230298@9
2026-02-07 06:52:04,165 - INFO - epoch=11 train_loss=0.229299 val_loss=0.229269 best=0.227702@10
2026-02-07 06:52:10,771 - INFO - epoch=12 train_loss=0.228051 val_loss=0.228578 best=0.227702@10
2026-02-07 06:52:17,355 - INFO - epoch=13 train_loss=0.227474 val_loss=0.228595 best=0.227702@10
2026-02-07 06:52:23,933 - INFO - epoch=14 train_loss=0.226341 val_loss=0.225419 best=0.227702@10
2026-02-07 06:52:30,510 - INFO - epoch=15 train_loss=0.225132 val_loss=0.226343 best=0.225419@14
2026-02-07 06:52:37,152 - INFO - epoch=16 train_loss=0.223985 val_loss=0.225808 best=0.225419@14
2026-02-07 06:52:43,665 - INFO - epoch=17 train_loss=0.223044 val_loss=0.228238 best=0.225419@14
2026-02-07 06:52:50,250 - INFO - epoch=18 train_loss=0.223312 val_loss=0.226894 best=0.225419@14
2026-02-07 06:52:56,886 - INFO - epoch=19 train_loss=0.222615 val_loss=0.225535 best=0.225419@14
2026-02-07 06:53:03,459 - INFO - epoch=20 train_loss=0.222021 val_loss=0.223608 best=0.225419@14
2026-02-07 06:53:10,056 - INFO - epoch=21 train_loss=0.220021 val_loss=0.223954 best=0.223608@20
2026-02-07 06:53:16,669 - INFO - epoch=22 train_loss=0.219373 val_loss=0.221553 best=0.223608@20
2026-02-07 06:53:23,289 - INFO - epoch=23 train_loss=0.220912 val_loss=0.223116 best=0.221553@22
2026-02-07 06:53:29,761 - INFO - epoch=24 train_loss=0.219087 val_loss=0.222453 best=0.221553@22
2026-02-07 06:53:36,262 - INFO - epoch=25 train_loss=0.217623 val_loss=0.225003 best=0.221553@22
2026-02-07 06:53:42,774 - INFO - epoch=26 train_loss=0.218503 val_loss=0.220769 best=0.221553@22
2026-02-07 06:53:49,471 - INFO - epoch=27 train_loss=0.218436 val_loss=0.221238 best=0.220769@26
2026-02-07 06:53:56,059 - INFO - epoch=28 train_loss=0.217110 val_loss=0.220803 best=0.220769@26
2026-02-07 06:54:02,556 - INFO - epoch=29 train_loss=0.215708 val_loss=0.221238 best=0.220769@26
2026-02-07 06:54:09,105 - INFO - epoch=30 train_loss=0.216080 val_loss=0.223936 best=0.220769@26
2026-02-07 06:54:15,598 - INFO - epoch=31 train_loss=0.215375 val_loss=0.221306 best=0.220769@26
2026-02-07 06:54:22,127 - INFO - epoch=32 train_loss=0.214832 val_loss=0.221014 best=0.220769@26
2026-02-07 06:54:28,669 - INFO - epoch=33 train_loss=0.215118 val_loss=0.220651 best=0.220769@26
2026-02-07 06:54:35,181 - INFO - epoch=34 train_loss=0.214390 val_loss=0.219836 best=0.220651@33
2026-02-07 06:54:41,696 - INFO - epoch=35 train_loss=0.214312 val_loss=0.220075 best=0.219836@34
2026-02-07 06:54:48,217 - INFO - epoch=36 train_loss=0.212880 val_loss=0.220457 best=0.219836@34
2026-02-07 06:54:54,725 - INFO - epoch=37 train_loss=0.212116 val_loss=0.217926 best=0.219836@34
2026-02-07 06:55:01,351 - INFO - epoch=38 train_loss=0.212816 val_loss=0.218713 best=0.217926@37
2026-02-07 06:55:07,850 - INFO - epoch=39 train_loss=0.211935 val_loss=0.218222 best=0.217926@37
2026-02-07 06:55:14,396 - INFO - epoch=40 train_loss=0.212219 val_loss=0.218625 best=0.217926@37
2026-02-07 06:55:20,896 - INFO - epoch=41 train_loss=0.210923 val_loss=0.217484 best=0.217926@37
2026-02-07 06:55:27,441 - INFO - epoch=42 train_loss=0.211599 val_loss=0.217762 best=0.217484@41
2026-02-07 06:55:33,963 - INFO - epoch=43 train_loss=0.211007 val_loss=0.218284 best=0.217484@41
2026-02-07 06:55:40,601 - INFO - epoch=44 train_loss=0.210657 val_loss=0.217202 best=0.217484@41
2026-02-07 06:55:47,119 - INFO - epoch=45 train_loss=0.211362 val_loss=0.218503 best=0.217202@44
2026-02-07 06:55:53,757 - INFO - epoch=46 train_loss=0.208630 val_loss=0.219459 best=0.217202@44
2026-02-07 06:56:00,303 - INFO - epoch=47 train_loss=0.209753 val_loss=0.217598 best=0.217202@44
2026-02-07 06:56:06,846 - INFO - epoch=48 train_loss=0.210486 val_loss=0.217826 best=0.217202@44
2026-02-07 06:56:13,399 - INFO - epoch=49 train_loss=0.209495 val_loss=0.218946 best=0.217202@44
2026-02-07 06:56:19,926 - INFO - epoch=50 train_loss=0.208845 val_loss=0.217912 best=0.217202@44
2026-02-07 06:56:26,469 - INFO - epoch=51 train_loss=0.208602 val_loss=0.218677 best=0.217202@44
2026-02-07 06:56:32,981 - INFO - epoch=52 train_loss=0.208580 val_loss=0.216253 best=0.217202@44
2026-02-07 06:56:39,611 - INFO - epoch=53 train_loss=0.208481 val_loss=0.217247 best=0.216253@52
2026-02-07 06:56:46,120 - INFO - epoch=54 train_loss=0.207522 val_loss=0.215134 best=0.216253@52
2026-02-07 06:56:52,707 - INFO - epoch=55 train_loss=0.208044 val_loss=0.217231 best=0.215134@54
2026-02-07 06:56:59,318 - INFO - epoch=56 train_loss=0.207928 val_loss=0.215651 best=0.215134@54
2026-02-07 06:57:05,910 - INFO - epoch=57 train_loss=0.207193 val_loss=0.218131 best=0.215134@54
2026-02-07 06:57:12,491 - INFO - epoch=58 train_loss=0.207071 val_loss=0.213889 best=0.215134@54
2026-02-07 06:57:19,099 - INFO - epoch=59 train_loss=0.205787 val_loss=0.216859 best=0.213889@58
2026-02-07 06:57:25,662 - INFO - epoch=60 train_loss=0.205604 val_loss=0.214660 best=0.213889@58
2026-02-07 06:57:25,678 - INFO - saved: /home/jinlin/data/geoexplicit_data/experiments/icml2026_routegen/20260206_od_disjoint_s0/waycasd_e2_joint_nocandq_seed0/report.json
