2026-02-05 09:55:25,194 - INFO - device=cuda
2026-02-05 09:55:25,201 - INFO - routes: total=5022 train=4520 val=502 min_hops=5 max_way_len=160
/home/jinlin/miniconda3/envs/dpl/lib/python3.11/site-packages/torch/nn/modules/transformer.py:392: UserWarning: enable_nested_tensor is True, but self.use_nested_tensor is False because encoder_layer.norm_first was True
  warnings.warn(
2026-02-05 09:55:33,813 - INFO - epoch=1 train_loss=0.192905 val_loss=0.205924 best=inf@0
2026-02-05 09:55:41,026 - INFO - epoch=2 train_loss=0.190996 val_loss=0.206108 best=0.205924@1
2026-02-05 09:55:48,220 - INFO - epoch=3 train_loss=0.189907 val_loss=0.205758 best=0.205924@1
2026-02-05 09:55:55,467 - INFO - epoch=4 train_loss=0.189365 val_loss=0.204985 best=0.205758@3
2026-02-05 09:56:02,816 - INFO - epoch=5 train_loss=0.188680 val_loss=0.201848 best=0.204985@4
2026-02-05 09:56:10,415 - INFO - epoch=6 train_loss=0.188069 val_loss=0.202430 best=0.201848@5
2026-02-05 09:56:17,941 - INFO - epoch=7 train_loss=0.187243 val_loss=0.202641 best=0.201848@5
2026-02-05 09:56:25,574 - INFO - epoch=8 train_loss=0.184746 val_loss=0.202085 best=0.201848@5
2026-02-05 09:56:33,338 - INFO - epoch=9 train_loss=0.184422 val_loss=0.200442 best=0.201848@5
2026-02-05 09:56:41,151 - INFO - epoch=10 train_loss=0.184590 val_loss=0.199741 best=0.200442@9
2026-02-05 09:56:49,175 - INFO - epoch=11 train_loss=0.182795 val_loss=0.200553 best=0.199741@10
2026-02-05 09:56:57,142 - INFO - epoch=12 train_loss=0.181870 val_loss=0.201020 best=0.199741@10
2026-02-05 09:57:05,162 - INFO - epoch=13 train_loss=0.181317 val_loss=0.200999 best=0.199741@10
2026-02-05 09:57:13,256 - INFO - epoch=14 train_loss=0.180918 val_loss=0.198164 best=0.199741@10
2026-02-05 09:57:21,378 - INFO - epoch=15 train_loss=0.180018 val_loss=0.199336 best=0.198164@14
2026-02-05 09:57:29,536 - INFO - epoch=16 train_loss=0.179598 val_loss=0.196808 best=0.198164@14
2026-02-05 09:57:37,710 - INFO - epoch=17 train_loss=0.179337 val_loss=0.195874 best=0.196808@16
2026-02-05 09:57:45,870 - INFO - epoch=18 train_loss=0.178417 val_loss=0.197807 best=0.195874@17
2026-02-05 09:57:54,026 - INFO - epoch=19 train_loss=0.178132 val_loss=0.196613 best=0.195874@17
2026-02-05 09:58:02,287 - INFO - epoch=20 train_loss=0.177774 val_loss=0.195382 best=0.195874@17
2026-02-05 09:58:10,554 - INFO - epoch=21 train_loss=0.176711 val_loss=0.196410 best=0.195382@20
2026-02-05 09:58:18,787 - INFO - epoch=22 train_loss=0.176266 val_loss=0.196538 best=0.195382@20
2026-02-05 09:58:27,003 - INFO - epoch=23 train_loss=0.176584 val_loss=0.197868 best=0.195382@20
2026-02-05 09:58:35,293 - INFO - epoch=24 train_loss=0.174685 val_loss=0.194796 best=0.195382@20
2026-02-05 09:58:43,580 - INFO - epoch=25 train_loss=0.174758 val_loss=0.196314 best=0.194796@24
2026-02-05 09:58:51,973 - INFO - epoch=26 train_loss=0.175633 val_loss=0.193613 best=0.194796@24
2026-02-05 09:59:00,367 - INFO - epoch=27 train_loss=0.175109 val_loss=0.195363 best=0.193613@26
2026-02-05 09:59:08,760 - INFO - epoch=28 train_loss=0.174269 val_loss=0.194103 best=0.193613@26
2026-02-05 09:59:17,123 - INFO - epoch=29 train_loss=0.172343 val_loss=0.193673 best=0.193613@26
2026-02-05 09:59:25,495 - INFO - epoch=30 train_loss=0.172815 val_loss=0.195977 best=0.193613@26
2026-02-05 09:59:33,881 - INFO - epoch=31 train_loss=0.172081 val_loss=0.194440 best=0.193613@26
2026-02-05 09:59:42,270 - INFO - epoch=32 train_loss=0.172724 val_loss=0.195542 best=0.193613@26
2026-02-05 09:59:50,605 - INFO - epoch=33 train_loss=0.171507 val_loss=0.193510 best=0.193613@26
2026-02-05 09:59:59,042 - INFO - epoch=34 train_loss=0.171088 val_loss=0.194493 best=0.193510@33
2026-02-05 10:00:07,451 - INFO - epoch=35 train_loss=0.171473 val_loss=0.192672 best=0.193510@33
2026-02-05 10:00:15,862 - INFO - epoch=36 train_loss=0.169900 val_loss=0.193356 best=0.192672@35
2026-02-05 10:00:24,377 - INFO - epoch=37 train_loss=0.170016 val_loss=0.194586 best=0.192672@35
2026-02-05 10:00:32,749 - INFO - epoch=38 train_loss=0.170143 val_loss=0.191314 best=0.192672@35
2026-02-05 10:00:41,176 - INFO - epoch=39 train_loss=0.169317 val_loss=0.192071 best=0.191314@38
2026-02-05 10:00:49,621 - INFO - epoch=40 train_loss=0.168277 val_loss=0.191661 best=0.191314@38
2026-02-05 10:00:49,636 - INFO - saved: _sync/wsa/pi_verify/E2_joint_finetune_s0_cont_e60/report.json
