2026-02-12 20:47:38,509 - INFO - device=cuda
2026-02-12 20:47:39,329 - INFO - split_json=/home/jinlin/data/geoexplicit_data/experiments/icml2026_routegen/WAYCASD0_waydata_porto_seed0/W5_way_routes_strict_gate/od_split_min3_max160_seed0_dev10p.json train_routes=108153 val_routes=13086 => train_idx=108153 val_idx=13086
2026-02-12 20:47:39,332 - INFO - routes: total=1349045 train=108153 val=13086 min_hops=3 max_way_len=160
/home/jinlin/miniconda3/envs/dpl/lib/python3.11/site-packages/torch/nn/modules/transformer.py:392: UserWarning: enable_nested_tensor is True, but self.use_nested_tensor is False because encoder_layer.norm_first was True
  warnings.warn(
2026-02-12 20:47:57,975 - INFO - epoch=1 batch=200/1690 train_loss=1.1610 it/s=11.41 eta=2.2m
2026-02-12 20:48:15,330 - INFO - epoch=1 batch=400/1690 train_loss=1.1646 it/s=11.47 eta=1.9m
2026-02-12 20:48:33,064 - INFO - epoch=1 batch=600/1690 train_loss=1.1638 it/s=11.40 eta=1.6m
2026-02-12 20:48:51,019 - INFO - epoch=1 batch=800/1690 train_loss=1.1630 it/s=11.34 eta=1.3m
2026-02-12 20:49:09,273 - INFO - epoch=1 batch=1000/1690 train_loss=1.1631 it/s=11.26 eta=1.0m
2026-02-12 20:49:27,626 - INFO - epoch=1 batch=1200/1690 train_loss=1.1627 it/s=11.20 eta=0.7m
2026-02-12 20:49:45,944 - INFO - epoch=1 batch=1400/1690 train_loss=1.1628 it/s=11.16 eta=0.4m
2026-02-12 20:50:04,241 - INFO - epoch=1 batch=1600/1690 train_loss=1.1631 it/s=11.13 eta=0.1m
2026-02-12 20:50:25,545 - INFO - epoch=1 train_loss=1.163038 val_loss=1.083261 best=inf@0
2026-02-12 20:50:44,081 - INFO - epoch=2 batch=200/1690 train_loss=1.1668 it/s=10.80 eta=2.3m
2026-02-12 20:51:02,431 - INFO - epoch=2 batch=400/1690 train_loss=1.1620 it/s=10.85 eta=2.0m
2026-02-12 20:51:20,557 - INFO - epoch=2 batch=600/1690 train_loss=1.1604 it/s=10.91 eta=1.7m
2026-02-12 20:51:38,706 - INFO - epoch=2 batch=800/1690 train_loss=1.1586 it/s=10.94 eta=1.4m
2026-02-12 20:51:56,828 - INFO - epoch=2 batch=1000/1690 train_loss=1.1587 it/s=10.96 eta=1.0m
2026-02-12 20:52:14,951 - INFO - epoch=2 batch=1200/1690 train_loss=1.1601 it/s=10.97 eta=0.7m
2026-02-12 20:52:33,111 - INFO - epoch=2 batch=1400/1690 train_loss=1.1588 it/s=10.98 eta=0.4m
2026-02-12 20:52:51,223 - INFO - epoch=2 batch=1600/1690 train_loss=1.1589 it/s=10.99 eta=0.1m
2026-02-12 20:53:11,912 - INFO - epoch=2 train_loss=1.158542 val_loss=1.079030 best=1.083261@1
2026-02-12 20:53:30,265 - INFO - epoch=3 batch=200/1690 train_loss=1.1548 it/s=10.92 eta=2.3m
2026-02-12 20:53:48,428 - INFO - epoch=3 batch=400/1690 train_loss=1.1599 it/s=10.96 eta=2.0m
2026-02-12 20:54:06,532 - INFO - epoch=3 batch=600/1690 train_loss=1.1560 it/s=10.99 eta=1.7m
2026-02-12 20:54:24,751 - INFO - epoch=3 batch=800/1690 train_loss=1.1565 it/s=10.99 eta=1.3m
2026-02-12 20:54:42,909 - INFO - epoch=3 batch=1000/1690 train_loss=1.1560 it/s=10.99 eta=1.0m
2026-02-12 20:55:01,085 - INFO - epoch=3 batch=1200/1690 train_loss=1.1556 it/s=10.99 eta=0.7m
2026-02-12 20:55:19,289 - INFO - epoch=3 batch=1400/1690 train_loss=1.1544 it/s=10.99 eta=0.4m
2026-02-12 20:55:37,448 - INFO - epoch=3 batch=1600/1690 train_loss=1.1546 it/s=11.00 eta=0.1m
2026-02-12 20:55:58,173 - INFO - epoch=3 train_loss=1.154540 val_loss=1.074727 best=1.079030@2
2026-02-12 20:56:16,457 - INFO - epoch=4 batch=200/1690 train_loss=1.1465 it/s=10.96 eta=2.3m
2026-02-12 20:56:34,542 - INFO - epoch=4 batch=400/1690 train_loss=1.1468 it/s=11.01 eta=2.0m
2026-02-12 20:56:52,629 - INFO - epoch=4 batch=600/1690 train_loss=1.1478 it/s=11.02 eta=1.6m
2026-02-12 20:57:10,794 - INFO - epoch=4 batch=800/1690 train_loss=1.1494 it/s=11.02 eta=1.3m
2026-02-12 20:57:28,929 - INFO - epoch=4 batch=1000/1690 train_loss=1.1503 it/s=11.02 eta=1.0m
2026-02-12 20:57:47,095 - INFO - epoch=4 batch=1200/1690 train_loss=1.1508 it/s=11.02 eta=0.7m
2026-02-12 20:58:05,274 - INFO - epoch=4 batch=1400/1690 train_loss=1.1511 it/s=11.02 eta=0.4m
2026-02-12 20:58:23,510 - INFO - epoch=4 batch=1600/1690 train_loss=1.1514 it/s=11.01 eta=0.1m
2026-02-12 20:58:44,186 - INFO - epoch=4 train_loss=1.151175 val_loss=1.071698 best=1.074727@3
2026-02-12 20:59:02,378 - INFO - epoch=5 batch=200/1690 train_loss=1.1502 it/s=11.01 eta=2.3m
2026-02-12 20:59:20,623 - INFO - epoch=5 batch=400/1690 train_loss=1.1489 it/s=10.99 eta=2.0m
2026-02-12 20:59:38,799 - INFO - epoch=5 batch=600/1690 train_loss=1.1472 it/s=10.99 eta=1.7m
2026-02-12 20:59:56,953 - INFO - epoch=5 batch=800/1690 train_loss=1.1472 it/s=11.00 eta=1.3m
2026-02-12 21:00:15,046 - INFO - epoch=5 batch=1000/1690 train_loss=1.1475 it/s=11.01 eta=1.0m
2026-02-12 21:00:33,186 - INFO - epoch=5 batch=1200/1690 train_loss=1.1481 it/s=11.01 eta=0.7m
2026-02-12 21:00:51,298 - INFO - epoch=5 batch=1400/1690 train_loss=1.1482 it/s=11.02 eta=0.4m
2026-02-12 21:01:09,411 - INFO - epoch=5 batch=1600/1690 train_loss=1.1478 it/s=11.02 eta=0.1m
2026-02-12 21:01:30,057 - INFO - epoch=5 train_loss=1.147918 val_loss=1.068012 best=1.071698@4
2026-02-12 21:01:48,354 - INFO - epoch=6 batch=200/1690 train_loss=1.1436 it/s=10.95 eta=2.3m
2026-02-12 21:02:06,408 - INFO - epoch=6 batch=400/1690 train_loss=1.1439 it/s=11.01 eta=2.0m
2026-02-12 21:02:24,560 - INFO - epoch=6 batch=600/1690 train_loss=1.1445 it/s=11.01 eta=1.6m
2026-02-12 21:02:42,707 - INFO - epoch=6 batch=800/1690 train_loss=1.1441 it/s=11.02 eta=1.3m
2026-02-12 21:03:00,866 - INFO - epoch=6 batch=1000/1690 train_loss=1.1436 it/s=11.02 eta=1.0m
2026-02-12 21:03:19,032 - INFO - epoch=6 batch=1200/1690 train_loss=1.1434 it/s=11.01 eta=0.7m
2026-02-12 21:03:37,261 - INFO - epoch=6 batch=1400/1690 train_loss=1.1441 it/s=11.01 eta=0.4m
2026-02-12 21:03:55,430 - INFO - epoch=6 batch=1600/1690 train_loss=1.1439 it/s=11.01 eta=0.1m
2026-02-12 21:04:16,080 - INFO - epoch=6 train_loss=1.143962 val_loss=1.065012 best=1.068012@5
2026-02-12 21:04:34,559 - INFO - epoch=7 batch=200/1690 train_loss=1.1429 it/s=10.84 eta=2.3m
2026-02-12 21:04:52,681 - INFO - epoch=7 batch=400/1690 train_loss=1.1455 it/s=10.94 eta=2.0m
2026-02-12 21:05:10,728 - INFO - epoch=7 batch=600/1690 train_loss=1.1439 it/s=10.99 eta=1.7m
2026-02-12 21:05:28,831 - INFO - epoch=7 batch=800/1690 train_loss=1.1431 it/s=11.00 eta=1.3m
2026-02-12 21:05:47,015 - INFO - epoch=7 batch=1000/1690 train_loss=1.1426 it/s=11.00 eta=1.0m
2026-02-12 21:06:05,190 - INFO - epoch=7 batch=1200/1690 train_loss=1.1411 it/s=11.00 eta=0.7m
2026-02-12 21:06:23,338 - INFO - epoch=7 batch=1400/1690 train_loss=1.1415 it/s=11.00 eta=0.4m
2026-02-12 21:06:41,497 - INFO - epoch=7 batch=1600/1690 train_loss=1.1412 it/s=11.01 eta=0.1m
2026-02-12 21:07:02,229 - INFO - epoch=7 train_loss=1.140387 val_loss=1.061692 best=1.065012@6
2026-02-12 21:07:20,594 - INFO - epoch=8 batch=200/1690 train_loss=1.1383 it/s=10.91 eta=2.3m
2026-02-12 21:07:38,728 - INFO - epoch=8 batch=400/1690 train_loss=1.1375 it/s=10.97 eta=2.0m
2026-02-12 21:07:56,797 - INFO - epoch=8 batch=600/1690 train_loss=1.1373 it/s=11.00 eta=1.7m
2026-02-12 21:08:15,017 - INFO - epoch=8 batch=800/1690 train_loss=1.1384 it/s=11.00 eta=1.3m
2026-02-12 21:08:33,247 - INFO - epoch=8 batch=1000/1690 train_loss=1.1376 it/s=10.99 eta=1.0m
2026-02-12 21:08:51,337 - INFO - epoch=8 batch=1200/1690 train_loss=1.1372 it/s=11.00 eta=0.7m
2026-02-12 21:09:09,484 - INFO - epoch=8 batch=1400/1690 train_loss=1.1375 it/s=11.00 eta=0.4m
2026-02-12 21:09:27,714 - INFO - epoch=8 batch=1600/1690 train_loss=1.1377 it/s=11.00 eta=0.1m
2026-02-12 21:09:48,417 - INFO - epoch=8 train_loss=1.137384 val_loss=1.057980 best=1.061692@7
2026-02-12 21:10:06,806 - INFO - epoch=9 batch=200/1690 train_loss=1.1331 it/s=10.90 eta=2.3m
2026-02-12 21:10:24,954 - INFO - epoch=9 batch=400/1690 train_loss=1.1350 it/s=10.96 eta=2.0m
2026-02-12 21:10:43,035 - INFO - epoch=9 batch=600/1690 train_loss=1.1354 it/s=10.99 eta=1.7m
2026-02-12 21:11:01,249 - INFO - epoch=9 batch=800/1690 train_loss=1.1353 it/s=10.99 eta=1.3m
2026-02-12 21:11:19,425 - INFO - epoch=9 batch=1000/1690 train_loss=1.1345 it/s=10.99 eta=1.0m
2026-02-12 21:11:37,600 - INFO - epoch=9 batch=1200/1690 train_loss=1.1338 it/s=10.99 eta=0.7m
2026-02-12 21:11:55,778 - INFO - epoch=9 batch=1400/1690 train_loss=1.1347 it/s=11.00 eta=0.4m
2026-02-12 21:12:13,970 - INFO - epoch=9 batch=1600/1690 train_loss=1.1342 it/s=11.00 eta=0.1m
2026-02-12 21:12:34,707 - INFO - epoch=9 train_loss=1.134422 val_loss=1.056553 best=1.057980@8
2026-02-12 21:12:53,106 - INFO - epoch=10 batch=200/1690 train_loss=1.1339 it/s=10.89 eta=2.3m
2026-02-12 21:13:11,341 - INFO - epoch=10 batch=400/1690 train_loss=1.1369 it/s=10.93 eta=2.0m
2026-02-12 21:13:29,466 - INFO - epoch=10 batch=600/1690 train_loss=1.1347 it/s=10.96 eta=1.7m
2026-02-12 21:13:47,754 - INFO - epoch=10 batch=800/1690 train_loss=1.1332 it/s=10.96 eta=1.4m
2026-02-12 21:14:05,903 - INFO - epoch=10 batch=1000/1690 train_loss=1.1340 it/s=10.97 eta=1.0m
2026-02-12 21:14:24,082 - INFO - epoch=10 batch=1200/1690 train_loss=1.1320 it/s=10.97 eta=0.7m
2026-02-12 21:14:42,254 - INFO - epoch=10 batch=1400/1690 train_loss=1.1319 it/s=10.98 eta=0.4m
2026-02-12 21:15:00,414 - INFO - epoch=10 batch=1600/1690 train_loss=1.1311 it/s=10.98 eta=0.1m
2026-02-12 21:15:21,230 - INFO - epoch=10 train_loss=1.131328 val_loss=1.052489 best=1.056553@9
2026-02-12 21:15:39,605 - INFO - epoch=11 batch=200/1690 train_loss=1.1364 it/s=10.90 eta=2.3m
2026-02-12 21:15:57,735 - INFO - epoch=11 batch=400/1690 train_loss=1.1287 it/s=10.97 eta=2.0m
2026-02-12 21:16:15,971 - INFO - epoch=11 batch=600/1690 train_loss=1.1300 it/s=10.97 eta=1.7m
2026-02-12 21:16:34,083 - INFO - epoch=11 batch=800/1690 train_loss=1.1305 it/s=10.99 eta=1.4m
2026-02-12 21:16:52,337 - INFO - epoch=11 batch=1000/1690 train_loss=1.1293 it/s=10.98 eta=1.0m
2026-02-12 21:17:10,482 - INFO - epoch=11 batch=1200/1690 train_loss=1.1300 it/s=10.99 eta=0.7m
2026-02-12 21:17:28,607 - INFO - epoch=11 batch=1400/1690 train_loss=1.1292 it/s=10.99 eta=0.4m
2026-02-12 21:17:46,775 - INFO - epoch=11 batch=1600/1690 train_loss=1.1282 it/s=11.00 eta=0.1m
2026-02-12 21:18:07,574 - INFO - epoch=11 train_loss=1.128243 val_loss=1.050791 best=1.052489@10
2026-02-12 21:18:25,971 - INFO - epoch=12 batch=200/1690 train_loss=1.1307 it/s=10.89 eta=2.3m
2026-02-12 21:18:44,141 - INFO - epoch=12 batch=400/1690 train_loss=1.1284 it/s=10.95 eta=2.0m
2026-02-12 21:19:02,273 - INFO - epoch=12 batch=600/1690 train_loss=1.1279 it/s=10.98 eta=1.7m
2026-02-12 21:19:20,436 - INFO - epoch=12 batch=800/1690 train_loss=1.1269 it/s=10.98 eta=1.4m
2026-02-12 21:19:38,583 - INFO - epoch=12 batch=1000/1690 train_loss=1.1278 it/s=10.99 eta=1.0m
2026-02-12 21:19:56,791 - INFO - epoch=12 batch=1200/1690 train_loss=1.1260 it/s=10.99 eta=0.7m
2026-02-12 21:20:14,990 - INFO - epoch=12 batch=1400/1690 train_loss=1.1260 it/s=10.99 eta=0.4m
2026-02-12 21:20:33,118 - INFO - epoch=12 batch=1600/1690 train_loss=1.1262 it/s=11.00 eta=0.1m
2026-02-12 21:20:53,888 - INFO - epoch=12 train_loss=1.125961 val_loss=1.048470 best=1.050791@11
2026-02-12 21:21:12,270 - INFO - epoch=13 batch=200/1690 train_loss=1.1212 it/s=10.90 eta=2.3m
2026-02-12 21:21:30,487 - INFO - epoch=13 batch=400/1690 train_loss=1.1208 it/s=10.94 eta=2.0m
2026-02-12 21:21:48,613 - INFO - epoch=13 batch=600/1690 train_loss=1.1224 it/s=10.97 eta=1.7m
2026-02-12 21:22:06,788 - INFO - epoch=13 batch=800/1690 train_loss=1.1247 it/s=10.98 eta=1.4m
2026-02-12 21:22:24,935 - INFO - epoch=13 batch=1000/1690 train_loss=1.1253 it/s=10.99 eta=1.0m
2026-02-12 21:22:43,114 - INFO - epoch=13 batch=1200/1690 train_loss=1.1238 it/s=10.99 eta=0.7m
2026-02-12 21:23:01,295 - INFO - epoch=13 batch=1400/1690 train_loss=1.1226 it/s=10.99 eta=0.4m
2026-02-12 21:23:19,363 - INFO - epoch=13 batch=1600/1690 train_loss=1.1225 it/s=11.00 eta=0.1m
2026-02-12 21:23:40,097 - INFO - epoch=13 train_loss=1.122900 val_loss=1.046843 best=1.048470@12
2026-02-12 21:23:58,576 - INFO - epoch=14 batch=200/1690 train_loss=1.1214 it/s=10.84 eta=2.3m
2026-02-12 21:24:16,773 - INFO - epoch=14 batch=400/1690 train_loss=1.1185 it/s=10.92 eta=2.0m
2026-02-12 21:24:34,978 - INFO - epoch=14 batch=600/1690 train_loss=1.1206 it/s=10.94 eta=1.7m
2026-02-12 21:24:53,088 - INFO - epoch=14 batch=800/1690 train_loss=1.1203 it/s=10.97 eta=1.4m
2026-02-12 21:25:11,185 - INFO - epoch=14 batch=1000/1690 train_loss=1.1201 it/s=10.98 eta=1.0m
2026-02-12 21:25:29,366 - INFO - epoch=14 batch=1200/1690 train_loss=1.1198 it/s=10.99 eta=0.7m
2026-02-12 21:25:47,588 - INFO - epoch=14 batch=1400/1690 train_loss=1.1195 it/s=10.98 eta=0.4m
2026-02-12 21:26:05,835 - INFO - epoch=14 batch=1600/1690 train_loss=1.1203 it/s=10.98 eta=0.1m
2026-02-12 21:26:26,683 - INFO - epoch=14 train_loss=1.120414 val_loss=1.043436 best=1.046843@13
2026-02-12 21:26:45,049 - INFO - epoch=15 batch=200/1690 train_loss=1.1152 it/s=10.91 eta=2.3m
2026-02-12 21:27:03,171 - INFO - epoch=15 batch=400/1690 train_loss=1.1170 it/s=10.97 eta=2.0m
2026-02-12 21:27:21,352 - INFO - epoch=15 batch=600/1690 train_loss=1.1168 it/s=10.98 eta=1.7m
2026-02-12 21:27:39,602 - INFO - epoch=15 batch=800/1690 train_loss=1.1145 it/s=10.98 eta=1.4m
2026-02-12 21:27:57,826 - INFO - epoch=15 batch=1000/1690 train_loss=1.1169 it/s=10.98 eta=1.0m
2026-02-12 21:28:15,993 - INFO - epoch=15 batch=1200/1690 train_loss=1.1165 it/s=10.98 eta=0.7m
2026-02-12 21:28:34,169 - INFO - epoch=15 batch=1400/1690 train_loss=1.1171 it/s=10.98 eta=0.4m
2026-02-12 21:28:52,355 - INFO - epoch=15 batch=1600/1690 train_loss=1.1174 it/s=10.99 eta=0.1m
2026-02-12 21:29:13,125 - INFO - epoch=15 train_loss=1.117216 val_loss=1.040087 best=1.043436@14
2026-02-12 21:29:31,491 - INFO - epoch=16 batch=200/1690 train_loss=1.1186 it/s=10.91 eta=2.3m
2026-02-12 21:29:49,636 - INFO - epoch=16 batch=400/1690 train_loss=1.1175 it/s=10.97 eta=2.0m
2026-02-12 21:30:07,822 - INFO - epoch=16 batch=600/1690 train_loss=1.1173 it/s=10.98 eta=1.7m
2026-02-12 21:30:26,020 - INFO - epoch=16 batch=800/1690 train_loss=1.1159 it/s=10.98 eta=1.4m
2026-02-12 21:30:44,233 - INFO - epoch=16 batch=1000/1690 train_loss=1.1156 it/s=10.98 eta=1.0m
2026-02-12 21:31:02,520 - INFO - epoch=16 batch=1200/1690 train_loss=1.1151 it/s=10.97 eta=0.7m
2026-02-12 21:31:20,719 - INFO - epoch=16 batch=1400/1690 train_loss=1.1155 it/s=10.97 eta=0.4m
2026-02-12 21:31:38,827 - INFO - epoch=16 batch=1600/1690 train_loss=1.1150 it/s=10.98 eta=0.1m
2026-02-12 21:31:59,695 - INFO - epoch=16 train_loss=1.115257 val_loss=1.039163 best=1.040087@15
2026-02-12 21:32:18,018 - INFO - epoch=17 batch=200/1690 train_loss=1.1115 it/s=10.93 eta=2.3m
2026-02-12 21:32:36,292 - INFO - epoch=17 batch=400/1690 train_loss=1.1149 it/s=10.94 eta=2.0m
2026-02-12 21:32:54,470 - INFO - epoch=17 batch=600/1690 train_loss=1.1138 it/s=10.96 eta=1.7m
2026-02-12 21:33:12,624 - INFO - epoch=17 batch=800/1690 train_loss=1.1121 it/s=10.97 eta=1.4m
2026-02-12 21:33:30,786 - INFO - epoch=17 batch=1000/1690 train_loss=1.1114 it/s=10.98 eta=1.0m
2026-02-12 21:33:48,913 - INFO - epoch=17 batch=1200/1690 train_loss=1.1128 it/s=10.99 eta=0.7m
2026-02-12 21:34:07,105 - INFO - epoch=17 batch=1400/1690 train_loss=1.1126 it/s=10.99 eta=0.4m
2026-02-12 21:34:25,271 - INFO - epoch=17 batch=1600/1690 train_loss=1.1128 it/s=10.99 eta=0.1m
2026-02-12 21:34:45,949 - INFO - epoch=17 train_loss=1.112649 val_loss=1.036245 best=1.039163@16
2026-02-12 21:35:04,291 - INFO - epoch=18 batch=200/1690 train_loss=1.1151 it/s=10.92 eta=2.3m
2026-02-12 21:35:22,444 - INFO - epoch=18 batch=400/1690 train_loss=1.1139 it/s=10.97 eta=2.0m
2026-02-12 21:35:40,668 - INFO - epoch=18 batch=600/1690 train_loss=1.1120 it/s=10.97 eta=1.7m
2026-02-12 21:35:58,763 - INFO - epoch=18 batch=800/1690 train_loss=1.1107 it/s=10.99 eta=1.3m
2026-02-12 21:36:16,982 - INFO - epoch=18 batch=1000/1690 train_loss=1.1116 it/s=10.99 eta=1.0m
2026-02-12 21:36:35,131 - INFO - epoch=18 batch=1200/1690 train_loss=1.1116 it/s=10.99 eta=0.7m
2026-02-12 21:36:53,329 - INFO - epoch=18 batch=1400/1690 train_loss=1.1112 it/s=10.99 eta=0.4m
2026-02-12 21:37:11,538 - INFO - epoch=18 batch=1600/1690 train_loss=1.1107 it/s=10.99 eta=0.1m
2026-02-12 21:37:32,314 - INFO - epoch=18 train_loss=1.110810 val_loss=1.034053 best=1.036245@17
2026-02-12 21:37:50,870 - INFO - epoch=19 batch=200/1690 train_loss=1.1123 it/s=10.80 eta=2.3m
2026-02-12 21:38:09,129 - INFO - epoch=19 batch=400/1690 train_loss=1.1057 it/s=10.87 eta=2.0m
2026-02-12 21:38:27,197 - INFO - epoch=19 batch=600/1690 train_loss=1.1092 it/s=10.94 eta=1.7m
2026-02-12 21:38:45,314 - INFO - epoch=19 batch=800/1690 train_loss=1.1090 it/s=10.96 eta=1.4m
2026-02-12 21:39:03,471 - INFO - epoch=19 batch=1000/1690 train_loss=1.1083 it/s=10.97 eta=1.0m
2026-02-12 21:39:21,638 - INFO - epoch=19 batch=1200/1690 train_loss=1.1078 it/s=10.98 eta=0.7m
2026-02-12 21:39:39,814 - INFO - epoch=19 batch=1400/1690 train_loss=1.1077 it/s=10.98 eta=0.4m
2026-02-12 21:39:58,094 - INFO - epoch=19 batch=1600/1690 train_loss=1.1082 it/s=10.98 eta=0.1m
2026-02-12 21:40:18,817 - INFO - epoch=19 train_loss=1.107896 val_loss=1.032067 best=1.034053@18
2026-02-12 21:40:37,147 - INFO - epoch=20 batch=200/1690 train_loss=1.1033 it/s=10.93 eta=2.3m
2026-02-12 21:40:55,388 - INFO - epoch=20 batch=400/1690 train_loss=1.1067 it/s=10.95 eta=2.0m
2026-02-12 21:41:13,626 - INFO - epoch=20 batch=600/1690 train_loss=1.1069 it/s=10.95 eta=1.7m
2026-02-12 21:41:31,712 - INFO - epoch=20 batch=800/1690 train_loss=1.1066 it/s=10.98 eta=1.4m
2026-02-12 21:41:49,811 - INFO - epoch=20 batch=1000/1690 train_loss=1.1071 it/s=10.99 eta=1.0m
2026-02-12 21:42:07,944 - INFO - epoch=20 batch=1200/1690 train_loss=1.1069 it/s=11.00 eta=0.7m
2026-02-12 21:42:26,126 - INFO - epoch=20 batch=1400/1690 train_loss=1.1069 it/s=11.00 eta=0.4m
2026-02-12 21:42:44,339 - INFO - epoch=20 batch=1600/1690 train_loss=1.1066 it/s=11.00 eta=0.1m
2026-02-12 21:43:05,041 - INFO - epoch=20 train_loss=1.106176 val_loss=1.030894 best=1.032067@19
2026-02-12 21:43:23,380 - INFO - epoch=21 batch=200/1690 train_loss=1.1042 it/s=10.92 eta=2.3m
2026-02-12 21:43:41,616 - INFO - epoch=21 batch=400/1690 train_loss=1.1076 it/s=10.95 eta=2.0m
2026-02-12 21:43:59,752 - INFO - epoch=21 batch=600/1690 train_loss=1.1080 it/s=10.97 eta=1.7m
2026-02-12 21:44:17,892 - INFO - epoch=21 batch=800/1690 train_loss=1.1071 it/s=10.99 eta=1.4m
2026-02-12 21:44:36,050 - INFO - epoch=21 batch=1000/1690 train_loss=1.1058 it/s=10.99 eta=1.0m
2026-02-12 21:44:54,175 - INFO - epoch=21 batch=1200/1690 train_loss=1.1067 it/s=11.00 eta=0.7m
2026-02-12 21:45:12,430 - INFO - epoch=21 batch=1400/1690 train_loss=1.1065 it/s=10.99 eta=0.4m
2026-02-12 21:45:30,628 - INFO - epoch=21 batch=1600/1690 train_loss=1.1054 it/s=10.99 eta=0.1m
2026-02-12 21:45:51,411 - INFO - epoch=21 train_loss=1.104678 val_loss=1.028219 best=1.030894@20
2026-02-12 21:46:09,803 - INFO - epoch=22 batch=200/1690 train_loss=1.0940 it/s=10.89 eta=2.3m
2026-02-12 21:46:28,004 - INFO - epoch=22 batch=400/1690 train_loss=1.1010 it/s=10.94 eta=2.0m
2026-02-12 21:46:46,183 - INFO - epoch=22 batch=600/1690 train_loss=1.1023 it/s=10.96 eta=1.7m
2026-02-12 21:47:04,295 - INFO - epoch=22 batch=800/1690 train_loss=1.1011 it/s=10.98 eta=1.4m
2026-02-12 21:47:22,425 - INFO - epoch=22 batch=1000/1690 train_loss=1.1014 it/s=10.99 eta=1.0m
2026-02-12 21:47:40,565 - INFO - epoch=22 batch=1200/1690 train_loss=1.1017 it/s=11.00 eta=0.7m
2026-02-12 21:47:58,787 - INFO - epoch=22 batch=1400/1690 train_loss=1.1025 it/s=10.99 eta=0.4m
2026-02-12 21:48:16,940 - INFO - epoch=22 batch=1600/1690 train_loss=1.1024 it/s=11.00 eta=0.1m
2026-02-12 21:48:37,757 - INFO - epoch=22 train_loss=1.102888 val_loss=1.026058 best=1.028219@21
2026-02-12 21:48:56,054 - INFO - epoch=23 batch=200/1690 train_loss=1.0983 it/s=10.95 eta=2.3m
2026-02-12 21:49:14,235 - INFO - epoch=23 batch=400/1690 train_loss=1.1011 it/s=10.97 eta=2.0m
2026-02-12 21:49:32,421 - INFO - epoch=23 batch=600/1690 train_loss=1.1013 it/s=10.98 eta=1.7m
2026-02-12 21:49:50,589 - INFO - epoch=23 batch=800/1690 train_loss=1.1014 it/s=10.99 eta=1.3m
2026-02-12 21:50:08,775 - INFO - epoch=23 batch=1000/1690 train_loss=1.1012 it/s=10.99 eta=1.0m
2026-02-12 21:50:26,938 - INFO - epoch=23 batch=1200/1690 train_loss=1.1010 it/s=10.99 eta=0.7m
2026-02-12 21:50:45,149 - INFO - epoch=23 batch=1400/1690 train_loss=1.1010 it/s=10.99 eta=0.4m
2026-02-12 21:51:03,234 - INFO - epoch=23 batch=1600/1690 train_loss=1.1006 it/s=11.00 eta=0.1m
2026-02-12 21:51:23,967 - INFO - epoch=23 train_loss=1.100012 val_loss=1.024517 best=1.026058@22
2026-02-12 21:51:42,346 - INFO - epoch=24 batch=200/1690 train_loss=1.1072 it/s=10.90 eta=2.3m
2026-02-12 21:52:00,420 - INFO - epoch=24 batch=400/1690 train_loss=1.1033 it/s=10.98 eta=2.0m
2026-02-12 21:52:18,558 - INFO - epoch=24 batch=600/1690 train_loss=1.1008 it/s=11.00 eta=1.7m
2026-02-12 21:52:36,774 - INFO - epoch=24 batch=800/1690 train_loss=1.1003 it/s=10.99 eta=1.3m
2026-02-12 21:52:54,940 - INFO - epoch=24 batch=1000/1690 train_loss=1.1003 it/s=11.00 eta=1.0m
2026-02-12 21:53:13,213 - INFO - epoch=24 batch=1200/1690 train_loss=1.0993 it/s=10.99 eta=0.7m
2026-02-12 21:53:31,393 - INFO - epoch=24 batch=1400/1690 train_loss=1.0991 it/s=10.99 eta=0.4m
2026-02-12 21:53:49,501 - INFO - epoch=24 batch=1600/1690 train_loss=1.0980 it/s=11.00 eta=0.1m
2026-02-12 21:54:10,233 - INFO - epoch=24 train_loss=1.098194 val_loss=1.022999 best=1.024517@23
2026-02-12 21:54:28,700 - INFO - epoch=25 batch=200/1690 train_loss=1.0948 it/s=10.85 eta=2.3m
2026-02-12 21:54:46,854 - INFO - epoch=25 batch=400/1690 train_loss=1.0954 it/s=10.93 eta=2.0m
2026-02-12 21:55:05,020 - INFO - epoch=25 batch=600/1690 train_loss=1.0954 it/s=10.96 eta=1.7m
2026-02-12 21:55:23,146 - INFO - epoch=25 batch=800/1690 train_loss=1.0947 it/s=10.98 eta=1.4m
2026-02-12 21:55:41,493 - INFO - epoch=25 batch=1000/1690 train_loss=1.0950 it/s=10.96 eta=1.0m
2026-02-12 21:55:59,757 - INFO - epoch=25 batch=1200/1690 train_loss=1.0950 it/s=10.96 eta=0.7m
2026-02-12 21:56:17,920 - INFO - epoch=25 batch=1400/1690 train_loss=1.0955 it/s=10.97 eta=0.4m
2026-02-12 21:56:36,123 - INFO - epoch=25 batch=1600/1690 train_loss=1.0959 it/s=10.97 eta=0.1m
2026-02-12 21:56:56,964 - INFO - epoch=25 train_loss=1.096320 val_loss=1.021042 best=1.022999@24
2026-02-12 21:57:15,270 - INFO - epoch=26 batch=200/1690 train_loss=1.0924 it/s=10.94 eta=2.3m
2026-02-12 21:57:33,420 - INFO - epoch=26 batch=400/1690 train_loss=1.0926 it/s=10.98 eta=2.0m
2026-02-12 21:57:51,630 - INFO - epoch=26 batch=600/1690 train_loss=1.0941 it/s=10.98 eta=1.7m
2026-02-12 21:58:09,844 - INFO - epoch=26 batch=800/1690 train_loss=1.0950 it/s=10.98 eta=1.4m
2026-02-12 21:58:28,146 - INFO - epoch=26 batch=1000/1690 train_loss=1.0941 it/s=10.97 eta=1.0m
2026-02-12 21:58:46,259 - INFO - epoch=26 batch=1200/1690 train_loss=1.0945 it/s=10.98 eta=0.7m
2026-02-12 21:59:04,424 - INFO - epoch=26 batch=1400/1690 train_loss=1.0945 it/s=10.99 eta=0.4m
2026-02-12 21:59:22,695 - INFO - epoch=26 batch=1600/1690 train_loss=1.0945 it/s=10.98 eta=0.1m
2026-02-12 21:59:43,484 - INFO - epoch=26 train_loss=1.094538 val_loss=1.018396 best=1.021042@25
2026-02-12 22:00:01,907 - INFO - epoch=27 batch=200/1690 train_loss=1.0931 it/s=10.87 eta=2.3m
2026-02-12 22:00:20,095 - INFO - epoch=27 batch=400/1690 train_loss=1.0944 it/s=10.94 eta=2.0m
2026-02-12 22:00:38,237 - INFO - epoch=27 batch=600/1690 train_loss=1.0927 it/s=10.96 eta=1.7m
2026-02-12 22:00:56,515 - INFO - epoch=27 batch=800/1690 train_loss=1.0926 it/s=10.96 eta=1.4m
2026-02-12 22:01:14,631 - INFO - epoch=27 batch=1000/1690 train_loss=1.0919 it/s=10.98 eta=1.0m
2026-02-12 22:01:32,805 - INFO - epoch=27 batch=1200/1690 train_loss=1.0926 it/s=10.98 eta=0.7m
2026-02-12 22:01:50,972 - INFO - epoch=27 batch=1400/1690 train_loss=1.0924 it/s=10.98 eta=0.4m
2026-02-12 22:02:09,137 - INFO - epoch=27 batch=1600/1690 train_loss=1.0923 it/s=10.99 eta=0.1m
2026-02-12 22:02:29,848 - INFO - epoch=27 train_loss=1.092239 val_loss=1.017866 best=1.018396@26
2026-02-12 22:02:48,247 - INFO - epoch=28 batch=200/1690 train_loss=1.0906 it/s=10.89 eta=2.3m
2026-02-12 22:03:06,393 - INFO - epoch=28 batch=400/1690 train_loss=1.0899 it/s=10.95 eta=2.0m
2026-02-12 22:03:24,535 - INFO - epoch=28 batch=600/1690 train_loss=1.0906 it/s=10.98 eta=1.7m
2026-02-12 22:03:42,773 - INFO - epoch=28 batch=800/1690 train_loss=1.0915 it/s=10.98 eta=1.4m
2026-02-12 22:04:00,944 - INFO - epoch=28 batch=1000/1690 train_loss=1.0920 it/s=10.98 eta=1.0m
2026-02-12 22:04:19,152 - INFO - epoch=28 batch=1200/1690 train_loss=1.0918 it/s=10.98 eta=0.7m
2026-02-12 22:04:37,299 - INFO - epoch=28 batch=1400/1690 train_loss=1.0914 it/s=10.99 eta=0.4m
2026-02-12 22:04:55,376 - INFO - epoch=28 batch=1600/1690 train_loss=1.0908 it/s=11.00 eta=0.1m
2026-02-12 22:05:16,160 - INFO - epoch=28 train_loss=1.090425 val_loss=1.015274 best=1.017866@27
2026-02-12 22:05:34,549 - INFO - epoch=29 batch=200/1690 train_loss=1.0910 it/s=10.89 eta=2.3m
2026-02-12 22:05:52,696 - INFO - epoch=29 batch=400/1690 train_loss=1.0895 it/s=10.96 eta=2.0m
2026-02-12 22:06:10,966 - INFO - epoch=29 batch=600/1690 train_loss=1.0903 it/s=10.95 eta=1.7m
2026-02-12 22:06:29,048 - INFO - epoch=29 batch=800/1690 train_loss=1.0900 it/s=10.98 eta=1.4m
2026-02-12 22:06:47,295 - INFO - epoch=29 batch=1000/1690 train_loss=1.0888 it/s=10.98 eta=1.0m
2026-02-12 22:07:05,388 - INFO - epoch=29 batch=1200/1690 train_loss=1.0890 it/s=10.99 eta=0.7m
2026-02-12 22:07:23,472 - INFO - epoch=29 batch=1400/1690 train_loss=1.0893 it/s=11.00 eta=0.4m
2026-02-12 22:07:41,640 - INFO - epoch=29 batch=1600/1690 train_loss=1.0890 it/s=11.00 eta=0.1m
2026-02-12 22:08:02,370 - INFO - epoch=29 train_loss=1.088949 val_loss=1.014989 best=1.015274@28
2026-02-12 22:08:20,787 - INFO - epoch=30 batch=200/1690 train_loss=1.0805 it/s=10.88 eta=2.3m
2026-02-12 22:08:38,873 - INFO - epoch=30 batch=400/1690 train_loss=1.0878 it/s=10.97 eta=2.0m
2026-02-12 22:08:57,091 - INFO - epoch=30 batch=600/1690 train_loss=1.0875 it/s=10.97 eta=1.7m
2026-02-12 22:09:15,317 - INFO - epoch=30 batch=800/1690 train_loss=1.0887 it/s=10.97 eta=1.4m
2026-02-12 22:09:33,480 - INFO - epoch=30 batch=1000/1690 train_loss=1.0893 it/s=10.98 eta=1.0m
2026-02-12 22:09:51,656 - INFO - epoch=30 batch=1200/1690 train_loss=1.0884 it/s=10.98 eta=0.7m
2026-02-12 22:10:09,819 - INFO - epoch=30 batch=1400/1690 train_loss=1.0879 it/s=10.99 eta=0.4m
2026-02-12 22:10:27,975 - INFO - epoch=30 batch=1600/1690 train_loss=1.0876 it/s=10.99 eta=0.1m
2026-02-12 22:10:48,656 - INFO - epoch=30 train_loss=1.087398 val_loss=1.013137 best=1.014989@29
2026-02-12 22:11:06,964 - INFO - epoch=31 batch=200/1690 train_loss=1.0802 it/s=10.94 eta=2.3m
2026-02-12 22:11:25,183 - INFO - epoch=31 batch=400/1690 train_loss=1.0790 it/s=10.96 eta=2.0m
2026-02-12 22:11:43,291 - INFO - epoch=31 batch=600/1690 train_loss=1.0818 it/s=10.99 eta=1.7m
2026-02-12 22:12:01,553 - INFO - epoch=31 batch=800/1690 train_loss=1.0828 it/s=10.98 eta=1.4m
2026-02-12 22:12:19,708 - INFO - epoch=31 batch=1000/1690 train_loss=1.0841 it/s=10.99 eta=1.0m
2026-02-12 22:12:37,840 - INFO - epoch=31 batch=1200/1690 train_loss=1.0853 it/s=10.99 eta=0.7m
2026-02-12 22:12:56,022 - INFO - epoch=31 batch=1400/1690 train_loss=1.0852 it/s=10.99 eta=0.4m
2026-02-12 22:13:14,183 - INFO - epoch=31 batch=1600/1690 train_loss=1.0854 it/s=11.00 eta=0.1m
2026-02-12 22:13:34,791 - INFO - epoch=31 train_loss=1.085464 val_loss=1.011561 best=1.013137@30
2026-02-12 22:13:53,029 - INFO - epoch=32 batch=200/1690 train_loss=1.0860 it/s=10.98 eta=2.3m
2026-02-12 22:14:11,280 - INFO - epoch=32 batch=400/1690 train_loss=1.0855 it/s=10.97 eta=2.0m
2026-02-12 22:14:29,581 - INFO - epoch=32 batch=600/1690 train_loss=1.0825 it/s=10.96 eta=1.7m
2026-02-12 22:14:47,684 - INFO - epoch=32 batch=800/1690 train_loss=1.0822 it/s=10.98 eta=1.4m
2026-02-12 22:15:05,797 - INFO - epoch=32 batch=1000/1690 train_loss=1.0822 it/s=10.99 eta=1.0m
2026-02-12 22:15:23,987 - INFO - epoch=32 batch=1200/1690 train_loss=1.0831 it/s=10.99 eta=0.7m
2026-02-12 22:15:42,247 - INFO - epoch=32 batch=1400/1690 train_loss=1.0835 it/s=10.99 eta=0.4m
2026-02-12 22:16:00,468 - INFO - epoch=32 batch=1600/1690 train_loss=1.0840 it/s=10.99 eta=0.1m
2026-02-12 22:16:21,313 - INFO - epoch=32 train_loss=1.083573 val_loss=1.010860 best=1.011561@31
2026-02-12 22:16:39,690 - INFO - epoch=33 batch=200/1690 train_loss=1.0782 it/s=10.90 eta=2.3m
2026-02-12 22:16:57,864 - INFO - epoch=33 batch=400/1690 train_loss=1.0811 it/s=10.95 eta=2.0m
2026-02-12 22:17:16,002 - INFO - epoch=33 batch=600/1690 train_loss=1.0801 it/s=10.98 eta=1.7m
2026-02-12 22:17:34,287 - INFO - epoch=33 batch=800/1690 train_loss=1.0803 it/s=10.97 eta=1.4m
2026-02-12 22:17:52,516 - INFO - epoch=33 batch=1000/1690 train_loss=1.0822 it/s=10.97 eta=1.0m
2026-02-12 22:18:10,763 - INFO - epoch=33 batch=1200/1690 train_loss=1.0815 it/s=10.97 eta=0.7m
2026-02-12 22:18:28,986 - INFO - epoch=33 batch=1400/1690 train_loss=1.0818 it/s=10.97 eta=0.4m
2026-02-12 22:18:47,059 - INFO - epoch=33 batch=1600/1690 train_loss=1.0821 it/s=10.98 eta=0.1m
2026-02-12 22:19:07,794 - INFO - epoch=33 train_loss=1.081971 val_loss=1.007616 best=1.010860@32
2026-02-12 22:19:26,161 - INFO - epoch=34 batch=200/1690 train_loss=1.0828 it/s=10.91 eta=2.3m
2026-02-12 22:19:44,328 - INFO - epoch=34 batch=400/1690 train_loss=1.0835 it/s=10.96 eta=2.0m
2026-02-12 22:20:02,505 - INFO - epoch=34 batch=600/1690 train_loss=1.0811 it/s=10.97 eta=1.7m
2026-02-12 22:20:20,706 - INFO - epoch=34 batch=800/1690 train_loss=1.0810 it/s=10.98 eta=1.4m
2026-02-12 22:20:38,858 - INFO - epoch=34 batch=1000/1690 train_loss=1.0808 it/s=10.98 eta=1.0m
2026-02-12 22:20:57,076 - INFO - epoch=34 batch=1200/1690 train_loss=1.0811 it/s=10.98 eta=0.7m
2026-02-12 22:21:15,188 - INFO - epoch=34 batch=1400/1690 train_loss=1.0804 it/s=10.99 eta=0.4m
2026-02-12 22:21:33,346 - INFO - epoch=34 batch=1600/1690 train_loss=1.0806 it/s=10.99 eta=0.1m
2026-02-12 22:21:54,085 - INFO - epoch=34 train_loss=1.080471 val_loss=1.006898 best=1.007616@33
2026-02-12 22:22:12,529 - INFO - epoch=35 batch=200/1690 train_loss=1.0821 it/s=10.86 eta=2.3m
2026-02-12 22:22:30,764 - INFO - epoch=35 batch=400/1690 train_loss=1.0804 it/s=10.91 eta=2.0m
2026-02-12 22:22:48,839 - INFO - epoch=35 batch=600/1690 train_loss=1.0809 it/s=10.96 eta=1.7m
2026-02-12 22:23:07,006 - INFO - epoch=35 batch=800/1690 train_loss=1.0795 it/s=10.98 eta=1.4m
2026-02-12 22:23:25,179 - INFO - epoch=35 batch=1000/1690 train_loss=1.0787 it/s=10.98 eta=1.0m
2026-02-12 22:23:43,366 - INFO - epoch=35 batch=1200/1690 train_loss=1.0773 it/s=10.98 eta=0.7m
2026-02-12 22:24:01,572 - INFO - epoch=35 batch=1400/1690 train_loss=1.0780 it/s=10.98 eta=0.4m
2026-02-12 22:24:19,768 - INFO - epoch=35 batch=1600/1690 train_loss=1.0788 it/s=10.99 eta=0.1m
2026-02-12 22:24:40,477 - INFO - epoch=35 train_loss=1.078559 val_loss=1.005321 best=1.006898@34
2026-02-12 22:24:58,995 - INFO - epoch=36 batch=200/1690 train_loss=1.0803 it/s=10.82 eta=2.3m
2026-02-12 22:25:17,206 - INFO - epoch=36 batch=400/1690 train_loss=1.0804 it/s=10.90 eta=2.0m
2026-02-12 22:25:35,443 - INFO - epoch=36 batch=600/1690 train_loss=1.0779 it/s=10.92 eta=1.7m
2026-02-12 22:25:53,629 - INFO - epoch=36 batch=800/1690 train_loss=1.0776 it/s=10.94 eta=1.4m
2026-02-12 22:26:11,744 - INFO - epoch=36 batch=1000/1690 train_loss=1.0780 it/s=10.96 eta=1.0m
2026-02-12 22:26:29,924 - INFO - epoch=36 batch=1200/1690 train_loss=1.0771 it/s=10.97 eta=0.7m
2026-02-12 22:26:48,016 - INFO - epoch=36 batch=1400/1690 train_loss=1.0765 it/s=10.98 eta=0.4m
2026-02-12 22:27:06,234 - INFO - epoch=36 batch=1600/1690 train_loss=1.0763 it/s=10.98 eta=0.1m
2026-02-12 22:27:26,998 - INFO - epoch=36 train_loss=1.076687 val_loss=1.003500 best=1.005321@35
2026-02-12 22:27:45,432 - INFO - epoch=37 batch=200/1690 train_loss=1.0745 it/s=10.87 eta=2.3m
2026-02-12 22:28:03,611 - INFO - epoch=37 batch=400/1690 train_loss=1.0762 it/s=10.93 eta=2.0m
2026-02-12 22:28:21,832 - INFO - epoch=37 batch=600/1690 train_loss=1.0770 it/s=10.95 eta=1.7m
2026-02-12 22:28:40,022 - INFO - epoch=37 batch=800/1690 train_loss=1.0754 it/s=10.96 eta=1.4m
2026-02-12 22:28:58,212 - INFO - epoch=37 batch=1000/1690 train_loss=1.0777 it/s=10.97 eta=1.0m
2026-02-12 22:29:16,366 - INFO - epoch=37 batch=1200/1690 train_loss=1.0758 it/s=10.98 eta=0.7m
2026-02-12 22:29:34,564 - INFO - epoch=37 batch=1400/1690 train_loss=1.0756 it/s=10.98 eta=0.4m
2026-02-12 22:29:52,910 - INFO - epoch=37 batch=1600/1690 train_loss=1.0755 it/s=10.97 eta=0.1m
2026-02-12 22:30:13,791 - INFO - epoch=37 train_loss=1.075791 val_loss=1.002570 best=1.003500@36
2026-02-12 22:30:32,349 - INFO - epoch=38 batch=200/1690 train_loss=1.0739 it/s=10.80 eta=2.3m
2026-02-12 22:30:50,658 - INFO - epoch=38 batch=400/1690 train_loss=1.0779 it/s=10.86 eta=2.0m
2026-02-12 22:31:08,909 - INFO - epoch=38 batch=600/1690 train_loss=1.0769 it/s=10.89 eta=1.7m
2026-02-12 22:31:27,309 - INFO - epoch=38 batch=800/1690 train_loss=1.0732 it/s=10.89 eta=1.4m
2026-02-12 22:31:45,718 - INFO - epoch=38 batch=1000/1690 train_loss=1.0735 it/s=10.88 eta=1.1m
2026-02-12 22:32:03,986 - INFO - epoch=38 batch=1200/1690 train_loss=1.0743 it/s=10.89 eta=0.7m
2026-02-12 22:32:22,292 - INFO - epoch=38 batch=1400/1690 train_loss=1.0743 it/s=10.90 eta=0.4m
2026-02-12 22:32:40,556 - INFO - epoch=38 batch=1600/1690 train_loss=1.0747 it/s=10.90 eta=0.1m
2026-02-12 22:33:01,444 - INFO - epoch=38 train_loss=1.074253 val_loss=1.000999 best=1.002570@37
2026-02-12 22:33:19,995 - INFO - epoch=39 batch=200/1690 train_loss=1.0675 it/s=10.80 eta=2.3m
2026-02-12 22:33:38,327 - INFO - epoch=39 batch=400/1690 train_loss=1.0700 it/s=10.85 eta=2.0m
2026-02-12 22:33:56,619 - INFO - epoch=39 batch=600/1690 train_loss=1.0705 it/s=10.88 eta=1.7m
2026-02-12 22:34:14,891 - INFO - epoch=39 batch=800/1690 train_loss=1.0712 it/s=10.90 eta=1.4m
2026-02-12 22:34:33,209 - INFO - epoch=39 batch=1000/1690 train_loss=1.0713 it/s=10.90 eta=1.1m
2026-02-12 22:34:51,401 - INFO - epoch=39 batch=1200/1690 train_loss=1.0712 it/s=10.92 eta=0.7m
2026-02-12 22:35:09,772 - INFO - epoch=39 batch=1400/1690 train_loss=1.0724 it/s=10.91 eta=0.4m
2026-02-12 22:35:28,146 - INFO - epoch=39 batch=1600/1690 train_loss=1.0717 it/s=10.91 eta=0.1m
2026-02-12 22:35:49,024 - INFO - epoch=39 train_loss=1.072467 val_loss=0.999469 best=1.000999@38
2026-02-12 22:36:07,521 - INFO - epoch=40 batch=200/1690 train_loss=1.0707 it/s=10.83 eta=2.3m
2026-02-12 22:36:25,843 - INFO - epoch=40 batch=400/1690 train_loss=1.0729 it/s=10.87 eta=2.0m
2026-02-12 22:36:44,156 - INFO - epoch=40 batch=600/1690 train_loss=1.0705 it/s=10.89 eta=1.7m
2026-02-12 22:37:02,457 - INFO - epoch=40 batch=800/1690 train_loss=1.0700 it/s=10.90 eta=1.4m
2026-02-12 22:37:20,785 - INFO - epoch=40 batch=1000/1690 train_loss=1.0704 it/s=10.90 eta=1.1m
2026-02-12 22:37:39,046 - INFO - epoch=40 batch=1200/1690 train_loss=1.0706 it/s=10.91 eta=0.7m
2026-02-12 22:37:57,328 - INFO - epoch=40 batch=1400/1690 train_loss=1.0715 it/s=10.91 eta=0.4m
2026-02-12 22:38:15,615 - INFO - epoch=40 batch=1600/1690 train_loss=1.0713 it/s=10.92 eta=0.1m
2026-02-12 22:38:36,432 - INFO - epoch=40 train_loss=1.070868 val_loss=0.998036 best=0.999469@39
2026-02-12 22:38:36,465 - INFO - saved: _sync/wsa/pi_verify/20260212_porto_followup_p0p1p2_s0/P2_e2_cont_e40/report.json
