2026-01-28 23:41:06,054 - INFO - device=cuda
2026-01-28 23:41:06,060 - INFO - loaded way_semantic: n_channels=5
2026-01-28 23:41:06,066 - INFO - routes: total=5392 train=4853 val=539 max_way_len=160
/home/jinlin/miniconda3/envs/dpl/lib/python3.11/site-packages/torch/nn/modules/transformer.py:392: UserWarning: enable_nested_tensor is True, but self.use_nested_tensor is False because encoder_layer.norm_first was True
  warnings.warn(
2026-01-28 23:41:07,302 - INFO - init best_val_loss=0.333070 from current weights (epoch=0)
2026-01-28 23:41:11,228 - INFO - epoch=1 train_loss=0.3107 train_acc=0.805 val_loss=0.3236 val_acc=0.789
2026-01-28 23:41:14,687 - INFO - epoch=2 train_loss=0.3030 train_acc=0.808 val_loss=0.3147 val_acc=0.803
2026-01-28 23:41:18,086 - INFO - epoch=3 train_loss=0.2972 train_acc=0.815 val_loss=0.3116 val_acc=0.804
2026-01-28 23:41:21,510 - INFO - epoch=4 train_loss=0.2939 train_acc=0.819 val_loss=0.3072 val_acc=0.812
2026-01-28 23:41:24,938 - INFO - epoch=5 train_loss=0.2893 train_acc=0.824 val_loss=0.3013 val_acc=0.818
2026-01-28 23:41:28,412 - INFO - epoch=6 train_loss=0.2834 train_acc=0.829 val_loss=0.2979 val_acc=0.820
2026-01-28 23:41:31,939 - INFO - epoch=7 train_loss=0.2794 train_acc=0.832 val_loss=0.2929 val_acc=0.819
2026-01-28 23:41:35,396 - INFO - epoch=8 train_loss=0.2762 train_acc=0.835 val_loss=0.2890 val_acc=0.824
2026-01-28 23:41:38,921 - INFO - epoch=9 train_loss=0.2702 train_acc=0.841 val_loss=0.2861 val_acc=0.831
2026-01-28 23:41:42,466 - INFO - epoch=10 train_loss=0.2639 train_acc=0.849 val_loss=0.2786 val_acc=0.850
2026-01-28 23:41:45,996 - INFO - epoch=11 train_loss=0.2576 train_acc=0.861 val_loss=0.2718 val_acc=0.861
2026-01-28 23:41:49,582 - INFO - epoch=12 train_loss=0.2490 train_acc=0.871 val_loss=0.2626 val_acc=0.873
2026-01-28 23:41:53,167 - INFO - epoch=13 train_loss=0.2396 train_acc=0.881 val_loss=0.2550 val_acc=0.874
2026-01-28 23:41:56,776 - INFO - epoch=14 train_loss=0.2331 train_acc=0.886 val_loss=0.2515 val_acc=0.881
2026-01-28 23:42:00,413 - INFO - epoch=15 train_loss=0.2275 train_acc=0.890 val_loss=0.2448 val_acc=0.885
2026-01-28 23:42:03,989 - INFO - epoch=16 train_loss=0.2206 train_acc=0.895 val_loss=0.2404 val_acc=0.888
2026-01-28 23:42:07,656 - INFO - epoch=17 train_loss=0.2157 train_acc=0.898 val_loss=0.2389 val_acc=0.891
2026-01-28 23:42:11,282 - INFO - epoch=18 train_loss=0.2108 train_acc=0.900 val_loss=0.2341 val_acc=0.892
2026-01-28 23:42:14,927 - INFO - epoch=19 train_loss=0.2039 train_acc=0.905 val_loss=0.2277 val_acc=0.897
2026-01-28 23:42:18,570 - INFO - epoch=20 train_loss=0.1990 train_acc=0.908 val_loss=0.2295 val_acc=0.895
2026-01-28 23:42:22,285 - INFO - epoch=21 train_loss=0.1953 train_acc=0.909 val_loss=0.2227 val_acc=0.902
2026-01-28 23:42:25,929 - INFO - epoch=22 train_loss=0.1912 train_acc=0.913 val_loss=0.2245 val_acc=0.898
2026-01-28 23:42:29,594 - INFO - epoch=23 train_loss=0.1883 train_acc=0.914 val_loss=0.2131 val_acc=0.905
2026-01-28 23:42:33,324 - INFO - epoch=24 train_loss=0.1813 train_acc=0.918 val_loss=0.2122 val_acc=0.910
2026-01-28 23:42:37,043 - INFO - epoch=25 train_loss=0.1769 train_acc=0.921 val_loss=0.2099 val_acc=0.908
2026-01-28 23:42:40,790 - INFO - epoch=26 train_loss=0.1726 train_acc=0.922 val_loss=0.2120 val_acc=0.909
2026-01-28 23:42:44,546 - INFO - epoch=27 train_loss=0.1694 train_acc=0.925 val_loss=0.2067 val_acc=0.915
2026-01-28 23:42:48,261 - INFO - epoch=28 train_loss=0.1669 train_acc=0.926 val_loss=0.2022 val_acc=0.914
2026-01-28 23:42:52,038 - INFO - epoch=29 train_loss=0.1619 train_acc=0.928 val_loss=0.2046 val_acc=0.916
2026-01-28 23:42:55,732 - INFO - epoch=30 train_loss=0.1600 train_acc=0.929 val_loss=0.1992 val_acc=0.918
2026-01-28 23:42:59,466 - INFO - epoch=31 train_loss=0.1575 train_acc=0.931 val_loss=0.1975 val_acc=0.921
2026-01-28 23:43:03,275 - INFO - epoch=32 train_loss=0.1528 train_acc=0.933 val_loss=0.1984 val_acc=0.917
2026-01-28 23:43:07,072 - INFO - epoch=33 train_loss=0.1504 train_acc=0.934 val_loss=0.1978 val_acc=0.919
2026-01-28 23:43:10,806 - INFO - epoch=34 train_loss=0.1461 train_acc=0.937 val_loss=0.1971 val_acc=0.922
2026-01-28 23:43:14,568 - INFO - epoch=35 train_loss=0.1440 train_acc=0.937 val_loss=0.1929 val_acc=0.925
2026-01-28 23:43:18,350 - INFO - epoch=36 train_loss=0.1413 train_acc=0.939 val_loss=0.1901 val_acc=0.926
2026-01-28 23:43:22,115 - INFO - epoch=37 train_loss=0.1383 train_acc=0.941 val_loss=0.1905 val_acc=0.926
2026-01-28 23:43:25,946 - INFO - epoch=38 train_loss=0.1362 train_acc=0.941 val_loss=0.1897 val_acc=0.925
2026-01-28 23:43:29,771 - INFO - epoch=39 train_loss=0.1349 train_acc=0.943 val_loss=0.1936 val_acc=0.923
2026-01-28 23:43:33,532 - INFO - epoch=40 train_loss=0.1310 train_acc=0.944 val_loss=0.1923 val_acc=0.928
2026-01-28 23:43:37,427 - INFO - epoch=41 train_loss=0.1290 train_acc=0.945 val_loss=0.1986 val_acc=0.925
2026-01-28 23:43:41,272 - INFO - epoch=42 train_loss=0.1271 train_acc=0.946 val_loss=0.1908 val_acc=0.927
2026-01-28 23:43:45,103 - INFO - epoch=43 train_loss=0.1253 train_acc=0.947 val_loss=0.1955 val_acc=0.927
2026-01-28 23:43:48,912 - INFO - epoch=44 train_loss=0.1237 train_acc=0.947 val_loss=0.1986 val_acc=0.926
2026-01-28 23:43:52,742 - INFO - epoch=45 train_loss=0.1216 train_acc=0.948 val_loss=0.1956 val_acc=0.927
2026-01-28 23:43:56,541 - INFO - epoch=46 train_loss=0.1197 train_acc=0.949 val_loss=0.1959 val_acc=0.930
2026-01-28 23:44:00,317 - INFO - epoch=47 train_loss=0.1200 train_acc=0.949 val_loss=0.1965 val_acc=0.929
2026-01-28 23:44:04,169 - INFO - epoch=48 train_loss=0.1149 train_acc=0.951 val_loss=0.1926 val_acc=0.929
2026-01-28 23:44:07,976 - INFO - epoch=49 train_loss=0.1128 train_acc=0.952 val_loss=0.1953 val_acc=0.932
2026-01-28 23:44:11,801 - INFO - epoch=50 train_loss=0.1102 train_acc=0.954 val_loss=0.1929 val_acc=0.932
2026-01-28 23:44:15,610 - INFO - epoch=51 train_loss=0.1091 train_acc=0.954 val_loss=0.1896 val_acc=0.933
2026-01-28 23:44:19,456 - INFO - epoch=52 train_loss=0.1084 train_acc=0.955 val_loss=0.1930 val_acc=0.931
2026-01-28 23:44:23,352 - INFO - epoch=53 train_loss=0.1064 train_acc=0.955 val_loss=0.1946 val_acc=0.934
2026-01-28 23:44:27,174 - INFO - epoch=54 train_loss=0.1049 train_acc=0.956 val_loss=0.1917 val_acc=0.933
2026-01-28 23:44:31,069 - INFO - epoch=55 train_loss=0.1041 train_acc=0.956 val_loss=0.1968 val_acc=0.934
2026-01-28 23:44:34,883 - INFO - epoch=56 train_loss=0.1007 train_acc=0.958 val_loss=0.1915 val_acc=0.933
2026-01-28 23:44:38,691 - INFO - epoch=57 train_loss=0.0995 train_acc=0.958 val_loss=0.1929 val_acc=0.935
2026-01-28 23:44:42,533 - INFO - epoch=58 train_loss=0.0975 train_acc=0.959 val_loss=0.1976 val_acc=0.936
2026-01-28 23:44:46,367 - INFO - epoch=59 train_loss=0.0974 train_acc=0.960 val_loss=0.1911 val_acc=0.937
2026-01-28 23:44:50,205 - INFO - epoch=60 train_loss=0.0950 train_acc=0.960 val_loss=0.1934 val_acc=0.936
2026-01-28 23:44:54,117 - INFO - epoch=61 train_loss=0.0942 train_acc=0.962 val_loss=0.1968 val_acc=0.936
2026-01-28 23:44:57,947 - INFO - epoch=62 train_loss=0.0916 train_acc=0.962 val_loss=0.1968 val_acc=0.938
2026-01-28 23:45:01,756 - INFO - epoch=63 train_loss=0.0903 train_acc=0.963 val_loss=0.2002 val_acc=0.940
2026-01-28 23:45:05,582 - INFO - epoch=64 train_loss=0.0895 train_acc=0.963 val_loss=0.1994 val_acc=0.936
2026-01-28 23:45:09,448 - INFO - epoch=65 train_loss=0.0875 train_acc=0.964 val_loss=0.2000 val_acc=0.939
2026-01-28 23:45:13,332 - INFO - epoch=66 train_loss=0.0869 train_acc=0.964 val_loss=0.2023 val_acc=0.938
2026-01-28 23:45:17,169 - INFO - epoch=67 train_loss=0.0854 train_acc=0.966 val_loss=0.2007 val_acc=0.939
2026-01-28 23:45:21,075 - INFO - epoch=68 train_loss=0.0832 train_acc=0.966 val_loss=0.2002 val_acc=0.938
2026-01-28 23:45:24,908 - INFO - epoch=69 train_loss=0.0824 train_acc=0.966 val_loss=0.2004 val_acc=0.939
2026-01-28 23:45:28,761 - INFO - epoch=70 train_loss=0.0813 train_acc=0.967 val_loss=0.2025 val_acc=0.940
2026-01-28 23:45:32,571 - INFO - epoch=71 train_loss=0.0788 train_acc=0.968 val_loss=0.1982 val_acc=0.940
2026-01-28 23:45:36,400 - INFO - epoch=72 train_loss=0.0792 train_acc=0.968 val_loss=0.2046 val_acc=0.940
2026-01-28 23:45:40,290 - INFO - epoch=73 train_loss=0.0786 train_acc=0.968 val_loss=0.2107 val_acc=0.941
2026-01-28 23:45:44,184 - INFO - epoch=74 train_loss=0.0780 train_acc=0.968 val_loss=0.2131 val_acc=0.941
2026-01-28 23:45:48,029 - INFO - epoch=75 train_loss=0.0760 train_acc=0.969 val_loss=0.2094 val_acc=0.940
2026-01-28 23:45:51,871 - INFO - epoch=76 train_loss=0.0772 train_acc=0.969 val_loss=0.2127 val_acc=0.941
2026-01-28 23:45:55,804 - INFO - epoch=77 train_loss=0.0768 train_acc=0.969 val_loss=0.2016 val_acc=0.943
2026-01-28 23:45:59,730 - INFO - epoch=78 train_loss=0.0768 train_acc=0.969 val_loss=0.2086 val_acc=0.942
2026-01-28 23:46:03,629 - INFO - epoch=79 train_loss=0.0751 train_acc=0.970 val_loss=0.2058 val_acc=0.942
2026-01-28 23:46:07,483 - INFO - epoch=80 train_loss=0.0730 train_acc=0.970 val_loss=0.2095 val_acc=0.943
2026-01-28 23:46:11,449 - INFO - epoch=81 train_loss=0.0722 train_acc=0.971 val_loss=0.2117 val_acc=0.942
2026-01-28 23:46:15,302 - INFO - epoch=82 train_loss=0.0692 train_acc=0.972 val_loss=0.2160 val_acc=0.941
2026-01-28 23:46:19,172 - INFO - epoch=83 train_loss=0.0682 train_acc=0.972 val_loss=0.2154 val_acc=0.941
2026-01-28 23:46:23,046 - INFO - epoch=84 train_loss=0.0702 train_acc=0.972 val_loss=0.2117 val_acc=0.944
2026-01-28 23:46:26,916 - INFO - epoch=85 train_loss=0.0671 train_acc=0.973 val_loss=0.2174 val_acc=0.945
2026-01-28 23:46:30,832 - INFO - epoch=86 train_loss=0.0670 train_acc=0.973 val_loss=0.2220 val_acc=0.943
2026-01-28 23:46:34,735 - INFO - epoch=87 train_loss=0.0654 train_acc=0.974 val_loss=0.2111 val_acc=0.943
2026-01-28 23:46:38,613 - INFO - epoch=88 train_loss=0.0643 train_acc=0.974 val_loss=0.2149 val_acc=0.944
2026-01-28 23:46:42,539 - INFO - epoch=89 train_loss=0.0639 train_acc=0.975 val_loss=0.2096 val_acc=0.945
2026-01-28 23:46:46,437 - INFO - epoch=90 train_loss=0.0639 train_acc=0.975 val_loss=0.2186 val_acc=0.943
2026-01-28 23:46:50,303 - INFO - epoch=91 train_loss=0.0658 train_acc=0.974 val_loss=0.2189 val_acc=0.943
2026-01-28 23:46:54,148 - INFO - epoch=92 train_loss=0.0631 train_acc=0.975 val_loss=0.2283 val_acc=0.943
2026-01-28 23:46:58,062 - INFO - epoch=93 train_loss=0.0611 train_acc=0.976 val_loss=0.2189 val_acc=0.945
2026-01-28 23:47:01,908 - INFO - epoch=94 train_loss=0.0619 train_acc=0.976 val_loss=0.2234 val_acc=0.942
2026-01-28 23:47:05,819 - INFO - epoch=95 train_loss=0.0630 train_acc=0.975 val_loss=0.2284 val_acc=0.946
2026-01-28 23:47:09,678 - INFO - epoch=96 train_loss=0.0618 train_acc=0.976 val_loss=0.2272 val_acc=0.944
2026-01-28 23:47:13,586 - INFO - epoch=97 train_loss=0.0613 train_acc=0.976 val_loss=0.2314 val_acc=0.942
2026-01-28 23:47:17,484 - INFO - epoch=98 train_loss=0.0580 train_acc=0.977 val_loss=0.2272 val_acc=0.945
2026-01-28 23:47:21,353 - INFO - epoch=99 train_loss=0.0562 train_acc=0.978 val_loss=0.2310 val_acc=0.945
2026-01-28 23:47:25,216 - INFO - epoch=100 train_loss=0.0563 train_acc=0.978 val_loss=0.2306 val_acc=0.946
2026-01-28 23:47:25,317 - INFO - saved: /home/jinlin/data/geoexplicit_data/experiments/icml2026_routegen/WAYCASD_AB_candq0_pastctx_k8_strict_sem5_seed0_e100/W6_train_ae/report.json
