2026-02-24 16:23:06,828 - INFO - device=cuda
2026-02-24 16:23:07,576 - INFO - split_json=/home/jinlin/data/geoexplicit_data/experiments/icml2026_routegen/WAYCASD0_waydata_porto_seed0/W5_way_routes_strict_gate/od_split_min3_max160_seed0_dev10p.json train_routes=108153 val_routes=13086 => train_idx=107706 val_idx=13041
2026-02-24 16:23:07,577 - INFO - routes: total=1343467 train=107706 val=13041 min_hops=5 max_way_len=160
2026-02-24 16:23:08,161 - WARNING - region_seq_npz filter mismatch: meta(min_hops=3, max_way_len=160) vs train(min_hops=5, max_way_len=160)
/home/jinlin/miniconda3/envs/dpl/lib/python3.11/site-packages/torch/nn/modules/transformer.py:392: UserWarning: enable_nested_tensor is True, but self.use_nested_tensor is False because encoder_layer.norm_first was True
  warnings.warn(
2026-02-24 16:23:08,642 - WARNING - flow_target=vae_mu overrides Flow shape: user(d_model=256,n_latent=64) -> effective(d_model=128,n_latent=1)
2026-02-24 16:23:10,043 - INFO - init best_val_loss=2.583745 from current weights (epoch=0)
2026-02-24 16:23:14,963 - INFO - epoch=1 train_loss=1.9792 val_loss=1.3805
2026-02-24 16:23:19,915 - INFO - epoch=2 train_loss=1.2509 val_loss=0.9711
2026-02-24 16:23:24,681 - INFO - epoch=3 train_loss=1.0140 val_loss=0.8165
2026-02-24 16:23:29,537 - INFO - epoch=4 train_loss=0.9041 val_loss=0.7391
2026-02-24 16:23:34,611 - INFO - epoch=5 train_loss=0.8407 val_loss=0.6984
2026-02-24 16:23:39,501 - INFO - epoch=6 train_loss=0.8002 val_loss=0.6780
2026-02-24 16:23:44,450 - INFO - epoch=7 train_loss=0.7734 val_loss=0.6631
2026-02-24 16:23:49,212 - INFO - epoch=8 train_loss=0.7537 val_loss=0.6515
2026-02-24 16:23:54,010 - INFO - epoch=9 train_loss=0.7392 val_loss=0.6415
2026-02-24 16:23:58,743 - INFO - epoch=10 train_loss=0.7285 val_loss=0.6334
2026-02-24 16:24:03,804 - INFO - epoch=11 train_loss=0.7185 val_loss=0.6301
2026-02-24 16:24:08,918 - INFO - epoch=12 train_loss=0.7102 val_loss=0.6227
2026-02-24 16:24:13,849 - INFO - epoch=13 train_loss=0.7039 val_loss=0.6185
2026-02-24 16:24:18,710 - INFO - epoch=14 train_loss=0.6980 val_loss=0.6161
2026-02-24 16:24:23,443 - INFO - epoch=15 train_loss=0.6926 val_loss=0.6118
2026-02-24 16:24:28,243 - INFO - epoch=16 train_loss=0.6868 val_loss=0.6095
2026-02-24 16:24:33,285 - INFO - epoch=17 train_loss=0.6820 val_loss=0.6081
2026-02-24 16:24:38,057 - INFO - epoch=18 train_loss=0.6767 val_loss=0.6005
2026-02-24 16:24:42,788 - INFO - epoch=19 train_loss=0.6731 val_loss=0.5997
2026-02-24 16:24:47,347 - INFO - epoch=20 train_loss=0.6698 val_loss=0.5952
2026-02-24 16:24:52,328 - INFO - epoch=21 train_loss=0.6650 val_loss=0.5905
2026-02-24 16:24:57,154 - INFO - epoch=22 train_loss=0.6620 val_loss=0.5890
2026-02-24 16:25:02,141 - INFO - epoch=23 train_loss=0.6592 val_loss=0.5849
2026-02-24 16:25:06,685 - INFO - epoch=24 train_loss=0.6569 val_loss=0.5863
2026-02-24 16:25:11,885 - INFO - epoch=25 train_loss=0.6540 val_loss=0.5848
2026-02-24 16:25:16,444 - INFO - epoch=26 train_loss=0.6521 val_loss=0.5794
2026-02-24 16:25:21,424 - INFO - epoch=27 train_loss=0.6494 val_loss=0.5798
2026-02-24 16:25:26,418 - INFO - epoch=28 train_loss=0.6482 val_loss=0.5755
2026-02-24 16:25:31,182 - INFO - epoch=29 train_loss=0.6461 val_loss=0.5785
2026-02-24 16:25:36,024 - INFO - epoch=30 train_loss=0.6439 val_loss=0.5762
2026-02-24 16:25:41,101 - INFO - epoch=31 train_loss=0.6416 val_loss=0.5713
2026-02-24 16:25:45,631 - INFO - epoch=32 train_loss=0.6403 val_loss=0.5712
2026-02-24 16:25:50,668 - INFO - epoch=33 train_loss=0.6379 val_loss=0.5706
2026-02-24 16:25:55,820 - INFO - epoch=34 train_loss=0.6359 val_loss=0.5682
2026-02-24 16:26:01,133 - INFO - epoch=35 train_loss=0.6346 val_loss=0.5654
2026-02-24 16:26:05,854 - INFO - epoch=36 train_loss=0.6335 val_loss=0.5636
2026-02-24 16:26:10,880 - INFO - epoch=37 train_loss=0.6313 val_loss=0.5635
2026-02-24 16:26:15,670 - INFO - epoch=38 train_loss=0.6300 val_loss=0.5625
2026-02-24 16:26:20,338 - INFO - epoch=39 train_loss=0.6279 val_loss=0.5635
2026-02-24 16:26:25,498 - INFO - epoch=40 train_loss=0.6259 val_loss=0.5599
2026-02-24 16:26:30,355 - INFO - epoch=41 train_loss=0.6254 val_loss=0.5601
2026-02-24 16:26:35,279 - INFO - epoch=42 train_loss=0.6235 val_loss=0.5612
2026-02-24 16:26:40,029 - INFO - epoch=43 train_loss=0.6223 val_loss=0.5578
2026-02-24 16:26:44,608 - INFO - epoch=44 train_loss=0.6218 val_loss=0.5591
2026-02-24 16:26:49,437 - INFO - epoch=45 train_loss=0.6209 val_loss=0.5577
2026-02-24 16:26:54,363 - INFO - epoch=46 train_loss=0.6196 val_loss=0.5550
2026-02-24 16:26:59,118 - INFO - epoch=47 train_loss=0.6181 val_loss=0.5579
2026-02-24 16:27:03,831 - INFO - epoch=48 train_loss=0.6172 val_loss=0.5548
2026-02-24 16:27:08,472 - INFO - epoch=49 train_loss=0.6166 val_loss=0.5546
2026-02-24 16:27:13,342 - INFO - epoch=50 train_loss=0.6152 val_loss=0.5532
2026-02-24 16:27:17,973 - INFO - epoch=51 train_loss=0.6134 val_loss=0.5550
2026-02-24 16:27:22,543 - INFO - epoch=52 train_loss=0.6139 val_loss=0.5486
2026-02-24 16:27:27,331 - INFO - epoch=53 train_loss=0.6127 val_loss=0.5521
2026-02-24 16:27:32,233 - INFO - epoch=54 train_loss=0.6113 val_loss=0.5502
2026-02-24 16:27:37,165 - INFO - epoch=55 train_loss=0.6107 val_loss=0.5487
2026-02-24 16:27:42,212 - INFO - epoch=56 train_loss=0.6091 val_loss=0.5487
2026-02-24 16:27:47,145 - INFO - epoch=57 train_loss=0.6090 val_loss=0.5489
2026-02-24 16:27:51,742 - INFO - epoch=58 train_loss=0.6082 val_loss=0.5489
2026-02-24 16:27:56,469 - INFO - epoch=59 train_loss=0.6074 val_loss=0.5496
2026-02-24 16:28:01,417 - INFO - epoch=60 train_loss=0.6060 val_loss=0.5468
2026-02-24 16:28:06,238 - INFO - epoch=61 train_loss=0.6058 val_loss=0.5470
2026-02-24 16:28:10,812 - INFO - epoch=62 train_loss=0.6048 val_loss=0.5462
2026-02-24 16:28:15,641 - INFO - epoch=63 train_loss=0.6040 val_loss=0.5469
2026-02-24 16:28:20,467 - INFO - epoch=64 train_loss=0.6021 val_loss=0.5471
2026-02-24 16:28:25,368 - INFO - epoch=65 train_loss=0.6015 val_loss=0.5432
2026-02-24 16:28:30,245 - INFO - epoch=66 train_loss=0.6015 val_loss=0.5485
2026-02-24 16:28:35,060 - INFO - epoch=67 train_loss=0.6007 val_loss=0.5440
2026-02-24 16:28:39,718 - INFO - epoch=68 train_loss=0.5999 val_loss=0.5446
2026-02-24 16:28:44,610 - INFO - epoch=69 train_loss=0.5984 val_loss=0.5465
2026-02-24 16:28:49,592 - INFO - epoch=70 train_loss=0.5980 val_loss=0.5434
2026-02-24 16:28:54,301 - INFO - epoch=71 train_loss=0.5974 val_loss=0.5445
2026-02-24 16:28:59,111 - INFO - epoch=72 train_loss=0.5953 val_loss=0.5454
2026-02-24 16:29:04,088 - INFO - epoch=73 train_loss=0.5951 val_loss=0.5428
2026-02-24 16:29:08,979 - INFO - epoch=74 train_loss=0.5947 val_loss=0.5408
2026-02-24 16:29:13,781 - INFO - epoch=75 train_loss=0.5943 val_loss=0.5407
2026-02-24 16:29:18,392 - INFO - epoch=76 train_loss=0.5939 val_loss=0.5434
2026-02-24 16:29:23,248 - INFO - epoch=77 train_loss=0.5932 val_loss=0.5424
2026-02-24 16:29:27,885 - INFO - epoch=78 train_loss=0.5926 val_loss=0.5404
2026-02-24 16:29:32,614 - INFO - epoch=79 train_loss=0.5916 val_loss=0.5413
2026-02-24 16:29:37,270 - INFO - epoch=80 train_loss=0.5910 val_loss=0.5418
2026-02-24 16:29:37,326 - INFO - saved: _sync/wsa/pi_verify/20260224_porto_beta_vae128_flowmu_s0/C3_flow_on_mu128_l6_fix/report.json

