nohup: 忽略输入
Using device: cuda
Using seed: 0
Loading datasets...
Using split=train: 97222 trajectories (/media/liuzhihang/仓库/projects/Mobility_v3/data/processed_dt30/splits/train_ids.npy)
Initializing Standard DiffusionTrajectoryModel...
Epoch 0 | Batch 0 | Diff Loss 1.1052
Epoch 0 | Batch 100 | Diff Loss 0.4349
Epoch 0 | Batch 200 | Diff Loss 0.4123
Epoch 0 | Batch 300 | Diff Loss 0.4079
Epoch 0 | Batch 400 | Diff Loss 0.3988
Epoch 0 | Batch 500 | Diff Loss 0.3913
Epoch 0 | Batch 600 | Diff Loss 0.3952
Epoch 0 Done. Loss: 0.4202. Time: 115.6s
Epoch 1 | Batch 0 | Diff Loss 0.3889
Epoch 1 | Batch 100 | Diff Loss 0.3710
Epoch 1 | Batch 200 | Diff Loss 0.3778
Epoch 1 | Batch 300 | Diff Loss 0.3741
Epoch 1 | Batch 400 | Diff Loss 0.3684
Epoch 1 | Batch 500 | Diff Loss 0.3608
Epoch 1 | Batch 600 | Diff Loss 0.3748
Epoch 1 Done. Loss: 0.3726. Time: 113.4s
Epoch 2 | Batch 0 | Diff Loss 0.3617
Epoch 2 | Batch 100 | Diff Loss 0.3596
Epoch 2 | Batch 200 | Diff Loss 0.3533
Epoch 2 | Batch 300 | Diff Loss 0.3568
Epoch 2 | Batch 400 | Diff Loss 0.3518
Epoch 2 | Batch 500 | Diff Loss 0.3445
Epoch 2 | Batch 600 | Diff Loss 0.3436
Epoch 2 Done. Loss: 0.3534. Time: 113.2s
Epoch 3 | Batch 0 | Diff Loss 0.3419
Epoch 3 | Batch 100 | Diff Loss 0.3502
Epoch 3 | Batch 200 | Diff Loss 0.3494
Epoch 3 | Batch 300 | Diff Loss 0.3313
Epoch 3 | Batch 400 | Diff Loss 0.3371
Epoch 3 | Batch 500 | Diff Loss 0.3378
Epoch 3 | Batch 600 | Diff Loss 0.3407
Epoch 3 Done. Loss: 0.3402. Time: 112.9s
Epoch 4 | Batch 0 | Diff Loss 0.3359
Epoch 4 | Batch 100 | Diff Loss 0.3377
Epoch 4 | Batch 200 | Diff Loss 0.3313
Epoch 4 | Batch 300 | Diff Loss 0.3353
Epoch 4 | Batch 400 | Diff Loss 0.3316
Epoch 4 | Batch 500 | Diff Loss 0.3287
Epoch 4 | Batch 600 | Diff Loss 0.3278
Epoch 4 Done. Loss: 0.3308. Time: 113.3s
Epoch 5 | Batch 0 | Diff Loss 0.3379 | Rog Loss 11841.7881 | lambda_rog=0.01
Epoch 5 | Batch 100 | Diff Loss 1.0028 | Rog Loss 175924.8438 | lambda_rog=0.01
Epoch 5 | Batch 200 | Diff Loss 1.0026 | Rog Loss 285468.9688 | lambda_rog=0.01
Epoch 5 | Batch 300 | Diff Loss 1.0162 | Rog Loss 260111.9062 | lambda_rog=0.01
Epoch 5 | Batch 400 | Diff Loss 1.0020 | Rog Loss 207189.3750 | lambda_rog=0.01
Epoch 5 | Batch 500 | Diff Loss 1.0164 | Rog Loss 336806.3438 | lambda_rog=0.01
Epoch 5 | Batch 600 | Diff Loss 1.0077 | Rog Loss 164199.3438 | lambda_rog=0.01
Epoch 5 Done. Loss: 2147.9905. Time: 113.3s
Epoch 6 | Batch 0 | Diff Loss 1.0039 | Rog Loss 154293.8281 | lambda_rog=0.01
Epoch 6 | Batch 100 | Diff Loss 1.0024 | Rog Loss 195336.5938 | lambda_rog=0.01
Epoch 6 | Batch 200 | Diff Loss 1.0076 | Rog Loss 98184.3906 | lambda_rog=0.01
Epoch 6 | Batch 300 | Diff Loss 1.0024 | Rog Loss 249904.1562 | lambda_rog=0.01
Epoch 6 | Batch 400 | Diff Loss 1.0062 | Rog Loss 328167.9375 | lambda_rog=0.01
Epoch 6 | Batch 500 | Diff Loss 1.0087 | Rog Loss 287335.6875 | lambda_rog=0.01
Epoch 6 | Batch 600 | Diff Loss 0.9924 | Rog Loss 228167.3125 | lambda_rog=0.01
Epoch 6 Done. Loss: 2030.5503. Time: 113.1s
Epoch 7 | Batch 0 | Diff Loss 1.0805 | Rog Loss 178055.4375 | lambda_rog=0.01
Epoch 7 | Batch 100 | Diff Loss 1.0449 | Rog Loss 95025.5156 | lambda_rog=0.01
Epoch 7 | Batch 200 | Diff Loss 1.4862 | Rog Loss 118470.4375 | lambda_rog=0.01
Epoch 7 | Batch 300 | Diff Loss 1.6663 | Rog Loss 100272.0938 | lambda_rog=0.01
Epoch 7 | Batch 400 | Diff Loss 1.4136 | Rog Loss 100978.4219 | lambda_rog=0.01
Epoch 7 | Batch 500 | Diff Loss 1.1056 | Rog Loss 66977.0312 | lambda_rog=0.01
Epoch 7 | Batch 600 | Diff Loss 1.0869 | Rog Loss 45905.7109 | lambda_rog=0.01
Epoch 7 Done. Loss: 993.7710. Time: 113.0s
Epoch 8 | Batch 0 | Diff Loss 1.0517 | Rog Loss 59202.5000 | lambda_rog=0.01
Epoch 8 | Batch 100 | Diff Loss 1.0581 | Rog Loss 49139.5000 | lambda_rog=0.01
Epoch 8 | Batch 200 | Diff Loss 1.0611 | Rog Loss 67156.6719 | lambda_rog=0.01
Epoch 8 | Batch 300 | Diff Loss 1.0470 | Rog Loss 70315.6250 | lambda_rog=0.01
Epoch 8 | Batch 400 | Diff Loss 1.0510 | Rog Loss 48241.7031 | lambda_rog=0.01
Epoch 8 | Batch 500 | Diff Loss 1.0592 | Rog Loss 26314.9219 | lambda_rog=0.01
Epoch 8 | Batch 600 | Diff Loss 1.0424 | Rog Loss 45929.5312 | lambda_rog=0.01
Epoch 8 Done. Loss: 527.3879. Time: 112.8s
Epoch 9 | Batch 0 | Diff Loss 1.0545 | Rog Loss 27643.0820 | lambda_rog=0.01
Epoch 9 | Batch 100 | Diff Loss 1.0395 | Rog Loss 43941.2500 | lambda_rog=0.01
Epoch 9 | Batch 200 | Diff Loss 1.0462 | Rog Loss 65009.9219 | lambda_rog=0.01
Epoch 9 | Batch 300 | Diff Loss 1.0555 | Rog Loss 38609.7930 | lambda_rog=0.01
Epoch 9 | Batch 400 | Diff Loss 1.0454 | Rog Loss 38390.4219 | lambda_rog=0.01
Epoch 9 | Batch 500 | Diff Loss 1.0528 | Rog Loss 41539.4453 | lambda_rog=0.01
Epoch 9 | Batch 600 | Diff Loss 1.0288 | Rog Loss 29604.2754 | lambda_rog=0.01
Epoch 9 Done. Loss: 390.2871. Time: 112.6s
Epoch 10 | Batch 0 | Diff Loss 1.0582 | Rog Loss 27008.1660 | lambda_rog=0.01
Epoch 10 | Batch 100 | Diff Loss 1.0605 | Rog Loss 26700.0586 | lambda_rog=0.01
Epoch 10 | Batch 200 | Diff Loss 1.0596 | Rog Loss 28386.5352 | lambda_rog=0.01
Epoch 10 | Batch 300 | Diff Loss 1.0543 | Rog Loss 22035.2910 | lambda_rog=0.01
Epoch 10 | Batch 400 | Diff Loss 1.0508 | Rog Loss 28040.1484 | lambda_rog=0.01
Epoch 10 | Batch 500 | Diff Loss 1.0242 | Rog Loss 26839.3145 | lambda_rog=0.01
Epoch 10 | Batch 600 | Diff Loss 1.0468 | Rog Loss 25932.4180 | lambda_rog=0.01
Epoch 10 Done. Loss: 326.0079. Time: 112.4s
Epoch 11 | Batch 0 | Diff Loss 1.0523 | Rog Loss 19490.1953 | lambda_rog=0.01
Epoch 11 | Batch 100 | Diff Loss 1.0627 | Rog Loss 30141.8594 | lambda_rog=0.01
Epoch 11 | Batch 200 | Diff Loss 1.0734 | Rog Loss 29980.2969 | lambda_rog=0.01
Epoch 11 | Batch 300 | Diff Loss 1.0599 | Rog Loss 35330.9609 | lambda_rog=0.01
Epoch 11 | Batch 400 | Diff Loss 1.0242 | Rog Loss 35450.2266 | lambda_rog=0.01
Epoch 11 | Batch 500 | Diff Loss 1.0414 | Rog Loss 22631.5137 | lambda_rog=0.01
Epoch 11 | Batch 600 | Diff Loss 1.0644 | Rog Loss 25557.9570 | lambda_rog=0.01
Epoch 11 Done. Loss: 319.9306. Time: 112.5s
Epoch 12 | Batch 0 | Diff Loss 1.0801 | Rog Loss 39678.3711 | lambda_rog=0.01
Epoch 12 | Batch 100 | Diff Loss 1.0532 | Rog Loss 26225.7461 | lambda_rog=0.01
Epoch 12 | Batch 200 | Diff Loss 1.0622 | Rog Loss 32581.5352 | lambda_rog=0.01
Epoch 12 | Batch 300 | Diff Loss 1.0902 | Rog Loss 22747.5371 | lambda_rog=0.01
Epoch 12 | Batch 400 | Diff Loss 1.1000 | Rog Loss 31903.9395 | lambda_rog=0.01
Epoch 12 | Batch 500 | Diff Loss 1.1083 | Rog Loss 36700.3438 | lambda_rog=0.01
Epoch 12 | Batch 600 | Diff Loss 1.1323 | Rog Loss 33140.7188 | lambda_rog=0.01
Epoch 12 Done. Loss: 305.3314. Time: 112.6s
Epoch 13 | Batch 0 | Diff Loss 1.1372 | Rog Loss 35573.9805 | lambda_rog=0.01
Epoch 13 | Batch 100 | Diff Loss 1.1556 | Rog Loss 18314.9258 | lambda_rog=0.01
Epoch 13 | Batch 200 | Diff Loss 1.1764 | Rog Loss 28553.4570 | lambda_rog=0.01
Epoch 13 | Batch 300 | Diff Loss 1.1840 | Rog Loss 22593.9551 | lambda_rog=0.01
Epoch 13 | Batch 400 | Diff Loss 1.2206 | Rog Loss 20998.8828 | lambda_rog=0.01
Epoch 13 | Batch 500 | Diff Loss 1.2110 | Rog Loss 31537.7520 | lambda_rog=0.01
Epoch 13 | Batch 600 | Diff Loss 1.2184 | Rog Loss 31402.8613 | lambda_rog=0.01
Epoch 13 Done. Loss: 238.9874. Time: 112.5s
Epoch 14 | Batch 0 | Diff Loss 1.2300 | Rog Loss 15651.3164 | lambda_rog=0.01
Epoch 14 | Batch 100 | Diff Loss 1.2569 | Rog Loss 24880.7227 | lambda_rog=0.01
Epoch 14 | Batch 200 | Diff Loss 1.2557 | Rog Loss 15857.9941 | lambda_rog=0.01
Epoch 14 | Batch 300 | Diff Loss 1.2611 | Rog Loss 23180.1094 | lambda_rog=0.01
Epoch 14 | Batch 400 | Diff Loss 1.2767 | Rog Loss 19806.7578 | lambda_rog=0.01
Epoch 14 | Batch 500 | Diff Loss 1.3034 | Rog Loss 23790.4883 | lambda_rog=0.01
Epoch 14 | Batch 600 | Diff Loss 1.3222 | Rog Loss 20523.1406 | lambda_rog=0.01
Epoch 14 Done. Loss: 195.0907. Time: 112.4s
Epoch 15 | Batch 0 | Diff Loss 1.3350 | Rog Loss 15209.5508 | lambda_rog=0.01
Epoch 15 | Batch 100 | Diff Loss 1.3299 | Rog Loss 13390.4189 | lambda_rog=0.01
Epoch 15 | Batch 200 | Diff Loss 1.3746 | Rog Loss 9163.8281 | lambda_rog=0.01
Epoch 15 | Batch 300 | Diff Loss 1.4232 | Rog Loss 14660.7002 | lambda_rog=0.01
Epoch 15 | Batch 400 | Diff Loss 1.4082 | Rog Loss 12047.0088 | lambda_rog=0.01
Epoch 15 | Batch 500 | Diff Loss 1.4124 | Rog Loss 16120.8496 | lambda_rog=0.01
Epoch 15 | Batch 600 | Diff Loss 1.3885 | Rog Loss 22623.5176 | lambda_rog=0.01
Epoch 15 Done. Loss: 169.6114. Time: 112.5s
Epoch 16 | Batch 0 | Diff Loss 1.4696 | Rog Loss 18178.5176 | lambda_rog=0.01
Epoch 16 | Batch 100 | Diff Loss 1.4309 | Rog Loss 20411.9102 | lambda_rog=0.01
Epoch 16 | Batch 200 | Diff Loss 1.4989 | Rog Loss 21626.0508 | lambda_rog=0.01
Epoch 16 | Batch 300 | Diff Loss 1.4436 | Rog Loss 13935.7246 | lambda_rog=0.01
Epoch 16 | Batch 400 | Diff Loss 1.4528 | Rog Loss 15973.4688 | lambda_rog=0.01
Epoch 16 | Batch 500 | Diff Loss 1.4832 | Rog Loss 10332.6797 | lambda_rog=0.01
Epoch 16 | Batch 600 | Diff Loss 1.4774 | Rog Loss 16944.3281 | lambda_rog=0.01
Epoch 16 Done. Loss: 159.8882. Time: 112.6s
Epoch 17 | Batch 0 | Diff Loss 1.4895 | Rog Loss 18601.7578 | lambda_rog=0.01
Epoch 17 | Batch 100 | Diff Loss 1.4882 | Rog Loss 15915.6641 | lambda_rog=0.01
Epoch 17 | Batch 200 | Diff Loss 1.4932 | Rog Loss 16076.7754 | lambda_rog=0.01
Epoch 17 | Batch 300 | Diff Loss 1.4903 | Rog Loss 15684.4180 | lambda_rog=0.01
Epoch 17 | Batch 400 | Diff Loss 1.5398 | Rog Loss 11591.4639 | lambda_rog=0.01
Epoch 17 | Batch 500 | Diff Loss 1.5146 | Rog Loss 20062.4688 | lambda_rog=0.01
Epoch 17 | Batch 600 | Diff Loss 1.4811 | Rog Loss 14002.4531 | lambda_rog=0.01
Epoch 17 Done. Loss: 156.1636. Time: 112.5s
Epoch 18 | Batch 0 | Diff Loss 1.5213 | Rog Loss 16998.2891 | lambda_rog=0.01
Epoch 18 | Batch 100 | Diff Loss 1.5068 | Rog Loss 10149.2129 | lambda_rog=0.01
Epoch 18 | Batch 200 | Diff Loss 1.5213 | Rog Loss 14878.8389 | lambda_rog=0.01
Epoch 18 | Batch 300 | Diff Loss 1.4653 | Rog Loss 23870.5898 | lambda_rog=0.01
Epoch 18 | Batch 400 | Diff Loss 1.5215 | Rog Loss 14243.0781 | lambda_rog=0.01
Epoch 18 | Batch 500 | Diff Loss 1.5003 | Rog Loss 14538.4697 | lambda_rog=0.01
Epoch 18 | Batch 600 | Diff Loss 1.4496 | Rog Loss 11009.1348 | lambda_rog=0.01
Epoch 18 Done. Loss: 152.2809. Time: 112.5s
Epoch 19 | Batch 0 | Diff Loss 1.5285 | Rog Loss 19481.7266 | lambda_rog=0.01
Epoch 19 | Batch 100 | Diff Loss 1.4683 | Rog Loss 13687.9844 | lambda_rog=0.01
Epoch 19 | Batch 200 | Diff Loss 1.5020 | Rog Loss 12569.9629 | lambda_rog=0.01
Epoch 19 | Batch 300 | Diff Loss 1.5191 | Rog Loss 16057.3359 | lambda_rog=0.01
Epoch 19 | Batch 400 | Diff Loss 1.5063 | Rog Loss 18203.2109 | lambda_rog=0.01
Epoch 19 | Batch 500 | Diff Loss 1.4963 | Rog Loss 16030.1221 | lambda_rog=0.01
Epoch 19 | Batch 600 | Diff Loss 1.5286 | Rog Loss 22323.6055 | lambda_rog=0.01
Epoch 19 Done. Loss: 152.1157. Time: 112.7s
