nohup: 忽略输入
Using device: cuda
Using seed: 0
Loading datasets...
Using split=train: 97222 trajectories (/media/liuzhihang/仓库/projects/Mobility_v3/data/processed_dt30/splits/train_ids.npy)
Initializing Standard DiffusionTrajectoryModel...
Epoch 0 | Batch 0 | Diff Loss 1.1052
Epoch 0 | Batch 100 | Diff Loss 0.4349
Epoch 0 | Batch 200 | Diff Loss 0.4123
Epoch 0 | Batch 300 | Diff Loss 0.4079
Epoch 0 | Batch 400 | Diff Loss 0.3988
Epoch 0 | Batch 500 | Diff Loss 0.3913
Epoch 0 | Batch 600 | Diff Loss 0.3952
Epoch 0 Done. Loss: 0.4202. Time: 115.1s
Epoch 1 | Batch 0 | Diff Loss 0.3889
Epoch 1 | Batch 100 | Diff Loss 0.3710
Epoch 1 | Batch 200 | Diff Loss 0.3778
Epoch 1 | Batch 300 | Diff Loss 0.3741
Epoch 1 | Batch 400 | Diff Loss 0.3684
Epoch 1 | Batch 500 | Diff Loss 0.3608
Epoch 1 | Batch 600 | Diff Loss 0.3748
Epoch 1 Done. Loss: 0.3726. Time: 112.7s
Epoch 2 | Batch 0 | Diff Loss 0.3617
Epoch 2 | Batch 100 | Diff Loss 0.3596
Epoch 2 | Batch 200 | Diff Loss 0.3533
Epoch 2 | Batch 300 | Diff Loss 0.3568
Epoch 2 | Batch 400 | Diff Loss 0.3518
Epoch 2 | Batch 500 | Diff Loss 0.3445
Epoch 2 | Batch 600 | Diff Loss 0.3436
Epoch 2 Done. Loss: 0.3534. Time: 112.5s
Epoch 3 | Batch 0 | Diff Loss 0.3419
Epoch 3 | Batch 100 | Diff Loss 0.3502
Epoch 3 | Batch 200 | Diff Loss 0.3494
Epoch 3 | Batch 300 | Diff Loss 0.3313
Epoch 3 | Batch 400 | Diff Loss 0.3371
Epoch 3 | Batch 500 | Diff Loss 0.3378
Epoch 3 | Batch 600 | Diff Loss 0.3407
Epoch 3 Done. Loss: 0.3402. Time: 112.9s
Epoch 4 | Batch 0 | Diff Loss 0.3359
Epoch 4 | Batch 100 | Diff Loss 0.3377
Epoch 4 | Batch 200 | Diff Loss 0.3313
Epoch 4 | Batch 300 | Diff Loss 0.3353
Epoch 4 | Batch 400 | Diff Loss 0.3316
Epoch 4 | Batch 500 | Diff Loss 0.3287
Epoch 4 | Batch 600 | Diff Loss 0.3278
Epoch 4 Done. Loss: 0.3308. Time: 112.8s
Epoch 5 | Batch 0 | Diff Loss 0.3379 | Rog Loss 11841.7881 | lambda_rog=0.1
Epoch 5 | Batch 100 | Diff Loss 1.0198 | Rog Loss 178616.7188 | lambda_rog=0.1
Epoch 5 | Batch 200 | Diff Loss 1.0024 | Rog Loss 277120.5625 | lambda_rog=0.1
Epoch 5 | Batch 300 | Diff Loss 1.0126 | Rog Loss 253524.8906 | lambda_rog=0.1
Epoch 5 | Batch 400 | Diff Loss 1.0134 | Rog Loss 213867.7812 | lambda_rog=0.1
Epoch 5 | Batch 500 | Diff Loss 1.0265 | Rog Loss 333935.0938 | lambda_rog=0.1
Epoch 5 | Batch 600 | Diff Loss 1.0128 | Rog Loss 163442.5156 | lambda_rog=0.1
Epoch 5 Done. Loss: 20880.5165. Time: 112.6s
Epoch 6 | Batch 0 | Diff Loss 1.0473 | Rog Loss 145104.3125 | lambda_rog=0.1
Epoch 6 | Batch 100 | Diff Loss 1.1599 | Rog Loss 104880.8594 | lambda_rog=0.1
Epoch 6 | Batch 200 | Diff Loss 1.3580 | Rog Loss 56784.9688 | lambda_rog=0.1
Epoch 6 | Batch 300 | Diff Loss 1.6436 | Rog Loss 116868.3906 | lambda_rog=0.1
Epoch 6 | Batch 400 | Diff Loss 1.9834 | Rog Loss 150365.8594 | lambda_rog=0.1
Epoch 6 | Batch 500 | Diff Loss 2.0261 | Rog Loss 134092.4844 | lambda_rog=0.1
Epoch 6 | Batch 600 | Diff Loss 2.2289 | Rog Loss 128823.4922 | lambda_rog=0.1
Epoch 6 Done. Loss: 10901.1372. Time: 112.6s
Epoch 7 | Batch 0 | Diff Loss 2.3928 | Rog Loss 97025.9062 | lambda_rog=0.1
Epoch 7 | Batch 100 | Diff Loss 2.3613 | Rog Loss 76508.5625 | lambda_rog=0.1
Epoch 7 | Batch 200 | Diff Loss 2.3464 | Rog Loss 89293.6562 | lambda_rog=0.1
Epoch 7 | Batch 300 | Diff Loss 2.2690 | Rog Loss 77700.6172 | lambda_rog=0.1
Epoch 7 | Batch 400 | Diff Loss 2.0305 | Rog Loss 81620.7188 | lambda_rog=0.1
Epoch 7 | Batch 500 | Diff Loss 1.3934 | Rog Loss 72665.1406 | lambda_rog=0.1
Epoch 7 | Batch 600 | Diff Loss 1.1673 | Rog Loss 49591.5859 | lambda_rog=0.1
Epoch 7 Done. Loss: 8308.5932. Time: 112.7s
Epoch 8 | Batch 0 | Diff Loss 1.1312 | Rog Loss 58022.6719 | lambda_rog=0.1
Epoch 8 | Batch 100 | Diff Loss 1.1297 | Rog Loss 49574.3633 | lambda_rog=0.1
Epoch 8 | Batch 200 | Diff Loss 1.1203 | Rog Loss 72801.5078 | lambda_rog=0.1
Epoch 8 | Batch 300 | Diff Loss 1.0745 | Rog Loss 57570.4844 | lambda_rog=0.1
Epoch 8 | Batch 400 | Diff Loss 1.0754 | Rog Loss 38536.0703 | lambda_rog=0.1
Epoch 8 | Batch 500 | Diff Loss 1.0818 | Rog Loss 23258.7656 | lambda_rog=0.1
Epoch 8 | Batch 600 | Diff Loss 1.0619 | Rog Loss 37698.0430 | lambda_rog=0.1
Epoch 8 Done. Loss: 4481.3851. Time: 112.6s
Epoch 9 | Batch 0 | Diff Loss 1.0657 | Rog Loss 22138.2012 | lambda_rog=0.1
Epoch 9 | Batch 100 | Diff Loss 1.0466 | Rog Loss 33519.1641 | lambda_rog=0.1
Epoch 9 | Batch 200 | Diff Loss 1.0527 | Rog Loss 54509.0000 | lambda_rog=0.1
Epoch 9 | Batch 300 | Diff Loss 1.0631 | Rog Loss 35834.5430 | lambda_rog=0.1
Epoch 9 | Batch 400 | Diff Loss 1.0483 | Rog Loss 33491.8828 | lambda_rog=0.1
Epoch 9 | Batch 500 | Diff Loss 1.0461 | Rog Loss 43323.0234 | lambda_rog=0.1
Epoch 9 | Batch 600 | Diff Loss 1.0309 | Rog Loss 29596.0020 | lambda_rog=0.1
Epoch 9 Done. Loss: 3490.3125. Time: 112.6s
Epoch 10 | Batch 0 | Diff Loss 1.0521 | Rog Loss 25096.5195 | lambda_rog=0.1
Epoch 10 | Batch 100 | Diff Loss 1.0555 | Rog Loss 27400.3945 | lambda_rog=0.1
Epoch 10 | Batch 200 | Diff Loss 1.0629 | Rog Loss 28030.4141 | lambda_rog=0.1
Epoch 10 | Batch 300 | Diff Loss 1.0564 | Rog Loss 22100.0664 | lambda_rog=0.1
Epoch 10 | Batch 400 | Diff Loss 1.0538 | Rog Loss 27604.0742 | lambda_rog=0.1
Epoch 10 | Batch 500 | Diff Loss 1.0323 | Rog Loss 27050.1328 | lambda_rog=0.1
Epoch 10 | Batch 600 | Diff Loss 1.0492 | Rog Loss 26631.0176 | lambda_rog=0.1
Epoch 10 Done. Loss: 3215.9950. Time: 112.6s
Epoch 11 | Batch 0 | Diff Loss 1.0486 | Rog Loss 19134.3906 | lambda_rog=0.1
Epoch 11 | Batch 100 | Diff Loss 1.0585 | Rog Loss 29682.3242 | lambda_rog=0.1
Epoch 11 | Batch 200 | Diff Loss 1.0713 | Rog Loss 30498.8848 | lambda_rog=0.1
Epoch 11 | Batch 300 | Diff Loss 1.0547 | Rog Loss 34384.6914 | lambda_rog=0.1
Epoch 11 | Batch 400 | Diff Loss 1.0229 | Rog Loss 36201.6289 | lambda_rog=0.1
Epoch 11 | Batch 500 | Diff Loss 1.0385 | Rog Loss 21184.7363 | lambda_rog=0.1
Epoch 11 | Batch 600 | Diff Loss 1.0540 | Rog Loss 25397.6621 | lambda_rog=0.1
Epoch 11 Done. Loss: 3178.7231. Time: 112.5s
Epoch 12 | Batch 0 | Diff Loss 1.0758 | Rog Loss 40110.1406 | lambda_rog=0.1
Epoch 12 | Batch 100 | Diff Loss 1.0500 | Rog Loss 26519.1426 | lambda_rog=0.1
Epoch 12 | Batch 200 | Diff Loss 1.0547 | Rog Loss 32728.7500 | lambda_rog=0.1
Epoch 12 | Batch 300 | Diff Loss 1.0516 | Rog Loss 22603.5098 | lambda_rog=0.1
Epoch 12 | Batch 400 | Diff Loss 1.0739 | Rog Loss 31146.2910 | lambda_rog=0.1
Epoch 12 | Batch 500 | Diff Loss 1.0471 | Rog Loss 32786.9766 | lambda_rog=0.1
Epoch 12 | Batch 600 | Diff Loss 1.0579 | Rog Loss 28514.2305 | lambda_rog=0.1
Epoch 12 Done. Loss: 2964.7873. Time: 112.6s
Epoch 13 | Batch 0 | Diff Loss 1.0462 | Rog Loss 31631.4219 | lambda_rog=0.1
Epoch 13 | Batch 100 | Diff Loss 1.0223 | Rog Loss 20223.8203 | lambda_rog=0.1
Epoch 13 | Batch 200 | Diff Loss 1.0287 | Rog Loss 29201.2031 | lambda_rog=0.1
Epoch 13 | Batch 300 | Diff Loss 1.0361 | Rog Loss 21541.5469 | lambda_rog=0.1
Epoch 13 | Batch 400 | Diff Loss 1.0507 | Rog Loss 22021.1328 | lambda_rog=0.1
Epoch 13 | Batch 500 | Diff Loss 1.0371 | Rog Loss 32470.4570 | lambda_rog=0.1
Epoch 13 | Batch 600 | Diff Loss 1.0475 | Rog Loss 31077.6562 | lambda_rog=0.1
Epoch 13 Done. Loss: 2448.5925. Time: 112.6s
Epoch 14 | Batch 0 | Diff Loss 1.0680 | Rog Loss 18849.5664 | lambda_rog=0.1
Epoch 14 | Batch 100 | Diff Loss 1.0449 | Rog Loss 24066.4375 | lambda_rog=0.1
Epoch 14 | Batch 200 | Diff Loss 1.0570 | Rog Loss 21313.2109 | lambda_rog=0.1
Epoch 14 | Batch 300 | Diff Loss 1.0439 | Rog Loss 29655.8633 | lambda_rog=0.1
Epoch 14 | Batch 400 | Diff Loss 1.0437 | Rog Loss 23392.0918 | lambda_rog=0.1
Epoch 14 | Batch 500 | Diff Loss 1.0509 | Rog Loss 36281.2305 | lambda_rog=0.1
Epoch 14 | Batch 600 | Diff Loss 1.0545 | Rog Loss 28124.6953 | lambda_rog=0.1
Epoch 14 Done. Loss: 2282.4658. Time: 112.6s
Epoch 15 | Batch 0 | Diff Loss 1.0522 | Rog Loss 18323.0117 | lambda_rog=0.1
Epoch 15 | Batch 100 | Diff Loss 1.0415 | Rog Loss 20244.3340 | lambda_rog=0.1
Epoch 15 | Batch 200 | Diff Loss 1.0676 | Rog Loss 14323.1641 | lambda_rog=0.1
Epoch 15 | Batch 300 | Diff Loss 1.0541 | Rog Loss 23323.2852 | lambda_rog=0.1
Epoch 15 | Batch 400 | Diff Loss 1.0341 | Rog Loss 17996.8242 | lambda_rog=0.1
Epoch 15 | Batch 500 | Diff Loss 1.0376 | Rog Loss 21204.5508 | lambda_rog=0.1
Epoch 15 | Batch 600 | Diff Loss 1.0363 | Rog Loss 37462.2969 | lambda_rog=0.1
Epoch 15 Done. Loss: 2235.9445. Time: 112.5s
Epoch 16 | Batch 0 | Diff Loss 1.0451 | Rog Loss 19749.9863 | lambda_rog=0.1
Epoch 16 | Batch 100 | Diff Loss 1.0641 | Rog Loss 23878.5508 | lambda_rog=0.1
Epoch 16 | Batch 200 | Diff Loss 1.0517 | Rog Loss 29754.0508 | lambda_rog=0.1
Epoch 16 | Batch 300 | Diff Loss 1.0308 | Rog Loss 21356.3047 | lambda_rog=0.1
Epoch 16 | Batch 400 | Diff Loss 1.0484 | Rog Loss 24256.4824 | lambda_rog=0.1
Epoch 16 | Batch 500 | Diff Loss 1.0377 | Rog Loss 15424.6836 | lambda_rog=0.1
Epoch 16 | Batch 600 | Diff Loss 1.0249 | Rog Loss 22960.2031 | lambda_rog=0.1
Epoch 16 Done. Loss: 2227.6323. Time: 112.5s
Epoch 17 | Batch 0 | Diff Loss 1.0538 | Rog Loss 26523.2129 | lambda_rog=0.1
Epoch 17 | Batch 100 | Diff Loss 1.0577 | Rog Loss 24594.0742 | lambda_rog=0.1
Epoch 17 | Batch 200 | Diff Loss 1.0615 | Rog Loss 22707.9902 | lambda_rog=0.1
Epoch 17 | Batch 300 | Diff Loss 1.0409 | Rog Loss 21824.7070 | lambda_rog=0.1
Epoch 17 | Batch 400 | Diff Loss 1.0629 | Rog Loss 18398.4453 | lambda_rog=0.1
Epoch 17 | Batch 500 | Diff Loss 1.0432 | Rog Loss 28964.0918 | lambda_rog=0.1
Epoch 17 | Batch 600 | Diff Loss 1.0472 | Rog Loss 21879.3398 | lambda_rog=0.1
Epoch 17 Done. Loss: 2201.0456. Time: 112.7s
Epoch 18 | Batch 0 | Diff Loss 1.0127 | Rog Loss 25273.7617 | lambda_rog=0.1
Epoch 18 | Batch 100 | Diff Loss 1.0436 | Rog Loss 15168.6465 | lambda_rog=0.1
Epoch 18 | Batch 200 | Diff Loss 1.0529 | Rog Loss 20485.7422 | lambda_rog=0.1
Epoch 18 | Batch 300 | Diff Loss 1.0576 | Rog Loss 30447.1504 | lambda_rog=0.1
Epoch 18 | Batch 400 | Diff Loss 1.1028 | Rog Loss 17165.9512 | lambda_rog=0.1
Epoch 18 | Batch 500 | Diff Loss 1.0813 | Rog Loss 18177.7930 | lambda_rog=0.1
Epoch 18 | Batch 600 | Diff Loss 1.1203 | Rog Loss 15545.4824 | lambda_rog=0.1
Epoch 18 Done. Loss: 2053.3906. Time: 112.7s
Epoch 19 | Batch 0 | Diff Loss 1.1288 | Rog Loss 19119.8750 | lambda_rog=0.1
Epoch 19 | Batch 100 | Diff Loss 1.1422 | Rog Loss 15141.2910 | lambda_rog=0.1
Epoch 19 | Batch 200 | Diff Loss 1.1444 | Rog Loss 15530.1221 | lambda_rog=0.1
Epoch 19 | Batch 300 | Diff Loss 1.2081 | Rog Loss 19908.4766 | lambda_rog=0.1
Epoch 19 | Batch 400 | Diff Loss 1.1735 | Rog Loss 22758.9414 | lambda_rog=0.1
Epoch 19 | Batch 500 | Diff Loss 1.2569 | Rog Loss 19430.9375 | lambda_rog=0.1
Epoch 19 | Batch 600 | Diff Loss 1.2506 | Rog Loss 26329.3867 | lambda_rog=0.1
Epoch 19 Done. Loss: 1841.3556. Time: 112.6s
