nohup: 忽略输入
Using device: cuda
Using seed: 0
Loading datasets...
Using split=train: 97222 trajectories (/media/liuzhihang/仓库/projects/Mobility_v3/data/processed_dt30/splits/train_ids.npy)
Initializing PhysicsConditionDiffusion...
Epoch 0 | Batch 0 | Diff Loss 1.1079
Epoch 0 | Batch 100 | Diff Loss 0.4313
Epoch 0 | Batch 200 | Diff Loss 0.4109
Epoch 0 | Batch 300 | Diff Loss 0.4072
Epoch 0 | Batch 400 | Diff Loss 0.3928
Epoch 0 | Batch 500 | Diff Loss 0.3888
Epoch 0 | Batch 600 | Diff Loss 0.3935
Epoch 0 Done. Loss: 0.4181. Time: 129.6s
Epoch 1 | Batch 0 | Diff Loss 0.3844
Epoch 1 | Batch 100 | Diff Loss 0.3706
Epoch 1 | Batch 200 | Diff Loss 0.3737
Epoch 1 | Batch 300 | Diff Loss 0.3673
Epoch 1 | Batch 400 | Diff Loss 0.3625
Epoch 1 | Batch 500 | Diff Loss 0.3541
Epoch 1 | Batch 600 | Diff Loss 0.3672
Epoch 1 Done. Loss: 0.3683. Time: 126.3s
Epoch 2 | Batch 0 | Diff Loss 0.3593
Epoch 2 | Batch 100 | Diff Loss 0.3550
Epoch 2 | Batch 200 | Diff Loss 0.3463
Epoch 2 | Batch 300 | Diff Loss 0.3533
Epoch 2 | Batch 400 | Diff Loss 0.3458
Epoch 2 | Batch 500 | Diff Loss 0.3402
Epoch 2 | Batch 600 | Diff Loss 0.3377
Epoch 2 Done. Loss: 0.3477. Time: 126.5s
Epoch 3 | Batch 0 | Diff Loss 0.3377
Epoch 3 | Batch 100 | Diff Loss 0.3456
Epoch 3 | Batch 200 | Diff Loss 0.3423
Epoch 3 | Batch 300 | Diff Loss 0.3269
Epoch 3 | Batch 400 | Diff Loss 0.3320
Epoch 3 | Batch 500 | Diff Loss 0.3306
Epoch 3 | Batch 600 | Diff Loss 0.3330
Epoch 3 Done. Loss: 0.3348. Time: 126.5s
Epoch 4 | Batch 0 | Diff Loss 0.3288
Epoch 4 | Batch 100 | Diff Loss 0.3317
Epoch 4 | Batch 200 | Diff Loss 0.3231
Epoch 4 | Batch 300 | Diff Loss 0.3307
Epoch 4 | Batch 400 | Diff Loss 0.3259
Epoch 4 | Batch 500 | Diff Loss 0.3248
Epoch 4 | Batch 600 | Diff Loss 0.3215
Epoch 4 Done. Loss: 0.3251. Time: 126.6s
Epoch 5 | Batch 0 | Diff Loss 0.3309 | Rog Loss 11985.6289 | lambda_rog=0.05
Epoch 5 | Batch 100 | Diff Loss 1.0125 | Rog Loss 174755.2656 | lambda_rog=0.05
Epoch 5 | Batch 200 | Diff Loss 1.0028 | Rog Loss 285631.8438 | lambda_rog=0.05
Epoch 5 | Batch 300 | Diff Loss 1.0246 | Rog Loss 252816.5000 | lambda_rog=0.05
Epoch 5 | Batch 400 | Diff Loss 1.0109 | Rog Loss 214655.7188 | lambda_rog=0.05
Epoch 5 | Batch 500 | Diff Loss 1.0323 | Rog Loss 342583.2500 | lambda_rog=0.05
Epoch 5 | Batch 600 | Diff Loss 1.0871 | Rog Loss 107334.1875 | lambda_rog=0.05
Epoch 5 Done. Loss: 9767.0460. Time: 127.8s
Epoch 6 | Batch 0 | Diff Loss 1.2269 | Rog Loss 130293.5938 | lambda_rog=0.05
Epoch 6 | Batch 100 | Diff Loss 1.3611 | Rog Loss 111027.0078 | lambda_rog=0.05
Epoch 6 | Batch 200 | Diff Loss 1.6381 | Rog Loss 55963.7578 | lambda_rog=0.05
Epoch 6 | Batch 300 | Diff Loss 1.9690 | Rog Loss 115149.4844 | lambda_rog=0.05
Epoch 6 | Batch 400 | Diff Loss 2.0757 | Rog Loss 147502.9375 | lambda_rog=0.05
Epoch 6 | Batch 500 | Diff Loss 2.1623 | Rog Loss 135181.2656 | lambda_rog=0.05
Epoch 6 | Batch 600 | Diff Loss 2.4413 | Rog Loss 124968.0938 | lambda_rog=0.05
Epoch 6 Done. Loss: 5258.2817. Time: 127.5s
Epoch 7 | Batch 0 | Diff Loss 2.6356 | Rog Loss 98257.5078 | lambda_rog=0.05
Epoch 7 | Batch 100 | Diff Loss 2.6626 | Rog Loss 75003.8281 | lambda_rog=0.05
Epoch 7 | Batch 200 | Diff Loss 2.6440 | Rog Loss 93516.3750 | lambda_rog=0.05
Epoch 7 | Batch 300 | Diff Loss 1.9745 | Rog Loss 69698.4609 | lambda_rog=0.05
Epoch 7 | Batch 400 | Diff Loss 2.0885 | Rog Loss 48614.1055 | lambda_rog=0.05
Epoch 7 | Batch 500 | Diff Loss 2.1754 | Rog Loss 49529.4219 | lambda_rog=0.05
Epoch 7 | Batch 600 | Diff Loss 2.3631 | Rog Loss 32292.6230 | lambda_rog=0.05
Epoch 7 Done. Loss: 3484.8887. Time: 127.2s
Epoch 8 | Batch 0 | Diff Loss 2.3480 | Rog Loss 42204.0078 | lambda_rog=0.05
Epoch 8 | Batch 100 | Diff Loss 2.4967 | Rog Loss 37860.2422 | lambda_rog=0.05
Epoch 8 | Batch 200 | Diff Loss 2.7540 | Rog Loss 45711.2500 | lambda_rog=0.05
Epoch 8 | Batch 300 | Diff Loss 2.9517 | Rog Loss 52783.1914 | lambda_rog=0.05
Epoch 8 | Batch 400 | Diff Loss 3.0797 | Rog Loss 34071.9531 | lambda_rog=0.05
Epoch 8 | Batch 500 | Diff Loss 3.3351 | Rog Loss 17744.1484 | lambda_rog=0.05
Epoch 8 | Batch 600 | Diff Loss 3.2812 | Rog Loss 29503.0586 | lambda_rog=0.05
Epoch 8 Done. Loss: 1723.4149. Time: 126.4s
Epoch 9 | Batch 0 | Diff Loss 3.4195 | Rog Loss 15657.2373 | lambda_rog=0.05
Epoch 9 | Batch 100 | Diff Loss 3.4675 | Rog Loss 28352.7109 | lambda_rog=0.05
Epoch 9 | Batch 200 | Diff Loss 3.2272 | Rog Loss 31930.1992 | lambda_rog=0.05
Epoch 9 | Batch 300 | Diff Loss 3.3432 | Rog Loss 25615.6680 | lambda_rog=0.05
Epoch 9 | Batch 400 | Diff Loss 3.4316 | Rog Loss 27572.0273 | lambda_rog=0.05
Epoch 9 | Batch 500 | Diff Loss 3.5157 | Rog Loss 30392.1562 | lambda_rog=0.05
Epoch 9 | Batch 600 | Diff Loss 3.6203 | Rog Loss 21369.5078 | lambda_rog=0.05
Epoch 9 Done. Loss: 1281.6743. Time: 126.2s
Epoch 10 | Batch 0 | Diff Loss 3.5939 | Rog Loss 19754.5195 | lambda_rog=0.05
Epoch 10 | Batch 100 | Diff Loss 3.6765 | Rog Loss 22684.6426 | lambda_rog=0.05
Epoch 10 | Batch 200 | Diff Loss 3.8337 | Rog Loss 22313.0977 | lambda_rog=0.05
Epoch 10 | Batch 300 | Diff Loss 3.8842 | Rog Loss 18084.4805 | lambda_rog=0.05
Epoch 10 | Batch 400 | Diff Loss 3.7874 | Rog Loss 24432.9785 | lambda_rog=0.05
Epoch 10 | Batch 500 | Diff Loss 3.7814 | Rog Loss 18616.1211 | lambda_rog=0.05
Epoch 10 | Batch 600 | Diff Loss 3.8256 | Rog Loss 20722.4883 | lambda_rog=0.05
Epoch 10 Done. Loss: 1210.4578. Time: 126.4s
Epoch 11 | Batch 0 | Diff Loss 3.8763 | Rog Loss 14263.2480 | lambda_rog=0.05
Epoch 11 | Batch 100 | Diff Loss 3.8050 | Rog Loss 19415.6250 | lambda_rog=0.05
Epoch 11 | Batch 200 | Diff Loss 3.8134 | Rog Loss 24227.6016 | lambda_rog=0.05
Epoch 11 | Batch 300 | Diff Loss 3.7226 | Rog Loss 28145.8926 | lambda_rog=0.05
Epoch 11 | Batch 400 | Diff Loss 3.7909 | Rog Loss 29000.9570 | lambda_rog=0.05
Epoch 11 | Batch 500 | Diff Loss 3.7190 | Rog Loss 19009.2578 | lambda_rog=0.05
Epoch 11 | Batch 600 | Diff Loss 3.7766 | Rog Loss 18583.6055 | lambda_rog=0.05
Epoch 11 Done. Loss: 1177.3175. Time: 126.4s
Epoch 12 | Batch 0 | Diff Loss 3.6737 | Rog Loss 26694.7266 | lambda_rog=0.05
Epoch 12 | Batch 100 | Diff Loss 3.5810 | Rog Loss 23288.0508 | lambda_rog=0.05
Epoch 12 | Batch 200 | Diff Loss 3.6765 | Rog Loss 22783.2520 | lambda_rog=0.05
Epoch 12 | Batch 300 | Diff Loss 3.6293 | Rog Loss 13152.7559 | lambda_rog=0.05
Epoch 12 | Batch 400 | Diff Loss 3.6650 | Rog Loss 24551.6523 | lambda_rog=0.05
Epoch 12 | Batch 500 | Diff Loss 3.4903 | Rog Loss 25182.3672 | lambda_rog=0.05
Epoch 12 | Batch 600 | Diff Loss 3.5976 | Rog Loss 25369.6875 | lambda_rog=0.05
Epoch 12 Done. Loss: 1037.0543. Time: 127.0s
Epoch 13 | Batch 0 | Diff Loss 3.6168 | Rog Loss 18210.4355 | lambda_rog=0.05
Epoch 13 | Batch 100 | Diff Loss 3.4719 | Rog Loss 11857.6318 | lambda_rog=0.05
Epoch 13 | Batch 200 | Diff Loss 3.4845 | Rog Loss 18821.3398 | lambda_rog=0.05
Epoch 13 | Batch 300 | Diff Loss 3.5921 | Rog Loss 16878.4102 | lambda_rog=0.05
Epoch 13 | Batch 400 | Diff Loss 3.6022 | Rog Loss 15284.0566 | lambda_rog=0.05
Epoch 13 | Batch 500 | Diff Loss 3.5947 | Rog Loss 24284.8867 | lambda_rog=0.05
Epoch 13 | Batch 600 | Diff Loss 3.5909 | Rog Loss 19356.3828 | lambda_rog=0.05
Epoch 13 Done. Loss: 860.3745. Time: 126.7s
Epoch 14 | Batch 0 | Diff Loss 3.6407 | Rog Loss 12405.5020 | lambda_rog=0.05
Epoch 14 | Batch 100 | Diff Loss 3.5825 | Rog Loss 21583.4043 | lambda_rog=0.05
Epoch 14 | Batch 200 | Diff Loss 3.4979 | Rog Loss 10755.6094 | lambda_rog=0.05
Epoch 14 | Batch 300 | Diff Loss 3.6149 | Rog Loss 19380.0117 | lambda_rog=0.05
Epoch 14 | Batch 400 | Diff Loss 3.5000 | Rog Loss 16682.7207 | lambda_rog=0.05
Epoch 14 | Batch 500 | Diff Loss 3.3514 | Rog Loss 20505.8145 | lambda_rog=0.05
Epoch 14 | Batch 600 | Diff Loss 3.3683 | Rog Loss 18565.6621 | lambda_rog=0.05
Epoch 14 Done. Loss: 792.0968. Time: 126.6s
Epoch 15 | Batch 0 | Diff Loss 3.3145 | Rog Loss 15493.0303 | lambda_rog=0.05
Epoch 15 | Batch 100 | Diff Loss 3.3418 | Rog Loss 11790.4102 | lambda_rog=0.05
Epoch 15 | Batch 200 | Diff Loss 3.5703 | Rog Loss 7586.0938 | lambda_rog=0.05
Epoch 15 | Batch 300 | Diff Loss 3.4315 | Rog Loss 12266.8037 | lambda_rog=0.05
Epoch 15 | Batch 400 | Diff Loss 3.3389 | Rog Loss 11743.0078 | lambda_rog=0.05
Epoch 15 | Batch 500 | Diff Loss 3.2867 | Rog Loss 14827.5557 | lambda_rog=0.05
Epoch 15 | Batch 600 | Diff Loss 3.2812 | Rog Loss 19218.9883 | lambda_rog=0.05
Epoch 15 Done. Loss: 775.1499. Time: 126.5s
Epoch 16 | Batch 0 | Diff Loss 3.1852 | Rog Loss 12403.1777 | lambda_rog=0.05
Epoch 16 | Batch 100 | Diff Loss 3.2842 | Rog Loss 17475.4121 | lambda_rog=0.05
Epoch 16 | Batch 200 | Diff Loss 3.3186 | Rog Loss 21014.5352 | lambda_rog=0.05
Epoch 16 | Batch 300 | Diff Loss 3.1575 | Rog Loss 14752.7031 | lambda_rog=0.05
Epoch 16 | Batch 400 | Diff Loss 3.1218 | Rog Loss 16712.0742 | lambda_rog=0.05
Epoch 16 | Batch 500 | Diff Loss 3.0521 | Rog Loss 10592.6396 | lambda_rog=0.05
Epoch 16 | Batch 600 | Diff Loss 3.1875 | Rog Loss 17493.6914 | lambda_rog=0.05
Epoch 16 Done. Loss: 763.1738. Time: 126.4s
Epoch 17 | Batch 0 | Diff Loss 3.1560 | Rog Loss 18050.3594 | lambda_rog=0.05
Epoch 17 | Batch 100 | Diff Loss 3.1422 | Rog Loss 15369.1582 | lambda_rog=0.05
Epoch 17 | Batch 200 | Diff Loss 3.0836 | Rog Loss 16550.4727 | lambda_rog=0.05
Epoch 17 | Batch 300 | Diff Loss 3.1227 | Rog Loss 15967.0967 | lambda_rog=0.05
Epoch 17 | Batch 400 | Diff Loss 3.2856 | Rog Loss 12052.4287 | lambda_rog=0.05
Epoch 17 | Batch 500 | Diff Loss 3.1270 | Rog Loss 21734.9551 | lambda_rog=0.05
Epoch 17 | Batch 600 | Diff Loss 2.9494 | Rog Loss 14154.8936 | lambda_rog=0.05
Epoch 17 Done. Loss: 770.8682. Time: 126.5s
Epoch 18 | Batch 0 | Diff Loss 3.0288 | Rog Loss 16812.8848 | lambda_rog=0.05
Epoch 18 | Batch 100 | Diff Loss 2.9875 | Rog Loss 9273.2422 | lambda_rog=0.05
Epoch 18 | Batch 200 | Diff Loss 3.0459 | Rog Loss 15500.8984 | lambda_rog=0.05
Epoch 18 | Batch 300 | Diff Loss 2.9652 | Rog Loss 23443.8535 | lambda_rog=0.05
Epoch 18 | Batch 400 | Diff Loss 3.0427 | Rog Loss 15448.8076 | lambda_rog=0.05
Epoch 18 | Batch 500 | Diff Loss 3.0171 | Rog Loss 14963.6963 | lambda_rog=0.05
Epoch 18 | Batch 600 | Diff Loss 2.9146 | Rog Loss 11382.9336 | lambda_rog=0.05
Epoch 18 Done. Loss: 754.7729. Time: 126.7s
Epoch 19 | Batch 0 | Diff Loss 2.9753 | Rog Loss 15273.7061 | lambda_rog=0.05
Epoch 19 | Batch 100 | Diff Loss 3.0308 | Rog Loss 14983.3496 | lambda_rog=0.05
Epoch 19 | Batch 200 | Diff Loss 3.0254 | Rog Loss 12213.1270 | lambda_rog=0.05
Epoch 19 | Batch 300 | Diff Loss 2.9821 | Rog Loss 16442.6797 | lambda_rog=0.05
Epoch 19 | Batch 400 | Diff Loss 2.9011 | Rog Loss 20143.2109 | lambda_rog=0.05
Epoch 19 | Batch 500 | Diff Loss 2.8587 | Rog Loss 15572.2236 | lambda_rog=0.05
Epoch 19 | Batch 600 | Diff Loss 2.8676 | Rog Loss 21278.0938 | lambda_rog=0.05
Epoch 19 Done. Loss: 763.2878. Time: 127.4s
