nohup: 忽略输入
Using device: cuda
Using seed: 0
Loading datasets...
Using split=train: 97222 trajectories (/media/liuzhihang/仓库/projects/Mobility_v3/data/processed_dt30/splits/train_ids.npy)
Initializing PhysicsConditionDiffusion...
Epoch 0 | Batch 0 | Diff Loss 1.1079
Epoch 0 | Batch 100 | Diff Loss 0.4319
Epoch 0 | Batch 200 | Diff Loss 0.4116
Epoch 0 | Batch 300 | Diff Loss 0.4078
Epoch 0 | Batch 400 | Diff Loss 0.3945
Epoch 0 | Batch 500 | Diff Loss 0.3879
Epoch 0 | Batch 600 | Diff Loss 0.3960
Epoch 0 Done. Loss: 0.4190. Time: 128.7s
Epoch 1 | Batch 0 | Diff Loss 0.3844
Epoch 1 | Batch 100 | Diff Loss 0.3700
Epoch 1 | Batch 200 | Diff Loss 0.3746
Epoch 1 | Batch 300 | Diff Loss 0.3675
Epoch 1 | Batch 400 | Diff Loss 0.3675
Epoch 1 | Batch 500 | Diff Loss 0.3557
Epoch 1 | Batch 600 | Diff Loss 0.3681
Epoch 1 Done. Loss: 0.3694. Time: 126.1s
Epoch 2 | Batch 0 | Diff Loss 0.3595
Epoch 2 | Batch 100 | Diff Loss 0.3557
Epoch 2 | Batch 200 | Diff Loss 0.3473
Epoch 2 | Batch 300 | Diff Loss 0.3543
Epoch 2 | Batch 400 | Diff Loss 0.3468
Epoch 2 | Batch 500 | Diff Loss 0.3442
Epoch 2 | Batch 600 | Diff Loss 0.3387
Epoch 2 Done. Loss: 0.3493. Time: 126.3s
Epoch 3 | Batch 0 | Diff Loss 0.3389
Epoch 3 | Batch 100 | Diff Loss 0.3479
Epoch 3 | Batch 200 | Diff Loss 0.3444
Epoch 3 | Batch 300 | Diff Loss 0.3265
Epoch 3 | Batch 400 | Diff Loss 0.3344
Epoch 3 | Batch 500 | Diff Loss 0.3304
Epoch 3 | Batch 600 | Diff Loss 0.3340
Epoch 3 Done. Loss: 0.3358. Time: 126.3s
Epoch 4 | Batch 0 | Diff Loss 0.3289
Epoch 4 | Batch 100 | Diff Loss 0.3316
Epoch 4 | Batch 200 | Diff Loss 0.3253
Epoch 4 | Batch 300 | Diff Loss 0.3328
Epoch 4 | Batch 400 | Diff Loss 0.3289
Epoch 4 | Batch 500 | Diff Loss 0.3238
Epoch 4 | Batch 600 | Diff Loss 0.3226
Epoch 4 Done. Loss: 0.3259. Time: 126.2s
Epoch 5 | Batch 0 | Diff Loss 0.3324 | Rog Loss 10512.7344 | lambda_rog=0.1
Epoch 5 | Batch 100 | Diff Loss 1.0000 | Rog Loss 178584.9688 | lambda_rog=0.1
Epoch 5 | Batch 200 | Diff Loss 1.0038 | Rog Loss 285895.9688 | lambda_rog=0.1
Epoch 5 | Batch 300 | Diff Loss 1.0154 | Rog Loss 254089.7812 | lambda_rog=0.1
Epoch 5 | Batch 400 | Diff Loss 1.0168 | Rog Loss 219278.0312 | lambda_rog=0.1
Epoch 5 | Batch 500 | Diff Loss 1.0422 | Rog Loss 359930.4375 | lambda_rog=0.1
Epoch 5 | Batch 600 | Diff Loss 1.0217 | Rog Loss 113398.3438 | lambda_rog=0.1
Epoch 5 Done. Loss: 19667.2332. Time: 126.8s
Epoch 6 | Batch 0 | Diff Loss 1.0206 | Rog Loss 107985.3672 | lambda_rog=0.1
Epoch 6 | Batch 100 | Diff Loss 1.0120 | Rog Loss 105076.6641 | lambda_rog=0.1
Epoch 6 | Batch 200 | Diff Loss 1.0191 | Rog Loss 53112.4961 | lambda_rog=0.1
Epoch 6 | Batch 300 | Diff Loss 1.0268 | Rog Loss 120086.9688 | lambda_rog=0.1
Epoch 6 | Batch 400 | Diff Loss 1.0147 | Rog Loss 166844.9062 | lambda_rog=0.1
Epoch 6 | Batch 500 | Diff Loss 1.0239 | Rog Loss 155146.4375 | lambda_rog=0.1
Epoch 6 | Batch 600 | Diff Loss 1.0147 | Rog Loss 139005.6406 | lambda_rog=0.1
Epoch 6 Done. Loss: 11542.7194. Time: 126.3s
Epoch 7 | Batch 0 | Diff Loss 1.0160 | Rog Loss 118168.6172 | lambda_rog=0.1
Epoch 7 | Batch 100 | Diff Loss 1.0234 | Rog Loss 88478.7812 | lambda_rog=0.1
Epoch 7 | Batch 200 | Diff Loss 1.0268 | Rog Loss 112148.3203 | lambda_rog=0.1
Epoch 7 | Batch 300 | Diff Loss 1.0189 | Rog Loss 106810.8281 | lambda_rog=0.1
Epoch 7 | Batch 400 | Diff Loss 1.0297 | Rog Loss 106032.1562 | lambda_rog=0.1
Epoch 7 | Batch 500 | Diff Loss 1.0172 | Rog Loss 81400.8125 | lambda_rog=0.1
Epoch 7 | Batch 600 | Diff Loss 1.0304 | Rog Loss 78807.8281 | lambda_rog=0.1
Epoch 7 Done. Loss: 10980.9861. Time: 126.2s
Epoch 8 | Batch 0 | Diff Loss 1.0073 | Rog Loss 104587.3750 | lambda_rog=0.1
Epoch 8 | Batch 100 | Diff Loss 1.0147 | Rog Loss 88619.2031 | lambda_rog=0.1
Epoch 8 | Batch 200 | Diff Loss 1.0071 | Rog Loss 119377.1953 | lambda_rog=0.1
Epoch 8 | Batch 300 | Diff Loss 0.9992 | Rog Loss 112598.8984 | lambda_rog=0.1
Epoch 8 | Batch 400 | Diff Loss 1.0069 | Rog Loss 118190.6953 | lambda_rog=0.1
Epoch 8 | Batch 500 | Diff Loss 1.0185 | Rog Loss 50280.8047 | lambda_rog=0.1
Epoch 8 | Batch 600 | Diff Loss 1.0016 | Rog Loss 87347.1016 | lambda_rog=0.1
Epoch 8 Done. Loss: 9497.1082. Time: 126.3s
Epoch 9 | Batch 0 | Diff Loss 1.0088 | Rog Loss 51860.8828 | lambda_rog=0.1
Epoch 9 | Batch 100 | Diff Loss 0.9903 | Rog Loss 71067.0625 | lambda_rog=0.1
Epoch 9 | Batch 200 | Diff Loss 1.0070 | Rog Loss 120172.1641 | lambda_rog=0.1
Epoch 9 | Batch 300 | Diff Loss 1.0115 | Rog Loss 86150.2500 | lambda_rog=0.1
Epoch 9 | Batch 400 | Diff Loss 1.0013 | Rog Loss 91743.8828 | lambda_rog=0.1
Epoch 9 | Batch 500 | Diff Loss 0.9915 | Rog Loss 126931.3047 | lambda_rog=0.1
Epoch 9 | Batch 600 | Diff Loss 0.9902 | Rog Loss 88666.6406 | lambda_rog=0.1
Epoch 9 Done. Loss: 9477.0662. Time: 126.1s
Epoch 10 | Batch 0 | Diff Loss 1.0078 | Rog Loss 80305.0938 | lambda_rog=0.1
Epoch 10 | Batch 100 | Diff Loss 1.0189 | Rog Loss 61129.7734 | lambda_rog=0.1
Epoch 10 | Batch 200 | Diff Loss 1.0197 | Rog Loss 82471.0391 | lambda_rog=0.1
Epoch 10 | Batch 300 | Diff Loss 1.0093 | Rog Loss 76450.9062 | lambda_rog=0.1
Epoch 10 | Batch 400 | Diff Loss 1.0058 | Rog Loss 109930.1094 | lambda_rog=0.1
Epoch 10 | Batch 500 | Diff Loss 0.9927 | Rog Loss 83129.3594 | lambda_rog=0.1
Epoch 10 | Batch 600 | Diff Loss 1.0066 | Rog Loss 73018.6875 | lambda_rog=0.1
Epoch 10 Done. Loss: 9403.3365. Time: 126.0s
Epoch 11 | Batch 0 | Diff Loss 0.9934 | Rog Loss 47798.9219 | lambda_rog=0.1
Epoch 11 | Batch 100 | Diff Loss 1.0104 | Rog Loss 111835.4922 | lambda_rog=0.1
Epoch 11 | Batch 200 | Diff Loss 1.0250 | Rog Loss 70419.9219 | lambda_rog=0.1
Epoch 11 | Batch 300 | Diff Loss 1.0127 | Rog Loss 103170.2969 | lambda_rog=0.1
Epoch 11 | Batch 400 | Diff Loss 0.9962 | Rog Loss 92292.4609 | lambda_rog=0.1
Epoch 11 | Batch 500 | Diff Loss 1.0047 | Rog Loss 68210.6562 | lambda_rog=0.1
Epoch 11 | Batch 600 | Diff Loss 1.0030 | Rog Loss 92467.9531 | lambda_rog=0.1
Epoch 11 Done. Loss: 9401.5430. Time: 126.5s
Epoch 12 | Batch 0 | Diff Loss 1.0187 | Rog Loss 71853.1250 | lambda_rog=0.1
Epoch 12 | Batch 100 | Diff Loss 1.0039 | Rog Loss 84471.2500 | lambda_rog=0.1
Epoch 12 | Batch 200 | Diff Loss 1.0162 | Rog Loss 127825.8594 | lambda_rog=0.1
Epoch 12 | Batch 300 | Diff Loss 1.0075 | Rog Loss 61542.0703 | lambda_rog=0.1
Epoch 12 | Batch 400 | Diff Loss 1.0172 | Rog Loss 107090.5938 | lambda_rog=0.1
Epoch 12 | Batch 500 | Diff Loss 1.0060 | Rog Loss 103409.0078 | lambda_rog=0.1
Epoch 12 | Batch 600 | Diff Loss 1.0258 | Rog Loss 130125.8438 | lambda_rog=0.1
Epoch 12 Done. Loss: 9432.2383. Time: 126.2s
Epoch 13 | Batch 0 | Diff Loss 0.9956 | Rog Loss 105271.0156 | lambda_rog=0.1
Epoch 13 | Batch 100 | Diff Loss 0.9888 | Rog Loss 74771.5469 | lambda_rog=0.1
Epoch 13 | Batch 200 | Diff Loss 0.9916 | Rog Loss 97226.7500 | lambda_rog=0.1
Epoch 13 | Batch 300 | Diff Loss 0.9919 | Rog Loss 74499.6875 | lambda_rog=0.1
Epoch 13 | Batch 400 | Diff Loss 0.9955 | Rog Loss 94556.9688 | lambda_rog=0.1
Epoch 13 | Batch 500 | Diff Loss 0.9939 | Rog Loss 117442.4062 | lambda_rog=0.1
Epoch 13 | Batch 600 | Diff Loss 1.0116 | Rog Loss 123236.1797 | lambda_rog=0.1
Epoch 13 Done. Loss: 9308.2958. Time: 126.2s
Epoch 14 | Batch 0 | Diff Loss 1.0095 | Rog Loss 55626.3711 | lambda_rog=0.1
Epoch 14 | Batch 100 | Diff Loss 0.9988 | Rog Loss 139372.7969 | lambda_rog=0.1
Epoch 14 | Batch 200 | Diff Loss 0.9970 | Rog Loss 76897.9062 | lambda_rog=0.1
Epoch 14 | Batch 300 | Diff Loss 1.0090 | Rog Loss 92331.4375 | lambda_rog=0.1
Epoch 14 | Batch 400 | Diff Loss 0.9868 | Rog Loss 92898.1406 | lambda_rog=0.1
Epoch 14 | Batch 500 | Diff Loss 0.9964 | Rog Loss 137720.7031 | lambda_rog=0.1
Epoch 14 | Batch 600 | Diff Loss 1.0054 | Rog Loss 112503.3516 | lambda_rog=0.1
Epoch 14 Done. Loss: 9297.6834. Time: 126.4s
Epoch 15 | Batch 0 | Diff Loss 0.9922 | Rog Loss 65661.1094 | lambda_rog=0.1
Epoch 15 | Batch 100 | Diff Loss 0.9836 | Rog Loss 87304.5625 | lambda_rog=0.1
Epoch 15 | Batch 200 | Diff Loss 0.9920 | Rog Loss 56926.3125 | lambda_rog=0.1
Epoch 15 | Batch 300 | Diff Loss 0.9629 | Rog Loss 82513.2031 | lambda_rog=0.1
Epoch 15 | Batch 400 | Diff Loss 0.9597 | Rog Loss 98992.4219 | lambda_rog=0.1
Epoch 15 | Batch 500 | Diff Loss 0.9598 | Rog Loss 65572.8828 | lambda_rog=0.1
Epoch 15 | Batch 600 | Diff Loss 0.9645 | Rog Loss 129834.0469 | lambda_rog=0.1
Epoch 15 Done. Loss: 8726.8667. Time: 126.2s
Epoch 16 | Batch 0 | Diff Loss 0.9664 | Rog Loss 85902.4922 | lambda_rog=0.1
Epoch 16 | Batch 100 | Diff Loss 0.9657 | Rog Loss 94052.3594 | lambda_rog=0.1
Epoch 16 | Batch 200 | Diff Loss 0.9630 | Rog Loss 91056.0312 | lambda_rog=0.1
Epoch 16 | Batch 300 | Diff Loss 0.9419 | Rog Loss 84415.5469 | lambda_rog=0.1
Epoch 16 | Batch 400 | Diff Loss 0.9667 | Rog Loss 92362.0781 | lambda_rog=0.1
Epoch 16 | Batch 500 | Diff Loss 0.9657 | Rog Loss 49163.7891 | lambda_rog=0.1
Epoch 16 | Batch 600 | Diff Loss 0.9737 | Rog Loss 92259.3906 | lambda_rog=0.1
Epoch 16 Done. Loss: 8475.9661. Time: 126.2s
Epoch 17 | Batch 0 | Diff Loss 0.9699 | Rog Loss 121506.3984 | lambda_rog=0.1
Epoch 17 | Batch 100 | Diff Loss 0.9666 | Rog Loss 77396.0000 | lambda_rog=0.1
Epoch 17 | Batch 200 | Diff Loss 0.9662 | Rog Loss 103469.3125 | lambda_rog=0.1
Epoch 17 | Batch 300 | Diff Loss 0.9757 | Rog Loss 78125.8438 | lambda_rog=0.1
Epoch 17 | Batch 400 | Diff Loss 0.9829 | Rog Loss 70061.7891 | lambda_rog=0.1
Epoch 17 | Batch 500 | Diff Loss 0.9664 | Rog Loss 112409.9062 | lambda_rog=0.1
Epoch 17 | Batch 600 | Diff Loss 0.9583 | Rog Loss 64417.4844 | lambda_rog=0.1
Epoch 17 Done. Loss: 8501.6115. Time: 126.3s
Epoch 18 | Batch 0 | Diff Loss 0.9542 | Rog Loss 86930.6953 | lambda_rog=0.1
Epoch 18 | Batch 100 | Diff Loss 0.9705 | Rog Loss 66300.7109 | lambda_rog=0.1
Epoch 18 | Batch 200 | Diff Loss 0.9655 | Rog Loss 107055.8125 | lambda_rog=0.1
Epoch 18 | Batch 300 | Diff Loss 0.9565 | Rog Loss 125913.5312 | lambda_rog=0.1
Epoch 18 | Batch 400 | Diff Loss 0.9746 | Rog Loss 57640.0391 | lambda_rog=0.1
Epoch 18 | Batch 500 | Diff Loss 0.9686 | Rog Loss 101230.1094 | lambda_rog=0.1
Epoch 18 | Batch 600 | Diff Loss 0.9623 | Rog Loss 52368.3438 | lambda_rog=0.1
Epoch 18 Done. Loss: 8456.9492. Time: 126.3s
Epoch 19 | Batch 0 | Diff Loss 0.9675 | Rog Loss 90249.7109 | lambda_rog=0.1
Epoch 19 | Batch 100 | Diff Loss 0.9714 | Rog Loss 75701.8750 | lambda_rog=0.1
Epoch 19 | Batch 200 | Diff Loss 0.9563 | Rog Loss 79429.6406 | lambda_rog=0.1
Epoch 19 | Batch 300 | Diff Loss 0.9720 | Rog Loss 94826.0781 | lambda_rog=0.1
Epoch 19 | Batch 400 | Diff Loss 0.9655 | Rog Loss 116675.0625 | lambda_rog=0.1
Epoch 19 | Batch 500 | Diff Loss 0.9705 | Rog Loss 84692.2812 | lambda_rog=0.1
Epoch 19 | Batch 600 | Diff Loss 0.9798 | Rog Loss 105222.8281 | lambda_rog=0.1
Epoch 19 Done. Loss: 8595.9711. Time: 126.1s
