2026-01-19 11:25:01,277 - INFO - device=cuda
2026-01-19 11:25:01,288 - INFO - routes: total=5392 train=4853 val=539 max_way_len=160
/home/jinlin/miniconda3/envs/dpl/lib/python3.11/site-packages/torch/nn/modules/transformer.py:392: UserWarning: enable_nested_tensor is True, but self.use_nested_tensor is False because encoder_layer.norm_first was True
  warnings.warn(
2026-01-19 11:25:02,850 - INFO - init best_val_loss=3.911705 from current weights (epoch=0)
2026-01-19 11:25:05,341 - INFO - epoch=1 train_loss=3.3086 val_loss=2.8230
2026-01-19 11:25:07,335 - INFO - epoch=2 train_loss=2.6659 val_loss=2.5434
2026-01-19 11:25:09,310 - INFO - epoch=3 train_loss=2.3747 val_loss=2.3192
2026-01-19 11:25:11,320 - INFO - epoch=4 train_loss=2.2122 val_loss=2.0896
2026-01-19 11:25:13,311 - INFO - epoch=5 train_loss=2.1283 val_loss=2.0698
2026-01-19 11:25:15,387 - INFO - epoch=6 train_loss=2.0812 val_loss=2.0413
2026-01-19 11:25:17,463 - INFO - epoch=7 train_loss=2.0347 val_loss=1.9595
2026-01-19 11:25:19,609 - INFO - epoch=8 train_loss=2.0094 val_loss=1.9216
2026-01-19 11:25:21,653 - INFO - epoch=9 train_loss=1.9889 val_loss=1.8832
2026-01-19 11:25:23,742 - INFO - epoch=10 train_loss=1.9640 val_loss=1.9070
2026-01-19 11:25:25,814 - INFO - epoch=11 train_loss=1.9430 val_loss=1.8782
2026-01-19 11:25:27,883 - INFO - epoch=12 train_loss=1.9323 val_loss=1.8580
2026-01-19 11:25:30,040 - INFO - epoch=13 train_loss=1.9213 val_loss=1.8566
2026-01-19 11:25:32,143 - INFO - epoch=14 train_loss=1.9063 val_loss=1.8015
2026-01-19 11:25:34,208 - INFO - epoch=15 train_loss=1.8989 val_loss=1.8214
2026-01-19 11:25:36,215 - INFO - epoch=16 train_loss=1.8832 val_loss=1.8100
2026-01-19 11:25:38,231 - INFO - epoch=17 train_loss=1.8830 val_loss=1.8803
2026-01-19 11:25:40,320 - INFO - epoch=18 train_loss=1.8658 val_loss=1.8967
2026-01-19 11:25:42,400 - INFO - epoch=19 train_loss=1.8596 val_loss=1.8446
2026-01-19 11:25:44,452 - INFO - epoch=20 train_loss=1.8433 val_loss=1.7705
2026-01-19 11:25:46,549 - INFO - epoch=21 train_loss=1.8434 val_loss=1.7799
2026-01-19 11:25:48,633 - INFO - epoch=22 train_loss=1.8329 val_loss=1.7485
2026-01-19 11:25:50,825 - INFO - epoch=23 train_loss=1.8296 val_loss=1.8015
2026-01-19 11:25:53,101 - INFO - epoch=24 train_loss=1.8272 val_loss=1.7518
2026-01-19 11:25:55,319 - INFO - epoch=25 train_loss=1.8041 val_loss=1.7362
2026-01-19 11:25:57,467 - INFO - epoch=26 train_loss=1.8044 val_loss=1.6928
2026-01-19 11:25:59,549 - INFO - epoch=27 train_loss=1.8014 val_loss=1.7567
2026-01-19 11:26:01,646 - INFO - epoch=28 train_loss=1.7937 val_loss=1.7335
2026-01-19 11:26:03,832 - INFO - epoch=29 train_loss=1.7747 val_loss=1.7102
2026-01-19 11:26:05,888 - INFO - epoch=30 train_loss=1.7809 val_loss=1.7208
2026-01-19 11:26:07,894 - INFO - epoch=31 train_loss=1.7795 val_loss=1.7034
2026-01-19 11:26:09,873 - INFO - epoch=32 train_loss=1.7702 val_loss=1.6793
2026-01-19 11:26:12,071 - INFO - epoch=33 train_loss=1.7604 val_loss=1.6755
2026-01-19 11:26:14,122 - INFO - epoch=34 train_loss=1.7577 val_loss=1.6607
2026-01-19 11:26:16,125 - INFO - epoch=35 train_loss=1.7473 val_loss=1.7247
2026-01-19 11:26:18,124 - INFO - epoch=36 train_loss=1.7498 val_loss=1.6952
2026-01-19 11:26:20,102 - INFO - epoch=37 train_loss=1.7530 val_loss=1.6445
2026-01-19 11:26:22,102 - INFO - epoch=38 train_loss=1.7370 val_loss=1.6586
2026-01-19 11:26:24,077 - INFO - epoch=39 train_loss=1.7305 val_loss=1.6413
2026-01-19 11:26:26,085 - INFO - epoch=40 train_loss=1.7314 val_loss=1.6969
2026-01-19 11:26:28,117 - INFO - epoch=41 train_loss=1.7274 val_loss=1.6410
2026-01-19 11:26:30,118 - INFO - epoch=42 train_loss=1.7182 val_loss=1.6274
2026-01-19 11:26:32,129 - INFO - epoch=43 train_loss=1.7142 val_loss=1.6430
2026-01-19 11:26:34,059 - INFO - epoch=44 train_loss=1.7167 val_loss=1.6290
2026-01-19 11:26:36,001 - INFO - epoch=45 train_loss=1.7066 val_loss=1.6166
2026-01-19 11:26:37,943 - INFO - epoch=46 train_loss=1.7110 val_loss=1.6030
2026-01-19 11:26:39,887 - INFO - epoch=47 train_loss=1.7026 val_loss=1.6847
2026-01-19 11:26:41,808 - INFO - epoch=48 train_loss=1.7029 val_loss=1.6152
2026-01-19 11:26:43,737 - INFO - epoch=49 train_loss=1.6911 val_loss=1.6135
2026-01-19 11:26:45,703 - INFO - epoch=50 train_loss=1.6861 val_loss=1.5891
2026-01-19 11:26:47,696 - INFO - epoch=51 train_loss=1.6847 val_loss=1.6500
2026-01-19 11:26:49,623 - INFO - epoch=52 train_loss=1.6890 val_loss=1.6648
2026-01-19 11:26:51,578 - INFO - epoch=53 train_loss=1.6863 val_loss=1.6938
2026-01-19 11:26:53,615 - INFO - epoch=54 train_loss=1.6830 val_loss=1.6131
2026-01-19 11:26:55,602 - INFO - epoch=55 train_loss=1.6737 val_loss=1.5960
2026-01-19 11:26:57,589 - INFO - epoch=56 train_loss=1.6710 val_loss=1.5909
2026-01-19 11:26:59,584 - INFO - epoch=57 train_loss=1.6633 val_loss=1.6094
2026-01-19 11:27:01,617 - INFO - epoch=58 train_loss=1.6711 val_loss=1.5762
2026-01-19 11:27:03,819 - INFO - epoch=59 train_loss=1.6637 val_loss=1.5927
2026-01-19 11:27:05,949 - INFO - epoch=60 train_loss=1.6698 val_loss=1.5900
2026-01-19 11:27:08,083 - INFO - epoch=61 train_loss=1.6602 val_loss=1.6048
2026-01-19 11:27:10,114 - INFO - epoch=62 train_loss=1.6589 val_loss=1.5924
2026-01-19 11:27:12,253 - INFO - epoch=63 train_loss=1.6508 val_loss=1.5638
2026-01-19 11:27:14,324 - INFO - epoch=64 train_loss=1.6565 val_loss=1.6216
2026-01-19 11:27:16,440 - INFO - epoch=65 train_loss=1.6648 val_loss=1.5962
2026-01-19 11:27:18,463 - INFO - epoch=66 train_loss=1.6468 val_loss=1.5704
2026-01-19 11:27:20,540 - INFO - epoch=67 train_loss=1.6458 val_loss=1.5577
2026-01-19 11:27:22,623 - INFO - epoch=68 train_loss=1.6473 val_loss=1.7036
2026-01-19 11:27:24,715 - INFO - epoch=69 train_loss=1.6398 val_loss=1.5528
2026-01-19 11:27:26,853 - INFO - epoch=70 train_loss=1.6361 val_loss=1.5297
2026-01-19 11:27:28,930 - INFO - epoch=71 train_loss=1.6334 val_loss=1.5512
2026-01-19 11:27:31,002 - INFO - epoch=72 train_loss=1.6373 val_loss=1.6009
2026-01-19 11:27:33,303 - INFO - epoch=73 train_loss=1.6314 val_loss=1.6049
2026-01-19 11:27:35,491 - INFO - epoch=74 train_loss=1.6283 val_loss=1.5794
2026-01-19 11:27:37,536 - INFO - epoch=75 train_loss=1.6182 val_loss=1.5779
2026-01-19 11:27:39,617 - INFO - epoch=76 train_loss=1.6188 val_loss=1.5445
2026-01-19 11:27:41,901 - INFO - epoch=77 train_loss=1.6133 val_loss=1.5580
2026-01-19 11:27:43,966 - INFO - epoch=78 train_loss=1.6169 val_loss=1.5782
2026-01-19 11:27:46,202 - INFO - epoch=79 train_loss=1.6119 val_loss=1.5586
2026-01-19 11:27:48,379 - INFO - epoch=80 train_loss=1.6203 val_loss=1.5150
2026-01-19 11:27:50,538 - INFO - epoch=81 train_loss=1.6130 val_loss=1.5379
2026-01-19 11:27:52,559 - INFO - epoch=82 train_loss=1.6152 val_loss=1.5278
2026-01-19 11:27:54,740 - INFO - epoch=83 train_loss=1.5994 val_loss=1.5029
2026-01-19 11:27:56,862 - INFO - epoch=84 train_loss=1.5979 val_loss=1.5826
2026-01-19 11:27:58,900 - INFO - epoch=85 train_loss=1.6047 val_loss=1.5474
2026-01-19 11:28:00,945 - INFO - epoch=86 train_loss=1.6073 val_loss=1.5592
2026-01-19 11:28:02,954 - INFO - epoch=87 train_loss=1.5957 val_loss=1.5204
2026-01-19 11:28:04,938 - INFO - epoch=88 train_loss=1.5964 val_loss=1.5174
2026-01-19 11:28:06,924 - INFO - epoch=89 train_loss=1.5974 val_loss=1.5243
2026-01-19 11:28:08,921 - INFO - epoch=90 train_loss=1.5965 val_loss=1.5175
2026-01-19 11:28:10,932 - INFO - epoch=91 train_loss=1.5910 val_loss=1.5342
2026-01-19 11:28:12,898 - INFO - epoch=92 train_loss=1.5852 val_loss=1.5051
2026-01-19 11:28:14,876 - INFO - epoch=93 train_loss=1.5885 val_loss=1.4864
2026-01-19 11:28:16,868 - INFO - epoch=94 train_loss=1.5895 val_loss=1.5582
2026-01-19 11:28:18,816 - INFO - epoch=95 train_loss=1.5829 val_loss=1.5293
2026-01-19 11:28:20,747 - INFO - epoch=96 train_loss=1.5874 val_loss=1.5303
2026-01-19 11:28:22,673 - INFO - epoch=97 train_loss=1.5813 val_loss=1.4784
2026-01-19 11:28:24,702 - INFO - epoch=98 train_loss=1.5785 val_loss=1.5516
2026-01-19 11:28:26,653 - INFO - epoch=99 train_loss=1.5852 val_loss=1.4966
2026-01-19 11:28:28,623 - INFO - epoch=100 train_loss=1.5794 val_loss=1.5118
2026-01-19 11:28:30,648 - INFO - epoch=101 train_loss=1.5755 val_loss=1.4735
2026-01-19 11:28:32,613 - INFO - epoch=102 train_loss=1.5746 val_loss=1.5042
2026-01-19 11:28:34,560 - INFO - epoch=103 train_loss=1.5670 val_loss=1.4703
2026-01-19 11:28:36,564 - INFO - epoch=104 train_loss=1.5739 val_loss=1.5646
2026-01-19 11:28:38,488 - INFO - epoch=105 train_loss=1.5799 val_loss=1.4991
2026-01-19 11:28:40,519 - INFO - epoch=106 train_loss=1.5785 val_loss=1.5201
2026-01-19 11:28:42,494 - INFO - epoch=107 train_loss=1.5609 val_loss=1.5464
2026-01-19 11:28:44,469 - INFO - epoch=108 train_loss=1.5570 val_loss=1.4513
2026-01-19 11:28:46,477 - INFO - epoch=109 train_loss=1.5590 val_loss=1.4452
2026-01-19 11:28:48,494 - INFO - epoch=110 train_loss=1.5548 val_loss=1.4816
2026-01-19 11:28:50,618 - INFO - epoch=111 train_loss=1.5594 val_loss=1.5096
2026-01-19 11:28:52,698 - INFO - epoch=112 train_loss=1.5530 val_loss=1.5101
2026-01-19 11:28:54,781 - INFO - epoch=113 train_loss=1.5547 val_loss=1.4475
2026-01-19 11:28:56,772 - INFO - epoch=114 train_loss=1.5535 val_loss=1.4657
2026-01-19 11:28:58,764 - INFO - epoch=115 train_loss=1.5512 val_loss=1.4748
2026-01-19 11:29:00,828 - INFO - epoch=116 train_loss=1.5501 val_loss=1.5555
2026-01-19 11:29:02,894 - INFO - epoch=117 train_loss=1.5350 val_loss=1.4384
2026-01-19 11:29:04,995 - INFO - epoch=118 train_loss=1.5404 val_loss=1.4868
2026-01-19 11:29:07,015 - INFO - epoch=119 train_loss=1.5488 val_loss=1.4555
2026-01-19 11:29:09,106 - INFO - epoch=120 train_loss=1.5443 val_loss=1.4813
2026-01-19 11:29:11,245 - INFO - epoch=121 train_loss=1.5483 val_loss=1.4612
2026-01-19 11:29:13,298 - INFO - epoch=122 train_loss=1.5527 val_loss=1.4863
2026-01-19 11:29:15,343 - INFO - epoch=123 train_loss=1.5466 val_loss=1.4202
2026-01-19 11:29:17,374 - INFO - epoch=124 train_loss=1.5440 val_loss=1.4426
2026-01-19 11:29:19,485 - INFO - epoch=125 train_loss=1.5450 val_loss=1.4636
2026-01-19 11:29:21,587 - INFO - epoch=126 train_loss=1.5280 val_loss=1.4697
2026-01-19 11:29:23,657 - INFO - epoch=127 train_loss=1.5391 val_loss=1.4684
2026-01-19 11:29:25,809 - INFO - epoch=128 train_loss=1.5342 val_loss=1.4730
2026-01-19 11:29:27,831 - INFO - epoch=129 train_loss=1.5349 val_loss=1.4287
2026-01-19 11:29:30,002 - INFO - epoch=130 train_loss=1.5336 val_loss=1.4507
2026-01-19 11:29:32,233 - INFO - epoch=131 train_loss=1.5221 val_loss=1.4400
2026-01-19 11:29:34,427 - INFO - epoch=132 train_loss=1.5274 val_loss=1.4684
2026-01-19 11:29:36,543 - INFO - epoch=133 train_loss=1.5316 val_loss=1.5221
2026-01-19 11:29:38,585 - INFO - epoch=134 train_loss=1.5291 val_loss=1.5189
2026-01-19 11:29:40,723 - INFO - epoch=135 train_loss=1.5223 val_loss=1.4228
2026-01-19 11:29:42,784 - INFO - epoch=136 train_loss=1.5195 val_loss=1.4539
2026-01-19 11:29:44,765 - INFO - epoch=137 train_loss=1.5194 val_loss=1.4586
2026-01-19 11:29:46,770 - INFO - epoch=138 train_loss=1.5215 val_loss=1.4957
2026-01-19 11:29:48,761 - INFO - epoch=139 train_loss=1.5151 val_loss=1.4207
2026-01-19 11:29:50,745 - INFO - epoch=140 train_loss=1.5306 val_loss=1.4321
2026-01-19 11:29:52,797 - INFO - epoch=141 train_loss=1.5156 val_loss=1.4152
2026-01-19 11:29:54,904 - INFO - epoch=142 train_loss=1.5091 val_loss=1.4475
2026-01-19 11:29:56,879 - INFO - epoch=143 train_loss=1.5118 val_loss=1.4993
2026-01-19 11:29:58,856 - INFO - epoch=144 train_loss=1.5049 val_loss=1.4826
2026-01-19 11:30:00,828 - INFO - epoch=145 train_loss=1.5082 val_loss=1.4698
2026-01-19 11:30:02,767 - INFO - epoch=146 train_loss=1.5100 val_loss=1.4785
2026-01-19 11:30:04,790 - INFO - epoch=147 train_loss=1.5010 val_loss=1.4619
2026-01-19 11:30:06,714 - INFO - epoch=148 train_loss=1.5025 val_loss=1.4764
2026-01-19 11:30:08,618 - INFO - epoch=149 train_loss=1.5075 val_loss=1.4186
2026-01-19 11:30:10,543 - INFO - epoch=150 train_loss=1.5109 val_loss=1.4605
2026-01-19 11:30:12,470 - INFO - epoch=151 train_loss=1.5009 val_loss=1.4295
2026-01-19 11:30:14,378 - INFO - epoch=152 train_loss=1.5101 val_loss=1.4540
2026-01-19 11:30:16,312 - INFO - epoch=153 train_loss=1.5122 val_loss=1.4381
2026-01-19 11:30:18,259 - INFO - epoch=154 train_loss=1.5029 val_loss=1.4616
2026-01-19 11:30:20,269 - INFO - epoch=155 train_loss=1.4990 val_loss=1.3854
2026-01-19 11:30:22,249 - INFO - epoch=156 train_loss=1.4981 val_loss=1.4463
2026-01-19 11:30:24,218 - INFO - epoch=157 train_loss=1.5052 val_loss=1.5000
2026-01-19 11:30:26,212 - INFO - epoch=158 train_loss=1.5022 val_loss=1.4452
2026-01-19 11:30:28,242 - INFO - epoch=159 train_loss=1.5038 val_loss=1.4231
2026-01-19 11:30:30,336 - INFO - epoch=160 train_loss=1.4892 val_loss=1.4294
2026-01-19 11:30:32,479 - INFO - epoch=161 train_loss=1.4927 val_loss=1.4605
2026-01-19 11:30:34,492 - INFO - epoch=162 train_loss=1.4936 val_loss=1.4058
2026-01-19 11:30:36,523 - INFO - epoch=163 train_loss=1.4933 val_loss=1.4367
2026-01-19 11:30:38,629 - INFO - epoch=164 train_loss=1.4862 val_loss=1.4146
2026-01-19 11:30:40,708 - INFO - epoch=165 train_loss=1.4919 val_loss=1.4072
2026-01-19 11:30:42,793 - INFO - epoch=166 train_loss=1.4824 val_loss=1.3825
2026-01-19 11:30:44,862 - INFO - epoch=167 train_loss=1.4868 val_loss=1.3968
2026-01-19 11:30:46,916 - INFO - epoch=168 train_loss=1.4817 val_loss=1.4242
2026-01-19 11:30:49,041 - INFO - epoch=169 train_loss=1.4795 val_loss=1.4025
2026-01-19 11:30:51,064 - INFO - epoch=170 train_loss=1.4820 val_loss=1.3768
2026-01-19 11:30:53,162 - INFO - epoch=171 train_loss=1.4893 val_loss=1.4358
2026-01-19 11:30:55,192 - INFO - epoch=172 train_loss=1.4805 val_loss=1.4133
2026-01-19 11:30:57,235 - INFO - epoch=173 train_loss=1.4655 val_loss=1.4432
2026-01-19 11:30:59,326 - INFO - epoch=174 train_loss=1.4818 val_loss=1.4286
2026-01-19 11:31:01,437 - INFO - epoch=175 train_loss=1.4718 val_loss=1.4309
2026-01-19 11:31:03,642 - INFO - epoch=176 train_loss=1.4858 val_loss=1.4762
2026-01-19 11:31:05,763 - INFO - epoch=177 train_loss=1.4762 val_loss=1.3890
2026-01-19 11:31:07,885 - INFO - epoch=178 train_loss=1.4818 val_loss=1.3811
2026-01-19 11:31:09,995 - INFO - epoch=179 train_loss=1.4846 val_loss=1.4346
2026-01-19 11:31:12,193 - INFO - epoch=180 train_loss=1.4698 val_loss=1.4438
2026-01-19 11:31:14,322 - INFO - epoch=181 train_loss=1.4709 val_loss=1.4084
2026-01-19 11:31:16,434 - INFO - epoch=182 train_loss=1.4659 val_loss=1.5308
2026-01-19 11:31:18,440 - INFO - epoch=183 train_loss=1.4660 val_loss=1.4003
2026-01-19 11:31:20,574 - INFO - epoch=184 train_loss=1.4729 val_loss=1.4098
2026-01-19 11:31:22,629 - INFO - epoch=185 train_loss=1.4720 val_loss=1.4015
2026-01-19 11:31:24,823 - INFO - epoch=186 train_loss=1.4757 val_loss=1.4013
2026-01-19 11:31:26,820 - INFO - epoch=187 train_loss=1.4695 val_loss=1.4101
2026-01-19 11:31:28,868 - INFO - epoch=188 train_loss=1.4675 val_loss=1.3983
2026-01-19 11:31:30,904 - INFO - epoch=189 train_loss=1.4664 val_loss=1.3728
2026-01-19 11:31:32,933 - INFO - epoch=190 train_loss=1.4701 val_loss=1.4221
2026-01-19 11:31:35,017 - INFO - epoch=191 train_loss=1.4694 val_loss=1.3847
2026-01-19 11:31:36,989 - INFO - epoch=192 train_loss=1.4628 val_loss=1.3978
2026-01-19 11:31:38,946 - INFO - epoch=193 train_loss=1.4556 val_loss=1.4378
2026-01-19 11:31:41,003 - INFO - epoch=194 train_loss=1.4582 val_loss=1.3918
2026-01-19 11:31:42,979 - INFO - epoch=195 train_loss=1.4592 val_loss=1.4164
2026-01-19 11:31:44,939 - INFO - epoch=196 train_loss=1.4553 val_loss=1.4456
2026-01-19 11:31:46,902 - INFO - epoch=197 train_loss=1.4537 val_loss=1.3775
2026-01-19 11:31:48,824 - INFO - epoch=198 train_loss=1.4591 val_loss=1.4161
2026-01-19 11:31:50,753 - INFO - epoch=199 train_loss=1.4592 val_loss=1.3949
2026-01-19 11:31:52,703 - INFO - epoch=200 train_loss=1.4435 val_loss=1.4418
2026-01-19 11:31:54,708 - INFO - epoch=201 train_loss=1.4436 val_loss=1.4330
2026-01-19 11:31:56,688 - INFO - epoch=202 train_loss=1.4444 val_loss=1.3694
2026-01-19 11:31:58,722 - INFO - epoch=203 train_loss=1.4448 val_loss=1.3672
2026-01-19 11:32:00,708 - INFO - epoch=204 train_loss=1.4452 val_loss=1.3373
2026-01-19 11:32:02,703 - INFO - epoch=205 train_loss=1.4473 val_loss=1.3498
2026-01-19 11:32:04,697 - INFO - epoch=206 train_loss=1.4415 val_loss=1.3820
2026-01-19 11:32:06,679 - INFO - epoch=207 train_loss=1.4334 val_loss=1.4282
2026-01-19 11:32:08,756 - INFO - epoch=208 train_loss=1.4470 val_loss=1.4001
2026-01-19 11:32:10,919 - INFO - epoch=209 train_loss=1.4475 val_loss=1.3491
2026-01-19 11:32:12,949 - INFO - epoch=210 train_loss=1.4435 val_loss=1.4550
2026-01-19 11:32:14,966 - INFO - epoch=211 train_loss=1.4361 val_loss=1.3374
2026-01-19 11:32:17,016 - INFO - epoch=212 train_loss=1.4338 val_loss=1.4274
2026-01-19 11:32:19,075 - INFO - epoch=213 train_loss=1.4364 val_loss=1.3905
2026-01-19 11:32:21,154 - INFO - epoch=214 train_loss=1.4280 val_loss=1.3666
2026-01-19 11:32:23,237 - INFO - epoch=215 train_loss=1.4305 val_loss=1.3418
2026-01-19 11:32:25,271 - INFO - epoch=216 train_loss=1.4444 val_loss=1.3350
2026-01-19 11:32:27,392 - INFO - epoch=217 train_loss=1.4288 val_loss=1.3960
2026-01-19 11:32:29,490 - INFO - epoch=218 train_loss=1.4387 val_loss=1.3599
2026-01-19 11:32:31,475 - INFO - epoch=219 train_loss=1.4311 val_loss=1.3731
2026-01-19 11:32:33,550 - INFO - epoch=220 train_loss=1.4266 val_loss=1.3663
2026-01-19 11:32:35,705 - INFO - epoch=221 train_loss=1.4340 val_loss=1.3090
2026-01-19 11:32:37,914 - INFO - epoch=222 train_loss=1.4317 val_loss=1.3892
2026-01-19 11:32:40,018 - INFO - epoch=223 train_loss=1.4295 val_loss=1.3408
2026-01-19 11:32:42,188 - INFO - epoch=224 train_loss=1.4218 val_loss=1.3705
2026-01-19 11:32:44,296 - INFO - epoch=225 train_loss=1.4248 val_loss=1.3472
2026-01-19 11:32:46,579 - INFO - epoch=226 train_loss=1.4249 val_loss=1.3926
2026-01-19 11:32:48,780 - INFO - epoch=227 train_loss=1.4216 val_loss=1.3281
2026-01-19 11:32:50,821 - INFO - epoch=228 train_loss=1.4124 val_loss=1.3689
2026-01-19 11:32:52,864 - INFO - epoch=229 train_loss=1.4111 val_loss=1.3437
2026-01-19 11:32:55,055 - INFO - epoch=230 train_loss=1.4192 val_loss=1.3566
2026-01-19 11:32:57,178 - INFO - epoch=231 train_loss=1.4147 val_loss=1.3519
2026-01-19 11:32:59,211 - INFO - epoch=232 train_loss=1.4096 val_loss=1.3416
2026-01-19 11:33:01,218 - INFO - epoch=233 train_loss=1.4100 val_loss=1.3352
2026-01-19 11:33:03,241 - INFO - epoch=234 train_loss=1.4034 val_loss=1.3581
2026-01-19 11:33:05,257 - INFO - epoch=235 train_loss=1.4105 val_loss=1.3420
2026-01-19 11:33:07,254 - INFO - epoch=236 train_loss=1.4012 val_loss=1.3290
2026-01-19 11:33:09,217 - INFO - epoch=237 train_loss=1.3966 val_loss=1.3117
2026-01-19 11:33:11,160 - INFO - epoch=238 train_loss=1.3879 val_loss=1.4076
2026-01-19 11:33:13,121 - INFO - epoch=239 train_loss=1.3890 val_loss=1.3074
2026-01-19 11:33:15,109 - INFO - epoch=240 train_loss=1.3902 val_loss=1.3301
2026-01-19 11:33:17,134 - INFO - epoch=241 train_loss=1.3866 val_loss=1.2609
2026-01-19 11:33:19,113 - INFO - epoch=242 train_loss=1.3853 val_loss=1.3757
2026-01-19 11:33:21,068 - INFO - epoch=243 train_loss=1.3853 val_loss=1.3057
2026-01-19 11:33:23,048 - INFO - epoch=244 train_loss=1.3844 val_loss=1.2809
2026-01-19 11:33:25,005 - INFO - epoch=245 train_loss=1.3783 val_loss=1.2803
2026-01-19 11:33:26,963 - INFO - epoch=246 train_loss=1.3622 val_loss=1.2851
2026-01-19 11:33:28,921 - INFO - epoch=247 train_loss=1.3608 val_loss=1.3221
2026-01-19 11:33:30,842 - INFO - epoch=248 train_loss=1.3551 val_loss=1.3054
2026-01-19 11:33:32,803 - INFO - epoch=249 train_loss=1.3679 val_loss=1.3005
2026-01-19 11:33:34,764 - INFO - epoch=250 train_loss=1.3477 val_loss=1.2843
2026-01-19 11:33:36,704 - INFO - epoch=251 train_loss=1.3531 val_loss=1.2530
2026-01-19 11:33:38,705 - INFO - epoch=252 train_loss=1.3469 val_loss=1.2347
2026-01-19 11:33:40,708 - INFO - epoch=253 train_loss=1.3453 val_loss=1.3052
2026-01-19 11:33:42,659 - INFO - epoch=254 train_loss=1.3429 val_loss=1.2422
2026-01-19 11:33:44,636 - INFO - epoch=255 train_loss=1.3368 val_loss=1.2719
2026-01-19 11:33:46,597 - INFO - epoch=256 train_loss=1.3466 val_loss=1.3441
2026-01-19 11:33:48,596 - INFO - epoch=257 train_loss=1.3365 val_loss=1.3052
2026-01-19 11:33:50,676 - INFO - epoch=258 train_loss=1.3384 val_loss=1.2538
2026-01-19 11:33:52,761 - INFO - epoch=259 train_loss=1.3374 val_loss=1.2716
2026-01-19 11:33:54,763 - INFO - epoch=260 train_loss=1.3343 val_loss=1.2273
2026-01-19 11:33:56,821 - INFO - epoch=261 train_loss=1.3166 val_loss=1.2709
2026-01-19 11:33:58,824 - INFO - epoch=262 train_loss=1.3282 val_loss=1.2345
2026-01-19 11:34:00,898 - INFO - epoch=263 train_loss=1.3204 val_loss=1.1793
2026-01-19 11:34:02,972 - INFO - epoch=264 train_loss=1.3189 val_loss=1.2397
2026-01-19 11:34:05,011 - INFO - epoch=265 train_loss=1.3068 val_loss=1.2047
2026-01-19 11:34:07,051 - INFO - epoch=266 train_loss=1.3101 val_loss=1.2233
2026-01-19 11:34:09,031 - INFO - epoch=267 train_loss=1.3076 val_loss=1.2162
2026-01-19 11:34:11,112 - INFO - epoch=268 train_loss=1.3097 val_loss=1.2248
2026-01-19 11:34:13,163 - INFO - epoch=269 train_loss=1.3070 val_loss=1.2018
2026-01-19 11:34:15,273 - INFO - epoch=270 train_loss=1.2992 val_loss=1.2372
2026-01-19 11:34:17,331 - INFO - epoch=271 train_loss=1.2972 val_loss=1.2309
2026-01-19 11:34:19,326 - INFO - epoch=272 train_loss=1.2891 val_loss=1.2987
2026-01-19 11:34:21,325 - INFO - epoch=273 train_loss=1.2813 val_loss=1.1810
2026-01-19 11:34:23,526 - INFO - epoch=274 train_loss=1.2814 val_loss=1.2436
2026-01-19 11:34:25,688 - INFO - epoch=275 train_loss=1.2781 val_loss=1.1625
2026-01-19 11:34:27,886 - INFO - epoch=276 train_loss=1.2670 val_loss=1.1460
2026-01-19 11:34:30,003 - INFO - epoch=277 train_loss=1.2661 val_loss=1.2109
2026-01-19 11:34:32,096 - INFO - epoch=278 train_loss=1.2757 val_loss=1.1843
2026-01-19 11:34:34,206 - INFO - epoch=279 train_loss=1.2780 val_loss=1.1439
2026-01-19 11:34:36,248 - INFO - epoch=280 train_loss=1.2584 val_loss=1.1387
2026-01-19 11:34:38,415 - INFO - epoch=281 train_loss=1.2548 val_loss=1.1791
2026-01-19 11:34:40,393 - INFO - epoch=282 train_loss=1.2514 val_loss=1.1829
2026-01-19 11:34:42,425 - INFO - epoch=283 train_loss=1.2474 val_loss=1.1361
2026-01-19 11:34:44,560 - INFO - epoch=284 train_loss=1.2512 val_loss=1.1361
2026-01-19 11:34:46,580 - INFO - epoch=285 train_loss=1.2401 val_loss=1.1297
2026-01-19 11:34:48,584 - INFO - epoch=286 train_loss=1.2330 val_loss=1.1196
2026-01-19 11:34:50,587 - INFO - epoch=287 train_loss=1.2230 val_loss=1.1125
2026-01-19 11:34:52,596 - INFO - epoch=288 train_loss=1.2264 val_loss=1.1264
2026-01-19 11:34:54,564 - INFO - epoch=289 train_loss=1.2281 val_loss=1.0828
2026-01-19 11:34:56,546 - INFO - epoch=290 train_loss=1.2239 val_loss=1.1333
2026-01-19 11:34:58,512 - INFO - epoch=291 train_loss=1.2177 val_loss=1.1365
2026-01-19 11:35:00,469 - INFO - epoch=292 train_loss=1.2246 val_loss=1.0851
2026-01-19 11:35:02,406 - INFO - epoch=293 train_loss=1.2213 val_loss=1.0931
2026-01-19 11:35:04,322 - INFO - epoch=294 train_loss=1.2187 val_loss=1.0763
2026-01-19 11:35:06,316 - INFO - epoch=295 train_loss=1.2128 val_loss=1.1280
2026-01-19 11:35:08,289 - INFO - epoch=296 train_loss=1.2092 val_loss=1.0923
2026-01-19 11:35:10,245 - INFO - epoch=297 train_loss=1.2005 val_loss=1.0505
2026-01-19 11:35:12,217 - INFO - epoch=298 train_loss=1.1934 val_loss=1.1034
2026-01-19 11:35:14,136 - INFO - epoch=299 train_loss=1.1955 val_loss=1.0723
2026-01-19 11:35:16,099 - INFO - epoch=300 train_loss=1.1894 val_loss=1.0675
2026-01-19 11:35:18,127 - INFO - epoch=301 train_loss=1.1892 val_loss=1.0825
2026-01-19 11:35:20,078 - INFO - epoch=302 train_loss=1.1881 val_loss=1.0637
2026-01-19 11:35:22,028 - INFO - epoch=303 train_loss=1.1909 val_loss=1.0657
2026-01-19 11:35:23,990 - INFO - epoch=304 train_loss=1.1862 val_loss=1.1348
2026-01-19 11:35:25,996 - INFO - epoch=305 train_loss=1.1804 val_loss=1.0453
2026-01-19 11:35:28,109 - INFO - epoch=306 train_loss=1.1806 val_loss=1.0497
2026-01-19 11:35:30,133 - INFO - epoch=307 train_loss=1.1764 val_loss=1.0549
2026-01-19 11:35:32,130 - INFO - epoch=308 train_loss=1.1739 val_loss=1.0290
2026-01-19 11:35:34,185 - INFO - epoch=309 train_loss=1.1686 val_loss=1.0756
2026-01-19 11:35:36,219 - INFO - epoch=310 train_loss=1.1656 val_loss=1.0378
2026-01-19 11:35:38,295 - INFO - epoch=311 train_loss=1.1756 val_loss=1.0806
2026-01-19 11:35:40,311 - INFO - epoch=312 train_loss=1.1613 val_loss=1.0458
2026-01-19 11:35:42,315 - INFO - epoch=313 train_loss=1.1602 val_loss=1.0348
2026-01-19 11:35:44,309 - INFO - epoch=314 train_loss=1.1570 val_loss=1.0052
2026-01-19 11:35:46,374 - INFO - epoch=315 train_loss=1.1566 val_loss=1.0189
2026-01-19 11:35:48,381 - INFO - epoch=316 train_loss=1.1549 val_loss=1.0224
2026-01-19 11:35:50,469 - INFO - epoch=317 train_loss=1.1572 val_loss=1.0145
2026-01-19 11:35:52,448 - INFO - epoch=318 train_loss=1.1426 val_loss=1.0282
2026-01-19 11:35:54,542 - INFO - epoch=319 train_loss=1.1483 val_loss=1.0450
2026-01-19 11:35:56,639 - INFO - epoch=320 train_loss=1.1475 val_loss=1.0541
2026-01-19 11:35:58,807 - INFO - epoch=321 train_loss=1.1373 val_loss=1.0347
2026-01-19 11:36:00,824 - INFO - epoch=322 train_loss=1.1394 val_loss=1.0571
2026-01-19 11:36:03,049 - INFO - epoch=323 train_loss=1.1322 val_loss=0.9978
2026-01-19 11:36:05,266 - INFO - epoch=324 train_loss=1.1395 val_loss=1.0008
2026-01-19 11:36:07,237 - INFO - epoch=325 train_loss=1.1313 val_loss=1.0230
2026-01-19 11:36:09,282 - INFO - epoch=326 train_loss=1.1250 val_loss=0.9844
2026-01-19 11:36:11,296 - INFO - epoch=327 train_loss=1.1275 val_loss=0.9913
2026-01-19 11:36:13,268 - INFO - epoch=328 train_loss=1.1180 val_loss=0.9410
2026-01-19 11:36:15,273 - INFO - epoch=329 train_loss=1.1149 val_loss=0.9402
2026-01-19 11:36:17,274 - INFO - epoch=330 train_loss=1.1101 val_loss=0.9357
2026-01-19 11:36:19,270 - INFO - epoch=331 train_loss=1.1061 val_loss=0.9626
2026-01-19 11:36:21,226 - INFO - epoch=332 train_loss=1.1120 val_loss=0.9718
2026-01-19 11:36:23,203 - INFO - epoch=333 train_loss=1.1106 val_loss=0.9921
2026-01-19 11:36:25,137 - INFO - epoch=334 train_loss=1.1038 val_loss=0.9794
2026-01-19 11:36:27,083 - INFO - epoch=335 train_loss=1.1022 val_loss=0.9879
2026-01-19 11:36:29,005 - INFO - epoch=336 train_loss=1.1071 val_loss=0.9628
2026-01-19 11:36:30,905 - INFO - epoch=337 train_loss=1.1054 val_loss=1.0021
2026-01-19 11:36:32,825 - INFO - epoch=338 train_loss=1.1009 val_loss=0.9533
2026-01-19 11:36:34,746 - INFO - epoch=339 train_loss=1.0965 val_loss=0.9334
2026-01-19 11:36:36,730 - INFO - epoch=340 train_loss=1.0997 val_loss=0.9755
2026-01-19 11:36:38,786 - INFO - epoch=341 train_loss=1.1015 val_loss=0.9704
2026-01-19 11:36:40,728 - INFO - epoch=342 train_loss=1.0943 val_loss=1.0054
2026-01-19 11:36:42,674 - INFO - epoch=343 train_loss=1.0998 val_loss=0.9011
2026-01-19 11:36:44,681 - INFO - epoch=344 train_loss=1.0962 val_loss=0.9180
2026-01-19 11:36:46,648 - INFO - epoch=345 train_loss=1.0869 val_loss=0.9425
2026-01-19 11:36:48,594 - INFO - epoch=346 train_loss=1.0864 val_loss=1.0047
2026-01-19 11:36:50,536 - INFO - epoch=347 train_loss=1.0892 val_loss=0.9105
2026-01-19 11:36:52,505 - INFO - epoch=348 train_loss=1.0794 val_loss=0.9376
2026-01-19 11:36:54,452 - INFO - epoch=349 train_loss=1.0757 val_loss=0.9644
2026-01-19 11:36:56,383 - INFO - epoch=350 train_loss=1.0873 val_loss=0.9091
2026-01-19 11:36:58,304 - INFO - epoch=351 train_loss=1.0835 val_loss=0.8837
2026-01-19 11:37:00,287 - INFO - epoch=352 train_loss=1.0778 val_loss=0.9225
2026-01-19 11:37:02,261 - INFO - epoch=353 train_loss=1.0834 val_loss=0.9809
2026-01-19 11:37:04,205 - INFO - epoch=354 train_loss=1.0829 val_loss=0.9358
2026-01-19 11:37:06,162 - INFO - epoch=355 train_loss=1.0641 val_loss=0.9287
2026-01-19 11:37:08,169 - INFO - epoch=356 train_loss=1.0647 val_loss=0.8738
2026-01-19 11:37:10,220 - INFO - epoch=357 train_loss=1.0608 val_loss=0.9405
2026-01-19 11:37:12,167 - INFO - epoch=358 train_loss=1.0623 val_loss=0.9188
2026-01-19 11:37:14,136 - INFO - epoch=359 train_loss=1.0634 val_loss=0.8558
2026-01-19 11:37:16,139 - INFO - epoch=360 train_loss=1.0511 val_loss=0.8819
2026-01-19 11:37:18,218 - INFO - epoch=361 train_loss=1.0577 val_loss=0.9025
2026-01-19 11:37:20,199 - INFO - epoch=362 train_loss=1.0678 val_loss=0.9022
2026-01-19 11:37:22,184 - INFO - epoch=363 train_loss=1.0669 val_loss=0.8947
2026-01-19 11:37:24,138 - INFO - epoch=364 train_loss=1.0552 val_loss=0.9327
2026-01-19 11:37:26,131 - INFO - epoch=365 train_loss=1.0518 val_loss=0.8940
2026-01-19 11:37:28,095 - INFO - epoch=366 train_loss=1.0558 val_loss=0.8926
2026-01-19 11:37:30,160 - INFO - epoch=367 train_loss=1.0552 val_loss=0.9228
2026-01-19 11:37:32,162 - INFO - epoch=368 train_loss=1.0518 val_loss=0.9136
2026-01-19 11:37:34,192 - INFO - epoch=369 train_loss=1.0482 val_loss=0.9238
2026-01-19 11:37:36,161 - INFO - epoch=370 train_loss=1.0405 val_loss=0.8504
2026-01-19 11:37:38,144 - INFO - epoch=371 train_loss=1.0422 val_loss=0.8588
2026-01-19 11:37:40,122 - INFO - epoch=372 train_loss=1.0446 val_loss=0.9247
2026-01-19 11:37:42,214 - INFO - epoch=373 train_loss=1.0452 val_loss=0.8859
2026-01-19 11:37:44,162 - INFO - epoch=374 train_loss=1.0426 val_loss=0.8594
2026-01-19 11:37:46,113 - INFO - epoch=375 train_loss=1.0343 val_loss=0.8388
2026-01-19 11:37:48,105 - INFO - epoch=376 train_loss=1.0537 val_loss=0.8492
2026-01-19 11:37:50,048 - INFO - epoch=377 train_loss=1.0407 val_loss=0.8423
2026-01-19 11:37:51,992 - INFO - epoch=378 train_loss=1.0296 val_loss=0.8947
2026-01-19 11:37:54,029 - INFO - epoch=379 train_loss=1.0461 val_loss=0.8580
2026-01-19 11:37:55,997 - INFO - epoch=380 train_loss=1.0349 val_loss=0.8803
2026-01-19 11:37:58,027 - INFO - epoch=381 train_loss=1.0305 val_loss=0.8254
2026-01-19 11:38:00,023 - INFO - epoch=382 train_loss=1.0320 val_loss=0.8890
2026-01-19 11:38:01,998 - INFO - epoch=383 train_loss=1.0298 val_loss=0.8990
2026-01-19 11:38:03,946 - INFO - epoch=384 train_loss=1.0296 val_loss=0.8598
2026-01-19 11:38:05,901 - INFO - epoch=385 train_loss=1.0216 val_loss=0.9054
2026-01-19 11:38:07,885 - INFO - epoch=386 train_loss=1.0233 val_loss=0.8532
2026-01-19 11:38:09,844 - INFO - epoch=387 train_loss=1.0249 val_loss=0.8699
2026-01-19 11:38:11,781 - INFO - epoch=388 train_loss=1.0267 val_loss=0.9429
2026-01-19 11:38:13,720 - INFO - epoch=389 train_loss=1.0187 val_loss=0.8105
2026-01-19 11:38:15,698 - INFO - epoch=390 train_loss=1.0233 val_loss=0.8332
2026-01-19 11:38:17,633 - INFO - epoch=391 train_loss=1.0203 val_loss=0.8386
2026-01-19 11:38:19,550 - INFO - epoch=392 train_loss=1.0167 val_loss=0.8539
2026-01-19 11:38:21,457 - INFO - epoch=393 train_loss=1.0229 val_loss=0.8337
2026-01-19 11:38:23,388 - INFO - epoch=394 train_loss=1.0136 val_loss=0.8388
2026-01-19 11:38:25,317 - INFO - epoch=395 train_loss=1.0169 val_loss=0.8739
2026-01-19 11:38:27,247 - INFO - epoch=396 train_loss=1.0215 val_loss=0.8511
2026-01-19 11:38:29,195 - INFO - epoch=397 train_loss=1.0097 val_loss=0.8533
2026-01-19 11:38:31,139 - INFO - epoch=398 train_loss=1.0134 val_loss=0.8477
2026-01-19 11:38:33,052 - INFO - epoch=399 train_loss=1.0156 val_loss=0.8769
2026-01-19 11:38:34,965 - INFO - epoch=400 train_loss=1.0145 val_loss=0.7896
2026-01-19 11:38:36,983 - INFO - epoch=401 train_loss=1.0051 val_loss=0.8682
2026-01-19 11:38:38,955 - INFO - epoch=402 train_loss=1.0064 val_loss=0.8704
2026-01-19 11:38:40,885 - INFO - epoch=403 train_loss=1.0105 val_loss=0.8409
2026-01-19 11:38:42,850 - INFO - epoch=404 train_loss=1.0107 val_loss=0.8961
2026-01-19 11:38:44,785 - INFO - epoch=405 train_loss=1.0184 val_loss=0.8116
2026-01-19 11:38:46,733 - INFO - epoch=406 train_loss=1.0068 val_loss=0.8563
2026-01-19 11:38:48,668 - INFO - epoch=407 train_loss=0.9986 val_loss=0.8819
2026-01-19 11:38:50,632 - INFO - epoch=408 train_loss=1.0054 val_loss=0.8129
2026-01-19 11:38:52,527 - INFO - epoch=409 train_loss=1.0021 val_loss=0.9372
2026-01-19 11:38:54,449 - INFO - epoch=410 train_loss=0.9972 val_loss=0.7977
2026-01-19 11:38:56,462 - INFO - epoch=411 train_loss=1.0001 val_loss=0.8232
2026-01-19 11:38:58,376 - INFO - epoch=412 train_loss=0.9956 val_loss=0.8660
2026-01-19 11:39:00,297 - INFO - epoch=413 train_loss=0.9990 val_loss=0.7923
2026-01-19 11:39:02,266 - INFO - epoch=414 train_loss=1.0055 val_loss=0.8402
2026-01-19 11:39:04,169 - INFO - epoch=415 train_loss=0.9929 val_loss=0.8673
2026-01-19 11:39:06,309 - INFO - epoch=416 train_loss=1.0088 val_loss=0.8403
2026-01-19 11:39:08,219 - INFO - epoch=417 train_loss=1.0064 val_loss=0.8234
2026-01-19 11:39:10,178 - INFO - epoch=418 train_loss=1.0000 val_loss=0.8308
2026-01-19 11:39:12,094 - INFO - epoch=419 train_loss=0.9973 val_loss=0.8550
2026-01-19 11:39:14,010 - INFO - epoch=420 train_loss=1.0003 val_loss=0.8110
2026-01-19 11:39:16,034 - INFO - epoch=421 train_loss=0.9992 val_loss=0.8270
2026-01-19 11:39:17,964 - INFO - epoch=422 train_loss=0.9897 val_loss=0.8512
2026-01-19 11:39:19,923 - INFO - epoch=423 train_loss=0.9933 val_loss=0.8443
2026-01-19 11:39:21,851 - INFO - epoch=424 train_loss=0.9880 val_loss=0.8245
2026-01-19 11:39:23,805 - INFO - epoch=425 train_loss=0.9820 val_loss=0.8174
2026-01-19 11:39:25,756 - INFO - epoch=426 train_loss=0.9958 val_loss=0.7898
2026-01-19 11:39:27,694 - INFO - epoch=427 train_loss=0.9846 val_loss=0.8125
2026-01-19 11:39:29,655 - INFO - epoch=428 train_loss=0.9819 val_loss=0.8364
2026-01-19 11:39:31,700 - INFO - epoch=429 train_loss=0.9813 val_loss=0.8188
2026-01-19 11:39:33,635 - INFO - epoch=430 train_loss=0.9819 val_loss=0.8729
2026-01-19 11:39:35,567 - INFO - epoch=431 train_loss=0.9840 val_loss=0.7699
2026-01-19 11:39:37,514 - INFO - epoch=432 train_loss=0.9912 val_loss=0.8247
2026-01-19 11:39:39,425 - INFO - epoch=433 train_loss=0.9823 val_loss=0.7889
2026-01-19 11:39:41,354 - INFO - epoch=434 train_loss=0.9839 val_loss=0.8198
2026-01-19 11:39:43,283 - INFO - epoch=435 train_loss=0.9831 val_loss=0.8182
2026-01-19 11:39:45,233 - INFO - epoch=436 train_loss=0.9865 val_loss=0.8252
2026-01-19 11:39:47,168 - INFO - epoch=437 train_loss=0.9810 val_loss=0.8132
2026-01-19 11:39:49,074 - INFO - epoch=438 train_loss=0.9759 val_loss=0.8204
2026-01-19 11:39:50,978 - INFO - epoch=439 train_loss=0.9866 val_loss=0.7809
2026-01-19 11:39:52,883 - INFO - epoch=440 train_loss=0.9698 val_loss=0.8272
2026-01-19 11:39:54,871 - INFO - epoch=441 train_loss=0.9737 val_loss=0.8062
2026-01-19 11:39:56,826 - INFO - epoch=442 train_loss=0.9722 val_loss=0.8517
2026-01-19 11:39:58,759 - INFO - epoch=443 train_loss=0.9697 val_loss=0.8029
2026-01-19 11:40:00,696 - INFO - epoch=444 train_loss=0.9731 val_loss=0.7998
2026-01-19 11:40:02,626 - INFO - epoch=445 train_loss=0.9665 val_loss=0.8190
2026-01-19 11:40:04,557 - INFO - epoch=446 train_loss=0.9725 val_loss=0.8160
2026-01-19 11:40:06,490 - INFO - epoch=447 train_loss=0.9727 val_loss=0.8304
2026-01-19 11:40:08,447 - INFO - epoch=448 train_loss=0.9655 val_loss=0.7946
2026-01-19 11:40:10,401 - INFO - epoch=449 train_loss=0.9703 val_loss=0.7610
2026-01-19 11:40:12,361 - INFO - epoch=450 train_loss=0.9674 val_loss=0.8004
2026-01-19 11:40:14,275 - INFO - epoch=451 train_loss=0.9740 val_loss=0.7601
2026-01-19 11:40:16,231 - INFO - epoch=452 train_loss=0.9698 val_loss=0.8252
2026-01-19 11:40:18,160 - INFO - epoch=453 train_loss=0.9707 val_loss=0.8069
2026-01-19 11:40:20,111 - INFO - epoch=454 train_loss=0.9674 val_loss=0.7973
2026-01-19 11:40:22,075 - INFO - epoch=455 train_loss=0.9665 val_loss=0.8386
2026-01-19 11:40:23,993 - INFO - epoch=456 train_loss=0.9659 val_loss=0.8062
2026-01-19 11:40:25,911 - INFO - epoch=457 train_loss=0.9653 val_loss=0.7757
2026-01-19 11:40:27,919 - INFO - epoch=458 train_loss=0.9597 val_loss=0.8249
2026-01-19 11:40:29,895 - INFO - epoch=459 train_loss=0.9723 val_loss=0.8049
2026-01-19 11:40:31,846 - INFO - epoch=460 train_loss=0.9640 val_loss=0.7829
2026-01-19 11:40:33,851 - INFO - epoch=461 train_loss=0.9584 val_loss=0.7862
2026-01-19 11:40:35,915 - INFO - epoch=462 train_loss=0.9592 val_loss=0.8138
2026-01-19 11:40:37,843 - INFO - epoch=463 train_loss=0.9539 val_loss=0.8414
2026-01-19 11:40:39,771 - INFO - epoch=464 train_loss=0.9593 val_loss=0.7978
2026-01-19 11:40:41,727 - INFO - epoch=465 train_loss=0.9599 val_loss=0.7539
2026-01-19 11:40:43,660 - INFO - epoch=466 train_loss=0.9660 val_loss=0.7180
2026-01-19 11:40:45,624 - INFO - epoch=467 train_loss=0.9531 val_loss=0.7943
2026-01-19 11:40:47,567 - INFO - epoch=468 train_loss=0.9551 val_loss=0.7699
2026-01-19 11:40:49,506 - INFO - epoch=469 train_loss=0.9546 val_loss=0.7482
2026-01-19 11:40:51,442 - INFO - epoch=470 train_loss=0.9589 val_loss=0.7833
2026-01-19 11:40:53,381 - INFO - epoch=471 train_loss=0.9551 val_loss=0.7737
2026-01-19 11:40:55,319 - INFO - epoch=472 train_loss=0.9545 val_loss=0.8247
2026-01-19 11:40:57,274 - INFO - epoch=473 train_loss=0.9578 val_loss=0.7552
2026-01-19 11:40:59,195 - INFO - epoch=474 train_loss=0.9554 val_loss=0.7970
2026-01-19 11:41:01,157 - INFO - epoch=475 train_loss=0.9540 val_loss=0.7806
2026-01-19 11:41:03,078 - INFO - epoch=476 train_loss=0.9518 val_loss=0.7931
2026-01-19 11:41:05,058 - INFO - epoch=477 train_loss=0.9477 val_loss=0.7660
2026-01-19 11:41:06,999 - INFO - epoch=478 train_loss=0.9485 val_loss=0.7863
2026-01-19 11:41:08,923 - INFO - epoch=479 train_loss=0.9546 val_loss=0.7745
2026-01-19 11:41:10,829 - INFO - epoch=480 train_loss=0.9509 val_loss=0.7712
2026-01-19 11:41:12,849 - INFO - epoch=481 train_loss=0.9456 val_loss=0.7971
2026-01-19 11:41:14,828 - INFO - epoch=482 train_loss=0.9496 val_loss=0.8200
2026-01-19 11:41:16,772 - INFO - epoch=483 train_loss=0.9523 val_loss=0.7710
2026-01-19 11:41:18,719 - INFO - epoch=484 train_loss=0.9417 val_loss=0.7867
2026-01-19 11:41:20,662 - INFO - epoch=485 train_loss=0.9500 val_loss=0.7855
2026-01-19 11:41:22,589 - INFO - epoch=486 train_loss=0.9420 val_loss=0.8460
2026-01-19 11:41:24,552 - INFO - epoch=487 train_loss=0.9436 val_loss=0.7959
2026-01-19 11:41:26,497 - INFO - epoch=488 train_loss=0.9494 val_loss=0.8040
2026-01-19 11:41:28,456 - INFO - epoch=489 train_loss=0.9527 val_loss=0.7429
2026-01-19 11:41:30,403 - INFO - epoch=490 train_loss=0.9342 val_loss=0.7506
2026-01-19 11:41:32,366 - INFO - epoch=491 train_loss=0.9467 val_loss=0.7923
2026-01-19 11:41:34,315 - INFO - epoch=492 train_loss=0.9427 val_loss=0.7796
2026-01-19 11:41:36,300 - INFO - epoch=493 train_loss=0.9414 val_loss=0.8131
2026-01-19 11:41:38,205 - INFO - epoch=494 train_loss=0.9420 val_loss=0.7636
2026-01-19 11:41:40,152 - INFO - epoch=495 train_loss=0.9407 val_loss=0.7909
2026-01-19 11:41:42,099 - INFO - epoch=496 train_loss=0.9378 val_loss=0.7605
2026-01-19 11:41:44,029 - INFO - epoch=497 train_loss=0.9389 val_loss=0.7738
2026-01-19 11:41:46,068 - INFO - epoch=498 train_loss=0.9413 val_loss=0.7795
2026-01-19 11:41:48,003 - INFO - epoch=499 train_loss=0.9393 val_loss=0.7234
2026-01-19 11:41:49,973 - INFO - epoch=500 train_loss=0.9369 val_loss=0.7121
2026-01-19 11:41:52,070 - INFO - epoch=501 train_loss=0.9310 val_loss=0.7672
2026-01-19 11:41:54,024 - INFO - epoch=502 train_loss=0.9398 val_loss=0.7853
2026-01-19 11:41:56,020 - INFO - epoch=503 train_loss=0.9363 val_loss=0.7727
2026-01-19 11:41:57,960 - INFO - epoch=504 train_loss=0.9304 val_loss=0.7725
2026-01-19 11:41:59,863 - INFO - epoch=505 train_loss=0.9302 val_loss=0.7921
2026-01-19 11:42:01,786 - INFO - epoch=506 train_loss=0.9349 val_loss=0.7482
2026-01-19 11:42:03,768 - INFO - epoch=507 train_loss=0.9328 val_loss=0.7606
2026-01-19 11:42:05,730 - INFO - epoch=508 train_loss=0.9355 val_loss=0.8611
2026-01-19 11:42:07,636 - INFO - epoch=509 train_loss=0.9367 val_loss=0.7678
2026-01-19 11:42:09,581 - INFO - epoch=510 train_loss=0.9340 val_loss=0.7834
2026-01-19 11:42:11,528 - INFO - epoch=511 train_loss=0.9329 val_loss=0.7328
2026-01-19 11:42:13,433 - INFO - epoch=512 train_loss=0.9290 val_loss=0.7538
2026-01-19 11:42:15,374 - INFO - epoch=513 train_loss=0.9333 val_loss=0.8962
2026-01-19 11:42:17,318 - INFO - epoch=514 train_loss=0.9252 val_loss=0.7669
2026-01-19 11:42:19,260 - INFO - epoch=515 train_loss=0.9303 val_loss=0.7561
2026-01-19 11:42:21,239 - INFO - epoch=516 train_loss=0.9345 val_loss=0.7200
2026-01-19 11:42:23,205 - INFO - epoch=517 train_loss=0.9319 val_loss=0.7503
2026-01-19 11:42:25,131 - INFO - epoch=518 train_loss=0.9272 val_loss=0.7302
2026-01-19 11:42:27,077 - INFO - epoch=519 train_loss=0.9209 val_loss=0.7727
2026-01-19 11:42:28,986 - INFO - epoch=520 train_loss=0.9283 val_loss=0.8042
2026-01-19 11:42:31,008 - INFO - epoch=521 train_loss=0.9240 val_loss=0.7925
2026-01-19 11:42:32,955 - INFO - epoch=522 train_loss=0.9268 val_loss=0.7223
2026-01-19 11:42:34,922 - INFO - epoch=523 train_loss=0.9315 val_loss=0.7459
2026-01-19 11:42:36,853 - INFO - epoch=524 train_loss=0.9178 val_loss=0.8225
2026-01-19 11:42:38,803 - INFO - epoch=525 train_loss=0.9347 val_loss=0.7417
2026-01-19 11:42:40,735 - INFO - epoch=526 train_loss=0.9295 val_loss=0.7855
2026-01-19 11:42:42,665 - INFO - epoch=527 train_loss=0.9236 val_loss=0.7853
2026-01-19 11:42:44,671 - INFO - epoch=528 train_loss=0.9278 val_loss=0.7398
2026-01-19 11:42:46,677 - INFO - epoch=529 train_loss=0.9336 val_loss=0.7680
2026-01-19 11:42:48,631 - INFO - epoch=530 train_loss=0.9208 val_loss=0.7359
2026-01-19 11:42:50,546 - INFO - epoch=531 train_loss=0.9193 val_loss=0.7564
2026-01-19 11:42:52,478 - INFO - epoch=532 train_loss=0.9142 val_loss=0.7360
2026-01-19 11:42:54,452 - INFO - epoch=533 train_loss=0.9230 val_loss=0.7721
2026-01-19 11:42:56,389 - INFO - epoch=534 train_loss=0.9196 val_loss=0.7272
2026-01-19 11:42:58,365 - INFO - epoch=535 train_loss=0.9193 val_loss=0.7498
2026-01-19 11:43:00,281 - INFO - epoch=536 train_loss=0.9152 val_loss=0.7557
2026-01-19 11:43:02,220 - INFO - epoch=537 train_loss=0.9069 val_loss=0.7378
2026-01-19 11:43:04,196 - INFO - epoch=538 train_loss=0.9131 val_loss=0.7323
2026-01-19 11:43:06,223 - INFO - epoch=539 train_loss=0.9231 val_loss=0.7211
2026-01-19 11:43:08,183 - INFO - epoch=540 train_loss=0.9191 val_loss=0.7190
2026-01-19 11:43:10,241 - INFO - epoch=541 train_loss=0.9197 val_loss=0.7327
2026-01-19 11:43:12,193 - INFO - epoch=542 train_loss=0.9261 val_loss=0.7017
2026-01-19 11:43:14,195 - INFO - epoch=543 train_loss=0.9269 val_loss=0.7120
2026-01-19 11:43:16,179 - INFO - epoch=544 train_loss=0.9093 val_loss=0.7582
2026-01-19 11:43:18,121 - INFO - epoch=545 train_loss=0.9255 val_loss=0.7561
2026-01-19 11:43:20,045 - INFO - epoch=546 train_loss=0.9186 val_loss=0.7136
2026-01-19 11:43:22,038 - INFO - epoch=547 train_loss=0.9204 val_loss=0.7563
2026-01-19 11:43:23,985 - INFO - epoch=548 train_loss=0.9240 val_loss=0.7598
2026-01-19 11:43:25,971 - INFO - epoch=549 train_loss=0.9154 val_loss=0.7490
2026-01-19 11:43:27,937 - INFO - epoch=550 train_loss=0.9243 val_loss=0.7322
2026-01-19 11:43:29,918 - INFO - epoch=551 train_loss=0.9130 val_loss=0.7632
2026-01-19 11:43:31,897 - INFO - epoch=552 train_loss=0.9136 val_loss=0.7508
2026-01-19 11:43:33,888 - INFO - epoch=553 train_loss=0.9122 val_loss=0.7692
2026-01-19 11:43:35,876 - INFO - epoch=554 train_loss=0.9087 val_loss=0.6960
2026-01-19 11:43:37,866 - INFO - epoch=555 train_loss=0.9118 val_loss=0.7109
2026-01-19 11:43:39,772 - INFO - epoch=556 train_loss=0.9086 val_loss=0.7216
2026-01-19 11:43:41,751 - INFO - epoch=557 train_loss=0.9050 val_loss=0.7027
2026-01-19 11:43:43,681 - INFO - epoch=558 train_loss=0.9066 val_loss=0.7447
2026-01-19 11:43:45,684 - INFO - epoch=559 train_loss=0.9120 val_loss=0.8044
2026-01-19 11:43:47,639 - INFO - epoch=560 train_loss=0.9095 val_loss=0.7317
2026-01-19 11:43:49,667 - INFO - epoch=561 train_loss=0.9017 val_loss=0.6464
2026-01-19 11:43:51,681 - INFO - epoch=562 train_loss=0.9141 val_loss=0.6934
2026-01-19 11:43:53,632 - INFO - epoch=563 train_loss=0.9172 val_loss=0.7427
2026-01-19 11:43:55,606 - INFO - epoch=564 train_loss=0.9081 val_loss=0.7587
2026-01-19 11:43:57,522 - INFO - epoch=565 train_loss=0.9096 val_loss=0.7593
2026-01-19 11:43:59,572 - INFO - epoch=566 train_loss=0.9136 val_loss=0.7458
2026-01-19 11:44:01,566 - INFO - epoch=567 train_loss=0.9142 val_loss=0.7596
2026-01-19 11:44:03,561 - INFO - epoch=568 train_loss=0.9024 val_loss=0.7253
2026-01-19 11:44:05,568 - INFO - epoch=569 train_loss=0.9164 val_loss=0.7304
2026-01-19 11:44:07,656 - INFO - epoch=570 train_loss=0.9155 val_loss=0.8102
2026-01-19 11:44:09,756 - INFO - epoch=571 train_loss=0.9085 val_loss=0.7012
2026-01-19 11:44:11,816 - INFO - epoch=572 train_loss=0.9072 val_loss=0.7409
2026-01-19 11:44:13,890 - INFO - epoch=573 train_loss=0.9087 val_loss=0.7575
2026-01-19 11:44:15,910 - INFO - epoch=574 train_loss=0.9042 val_loss=0.7918
2026-01-19 11:44:18,012 - INFO - epoch=575 train_loss=0.9025 val_loss=0.7716
2026-01-19 11:44:20,104 - INFO - epoch=576 train_loss=0.8957 val_loss=0.6712
2026-01-19 11:44:22,137 - INFO - epoch=577 train_loss=0.8956 val_loss=0.7236
2026-01-19 11:44:24,161 - INFO - epoch=578 train_loss=0.9051 val_loss=0.7897
2026-01-19 11:44:26,221 - INFO - epoch=579 train_loss=0.9095 val_loss=0.7550
2026-01-19 11:44:28,277 - INFO - epoch=580 train_loss=0.9004 val_loss=0.7142
2026-01-19 11:44:30,535 - INFO - epoch=581 train_loss=0.9029 val_loss=0.6924
2026-01-19 11:44:32,611 - INFO - epoch=582 train_loss=0.9031 val_loss=0.7306
2026-01-19 11:44:34,676 - INFO - epoch=583 train_loss=0.8995 val_loss=0.7355
2026-01-19 11:44:36,798 - INFO - epoch=584 train_loss=0.9054 val_loss=0.6894
2026-01-19 11:44:39,027 - INFO - epoch=585 train_loss=0.9021 val_loss=0.6857
2026-01-19 11:44:41,238 - INFO - epoch=586 train_loss=0.8940 val_loss=0.7313
2026-01-19 11:44:43,391 - INFO - epoch=587 train_loss=0.9058 val_loss=0.7230
2026-01-19 11:44:45,488 - INFO - epoch=588 train_loss=0.9023 val_loss=0.6738
2026-01-19 11:44:47,619 - INFO - epoch=589 train_loss=0.8964 val_loss=0.6987
2026-01-19 11:44:49,836 - INFO - epoch=590 train_loss=0.8919 val_loss=0.6952
2026-01-19 11:44:52,116 - INFO - epoch=591 train_loss=0.9014 val_loss=0.7168
2026-01-19 11:44:54,148 - INFO - epoch=592 train_loss=0.8975 val_loss=0.6886
2026-01-19 11:44:56,324 - INFO - epoch=593 train_loss=0.9011 val_loss=0.7333
2026-01-19 11:44:58,453 - INFO - epoch=594 train_loss=0.8919 val_loss=0.7306
2026-01-19 11:45:00,504 - INFO - epoch=595 train_loss=0.9015 val_loss=0.6930
2026-01-19 11:45:02,540 - INFO - epoch=596 train_loss=0.8957 val_loss=0.6877
2026-01-19 11:45:04,603 - INFO - epoch=597 train_loss=0.8932 val_loss=0.7214
2026-01-19 11:45:06,630 - INFO - epoch=598 train_loss=0.9026 val_loss=0.7945
2026-01-19 11:45:08,615 - INFO - epoch=599 train_loss=0.8988 val_loss=0.7316
2026-01-19 11:45:10,574 - INFO - epoch=600 train_loss=0.8897 val_loss=0.7488
2026-01-19 11:45:12,633 - INFO - epoch=601 train_loss=0.8933 val_loss=0.7669
2026-01-19 11:45:14,598 - INFO - epoch=602 train_loss=0.8914 val_loss=0.6922
2026-01-19 11:45:16,581 - INFO - epoch=603 train_loss=0.8936 val_loss=0.7634
2026-01-19 11:45:18,532 - INFO - epoch=604 train_loss=0.8892 val_loss=0.7222
2026-01-19 11:45:20,482 - INFO - epoch=605 train_loss=0.8827 val_loss=0.6951
2026-01-19 11:45:22,420 - INFO - epoch=606 train_loss=0.8884 val_loss=0.7085
2026-01-19 11:45:24,371 - INFO - epoch=607 train_loss=0.8902 val_loss=0.6678
2026-01-19 11:45:26,333 - INFO - epoch=608 train_loss=0.8976 val_loss=0.7130
2026-01-19 11:45:28,292 - INFO - epoch=609 train_loss=0.8935 val_loss=0.6587
2026-01-19 11:45:30,238 - INFO - epoch=610 train_loss=0.8999 val_loss=0.8175
2026-01-19 11:45:32,163 - INFO - epoch=611 train_loss=0.8852 val_loss=0.6939
2026-01-19 11:45:34,107 - INFO - epoch=612 train_loss=0.8939 val_loss=0.7450
2026-01-19 11:45:36,131 - INFO - epoch=613 train_loss=0.8919 val_loss=0.6867
2026-01-19 11:45:38,125 - INFO - epoch=614 train_loss=0.8921 val_loss=0.6570
2026-01-19 11:45:40,102 - INFO - epoch=615 train_loss=0.8991 val_loss=0.7041
2026-01-19 11:45:42,105 - INFO - epoch=616 train_loss=0.9052 val_loss=0.7212
2026-01-19 11:45:44,093 - INFO - epoch=617 train_loss=0.8902 val_loss=0.6652
2026-01-19 11:45:46,218 - INFO - epoch=618 train_loss=0.8864 val_loss=0.7064
2026-01-19 11:45:48,297 - INFO - epoch=619 train_loss=0.8977 val_loss=0.7529
2026-01-19 11:45:50,421 - INFO - epoch=620 train_loss=0.8998 val_loss=0.6931
2026-01-19 11:45:52,479 - INFO - epoch=621 train_loss=0.8893 val_loss=0.8135
2026-01-19 11:45:54,547 - INFO - epoch=622 train_loss=0.8974 val_loss=0.7143
2026-01-19 11:45:56,567 - INFO - epoch=623 train_loss=0.8956 val_loss=0.6557
2026-01-19 11:45:58,663 - INFO - epoch=624 train_loss=0.8921 val_loss=0.6914
2026-01-19 11:46:00,775 - INFO - epoch=625 train_loss=0.8967 val_loss=0.7099
2026-01-19 11:46:02,852 - INFO - epoch=626 train_loss=0.8802 val_loss=0.7080
2026-01-19 11:46:04,914 - INFO - epoch=627 train_loss=0.8838 val_loss=0.6697
2026-01-19 11:46:06,969 - INFO - epoch=628 train_loss=0.8878 val_loss=0.7166
2026-01-19 11:46:09,043 - INFO - epoch=629 train_loss=0.8842 val_loss=0.7167
2026-01-19 11:46:11,106 - INFO - epoch=630 train_loss=0.8804 val_loss=0.7394
2026-01-19 11:46:13,166 - INFO - epoch=631 train_loss=0.8842 val_loss=0.6648
2026-01-19 11:46:15,273 - INFO - epoch=632 train_loss=0.8919 val_loss=0.7237
2026-01-19 11:46:17,334 - INFO - epoch=633 train_loss=0.8792 val_loss=0.7004
2026-01-19 11:46:19,440 - INFO - epoch=634 train_loss=0.8882 val_loss=0.6653
2026-01-19 11:46:21,539 - INFO - epoch=635 train_loss=0.8795 val_loss=0.7477
2026-01-19 11:46:23,683 - INFO - epoch=636 train_loss=0.8779 val_loss=0.7009
2026-01-19 11:46:26,039 - INFO - epoch=637 train_loss=0.8865 val_loss=0.7584
2026-01-19 11:46:28,219 - INFO - epoch=638 train_loss=0.8751 val_loss=0.6900
2026-01-19 11:46:30,345 - INFO - epoch=639 train_loss=0.8822 val_loss=0.7434
2026-01-19 11:46:32,387 - INFO - epoch=640 train_loss=0.8781 val_loss=0.6779
2026-01-19 11:46:34,594 - INFO - epoch=641 train_loss=0.8781 val_loss=0.7260
2026-01-19 11:46:36,708 - INFO - epoch=642 train_loss=0.8773 val_loss=0.7056
2026-01-19 11:46:38,675 - INFO - epoch=643 train_loss=0.8760 val_loss=0.7216
2026-01-19 11:46:40,715 - INFO - epoch=644 train_loss=0.8841 val_loss=0.6661
2026-01-19 11:46:42,773 - INFO - epoch=645 train_loss=0.8783 val_loss=0.6928
2026-01-19 11:46:44,753 - INFO - epoch=646 train_loss=0.8837 val_loss=0.6985
2026-01-19 11:46:46,830 - INFO - epoch=647 train_loss=0.8792 val_loss=0.7175
2026-01-19 11:46:48,919 - INFO - epoch=648 train_loss=0.8860 val_loss=0.7332
2026-01-19 11:46:50,918 - INFO - epoch=649 train_loss=0.8800 val_loss=0.6731
2026-01-19 11:46:52,915 - INFO - epoch=650 train_loss=0.8777 val_loss=0.7172
2026-01-19 11:46:54,881 - INFO - epoch=651 train_loss=0.8802 val_loss=0.6913
2026-01-19 11:46:56,831 - INFO - epoch=652 train_loss=0.8789 val_loss=0.7089
2026-01-19 11:46:58,802 - INFO - epoch=653 train_loss=0.8802 val_loss=0.6872
2026-01-19 11:47:00,731 - INFO - epoch=654 train_loss=0.8783 val_loss=0.7138
2026-01-19 11:47:02,685 - INFO - epoch=655 train_loss=0.8722 val_loss=0.7099
2026-01-19 11:47:04,641 - INFO - epoch=656 train_loss=0.8739 val_loss=0.7171
2026-01-19 11:47:06,590 - INFO - epoch=657 train_loss=0.8778 val_loss=0.7081
2026-01-19 11:47:08,525 - INFO - epoch=658 train_loss=0.8764 val_loss=0.7191
2026-01-19 11:47:10,442 - INFO - epoch=659 train_loss=0.8764 val_loss=0.7101
2026-01-19 11:47:12,403 - INFO - epoch=660 train_loss=0.8688 val_loss=0.7025
2026-01-19 11:47:14,401 - INFO - epoch=661 train_loss=0.8696 val_loss=0.7177
2026-01-19 11:47:16,320 - INFO - epoch=662 train_loss=0.8746 val_loss=0.6999
2026-01-19 11:47:18,240 - INFO - epoch=663 train_loss=0.8811 val_loss=0.6907
2026-01-19 11:47:20,201 - INFO - epoch=664 train_loss=0.8765 val_loss=0.6523
2026-01-19 11:47:22,139 - INFO - epoch=665 train_loss=0.8693 val_loss=0.6877
2026-01-19 11:47:24,032 - INFO - epoch=666 train_loss=0.8730 val_loss=0.7326
2026-01-19 11:47:26,101 - INFO - epoch=667 train_loss=0.8747 val_loss=0.7447
2026-01-19 11:47:28,091 - INFO - epoch=668 train_loss=0.8647 val_loss=0.7165
2026-01-19 11:47:30,085 - INFO - epoch=669 train_loss=0.8789 val_loss=0.7479
2026-01-19 11:47:32,090 - INFO - epoch=670 train_loss=0.8829 val_loss=0.6660
2026-01-19 11:47:34,142 - INFO - epoch=671 train_loss=0.8695 val_loss=0.6621
2026-01-19 11:47:36,245 - INFO - epoch=672 train_loss=0.8744 val_loss=0.6790
2026-01-19 11:47:38,375 - INFO - epoch=673 train_loss=0.8676 val_loss=0.7450
2026-01-19 11:47:40,430 - INFO - epoch=674 train_loss=0.8700 val_loss=0.6713
2026-01-19 11:47:42,403 - INFO - epoch=675 train_loss=0.8681 val_loss=0.6880
2026-01-19 11:47:44,494 - INFO - epoch=676 train_loss=0.8669 val_loss=0.6744
2026-01-19 11:47:46,579 - INFO - epoch=677 train_loss=0.8701 val_loss=0.7807
2026-01-19 11:47:48,691 - INFO - epoch=678 train_loss=0.8685 val_loss=0.7442
2026-01-19 11:47:50,813 - INFO - epoch=679 train_loss=0.8745 val_loss=0.7072
2026-01-19 11:47:52,859 - INFO - epoch=680 train_loss=0.8692 val_loss=0.6631
2026-01-19 11:47:54,933 - INFO - epoch=681 train_loss=0.8711 val_loss=0.6877
2026-01-19 11:47:57,006 - INFO - epoch=682 train_loss=0.8783 val_loss=0.6781
2026-01-19 11:47:59,130 - INFO - epoch=683 train_loss=0.8693 val_loss=0.7213
2026-01-19 11:48:01,229 - INFO - epoch=684 train_loss=0.8659 val_loss=0.6694
2026-01-19 11:48:03,363 - INFO - epoch=685 train_loss=0.8728 val_loss=0.6709
2026-01-19 11:48:05,489 - INFO - epoch=686 train_loss=0.8695 val_loss=0.6691
2026-01-19 11:48:07,615 - INFO - epoch=687 train_loss=0.8725 val_loss=0.7111
2026-01-19 11:48:09,691 - INFO - epoch=688 train_loss=0.8664 val_loss=0.6469
2026-01-19 11:48:11,822 - INFO - epoch=689 train_loss=0.8677 val_loss=0.7330
2026-01-19 11:48:14,137 - INFO - epoch=690 train_loss=0.8643 val_loss=0.6689
2026-01-19 11:48:16,393 - INFO - epoch=691 train_loss=0.8710 val_loss=0.7305
2026-01-19 11:48:18,426 - INFO - epoch=692 train_loss=0.8667 val_loss=0.6580
2026-01-19 11:48:20,552 - INFO - epoch=693 train_loss=0.8649 val_loss=0.7150
2026-01-19 11:48:22,684 - INFO - epoch=694 train_loss=0.8613 val_loss=0.7398
2026-01-19 11:48:24,737 - INFO - epoch=695 train_loss=0.8694 val_loss=0.6829
2026-01-19 11:48:26,829 - INFO - epoch=696 train_loss=0.8616 val_loss=0.7727
2026-01-19 11:48:28,871 - INFO - epoch=697 train_loss=0.8647 val_loss=0.7216
2026-01-19 11:48:30,898 - INFO - epoch=698 train_loss=0.8683 val_loss=0.7079
2026-01-19 11:48:32,939 - INFO - epoch=699 train_loss=0.8699 val_loss=0.6957
2026-01-19 11:48:34,958 - INFO - epoch=700 train_loss=0.8636 val_loss=0.6756
2026-01-19 11:48:37,144 - INFO - epoch=701 train_loss=0.8778 val_loss=0.6209
2026-01-19 11:48:39,212 - INFO - epoch=702 train_loss=0.8739 val_loss=0.6890
2026-01-19 11:48:41,197 - INFO - epoch=703 train_loss=0.8656 val_loss=0.7025
2026-01-19 11:48:43,186 - INFO - epoch=704 train_loss=0.8605 val_loss=0.6492
2026-01-19 11:48:45,264 - INFO - epoch=705 train_loss=0.8597 val_loss=0.7118
2026-01-19 11:48:47,265 - INFO - epoch=706 train_loss=0.8696 val_loss=0.6553
2026-01-19 11:48:49,275 - INFO - epoch=707 train_loss=0.8702 val_loss=0.7375
2026-01-19 11:48:51,206 - INFO - epoch=708 train_loss=0.8617 val_loss=0.6560
2026-01-19 11:48:53,151 - INFO - epoch=709 train_loss=0.8650 val_loss=0.6597
2026-01-19 11:48:55,105 - INFO - epoch=710 train_loss=0.8652 val_loss=0.6760
2026-01-19 11:48:57,042 - INFO - epoch=711 train_loss=0.8642 val_loss=0.7052
2026-01-19 11:48:58,962 - INFO - epoch=712 train_loss=0.8709 val_loss=0.7205
2026-01-19 11:49:00,881 - INFO - epoch=713 train_loss=0.8603 val_loss=0.6821
2026-01-19 11:49:02,795 - INFO - epoch=714 train_loss=0.8610 val_loss=0.7158
2026-01-19 11:49:04,763 - INFO - epoch=715 train_loss=0.8588 val_loss=0.6749
2026-01-19 11:49:06,685 - INFO - epoch=716 train_loss=0.8620 val_loss=0.6589
2026-01-19 11:49:08,615 - INFO - epoch=717 train_loss=0.8529 val_loss=0.6765
2026-01-19 11:49:10,524 - INFO - epoch=718 train_loss=0.8592 val_loss=0.6654
2026-01-19 11:49:12,573 - INFO - epoch=719 train_loss=0.8599 val_loss=0.6880
2026-01-19 11:49:14,547 - INFO - epoch=720 train_loss=0.8523 val_loss=0.6673
2026-01-19 11:49:16,617 - INFO - epoch=721 train_loss=0.8637 val_loss=0.6254
2026-01-19 11:49:18,625 - INFO - epoch=722 train_loss=0.8559 val_loss=0.7251
2026-01-19 11:49:20,687 - INFO - epoch=723 train_loss=0.8599 val_loss=0.6602
2026-01-19 11:49:22,731 - INFO - epoch=724 train_loss=0.8605 val_loss=0.6624
2026-01-19 11:49:24,825 - INFO - epoch=725 train_loss=0.8564 val_loss=0.6202
2026-01-19 11:49:26,869 - INFO - epoch=726 train_loss=0.8583 val_loss=0.6833
2026-01-19 11:49:28,911 - INFO - epoch=727 train_loss=0.8662 val_loss=0.7838
2026-01-19 11:49:30,965 - INFO - epoch=728 train_loss=0.8635 val_loss=0.6504
2026-01-19 11:49:32,973 - INFO - epoch=729 train_loss=0.8562 val_loss=0.6977
2026-01-19 11:49:35,060 - INFO - epoch=730 train_loss=0.8573 val_loss=0.6888
2026-01-19 11:49:37,074 - INFO - epoch=731 train_loss=0.8598 val_loss=0.6781
2026-01-19 11:49:39,095 - INFO - epoch=732 train_loss=0.8642 val_loss=0.6550
2026-01-19 11:49:41,133 - INFO - epoch=733 train_loss=0.8518 val_loss=0.6774
2026-01-19 11:49:43,276 - INFO - epoch=734 train_loss=0.8599 val_loss=0.6221
2026-01-19 11:49:45,366 - INFO - epoch=735 train_loss=0.8522 val_loss=0.6912
2026-01-19 11:49:47,470 - INFO - epoch=736 train_loss=0.8592 val_loss=0.6699
2026-01-19 11:49:49,563 - INFO - epoch=737 train_loss=0.8588 val_loss=0.6789
2026-01-19 11:49:51,761 - INFO - epoch=738 train_loss=0.8535 val_loss=0.6407
2026-01-19 11:49:53,823 - INFO - epoch=739 train_loss=0.8503 val_loss=0.6407
2026-01-19 11:49:56,011 - INFO - epoch=740 train_loss=0.8511 val_loss=0.7085
2026-01-19 11:49:58,271 - INFO - epoch=741 train_loss=0.8526 val_loss=0.6695
2026-01-19 11:50:00,459 - INFO - epoch=742 train_loss=0.8512 val_loss=0.6688
2026-01-19 11:50:02,523 - INFO - epoch=743 train_loss=0.8558 val_loss=0.6304
2026-01-19 11:50:04,659 - INFO - epoch=744 train_loss=0.8595 val_loss=0.6899
2026-01-19 11:50:06,660 - INFO - epoch=745 train_loss=0.8525 val_loss=0.6762
2026-01-19 11:50:08,982 - INFO - epoch=746 train_loss=0.8551 val_loss=0.6727
2026-01-19 11:50:11,020 - INFO - epoch=747 train_loss=0.8570 val_loss=0.6421
2026-01-19 11:50:13,139 - INFO - epoch=748 train_loss=0.8538 val_loss=0.7134
2026-01-19 11:50:15,345 - INFO - epoch=749 train_loss=0.8527 val_loss=0.7366
2026-01-19 11:50:17,363 - INFO - epoch=750 train_loss=0.8624 val_loss=0.6482
2026-01-19 11:50:19,407 - INFO - epoch=751 train_loss=0.8571 val_loss=0.6844
2026-01-19 11:50:21,547 - INFO - epoch=752 train_loss=0.8483 val_loss=0.7405
2026-01-19 11:50:23,593 - INFO - epoch=753 train_loss=0.8436 val_loss=0.6791
2026-01-19 11:50:25,636 - INFO - epoch=754 train_loss=0.8431 val_loss=0.6028
2026-01-19 11:50:27,687 - INFO - epoch=755 train_loss=0.8450 val_loss=0.6302
2026-01-19 11:50:29,696 - INFO - epoch=756 train_loss=0.8460 val_loss=0.6575
2026-01-19 11:50:31,688 - INFO - epoch=757 train_loss=0.8540 val_loss=0.7097
2026-01-19 11:50:33,682 - INFO - epoch=758 train_loss=0.8513 val_loss=0.7104
2026-01-19 11:50:35,676 - INFO - epoch=759 train_loss=0.8507 val_loss=0.6524
2026-01-19 11:50:37,658 - INFO - epoch=760 train_loss=0.8545 val_loss=0.6570
2026-01-19 11:50:39,691 - INFO - epoch=761 train_loss=0.8577 val_loss=0.6865
2026-01-19 11:50:41,636 - INFO - epoch=762 train_loss=0.8470 val_loss=0.6990
2026-01-19 11:50:43,582 - INFO - epoch=763 train_loss=0.8506 val_loss=0.6120
2026-01-19 11:50:45,529 - INFO - epoch=764 train_loss=0.8509 val_loss=0.7220
2026-01-19 11:50:47,479 - INFO - epoch=765 train_loss=0.8512 val_loss=0.6885
2026-01-19 11:50:49,403 - INFO - epoch=766 train_loss=0.8451 val_loss=0.6395
2026-01-19 11:50:51,360 - INFO - epoch=767 train_loss=0.8477 val_loss=0.7273
2026-01-19 11:50:53,418 - INFO - epoch=768 train_loss=0.8448 val_loss=0.6738
2026-01-19 11:50:55,387 - INFO - epoch=769 train_loss=0.8498 val_loss=0.6343
2026-01-19 11:50:57,361 - INFO - epoch=770 train_loss=0.8526 val_loss=0.6257
2026-01-19 11:50:59,342 - INFO - epoch=771 train_loss=0.8500 val_loss=0.6665
2026-01-19 11:51:01,416 - INFO - epoch=772 train_loss=0.8447 val_loss=0.6700
2026-01-19 11:51:03,490 - INFO - epoch=773 train_loss=0.8446 val_loss=0.6202
2026-01-19 11:51:05,572 - INFO - epoch=774 train_loss=0.8519 val_loss=0.7061
2026-01-19 11:51:07,607 - INFO - epoch=775 train_loss=0.8458 val_loss=0.6723
2026-01-19 11:51:09,650 - INFO - epoch=776 train_loss=0.8505 val_loss=0.7032
2026-01-19 11:51:11,684 - INFO - epoch=777 train_loss=0.8463 val_loss=0.6723
2026-01-19 11:51:13,893 - INFO - epoch=778 train_loss=0.8492 val_loss=0.6675
2026-01-19 11:51:15,946 - INFO - epoch=779 train_loss=0.8513 val_loss=0.6628
2026-01-19 11:51:17,983 - INFO - epoch=780 train_loss=0.8476 val_loss=0.6745
2026-01-19 11:51:20,095 - INFO - epoch=781 train_loss=0.8516 val_loss=0.6467
2026-01-19 11:51:22,165 - INFO - epoch=782 train_loss=0.8524 val_loss=0.6975
2026-01-19 11:51:24,261 - INFO - epoch=783 train_loss=0.8451 val_loss=0.6608
2026-01-19 11:51:26,359 - INFO - epoch=784 train_loss=0.8485 val_loss=0.6285
2026-01-19 11:51:28,402 - INFO - epoch=785 train_loss=0.8420 val_loss=0.6820
2026-01-19 11:51:30,556 - INFO - epoch=786 train_loss=0.8475 val_loss=0.6747
2026-01-19 11:51:32,689 - INFO - epoch=787 train_loss=0.8454 val_loss=0.6999
2026-01-19 11:51:34,920 - INFO - epoch=788 train_loss=0.8524 val_loss=0.7518
2026-01-19 11:51:37,136 - INFO - epoch=789 train_loss=0.8408 val_loss=0.6503
2026-01-19 11:51:39,261 - INFO - epoch=790 train_loss=0.8422 val_loss=0.6735
2026-01-19 11:51:41,445 - INFO - epoch=791 train_loss=0.8498 val_loss=0.7051
2026-01-19 11:51:43,750 - INFO - epoch=792 train_loss=0.8477 val_loss=0.6187
2026-01-19 11:51:45,805 - INFO - epoch=793 train_loss=0.8446 val_loss=0.6245
2026-01-19 11:51:47,972 - INFO - epoch=794 train_loss=0.8403 val_loss=0.6701
2026-01-19 11:51:50,091 - INFO - epoch=795 train_loss=0.8397 val_loss=0.6748
2026-01-19 11:51:52,089 - INFO - epoch=796 train_loss=0.8378 val_loss=0.7186
2026-01-19 11:51:54,169 - INFO - epoch=797 train_loss=0.8478 val_loss=0.6628
2026-01-19 11:51:56,172 - INFO - epoch=798 train_loss=0.8436 val_loss=0.6077
2026-01-19 11:51:58,184 - INFO - epoch=799 train_loss=0.8431 val_loss=0.6877
2026-01-19 11:52:00,172 - INFO - epoch=800 train_loss=0.8458 val_loss=0.6631
2026-01-19 11:52:02,232 - INFO - epoch=801 train_loss=0.8529 val_loss=0.6636
2026-01-19 11:52:04,188 - INFO - epoch=802 train_loss=0.8383 val_loss=0.6518
2026-01-19 11:52:06,129 - INFO - epoch=803 train_loss=0.8473 val_loss=0.7248
2026-01-19 11:52:08,084 - INFO - epoch=804 train_loss=0.8407 val_loss=0.6843
2026-01-19 11:52:10,038 - INFO - epoch=805 train_loss=0.8359 val_loss=0.6568
2026-01-19 11:52:11,951 - INFO - epoch=806 train_loss=0.8431 val_loss=0.6726
2026-01-19 11:52:13,867 - INFO - epoch=807 train_loss=0.8377 val_loss=0.6869
2026-01-19 11:52:15,802 - INFO - epoch=808 train_loss=0.8363 val_loss=0.6594
2026-01-19 11:52:17,757 - INFO - epoch=809 train_loss=0.8293 val_loss=0.6324
2026-01-19 11:52:19,735 - INFO - epoch=810 train_loss=0.8346 val_loss=0.6860
2026-01-19 11:52:21,633 - INFO - epoch=811 train_loss=0.8405 val_loss=0.6477
2026-01-19 11:52:23,691 - INFO - epoch=812 train_loss=0.8494 val_loss=0.6619
2026-01-19 11:52:25,661 - INFO - epoch=813 train_loss=0.8403 val_loss=0.6177
2026-01-19 11:52:27,630 - INFO - epoch=814 train_loss=0.8421 val_loss=0.6704
2026-01-19 11:52:29,637 - INFO - epoch=815 train_loss=0.8375 val_loss=0.6283
2026-01-19 11:52:31,709 - INFO - epoch=816 train_loss=0.8381 val_loss=0.6468
2026-01-19 11:52:33,829 - INFO - epoch=817 train_loss=0.8395 val_loss=0.6282
2026-01-19 11:52:35,914 - INFO - epoch=818 train_loss=0.8304 val_loss=0.6317
2026-01-19 11:52:37,904 - INFO - epoch=819 train_loss=0.8447 val_loss=0.6208
2026-01-19 11:52:39,954 - INFO - epoch=820 train_loss=0.8364 val_loss=0.6698
2026-01-19 11:52:42,104 - INFO - epoch=821 train_loss=0.8400 val_loss=0.6313
2026-01-19 11:52:44,116 - INFO - epoch=822 train_loss=0.8329 val_loss=0.5935
2026-01-19 11:52:46,199 - INFO - epoch=823 train_loss=0.8341 val_loss=0.6808
2026-01-19 11:52:48,359 - INFO - epoch=824 train_loss=0.8386 val_loss=0.6625
2026-01-19 11:52:50,495 - INFO - epoch=825 train_loss=0.8420 val_loss=0.6603
2026-01-19 11:52:52,545 - INFO - epoch=826 train_loss=0.8376 val_loss=0.6263
2026-01-19 11:52:54,595 - INFO - epoch=827 train_loss=0.8357 val_loss=0.6148
2026-01-19 11:52:56,674 - INFO - epoch=828 train_loss=0.8323 val_loss=0.6105
2026-01-19 11:52:58,847 - INFO - epoch=829 train_loss=0.8411 val_loss=0.6139
2026-01-19 11:53:00,890 - INFO - epoch=830 train_loss=0.8329 val_loss=0.6407
2026-01-19 11:53:02,938 - INFO - epoch=831 train_loss=0.8350 val_loss=0.6763
2026-01-19 11:53:05,054 - INFO - epoch=832 train_loss=0.8362 val_loss=0.6277
2026-01-19 11:53:07,233 - INFO - epoch=833 train_loss=0.8295 val_loss=0.6289
2026-01-19 11:53:09,272 - INFO - epoch=834 train_loss=0.8329 val_loss=0.6723
2026-01-19 11:53:11,412 - INFO - epoch=835 train_loss=0.8360 val_loss=0.6781
2026-01-19 11:53:13,724 - INFO - epoch=836 train_loss=0.8430 val_loss=0.5976
2026-01-19 11:53:15,985 - INFO - epoch=837 train_loss=0.8356 val_loss=0.6593
2026-01-19 11:53:18,133 - INFO - epoch=838 train_loss=0.8407 val_loss=0.6268
2026-01-19 11:53:20,202 - INFO - epoch=839 train_loss=0.8373 val_loss=0.6211
2026-01-19 11:53:22,419 - INFO - epoch=840 train_loss=0.8291 val_loss=0.6941
2026-01-19 11:53:24,495 - INFO - epoch=841 train_loss=0.8306 val_loss=0.6433
2026-01-19 11:53:26,516 - INFO - epoch=842 train_loss=0.8226 val_loss=0.6614
2026-01-19 11:53:28,611 - INFO - epoch=843 train_loss=0.8353 val_loss=0.6554
2026-01-19 11:53:30,694 - INFO - epoch=844 train_loss=0.8327 val_loss=0.6536
2026-01-19 11:53:32,719 - INFO - epoch=845 train_loss=0.8312 val_loss=0.6141
2026-01-19 11:53:34,779 - INFO - epoch=846 train_loss=0.8376 val_loss=0.6039
2026-01-19 11:53:36,775 - INFO - epoch=847 train_loss=0.8407 val_loss=0.6625
2026-01-19 11:53:38,792 - INFO - epoch=848 train_loss=0.8275 val_loss=0.6635
2026-01-19 11:53:40,745 - INFO - epoch=849 train_loss=0.8256 val_loss=0.6854
2026-01-19 11:53:42,711 - INFO - epoch=850 train_loss=0.8356 val_loss=0.6122
2026-01-19 11:53:44,694 - INFO - epoch=851 train_loss=0.8298 val_loss=0.6559
2026-01-19 11:53:46,648 - INFO - epoch=852 train_loss=0.8286 val_loss=0.6151
2026-01-19 11:53:48,591 - INFO - epoch=853 train_loss=0.8292 val_loss=0.6167
2026-01-19 11:53:50,571 - INFO - epoch=854 train_loss=0.8303 val_loss=0.6910
2026-01-19 11:53:52,499 - INFO - epoch=855 train_loss=0.8275 val_loss=0.6221
2026-01-19 11:53:54,437 - INFO - epoch=856 train_loss=0.8360 val_loss=0.6312
2026-01-19 11:53:56,410 - INFO - epoch=857 train_loss=0.8263 val_loss=0.6056
2026-01-19 11:53:58,358 - INFO - epoch=858 train_loss=0.8301 val_loss=0.5855
2026-01-19 11:54:00,331 - INFO - epoch=859 train_loss=0.8291 val_loss=0.6479
2026-01-19 11:54:02,285 - INFO - epoch=860 train_loss=0.8330 val_loss=0.6954
2026-01-19 11:54:04,326 - INFO - epoch=861 train_loss=0.8205 val_loss=0.5831
2026-01-19 11:54:06,300 - INFO - epoch=862 train_loss=0.8246 val_loss=0.6154
2026-01-19 11:54:08,236 - INFO - epoch=863 train_loss=0.8305 val_loss=0.6503
2026-01-19 11:54:10,171 - INFO - epoch=864 train_loss=0.8280 val_loss=0.7310
2026-01-19 11:54:12,128 - INFO - epoch=865 train_loss=0.8191 val_loss=0.6175
2026-01-19 11:54:14,086 - INFO - epoch=866 train_loss=0.8368 val_loss=0.5853
2026-01-19 11:54:16,023 - INFO - epoch=867 train_loss=0.8291 val_loss=0.6333
2026-01-19 11:54:17,950 - INFO - epoch=868 train_loss=0.8223 val_loss=0.6435
2026-01-19 11:54:19,910 - INFO - epoch=869 train_loss=0.8343 val_loss=0.6640
2026-01-19 11:54:21,854 - INFO - epoch=870 train_loss=0.8361 val_loss=0.6276
2026-01-19 11:54:23,858 - INFO - epoch=871 train_loss=0.8264 val_loss=0.6229
2026-01-19 11:54:25,824 - INFO - epoch=872 train_loss=0.8314 val_loss=0.6386
2026-01-19 11:54:27,797 - INFO - epoch=873 train_loss=0.8308 val_loss=0.6175
2026-01-19 11:54:29,793 - INFO - epoch=874 train_loss=0.8242 val_loss=0.6100
2026-01-19 11:54:31,854 - INFO - epoch=875 train_loss=0.8401 val_loss=0.6422
2026-01-19 11:54:33,909 - INFO - epoch=876 train_loss=0.8372 val_loss=0.6330
2026-01-19 11:54:35,998 - INFO - epoch=877 train_loss=0.8315 val_loss=0.6657
2026-01-19 11:54:38,015 - INFO - epoch=878 train_loss=0.8264 val_loss=0.6502
2026-01-19 11:54:40,016 - INFO - epoch=879 train_loss=0.8239 val_loss=0.7099
2026-01-19 11:54:42,020 - INFO - epoch=880 train_loss=0.8249 val_loss=0.6255
2026-01-19 11:54:44,129 - INFO - epoch=881 train_loss=0.8291 val_loss=0.6309
2026-01-19 11:54:46,198 - INFO - epoch=882 train_loss=0.8281 val_loss=0.6243
2026-01-19 11:54:48,319 - INFO - epoch=883 train_loss=0.8349 val_loss=0.6130
2026-01-19 11:54:50,407 - INFO - epoch=884 train_loss=0.8258 val_loss=0.6308
2026-01-19 11:54:52,429 - INFO - epoch=885 train_loss=0.8342 val_loss=0.6206
2026-01-19 11:54:54,461 - INFO - epoch=886 train_loss=0.8393 val_loss=0.6555
2026-01-19 11:54:56,562 - INFO - epoch=887 train_loss=0.8297 val_loss=0.6843
2026-01-19 11:54:58,628 - INFO - epoch=888 train_loss=0.8158 val_loss=0.6612
2026-01-19 11:55:00,701 - INFO - epoch=889 train_loss=0.8206 val_loss=0.6913
2026-01-19 11:55:02,781 - INFO - epoch=890 train_loss=0.8220 val_loss=0.6111
2026-01-19 11:55:04,886 - INFO - epoch=891 train_loss=0.8185 val_loss=0.6524
2026-01-19 11:55:06,983 - INFO - epoch=892 train_loss=0.8265 val_loss=0.6424
2026-01-19 11:55:09,161 - INFO - epoch=893 train_loss=0.8291 val_loss=0.6803
2026-01-19 11:55:11,348 - INFO - epoch=894 train_loss=0.8252 val_loss=0.6401
2026-01-19 11:55:13,372 - INFO - epoch=895 train_loss=0.8368 val_loss=0.6132
2026-01-19 11:55:15,464 - INFO - epoch=896 train_loss=0.8324 val_loss=0.5826
2026-01-19 11:55:17,565 - INFO - epoch=897 train_loss=0.8220 val_loss=0.6830
2026-01-19 11:55:19,599 - INFO - epoch=898 train_loss=0.8255 val_loss=0.6215
2026-01-19 11:55:21,682 - INFO - epoch=899 train_loss=0.8238 val_loss=0.6775
2026-01-19 11:55:23,722 - INFO - epoch=900 train_loss=0.8201 val_loss=0.6450
2026-01-19 11:55:25,812 - INFO - epoch=901 train_loss=0.8211 val_loss=0.6146
2026-01-19 11:55:27,962 - INFO - epoch=902 train_loss=0.8199 val_loss=0.6587
2026-01-19 11:55:29,948 - INFO - epoch=903 train_loss=0.8162 val_loss=0.6382
2026-01-19 11:55:32,050 - INFO - epoch=904 train_loss=0.8170 val_loss=0.6644
2026-01-19 11:55:34,070 - INFO - epoch=905 train_loss=0.8266 val_loss=0.6731
2026-01-19 11:55:36,029 - INFO - epoch=906 train_loss=0.8240 val_loss=0.6048
2026-01-19 11:55:38,006 - INFO - epoch=907 train_loss=0.8157 val_loss=0.6589
2026-01-19 11:55:40,027 - INFO - epoch=908 train_loss=0.8240 val_loss=0.5993
2026-01-19 11:55:41,974 - INFO - epoch=909 train_loss=0.8170 val_loss=0.6678
2026-01-19 11:55:44,075 - INFO - epoch=910 train_loss=0.8226 val_loss=0.6242
2026-01-19 11:55:46,032 - INFO - epoch=911 train_loss=0.8258 val_loss=0.6677
2026-01-19 11:55:48,011 - INFO - epoch=912 train_loss=0.8201 val_loss=0.6032
2026-01-19 11:55:49,972 - INFO - epoch=913 train_loss=0.8191 val_loss=0.6505
2026-01-19 11:55:51,952 - INFO - epoch=914 train_loss=0.8231 val_loss=0.6399
2026-01-19 11:55:53,937 - INFO - epoch=915 train_loss=0.8178 val_loss=0.7097
2026-01-19 11:55:55,913 - INFO - epoch=916 train_loss=0.8137 val_loss=0.5971
2026-01-19 11:55:57,859 - INFO - epoch=917 train_loss=0.8222 val_loss=0.6648
2026-01-19 11:55:59,781 - INFO - epoch=918 train_loss=0.8152 val_loss=0.6171
2026-01-19 11:56:01,700 - INFO - epoch=919 train_loss=0.8155 val_loss=0.6402
2026-01-19 11:56:03,642 - INFO - epoch=920 train_loss=0.8251 val_loss=0.6068
2026-01-19 11:56:05,691 - INFO - epoch=921 train_loss=0.8253 val_loss=0.6444
2026-01-19 11:56:07,656 - INFO - epoch=922 train_loss=0.8202 val_loss=0.6427
2026-01-19 11:56:09,580 - INFO - epoch=923 train_loss=0.8249 val_loss=0.7482
2026-01-19 11:56:11,500 - INFO - epoch=924 train_loss=0.8261 val_loss=0.6597
2026-01-19 11:56:13,454 - INFO - epoch=925 train_loss=0.8210 val_loss=0.6327
2026-01-19 11:56:15,403 - INFO - epoch=926 train_loss=0.8161 val_loss=0.6434
2026-01-19 11:56:17,371 - INFO - epoch=927 train_loss=0.8215 val_loss=0.5958
2026-01-19 11:56:19,341 - INFO - epoch=928 train_loss=0.8148 val_loss=0.6773
2026-01-19 11:56:21,321 - INFO - epoch=929 train_loss=0.8169 val_loss=0.6225
2026-01-19 11:56:23,303 - INFO - epoch=930 train_loss=0.8157 val_loss=0.6422
2026-01-19 11:56:25,416 - INFO - epoch=931 train_loss=0.8113 val_loss=0.6680
2026-01-19 11:56:27,514 - INFO - epoch=932 train_loss=0.8176 val_loss=0.6776
2026-01-19 11:56:29,612 - INFO - epoch=933 train_loss=0.8230 val_loss=0.6910
2026-01-19 11:56:31,605 - INFO - epoch=934 train_loss=0.8278 val_loss=0.6430
2026-01-19 11:56:33,649 - INFO - epoch=935 train_loss=0.8279 val_loss=0.6568
2026-01-19 11:56:35,669 - INFO - epoch=936 train_loss=0.8165 val_loss=0.5937
2026-01-19 11:56:37,739 - INFO - epoch=937 train_loss=0.8196 val_loss=0.6669
2026-01-19 11:56:39,920 - INFO - epoch=938 train_loss=0.8140 val_loss=0.5944
2026-01-19 11:56:41,949 - INFO - epoch=939 train_loss=0.8240 val_loss=0.6082
2026-01-19 11:56:43,954 - INFO - epoch=940 train_loss=0.8142 val_loss=0.6617
2026-01-19 11:56:46,085 - INFO - epoch=941 train_loss=0.8235 val_loss=0.6100
2026-01-19 11:56:48,172 - INFO - epoch=942 train_loss=0.8186 val_loss=0.6594
2026-01-19 11:56:50,251 - INFO - epoch=943 train_loss=0.8162 val_loss=0.6050
2026-01-19 11:56:52,323 - INFO - epoch=944 train_loss=0.8128 val_loss=0.6884
2026-01-19 11:56:54,452 - INFO - epoch=945 train_loss=0.8198 val_loss=0.6488
2026-01-19 11:56:56,510 - INFO - epoch=946 train_loss=0.8146 val_loss=0.6935
2026-01-19 11:56:58,565 - INFO - epoch=947 train_loss=0.8233 val_loss=0.6090
2026-01-19 11:57:00,806 - INFO - epoch=948 train_loss=0.8119 val_loss=0.6077
2026-01-19 11:57:03,032 - INFO - epoch=949 train_loss=0.8201 val_loss=0.6329
2026-01-19 11:57:05,316 - INFO - epoch=950 train_loss=0.8287 val_loss=0.6255
2026-01-19 11:57:07,525 - INFO - epoch=951 train_loss=0.8183 val_loss=0.6100
2026-01-19 11:57:09,556 - INFO - epoch=952 train_loss=0.8105 val_loss=0.6216
2026-01-19 11:57:11,777 - INFO - epoch=953 train_loss=0.8163 val_loss=0.6217
2026-01-19 11:57:13,817 - INFO - epoch=954 train_loss=0.8116 val_loss=0.6281
2026-01-19 11:57:15,941 - INFO - epoch=955 train_loss=0.8083 val_loss=0.6009
2026-01-19 11:57:17,950 - INFO - epoch=956 train_loss=0.8132 val_loss=0.6083
2026-01-19 11:57:20,063 - INFO - epoch=957 train_loss=0.8123 val_loss=0.6777
2026-01-19 11:57:22,091 - INFO - epoch=958 train_loss=0.8086 val_loss=0.5876
2026-01-19 11:57:24,092 - INFO - epoch=959 train_loss=0.7993 val_loss=0.6403
2026-01-19 11:57:26,085 - INFO - epoch=960 train_loss=0.8133 val_loss=0.7063
2026-01-19 11:57:28,213 - INFO - epoch=961 train_loss=0.8154 val_loss=0.6269
2026-01-19 11:57:30,268 - INFO - epoch=962 train_loss=0.8169 val_loss=0.6367
2026-01-19 11:57:32,264 - INFO - epoch=963 train_loss=0.8127 val_loss=0.6487
2026-01-19 11:57:34,261 - INFO - epoch=964 train_loss=0.8188 val_loss=0.5701
2026-01-19 11:57:36,263 - INFO - epoch=965 train_loss=0.8199 val_loss=0.6747
2026-01-19 11:57:38,199 - INFO - epoch=966 train_loss=0.8217 val_loss=0.5974
2026-01-19 11:57:40,140 - INFO - epoch=967 train_loss=0.8155 val_loss=0.6485
2026-01-19 11:57:42,143 - INFO - epoch=968 train_loss=0.8121 val_loss=0.5839
2026-01-19 11:57:44,121 - INFO - epoch=969 train_loss=0.8119 val_loss=0.6316
2026-01-19 11:57:46,061 - INFO - epoch=970 train_loss=0.8059 val_loss=0.5907
2026-01-19 11:57:48,045 - INFO - epoch=971 train_loss=0.8085 val_loss=0.6336
2026-01-19 11:57:49,991 - INFO - epoch=972 train_loss=0.8058 val_loss=0.6351
2026-01-19 11:57:51,934 - INFO - epoch=973 train_loss=0.8139 val_loss=0.6317
2026-01-19 11:57:53,901 - INFO - epoch=974 train_loss=0.8165 val_loss=0.6098
2026-01-19 11:57:55,869 - INFO - epoch=975 train_loss=0.8093 val_loss=0.6466
2026-01-19 11:57:57,819 - INFO - epoch=976 train_loss=0.8130 val_loss=0.6339
2026-01-19 11:57:59,836 - INFO - epoch=977 train_loss=0.8100 val_loss=0.6378
2026-01-19 11:58:01,810 - INFO - epoch=978 train_loss=0.8109 val_loss=0.6569
2026-01-19 11:58:03,785 - INFO - epoch=979 train_loss=0.8237 val_loss=0.6496
2026-01-19 11:58:05,767 - INFO - epoch=980 train_loss=0.8111 val_loss=0.5925
2026-01-19 11:58:07,821 - INFO - epoch=981 train_loss=0.8123 val_loss=0.6558
2026-01-19 11:58:09,840 - INFO - epoch=982 train_loss=0.8032 val_loss=0.6008
2026-01-19 11:58:12,027 - INFO - epoch=983 train_loss=0.8141 val_loss=0.6400
2026-01-19 11:58:14,146 - INFO - epoch=984 train_loss=0.8176 val_loss=0.5989
2026-01-19 11:58:16,198 - INFO - epoch=985 train_loss=0.8097 val_loss=0.6093
2026-01-19 11:58:18,262 - INFO - epoch=986 train_loss=0.8077 val_loss=0.6645
2026-01-19 11:58:20,334 - INFO - epoch=987 train_loss=0.8044 val_loss=0.6362
2026-01-19 11:58:22,489 - INFO - epoch=988 train_loss=0.8078 val_loss=0.6165
2026-01-19 11:58:24,518 - INFO - epoch=989 train_loss=0.8053 val_loss=0.6411
2026-01-19 11:58:26,551 - INFO - epoch=990 train_loss=0.8073 val_loss=0.6529
2026-01-19 11:58:28,635 - INFO - epoch=991 train_loss=0.8184 val_loss=0.6579
2026-01-19 11:58:30,739 - INFO - epoch=992 train_loss=0.8108 val_loss=0.5525
2026-01-19 11:58:32,911 - INFO - epoch=993 train_loss=0.8065 val_loss=0.6405
2026-01-19 11:58:34,956 - INFO - epoch=994 train_loss=0.8046 val_loss=0.6227
2026-01-19 11:58:36,985 - INFO - epoch=995 train_loss=0.8128 val_loss=0.6229
2026-01-19 11:58:39,047 - INFO - epoch=996 train_loss=0.8058 val_loss=0.6464
2026-01-19 11:58:41,118 - INFO - epoch=997 train_loss=0.8100 val_loss=0.5840
2026-01-19 11:58:43,276 - INFO - epoch=998 train_loss=0.8082 val_loss=0.6208
2026-01-19 11:58:45,564 - INFO - epoch=999 train_loss=0.8044 val_loss=0.6002
2026-01-19 11:58:47,720 - INFO - epoch=1000 train_loss=0.8112 val_loss=0.6224
2026-01-19 11:58:47,886 - INFO - saved: /home/jinlin/data/geoexplicit_data/experiments/icml2026_routegen/WAYCASD_STRICT_xattn_nL64_rustbelt_seed0_e1000/W7_train_flow/report.json
