2026-03-01 11:44:01,757 - INFO - device=cuda
2026-03-01 11:44:02,483 - INFO - split_json=/home/jinlin/data/geoexplicit_data/experiments/icml2026_routegen/WAYCASD0_waydata_porto_seed0/W5_way_routes_strict_gate/od_split_min3_max160_seed0_dev10p.json train_routes=108153 val_routes=13086 => train_idx=107706 val_idx=13041
2026-03-01 11:44:02,485 - INFO - routes: total=1343467 train=107706 val=13041 min_hops=5 max_way_len=160
/home/jinlin/miniconda3/envs/dpl/lib/python3.11/site-packages/torch/nn/modules/transformer.py:392: UserWarning: enable_nested_tensor is True, but self.use_nested_tensor is False because encoder_layer.norm_first was True
  warnings.warn(
2026-03-01 11:44:07,401 - INFO - init best_val_loss=3.183109 from current weights (epoch=0)
2026-03-01 11:45:24,311 - INFO - epoch=1 train_loss=2.6103(ce=2.6103 kl=1979.4333 β=0.0000) train_acc=0.160 val_loss=2.3600(ce=2.3600 kl=1051.1231 β=0.0000) val_acc=0.237
2026-03-01 11:46:48,368 - INFO - epoch=2 train_loss=2.3474(ce=2.3047 kl=123.8329 β=0.0003) train_acc=0.241 val_loss=2.1649(ce=2.1264 kl=111.7055 β=0.0003) val_acc=0.292
2026-03-01 11:48:14,700 - INFO - epoch=3 train_loss=2.1683(ce=2.1063 kl=89.9540 β=0.0007) train_acc=0.294 val_loss=1.9936(ce=1.9296 kl=92.7896 β=0.0007) val_acc=0.354
2026-03-01 11:49:41,737 - INFO - epoch=4 train_loss=2.0425(ce=1.9591 kl=80.6053 β=0.0010) train_acc=0.339 val_loss=1.8759(ce=1.7906 kl=82.4714 β=0.0010) val_acc=0.401
2026-03-01 11:51:09,026 - INFO - epoch=5 train_loss=1.9511(ce=1.8496 kl=73.5761 β=0.0014) train_acc=0.376 val_loss=1.7650(ce=1.6634 kl=73.6651 β=0.0014) val_acc=0.443
2026-03-01 11:52:36,314 - INFO - epoch=6 train_loss=1.8810(ce=1.7648 kl=67.3813 β=0.0017) train_acc=0.405 val_loss=1.6993(ce=1.5817 kl=68.1863 β=0.0017) val_acc=0.473
2026-03-01 11:54:03,150 - INFO - epoch=7 train_loss=1.8225(ce=1.6949 kl=61.7075 β=0.0021) train_acc=0.428 val_loss=1.6242(ce=1.4935 kl=63.1798 β=0.0021) val_acc=0.501
2026-03-01 11:55:30,222 - INFO - epoch=8 train_loss=1.7605(ce=1.6243 kl=56.3941 β=0.0024) train_acc=0.452 val_loss=1.5533(ce=1.4170 kl=56.4699 β=0.0024) val_acc=0.529
2026-03-01 11:56:57,359 - INFO - epoch=9 train_loss=1.6568(ce=1.5170 kl=50.6896 β=0.0028) train_acc=0.486 val_loss=1.4100(ce=1.2734 kl=49.5300 β=0.0028) val_acc=0.571
2026-03-01 11:58:24,239 - INFO - epoch=10 train_loss=1.5431(ce=1.4026 kl=45.2481 β=0.0031) train_acc=0.522 val_loss=1.3441(ce=1.2012 kl=46.0451 β=0.0031) val_acc=0.593
2026-03-01 11:59:51,162 - INFO - epoch=11 train_loss=1.4550(ce=1.3148 kl=40.6561 β=0.0034) train_acc=0.550 val_loss=1.2696(ce=1.1294 kl=40.6701 β=0.0034) val_acc=0.613
2026-03-01 12:01:18,104 - INFO - epoch=12 train_loss=1.3909(ce=1.2509 kl=36.9143 β=0.0038) train_acc=0.572 val_loss=1.1995(ce=1.0623 kl=36.1701 β=0.0038) val_acc=0.637
2026-03-01 12:02:44,975 - INFO - epoch=13 train_loss=1.3457(ce=1.2066 kl=33.6106 β=0.0041) train_acc=0.586 val_loss=1.1711(ce=1.0287 kl=34.4114 β=0.0041) val_acc=0.648
2026-03-01 12:04:11,969 - INFO - epoch=14 train_loss=1.3127(ce=1.1741 kl=30.9130 β=0.0045) train_acc=0.597 val_loss=1.1415(ce=1.0073 kl=29.9455 β=0.0045) val_acc=0.653
2026-03-01 12:05:38,881 - INFO - epoch=15 train_loss=1.2872(ce=1.1503 kl=28.3513 β=0.0048) train_acc=0.605 val_loss=1.1138(ce=0.9768 kl=28.3670 β=0.0048) val_acc=0.664
2026-03-01 12:07:05,799 - INFO - epoch=16 train_loss=1.2659(ce=1.1306 kl=26.1700 β=0.0052) train_acc=0.612 val_loss=1.1065(ce=0.9701 kl=26.3732 β=0.0052) val_acc=0.666
2026-03-01 12:08:32,634 - INFO - epoch=17 train_loss=1.2483(ce=1.1150 kl=24.1724 β=0.0055) train_acc=0.618 val_loss=1.0933(ce=0.9564 kl=24.8171 β=0.0055) val_acc=0.670
2026-03-01 12:09:59,545 - INFO - epoch=18 train_loss=1.2328(ce=1.1016 kl=22.3774 β=0.0059) train_acc=0.623 val_loss=1.0853(ce=0.9525 kl=22.6633 β=0.0059) val_acc=0.673
2026-03-01 12:11:26,366 - INFO - epoch=19 train_loss=1.2203(ce=1.0919 kl=20.6853 β=0.0062) train_acc=0.626 val_loss=1.0708(ce=0.9438 kl=20.4598 β=0.0062) val_acc=0.675
2026-03-01 12:12:53,253 - INFO - epoch=20 train_loss=1.2086(ce=1.0832 kl=19.1404 β=0.0066) train_acc=0.630 val_loss=1.0653(ce=0.9383 kl=19.3833 β=0.0066) val_acc=0.680
2026-03-01 12:14:20,134 - INFO - epoch=21 train_loss=1.1972(ce=1.0751 kl=17.7097 β=0.0069) train_acc=0.633 val_loss=1.0467(ce=0.9262 kl=17.4804 β=0.0069) val_acc=0.683
2026-03-01 12:15:47,045 - INFO - epoch=22 train_loss=1.1879(ce=1.0690 kl=16.4233 β=0.0072) train_acc=0.636 val_loss=1.0409(ce=0.9203 kl=16.6461 β=0.0072) val_acc=0.684
2026-03-01 12:17:13,867 - INFO - epoch=23 train_loss=1.1792(ce=1.0638 kl=15.2072 β=0.0076) train_acc=0.637 val_loss=1.0346(ce=0.9199 kl=15.1147 β=0.0076) val_acc=0.684
2026-03-01 12:18:40,755 - INFO - epoch=24 train_loss=1.1697(ce=1.0584 kl=14.0404 β=0.0079) train_acc=0.640 val_loss=1.0255(ce=0.9168 kl=13.6998 β=0.0079) val_acc=0.686
2026-03-01 12:20:07,529 - INFO - epoch=25 train_loss=1.1616(ce=1.0542 kl=12.9748 β=0.0083) train_acc=0.641 val_loss=1.0210(ce=0.9109 kl=13.3016 β=0.0083) val_acc=0.688
2026-03-01 12:21:34,436 - INFO - epoch=26 train_loss=1.1530(ce=1.0501 kl=11.9423 β=0.0086) train_acc=0.643 val_loss=1.0098(ce=0.9109 kl=11.4748 β=0.0086) val_acc=0.688
2026-03-01 12:23:01,246 - INFO - epoch=27 train_loss=1.1463(ce=1.0476 kl=11.0054 β=0.0090) train_acc=0.644 val_loss=1.0090(ce=0.9054 kl=11.5556 β=0.0090) val_acc=0.689
2026-03-01 12:24:28,271 - INFO - epoch=28 train_loss=1.1390(ce=1.0446 kl=10.1419 β=0.0093) train_acc=0.646 val_loss=0.9979(ce=0.9064 kl=9.8194 β=0.0093) val_acc=0.690
2026-03-01 12:25:55,193 - INFO - epoch=29 train_loss=1.1317(ce=1.0422 kl=9.2746 β=0.0097) train_acc=0.647 val_loss=1.0001(ce=0.9109 kl=9.2367 β=0.0097) val_acc=0.690
2026-03-01 12:27:21,930 - INFO - epoch=30 train_loss=1.1245(ce=1.0392 kl=8.5274 β=0.0100) train_acc=0.648 val_loss=0.9989(ce=0.9107 kl=8.8167 β=0.0100) val_acc=0.690
2026-03-01 12:28:48,651 - INFO - epoch=31 train_loss=1.1151(ce=1.0331 kl=8.2018 β=0.0100) train_acc=0.650 val_loss=0.9837(ce=0.9028 kl=8.0892 β=0.0100) val_acc=0.691
2026-03-01 12:30:15,582 - INFO - epoch=32 train_loss=1.1071(ce=1.0276 kl=7.9502 β=0.0100) train_acc=0.652 val_loss=0.9797(ce=0.8980 kl=8.1673 β=0.0100) val_acc=0.693
2026-03-01 12:31:42,530 - INFO - epoch=33 train_loss=1.0991(ce=1.0217 kl=7.7429 β=0.0100) train_acc=0.654 val_loss=0.9748(ce=0.8969 kl=7.7873 β=0.0100) val_acc=0.693
2026-03-01 12:33:09,514 - INFO - epoch=34 train_loss=1.0921(ce=1.0161 kl=7.5923 β=0.0100) train_acc=0.655 val_loss=0.9694(ce=0.8934 kl=7.6043 β=0.0100) val_acc=0.695
2026-03-01 12:34:36,342 - INFO - epoch=35 train_loss=1.0843(ce=1.0101 kl=7.4250 β=0.0100) train_acc=0.657 val_loss=0.9717(ce=0.8985 kl=7.3125 β=0.0100) val_acc=0.692
2026-03-01 12:36:03,315 - INFO - epoch=36 train_loss=1.0783(ce=1.0054 kl=7.2969 β=0.0100) train_acc=0.658 val_loss=0.9580(ce=0.8846 kl=7.3331 β=0.0100) val_acc=0.697
2026-03-01 12:37:30,122 - INFO - epoch=37 train_loss=1.0726(ce=1.0005 kl=7.2099 β=0.0100) train_acc=0.660 val_loss=0.9549(ce=0.8811 kl=7.3721 β=0.0100) val_acc=0.698
2026-03-01 12:38:56,732 - INFO - epoch=38 train_loss=1.0657(ce=0.9943 kl=7.1449 β=0.0100) train_acc=0.661 val_loss=0.9492(ce=0.8775 kl=7.1710 β=0.0100) val_acc=0.700
2026-03-01 12:40:23,581 - INFO - epoch=39 train_loss=1.0607(ce=0.9899 kl=7.0735 β=0.0100) train_acc=0.663 val_loss=0.9422(ce=0.8704 kl=7.1734 β=0.0100) val_acc=0.701
2026-03-01 12:41:50,539 - INFO - epoch=40 train_loss=1.0545(ce=0.9847 kl=6.9861 β=0.0100) train_acc=0.664 val_loss=0.9432(ce=0.8744 kl=6.8856 β=0.0100) val_acc=0.700
2026-03-01 12:43:17,590 - INFO - epoch=41 train_loss=1.0488(ce=0.9796 kl=6.9216 β=0.0100) train_acc=0.666 val_loss=0.9399(ce=0.8694 kl=7.0557 β=0.0100) val_acc=0.702
2026-03-01 12:44:44,621 - INFO - epoch=42 train_loss=1.0449(ce=0.9762 kl=6.8710 β=0.0100) train_acc=0.667 val_loss=0.9338(ce=0.8630 kl=7.0721 β=0.0100) val_acc=0.703
2026-03-01 12:46:11,631 - INFO - epoch=43 train_loss=1.0393(ce=0.9711 kl=6.8222 β=0.0100) train_acc=0.668 val_loss=0.9316(ce=0.8650 kl=6.6604 β=0.0100) val_acc=0.703
2026-03-01 12:47:38,342 - INFO - epoch=44 train_loss=1.0353(ce=0.9677 kl=6.7602 β=0.0100) train_acc=0.669 val_loss=0.9277(ce=0.8602 kl=6.7514 β=0.0100) val_acc=0.705
2026-03-01 12:49:05,264 - INFO - epoch=45 train_loss=1.0306(ce=0.9633 kl=6.7264 β=0.0100) train_acc=0.670 val_loss=0.9231(ce=0.8545 kl=6.8539 β=0.0100) val_acc=0.706
2026-03-01 12:50:31,971 - INFO - epoch=46 train_loss=1.0261(ce=0.9594 kl=6.6662 β=0.0100) train_acc=0.671 val_loss=0.9178(ce=0.8514 kl=6.6352 β=0.0100) val_acc=0.707
2026-03-01 12:51:58,918 - INFO - epoch=47 train_loss=1.0224(ce=0.9560 kl=6.6452 β=0.0100) train_acc=0.673 val_loss=0.9155(ce=0.8487 kl=6.6810 β=0.0100) val_acc=0.708
2026-03-01 12:53:25,637 - INFO - epoch=48 train_loss=1.0182(ce=0.9520 kl=6.6185 β=0.0100) train_acc=0.673 val_loss=0.9181(ce=0.8516 kl=6.6573 β=0.0100) val_acc=0.707
2026-03-01 12:54:52,452 - INFO - epoch=49 train_loss=1.0151(ce=0.9494 kl=6.5705 β=0.0100) train_acc=0.675 val_loss=0.9158(ce=0.8466 kl=6.9157 β=0.0100) val_acc=0.708
2026-03-01 12:56:19,265 - INFO - epoch=50 train_loss=1.0105(ce=0.9453 kl=6.5170 β=0.0100) train_acc=0.675 val_loss=0.9072(ce=0.8412 kl=6.6034 β=0.0100) val_acc=0.710
2026-03-01 12:57:46,176 - INFO - epoch=51 train_loss=1.0072(ce=0.9421 kl=6.5092 β=0.0100) train_acc=0.676 val_loss=0.9059(ce=0.8414 kl=6.4495 β=0.0100) val_acc=0.710
2026-03-01 12:59:12,940 - INFO - epoch=52 train_loss=1.0034(ce=0.9389 kl=6.4481 β=0.0100) train_acc=0.677 val_loss=0.9024(ce=0.8369 kl=6.5536 β=0.0100) val_acc=0.710
2026-03-01 13:00:39,672 - INFO - epoch=53 train_loss=0.9999(ce=0.9355 kl=6.4418 β=0.0100) train_acc=0.678 val_loss=0.9091(ce=0.8459 kl=6.3179 β=0.0100) val_acc=0.707
2026-03-01 13:02:06,414 - INFO - epoch=54 train_loss=0.9959(ce=0.9319 kl=6.3980 β=0.0100) train_acc=0.679 val_loss=0.8974(ce=0.8320 kl=6.5386 β=0.0100) val_acc=0.712
2026-03-01 13:03:33,233 - INFO - epoch=55 train_loss=0.9938(ce=0.9298 kl=6.4004 β=0.0100) train_acc=0.680 val_loss=0.8914(ce=0.8279 kl=6.3432 β=0.0100) val_acc=0.713
2026-03-01 13:05:00,188 - INFO - epoch=56 train_loss=0.9903(ce=0.9265 kl=6.3797 β=0.0100) train_acc=0.681 val_loss=0.8890(ce=0.8250 kl=6.4066 β=0.0100) val_acc=0.714
2026-03-01 13:06:27,149 - INFO - epoch=57 train_loss=0.9874(ce=0.9238 kl=6.3591 β=0.0100) train_acc=0.681 val_loss=0.8927(ce=0.8289 kl=6.3755 β=0.0100) val_acc=0.714
2026-03-01 13:07:54,212 - INFO - epoch=58 train_loss=0.9836(ce=0.9202 kl=6.3383 β=0.0100) train_acc=0.682 val_loss=0.8859(ce=0.8193 kl=6.6607 β=0.0100) val_acc=0.715
2026-03-01 13:09:21,309 - INFO - epoch=59 train_loss=0.9819(ce=0.9183 kl=6.3647 β=0.0100) train_acc=0.683 val_loss=0.8858(ce=0.8199 kl=6.5851 β=0.0100) val_acc=0.714
2026-03-01 13:10:48,300 - INFO - epoch=60 train_loss=0.9782(ce=0.9150 kl=6.3250 β=0.0100) train_acc=0.683 val_loss=0.8856(ce=0.8205 kl=6.5101 β=0.0100) val_acc=0.716
2026-03-01 13:12:15,351 - INFO - epoch=61 train_loss=0.9756(ce=0.9127 kl=6.2901 β=0.0100) train_acc=0.684 val_loss=0.8784(ce=0.8137 kl=6.4666 β=0.0100) val_acc=0.718
2026-03-01 13:13:42,200 - INFO - epoch=62 train_loss=0.9730(ce=0.9102 kl=6.2760 β=0.0100) train_acc=0.685 val_loss=0.8828(ce=0.8166 kl=6.6172 β=0.0100) val_acc=0.717
2026-03-01 13:15:09,224 - INFO - epoch=63 train_loss=0.9706(ce=0.9080 kl=6.2659 β=0.0100) train_acc=0.686 val_loss=0.8740(ce=0.8122 kl=6.1761 β=0.0100) val_acc=0.718
2026-03-01 13:16:36,198 - INFO - epoch=64 train_loss=0.9678(ce=0.9052 kl=6.2608 β=0.0100) train_acc=0.687 val_loss=0.8767(ce=0.8139 kl=6.2875 β=0.0100) val_acc=0.717
2026-03-01 13:18:03,004 - INFO - epoch=65 train_loss=0.9655(ce=0.9032 kl=6.2290 β=0.0100) train_acc=0.687 val_loss=0.8742(ce=0.8103 kl=6.3897 β=0.0100) val_acc=0.719
2026-03-01 13:19:30,009 - INFO - epoch=66 train_loss=0.9625(ce=0.9001 kl=6.2342 β=0.0100) train_acc=0.688 val_loss=0.8715(ce=0.8086 kl=6.2904 β=0.0100) val_acc=0.718
2026-03-01 13:20:57,053 - INFO - epoch=67 train_loss=0.9605(ce=0.8982 kl=6.2297 β=0.0100) train_acc=0.688 val_loss=0.8685(ce=0.8066 kl=6.1940 β=0.0100) val_acc=0.719
2026-03-01 13:22:24,174 - INFO - epoch=68 train_loss=0.9580(ce=0.8959 kl=6.2053 β=0.0100) train_acc=0.689 val_loss=0.8622(ce=0.7990 kl=6.3245 β=0.0100) val_acc=0.723
2026-03-01 13:23:51,171 - INFO - epoch=69 train_loss=0.9556(ce=0.8934 kl=6.2204 β=0.0100) train_acc=0.690 val_loss=0.8621(ce=0.7973 kl=6.4819 β=0.0100) val_acc=0.722
2026-03-01 13:25:18,209 - INFO - epoch=70 train_loss=0.9535(ce=0.8912 kl=6.2253 β=0.0100) train_acc=0.690 val_loss=0.8630(ce=0.7993 kl=6.3644 β=0.0100) val_acc=0.723
2026-03-01 13:26:45,498 - INFO - epoch=71 train_loss=0.9499(ce=0.8879 kl=6.1992 β=0.0100) train_acc=0.691 val_loss=0.8614(ce=0.7990 kl=6.2333 β=0.0100) val_acc=0.722
2026-03-01 13:28:12,632 - INFO - epoch=72 train_loss=0.9496(ce=0.8878 kl=6.1855 β=0.0100) train_acc=0.692 val_loss=0.8624(ce=0.7990 kl=6.3353 β=0.0100) val_acc=0.722
2026-03-01 13:29:39,798 - INFO - epoch=73 train_loss=0.9461(ce=0.8844 kl=6.1762 β=0.0100) train_acc=0.693 val_loss=0.8553(ce=0.7930 kl=6.2370 β=0.0100) val_acc=0.724
2026-03-01 13:31:06,889 - INFO - epoch=74 train_loss=0.9443(ce=0.8824 kl=6.1847 β=0.0100) train_acc=0.693 val_loss=0.8516(ce=0.7892 kl=6.2425 β=0.0100) val_acc=0.725
2026-03-01 13:32:34,043 - INFO - epoch=75 train_loss=0.9416(ce=0.8797 kl=6.1853 β=0.0100) train_acc=0.694 val_loss=0.8536(ce=0.7918 kl=6.1799 β=0.0100) val_acc=0.724
2026-03-01 13:34:00,936 - INFO - epoch=76 train_loss=0.9406(ce=0.8788 kl=6.1817 β=0.0100) train_acc=0.694 val_loss=0.8478(ce=0.7868 kl=6.0932 β=0.0100) val_acc=0.726
2026-03-01 13:35:27,819 - INFO - epoch=77 train_loss=0.9386(ce=0.8771 kl=6.1563 β=0.0100) train_acc=0.695 val_loss=0.8485(ce=0.7856 kl=6.2942 β=0.0100) val_acc=0.725
2026-03-01 13:36:54,842 - INFO - epoch=78 train_loss=0.9354(ce=0.8739 kl=6.1559 β=0.0100) train_acc=0.695 val_loss=0.8508(ce=0.7876 kl=6.3146 β=0.0100) val_acc=0.725
2026-03-01 13:38:21,942 - INFO - epoch=79 train_loss=0.9337(ce=0.8721 kl=6.1550 β=0.0100) train_acc=0.696 val_loss=0.8469(ce=0.7854 kl=6.1506 β=0.0100) val_acc=0.726
2026-03-01 13:39:49,073 - INFO - epoch=80 train_loss=0.9335(ce=0.8719 kl=6.1551 β=0.0100) train_acc=0.696 val_loss=0.8435(ce=0.7831 kl=6.0330 β=0.0100) val_acc=0.726
2026-03-01 13:41:16,320 - INFO - epoch=81 train_loss=0.9307(ce=0.8693 kl=6.1403 β=0.0100) train_acc=0.697 val_loss=0.8451(ce=0.7829 kl=6.2234 β=0.0100) val_acc=0.727
2026-03-01 13:42:43,416 - INFO - epoch=82 train_loss=0.9283(ce=0.8670 kl=6.1256 β=0.0100) train_acc=0.697 val_loss=0.8419(ce=0.7792 kl=6.2642 β=0.0100) val_acc=0.727
2026-03-01 13:44:10,498 - INFO - epoch=83 train_loss=0.9257(ce=0.8641 kl=6.1596 β=0.0100) train_acc=0.698 val_loss=0.8395(ce=0.7776 kl=6.1816 β=0.0100) val_acc=0.729
2026-03-01 13:45:37,587 - INFO - epoch=84 train_loss=0.9240(ce=0.8628 kl=6.1190 β=0.0100) train_acc=0.698 val_loss=0.8415(ce=0.7752 kl=6.6262 β=0.0100) val_acc=0.729
2026-03-01 13:47:04,556 - INFO - epoch=85 train_loss=0.9218(ce=0.8604 kl=6.1396 β=0.0100) train_acc=0.699 val_loss=0.8392(ce=0.7783 kl=6.0913 β=0.0100) val_acc=0.728
2026-03-01 13:48:31,644 - INFO - epoch=86 train_loss=0.9201(ce=0.8590 kl=6.1089 β=0.0100) train_acc=0.700 val_loss=0.8325(ce=0.7709 kl=6.1594 β=0.0100) val_acc=0.730
2026-03-01 13:49:58,591 - INFO - epoch=87 train_loss=0.9173(ce=0.8561 kl=6.1185 β=0.0100) train_acc=0.700 val_loss=0.8362(ce=0.7730 kl=6.3258 β=0.0100) val_acc=0.729
2026-03-01 13:51:25,624 - INFO - epoch=88 train_loss=0.9137(ce=0.8527 kl=6.1055 β=0.0100) train_acc=0.701 val_loss=0.8288(ce=0.7708 kl=5.8008 β=0.0100) val_acc=0.730
2026-03-01 13:52:52,475 - INFO - epoch=89 train_loss=0.9114(ce=0.8506 kl=6.0814 β=0.0100) train_acc=0.702 val_loss=0.8285(ce=0.7651 kl=6.3374 β=0.0100) val_acc=0.731
2026-03-01 13:54:19,418 - INFO - epoch=90 train_loss=0.9085(ce=0.8475 kl=6.0960 β=0.0100) train_acc=0.702 val_loss=0.8270(ce=0.7665 kl=6.0450 β=0.0100) val_acc=0.731
2026-03-01 13:55:46,620 - INFO - epoch=91 train_loss=0.9053(ce=0.8448 kl=6.0546 β=0.0100) train_acc=0.703 val_loss=0.8204(ce=0.7590 kl=6.1308 β=0.0100) val_acc=0.733
2026-03-01 13:57:13,907 - INFO - epoch=92 train_loss=0.9019(ce=0.8414 kl=6.0538 β=0.0100) train_acc=0.704 val_loss=0.8172(ce=0.7577 kl=5.9597 β=0.0100) val_acc=0.733
2026-03-01 13:58:41,088 - INFO - epoch=93 train_loss=0.8983(ce=0.8378 kl=6.0534 β=0.0100) train_acc=0.704 val_loss=0.8146(ce=0.7545 kl=6.0153 β=0.0100) val_acc=0.734
2026-03-01 14:00:08,199 - INFO - epoch=94 train_loss=0.8951(ce=0.8347 kl=6.0310 β=0.0100) train_acc=0.706 val_loss=0.8123(ce=0.7526 kl=5.9673 β=0.0100) val_acc=0.735
2026-03-01 14:01:35,160 - INFO - epoch=95 train_loss=0.8928(ce=0.8324 kl=6.0378 β=0.0100) train_acc=0.706 val_loss=0.8137(ce=0.7515 kl=6.2209 β=0.0100) val_acc=0.735
2026-03-01 14:03:02,164 - INFO - epoch=96 train_loss=0.8899(ce=0.8297 kl=6.0267 β=0.0100) train_acc=0.707 val_loss=0.8157(ce=0.7522 kl=6.3478 β=0.0100) val_acc=0.734
2026-03-01 14:04:29,172 - INFO - epoch=97 train_loss=0.8883(ce=0.8280 kl=6.0306 β=0.0100) train_acc=0.707 val_loss=0.8067(ce=0.7455 kl=6.1208 β=0.0100) val_acc=0.736
2026-03-01 14:05:56,208 - INFO - epoch=98 train_loss=0.8857(ce=0.8256 kl=6.0153 β=0.0100) train_acc=0.708 val_loss=0.8102(ce=0.7489 kl=6.1239 β=0.0100) val_acc=0.735
2026-03-01 14:07:23,310 - INFO - epoch=99 train_loss=0.8832(ce=0.8230 kl=6.0152 β=0.0100) train_acc=0.709 val_loss=0.8073(ce=0.7473 kl=6.0013 β=0.0100) val_acc=0.736
2026-03-01 14:08:50,462 - INFO - epoch=100 train_loss=0.8818(ce=0.8217 kl=6.0064 β=0.0100) train_acc=0.709 val_loss=0.8040(ce=0.7451 kl=5.8819 β=0.0100) val_acc=0.736
2026-03-01 14:08:50,588 - INFO - saved: _sync/wsa/pi_verify/20260225_porto_beta_vae64_flowmu_s1/A1_beta_vae64_ae/report.json

