2026-02-24 11:17:03,941 - INFO - device=cuda
2026-02-24 11:17:04,691 - INFO - split_json=/home/jinlin/data/geoexplicit_data/experiments/icml2026_routegen/WAYCASD0_waydata_porto_seed0/W5_way_routes_strict_gate/od_split_min3_max160_seed0_dev10p.json train_routes=108153 val_routes=13086 => train_idx=107706 val_idx=13041
2026-02-24 11:17:04,693 - INFO - routes: total=1343467 train=107706 val=13041 min_hops=5 max_way_len=160
/home/jinlin/miniconda3/envs/dpl/lib/python3.11/site-packages/torch/nn/modules/transformer.py:392: UserWarning: enable_nested_tensor is True, but self.use_nested_tensor is False because encoder_layer.norm_first was True
  warnings.warn(
2026-02-24 11:17:09,500 - INFO - init best_val_loss=3.202502 from current weights (epoch=0)
2026-02-24 11:18:32,579 - INFO - epoch=1 train_loss=2.5888(ce=2.5888 kl=2669.8277 β=0.0000) train_acc=0.166 val_loss=2.3344(ce=2.3344 kl=1986.9913 β=0.0000) val_acc=0.243
2026-02-24 11:19:59,135 - INFO - epoch=2 train_loss=2.3068(ce=2.2666 kl=233.0759 β=0.0002) train_acc=0.249 val_loss=2.1178(ce=2.0816 kl=210.0772 β=0.0002) val_acc=0.303
2026-02-24 11:21:26,506 - INFO - epoch=3 train_loss=2.1074(ce=2.0497 kl=167.2751 β=0.0003) train_acc=0.309 val_loss=1.9232(ce=1.8666 kl=164.2189 β=0.0003) val_acc=0.371
2026-02-24 11:22:53,666 - INFO - epoch=4 train_loss=1.9770(ce=1.9019 kl=145.3201 β=0.0005) train_acc=0.356 val_loss=1.7969(ce=1.7216 kl=145.5588 β=0.0005) val_acc=0.421
2026-02-24 11:24:20,345 - INFO - epoch=5 train_loss=1.8812(ce=1.7909 kl=130.8786 β=0.0007) train_acc=0.392 val_loss=1.7032(ce=1.6128 kl=131.0745 β=0.0007) val_acc=0.457
2026-02-24 11:25:47,050 - INFO - epoch=6 train_loss=1.8051(ce=1.7020 kl=119.6807 β=0.0009) train_acc=0.422 val_loss=1.6116(ce=1.5064 kl=121.9475 β=0.0009) val_acc=0.493
2026-02-24 11:27:13,736 - INFO - epoch=7 train_loss=1.7352(ce=1.6218 kl=109.6419 β=0.0010) train_acc=0.449 val_loss=1.5331(ce=1.4196 kl=109.7701 β=0.0010) val_acc=0.523
2026-02-24 11:28:40,404 - INFO - epoch=8 train_loss=1.6333(ce=1.5137 kl=99.0533 β=0.0012) train_acc=0.483 val_loss=1.3890(ce=1.2727 kl=96.3666 β=0.0012) val_acc=0.568
2026-02-24 11:30:07,175 - INFO - epoch=9 train_loss=1.4947(ce=1.3736 kl=87.8376 β=0.0014) train_acc=0.527 val_loss=1.2760(ce=1.1542 kl=88.3319 β=0.0014) val_acc=0.606
2026-02-24 11:31:33,695 - INFO - epoch=10 train_loss=1.3805(ce=1.2581 kl=78.9380 β=0.0016) train_acc=0.565 val_loss=1.1875(ce=1.0669 kl=77.7587 β=0.0016) val_acc=0.634
2026-02-24 11:33:00,203 - INFO - epoch=11 train_loss=1.3071(ce=1.1833 kl=71.8535 β=0.0017) train_acc=0.589 val_loss=1.1234(ce=1.0013 kl=70.8254 β=0.0017) val_acc=0.653
2026-02-24 11:34:26,709 - INFO - epoch=12 train_loss=1.2604(ce=1.1347 kl=66.2919 β=0.0019) train_acc=0.605 val_loss=1.0988(ce=0.9737 kl=65.9593 β=0.0019) val_acc=0.662
2026-02-24 11:35:53,270 - INFO - epoch=13 train_loss=1.2269(ce=1.0993 kl=61.6860 β=0.0021) train_acc=0.616 val_loss=1.0643(ce=0.9369 kl=61.5894 β=0.0021) val_acc=0.675
2026-02-24 11:37:19,883 - INFO - epoch=14 train_loss=1.2026(ce=1.0729 kl=57.8645 β=0.0022) train_acc=0.625 val_loss=1.0524(ce=0.9242 kl=57.2010 β=0.0022) val_acc=0.679
2026-02-24 11:38:46,516 - INFO - epoch=15 train_loss=1.1824(ce=1.0510 kl=54.4205 β=0.0024) train_acc=0.632 val_loss=1.0370(ce=0.9032 kl=55.4410 β=0.0024) val_acc=0.685
2026-02-24 11:40:13,220 - INFO - epoch=16 train_loss=1.1662(ce=1.0334 kl=51.3587 β=0.0026) train_acc=0.638 val_loss=1.0268(ce=0.8919 kl=52.1566 β=0.0026) val_acc=0.689
2026-02-24 11:41:39,921 - INFO - epoch=17 train_loss=1.1525(ce=1.0184 kl=48.5909 β=0.0028) train_acc=0.644 val_loss=1.0128(ce=0.8798 kl=48.2246 β=0.0028) val_acc=0.695
2026-02-24 11:43:06,391 - INFO - epoch=18 train_loss=1.1419(ce=1.0064 kl=46.2346 β=0.0029) train_acc=0.648 val_loss=0.9942(ce=0.8613 kl=45.3600 β=0.0029) val_acc=0.699
2026-02-24 11:44:32,976 - INFO - epoch=19 train_loss=1.1300(ce=0.9938 kl=43.9098 β=0.0031) train_acc=0.652 val_loss=0.9858(ce=0.8484 kl=44.2745 β=0.0031) val_acc=0.703
2026-02-24 11:45:59,491 - INFO - epoch=20 train_loss=1.1215(ce=0.9843 kl=41.8880 β=0.0033) train_acc=0.656 val_loss=0.9833(ce=0.8440 kl=42.5235 β=0.0033) val_acc=0.706
2026-02-24 11:47:26,025 - INFO - epoch=21 train_loss=1.1132(ce=0.9753 kl=39.9758 β=0.0034) train_acc=0.659 val_loss=0.9758(ce=0.8345 kl=40.9800 β=0.0034) val_acc=0.709
2026-02-24 11:48:52,459 - INFO - epoch=22 train_loss=1.1068(ce=0.9685 kl=38.2049 β=0.0036) train_acc=0.661 val_loss=0.9634(ce=0.8228 kl=38.8294 β=0.0036) val_acc=0.713
2026-02-24 11:50:19,033 - INFO - epoch=23 train_loss=1.0998(ce=0.9608 kl=36.6279 β=0.0038) train_acc=0.664 val_loss=0.9622(ce=0.8188 kl=37.7924 β=0.0038) val_acc=0.714
2026-02-24 11:51:45,526 - INFO - epoch=24 train_loss=1.0948(ce=0.9555 kl=35.1271 β=0.0040) train_acc=0.666 val_loss=0.9575(ce=0.8150 kl=35.9228 β=0.0040) val_acc=0.715
2026-02-24 11:53:12,246 - INFO - epoch=25 train_loss=1.0882(ce=0.9488 kl=33.6862 β=0.0041) train_acc=0.668 val_loss=0.9537(ce=0.8131 kl=33.9751 β=0.0041) val_acc=0.716
2026-02-24 11:54:38,801 - INFO - epoch=26 train_loss=1.0840(ce=0.9447 kl=32.3160 β=0.0043) train_acc=0.670 val_loss=0.9410(ce=0.8041 kl=31.7660 β=0.0043) val_acc=0.719
2026-02-24 11:56:05,363 - INFO - epoch=27 train_loss=1.0796(ce=0.9405 kl=31.0430 β=0.0045) train_acc=0.671 val_loss=0.9390(ce=0.8019 kl=30.5871 β=0.0045) val_acc=0.721
2026-02-24 11:57:31,860 - INFO - epoch=28 train_loss=1.0745(ce=0.9357 kl=29.8255 β=0.0047) train_acc=0.673 val_loss=0.9455(ce=0.8019 kl=30.8359 β=0.0047) val_acc=0.722
2026-02-24 11:58:58,478 - INFO - epoch=29 train_loss=1.0706(ce=0.9320 kl=28.7286 β=0.0048) train_acc=0.675 val_loss=0.9382(ce=0.8006 kl=28.5093 β=0.0048) val_acc=0.722
2026-02-24 12:00:25,283 - INFO - epoch=30 train_loss=1.0672(ce=0.9295 kl=27.5574 β=0.0050) train_acc=0.676 val_loss=0.9313(ce=0.7913 kl=28.0024 β=0.0050) val_acc=0.725
2026-02-24 12:01:52,031 - INFO - epoch=31 train_loss=1.0598(ce=0.9237 kl=27.2217 β=0.0050) train_acc=0.678 val_loss=0.9226(ce=0.7838 kl=27.7568 β=0.0050) val_acc=0.727
2026-02-24 12:03:18,663 - INFO - epoch=32 train_loss=1.0521(ce=0.9173 kl=26.9608 β=0.0050) train_acc=0.680 val_loss=0.9176(ce=0.7839 kl=26.7415 β=0.0050) val_acc=0.727
2026-02-24 12:04:45,256 - INFO - epoch=33 train_loss=1.0438(ce=0.9102 kl=26.7096 β=0.0050) train_acc=0.682 val_loss=0.9206(ce=0.7816 kl=27.7938 β=0.0050) val_acc=0.728
2026-02-24 12:06:11,828 - INFO - epoch=34 train_loss=1.0383(ce=0.9059 kl=26.4804 β=0.0050) train_acc=0.683 val_loss=0.9102(ce=0.7763 kl=26.7949 β=0.0050) val_acc=0.730
2026-02-24 12:07:38,302 - INFO - epoch=35 train_loss=1.0309(ce=0.8996 kl=26.2643 β=0.0050) train_acc=0.685 val_loss=0.9057(ce=0.7715 kl=26.8349 β=0.0050) val_acc=0.732
2026-02-24 12:09:04,953 - INFO - epoch=36 train_loss=1.0253(ce=0.8947 kl=26.1160 β=0.0050) train_acc=0.687 val_loss=0.8988(ce=0.7682 kl=26.1146 β=0.0050) val_acc=0.732
2026-02-24 12:10:31,715 - INFO - epoch=37 train_loss=1.0190(ce=0.8896 kl=25.8770 β=0.0050) train_acc=0.689 val_loss=0.9000(ce=0.7699 kl=26.0112 β=0.0050) val_acc=0.732
2026-02-24 12:11:58,505 - INFO - epoch=38 train_loss=1.0132(ce=0.8842 kl=25.7876 β=0.0050) train_acc=0.690 val_loss=0.8888(ce=0.7576 kl=26.2369 β=0.0050) val_acc=0.737
2026-02-24 12:13:25,260 - INFO - epoch=39 train_loss=1.0082(ce=0.8801 kl=25.6332 β=0.0050) train_acc=0.692 val_loss=0.8839(ce=0.7563 kl=25.5345 β=0.0050) val_acc=0.736
2026-02-24 12:14:51,975 - INFO - epoch=40 train_loss=1.0027(ce=0.8753 kl=25.4899 β=0.0050) train_acc=0.694 val_loss=0.8871(ce=0.7565 kl=26.1164 β=0.0050) val_acc=0.736
2026-02-24 12:16:18,701 - INFO - epoch=41 train_loss=0.9971(ce=0.8702 kl=25.3769 β=0.0050) train_acc=0.695 val_loss=0.8709(ce=0.7466 kl=24.8579 β=0.0050) val_acc=0.739
2026-02-24 12:17:45,519 - INFO - epoch=42 train_loss=0.9932(ce=0.8671 kl=25.2232 β=0.0050) train_acc=0.696 val_loss=0.8732(ce=0.7477 kl=25.0949 β=0.0050) val_acc=0.739
2026-02-24 12:19:12,369 - INFO - epoch=43 train_loss=0.9883(ce=0.8627 kl=25.1068 β=0.0050) train_acc=0.697 val_loss=0.8654(ce=0.7410 kl=24.8602 β=0.0050) val_acc=0.741
2026-02-24 12:20:39,181 - INFO - epoch=44 train_loss=0.9841(ce=0.8590 kl=25.0191 β=0.0050) train_acc=0.698 val_loss=0.8680(ce=0.7374 kl=26.1184 β=0.0050) val_acc=0.741
2026-02-24 12:22:06,030 - INFO - epoch=45 train_loss=0.9789(ce=0.8543 kl=24.9222 β=0.0050) train_acc=0.700 val_loss=0.8558(ce=0.7298 kl=25.1982 β=0.0050) val_acc=0.745
2026-02-24 12:23:32,794 - INFO - epoch=46 train_loss=0.9752(ce=0.8512 kl=24.8181 β=0.0050) train_acc=0.701 val_loss=0.8618(ce=0.7373 kl=24.9153 β=0.0050) val_acc=0.743
2026-02-24 12:24:59,563 - INFO - epoch=47 train_loss=0.9708(ce=0.8474 kl=24.6825 β=0.0050) train_acc=0.702 val_loss=0.8531(ce=0.7262 kl=25.3918 β=0.0050) val_acc=0.746
2026-02-24 12:26:26,488 - INFO - epoch=48 train_loss=0.9676(ce=0.8445 kl=24.6313 β=0.0050) train_acc=0.703 val_loss=0.8462(ce=0.7248 kl=24.2732 β=0.0050) val_acc=0.746
2026-02-24 12:27:53,568 - INFO - epoch=49 train_loss=0.9625(ce=0.8398 kl=24.5293 β=0.0050) train_acc=0.705 val_loss=0.8437(ce=0.7241 kl=23.9337 β=0.0050) val_acc=0.746
2026-02-24 12:29:20,589 - INFO - epoch=50 train_loss=0.9596(ce=0.8375 kl=24.4361 β=0.0050) train_acc=0.705 val_loss=0.8417(ce=0.7215 kl=24.0263 β=0.0050) val_acc=0.748
2026-02-24 12:30:47,714 - INFO - epoch=51 train_loss=0.9558(ce=0.8340 kl=24.3509 β=0.0050) train_acc=0.706 val_loss=0.8453(ce=0.7239 kl=24.2930 β=0.0050) val_acc=0.747
2026-02-24 12:32:14,748 - INFO - epoch=52 train_loss=0.9514(ce=0.8299 kl=24.2880 β=0.0050) train_acc=0.707 val_loss=0.8349(ce=0.7140 kl=24.1790 β=0.0050) val_acc=0.749
2026-02-24 12:33:41,615 - INFO - epoch=53 train_loss=0.9488(ce=0.8276 kl=24.2367 β=0.0050) train_acc=0.708 val_loss=0.8393(ce=0.7147 kl=24.9129 β=0.0050) val_acc=0.750
2026-02-24 12:35:08,311 - INFO - epoch=54 train_loss=0.9458(ce=0.8252 kl=24.1341 β=0.0050) train_acc=0.709 val_loss=0.8355(ce=0.7141 kl=24.2879 β=0.0050) val_acc=0.750
2026-02-24 12:36:35,076 - INFO - epoch=55 train_loss=0.9413(ce=0.8207 kl=24.1243 β=0.0050) train_acc=0.710 val_loss=0.8283(ce=0.7098 kl=23.6917 β=0.0050) val_acc=0.750
2026-02-24 12:38:01,866 - INFO - epoch=56 train_loss=0.9390(ce=0.8185 kl=24.1018 β=0.0050) train_acc=0.711 val_loss=0.8297(ce=0.7069 kl=24.5514 β=0.0050) val_acc=0.751
2026-02-24 12:39:28,746 - INFO - epoch=57 train_loss=0.9364(ce=0.8160 kl=24.0773 β=0.0050) train_acc=0.712 val_loss=0.8292(ce=0.7060 kl=24.6531 β=0.0050) val_acc=0.752
2026-02-24 12:40:55,582 - INFO - epoch=58 train_loss=0.9329(ce=0.8131 kl=23.9691 β=0.0050) train_acc=0.713 val_loss=0.8234(ce=0.6992 kl=24.8307 β=0.0050) val_acc=0.754
2026-02-24 12:42:22,725 - INFO - epoch=59 train_loss=0.9297(ce=0.8098 kl=23.9704 β=0.0050) train_acc=0.714 val_loss=0.8242(ce=0.7003 kl=24.7709 β=0.0050) val_acc=0.755
2026-02-24 12:43:49,685 - INFO - epoch=60 train_loss=0.9273(ce=0.8078 kl=23.9150 β=0.0050) train_acc=0.714 val_loss=0.8199(ce=0.7007 kl=23.8309 β=0.0050) val_acc=0.754
2026-02-24 12:45:16,522 - INFO - epoch=61 train_loss=0.9250(ce=0.8054 kl=23.9330 β=0.0050) train_acc=0.715 val_loss=0.8171(ce=0.6971 kl=24.0037 β=0.0050) val_acc=0.755
2026-02-24 12:46:43,500 - INFO - epoch=62 train_loss=0.9224(ce=0.8033 kl=23.8262 β=0.0050) train_acc=0.716 val_loss=0.8187(ce=0.6976 kl=24.2255 β=0.0050) val_acc=0.755
2026-02-24 12:48:10,360 - INFO - epoch=63 train_loss=0.9189(ce=0.7999 kl=23.8101 β=0.0050) train_acc=0.717 val_loss=0.8175(ce=0.6942 kl=24.6559 β=0.0050) val_acc=0.756
2026-02-24 12:49:37,319 - INFO - epoch=64 train_loss=0.9166(ce=0.7977 kl=23.7809 β=0.0050) train_acc=0.718 val_loss=0.8133(ce=0.6925 kl=24.1592 β=0.0050) val_acc=0.757
2026-02-24 12:51:04,452 - INFO - epoch=65 train_loss=0.9144(ce=0.7954 kl=23.7906 β=0.0050) train_acc=0.718 val_loss=0.8066(ce=0.6874 kl=23.8358 β=0.0050) val_acc=0.758
2026-02-24 12:52:31,564 - INFO - epoch=66 train_loss=0.9112(ce=0.7924 kl=23.7660 β=0.0050) train_acc=0.719 val_loss=0.8145(ce=0.6908 kl=24.7430 β=0.0050) val_acc=0.757
2026-02-24 12:53:58,879 - INFO - epoch=67 train_loss=0.9095(ce=0.7905 kl=23.7912 β=0.0050) train_acc=0.720 val_loss=0.8052(ce=0.6869 kl=23.6660 β=0.0050) val_acc=0.758
2026-02-24 12:55:26,081 - INFO - epoch=68 train_loss=0.9070(ce=0.7881 kl=23.7739 β=0.0050) train_acc=0.720 val_loss=0.7984(ce=0.6818 kl=23.3252 β=0.0050) val_acc=0.760
2026-02-24 12:56:53,238 - INFO - epoch=69 train_loss=0.9045(ce=0.7857 kl=23.7466 β=0.0050) train_acc=0.721 val_loss=0.8012(ce=0.6830 kl=23.6295 β=0.0050) val_acc=0.760
2026-02-24 12:58:20,378 - INFO - epoch=70 train_loss=0.9030(ce=0.7841 kl=23.7644 β=0.0050) train_acc=0.722 val_loss=0.8043(ce=0.6836 kl=24.1419 β=0.0050) val_acc=0.760
2026-02-24 12:59:47,451 - INFO - epoch=71 train_loss=0.9002(ce=0.7816 kl=23.7102 β=0.0050) train_acc=0.722 val_loss=0.7986(ce=0.6796 kl=23.8022 β=0.0050) val_acc=0.760
2026-02-24 13:01:14,587 - INFO - epoch=72 train_loss=0.8985(ce=0.7799 kl=23.7179 β=0.0050) train_acc=0.723 val_loss=0.7932(ce=0.6741 kl=23.8219 β=0.0050) val_acc=0.762
2026-02-24 13:02:41,555 - INFO - epoch=73 train_loss=0.8956(ce=0.7771 kl=23.6884 β=0.0050) train_acc=0.724 val_loss=0.8031(ce=0.6795 kl=24.7091 β=0.0050) val_acc=0.761
2026-02-24 13:04:08,576 - INFO - epoch=74 train_loss=0.8942(ce=0.7755 kl=23.7286 β=0.0050) train_acc=0.724 val_loss=0.7958(ce=0.6780 kl=23.5602 β=0.0050) val_acc=0.761
2026-02-24 13:05:35,576 - INFO - epoch=75 train_loss=0.8919(ce=0.7734 kl=23.7039 β=0.0050) train_acc=0.725 val_loss=0.7956(ce=0.6743 kl=24.2540 β=0.0050) val_acc=0.763
2026-02-24 13:07:02,574 - INFO - epoch=76 train_loss=0.8912(ce=0.7729 kl=23.6499 β=0.0050) train_acc=0.725 val_loss=0.7894(ce=0.6698 kl=23.9098 β=0.0050) val_acc=0.764
2026-02-24 13:08:29,491 - INFO - epoch=77 train_loss=0.8892(ce=0.7708 kl=23.6716 β=0.0050) train_acc=0.726 val_loss=0.7904(ce=0.6694 kl=24.1939 β=0.0050) val_acc=0.763
2026-02-24 13:09:56,446 - INFO - epoch=78 train_loss=0.8862(ce=0.7679 kl=23.6568 β=0.0050) train_acc=0.727 val_loss=0.7848(ce=0.6655 kl=23.8618 β=0.0050) val_acc=0.765
2026-02-24 13:11:23,448 - INFO - epoch=79 train_loss=0.8845(ce=0.7661 kl=23.6782 β=0.0050) train_acc=0.727 val_loss=0.7897(ce=0.6686 kl=24.2204 β=0.0050) val_acc=0.765
2026-02-24 13:12:50,428 - INFO - epoch=80 train_loss=0.8828(ce=0.7645 kl=23.6538 β=0.0050) train_acc=0.728 val_loss=0.7843(ce=0.6677 kl=23.3109 β=0.0050) val_acc=0.765
2026-02-24 13:14:17,492 - INFO - epoch=81 train_loss=0.8806(ce=0.7626 kl=23.6042 β=0.0050) train_acc=0.728 val_loss=0.7861(ce=0.6641 kl=24.4037 β=0.0050) val_acc=0.766
2026-02-24 13:15:44,527 - INFO - epoch=82 train_loss=0.8789(ce=0.7606 kl=23.6557 β=0.0050) train_acc=0.729 val_loss=0.7844(ce=0.6630 kl=24.2926 β=0.0050) val_acc=0.766
2026-02-24 13:17:11,462 - INFO - epoch=83 train_loss=0.8774(ce=0.7590 kl=23.6613 β=0.0050) train_acc=0.729 val_loss=0.7866(ce=0.6615 kl=25.0174 β=0.0050) val_acc=0.767
2026-02-24 13:18:38,362 - INFO - epoch=84 train_loss=0.8750(ce=0.7566 kl=23.6951 β=0.0050) train_acc=0.730 val_loss=0.7879(ce=0.6679 kl=24.0161 β=0.0050) val_acc=0.764
2026-02-24 13:20:05,294 - INFO - epoch=85 train_loss=0.8738(ce=0.7554 kl=23.6755 β=0.0050) train_acc=0.731 val_loss=0.7806(ce=0.6616 kl=23.7931 β=0.0050) val_acc=0.766
2026-02-24 13:21:32,118 - INFO - epoch=86 train_loss=0.8720(ce=0.7539 kl=23.6220 β=0.0050) train_acc=0.731 val_loss=0.7792(ce=0.6560 kl=24.6326 β=0.0050) val_acc=0.768
2026-02-24 13:22:58,927 - INFO - epoch=87 train_loss=0.8701(ce=0.7520 kl=23.6280 β=0.0050) train_acc=0.732 val_loss=0.7793(ce=0.6585 kl=24.1636 β=0.0050) val_acc=0.767
2026-02-24 13:24:25,741 - INFO - epoch=88 train_loss=0.8687(ce=0.7509 kl=23.5667 β=0.0050) train_acc=0.732 val_loss=0.7784(ce=0.6556 kl=24.5570 β=0.0050) val_acc=0.768
2026-02-24 13:25:52,564 - INFO - epoch=89 train_loss=0.8677(ce=0.7497 kl=23.5920 β=0.0050) train_acc=0.732 val_loss=0.7739(ce=0.6543 kl=23.9176 β=0.0050) val_acc=0.767
2026-02-24 13:27:19,236 - INFO - epoch=90 train_loss=0.8652(ce=0.7472 kl=23.5979 β=0.0050) train_acc=0.733 val_loss=0.7738(ce=0.6551 kl=23.7495 β=0.0050) val_acc=0.768
2026-02-24 13:28:46,049 - INFO - epoch=91 train_loss=0.8637(ce=0.7456 kl=23.6211 β=0.0050) train_acc=0.734 val_loss=0.7721(ce=0.6531 kl=23.8118 β=0.0050) val_acc=0.768
2026-02-24 13:30:12,890 - INFO - epoch=92 train_loss=0.8618(ce=0.7439 kl=23.5753 β=0.0050) train_acc=0.734 val_loss=0.7693(ce=0.6507 kl=23.7044 β=0.0050) val_acc=0.770
2026-02-24 13:31:39,851 - INFO - epoch=93 train_loss=0.8601(ce=0.7423 kl=23.5580 β=0.0050) train_acc=0.735 val_loss=0.7705(ce=0.6500 kl=24.0916 β=0.0050) val_acc=0.769
2026-02-24 13:33:06,705 - INFO - epoch=94 train_loss=0.8586(ce=0.7410 kl=23.5094 β=0.0050) train_acc=0.735 val_loss=0.7721(ce=0.6517 kl=24.0731 β=0.0050) val_acc=0.769
2026-02-24 13:34:33,618 - INFO - epoch=95 train_loss=0.8575(ce=0.7398 kl=23.5494 β=0.0050) train_acc=0.735 val_loss=0.7739(ce=0.6533 kl=24.1082 β=0.0050) val_acc=0.769
2026-02-24 13:36:00,618 - INFO - epoch=96 train_loss=0.8557(ce=0.7381 kl=23.5166 β=0.0050) train_acc=0.736 val_loss=0.7639(ce=0.6461 kl=23.5606 β=0.0050) val_acc=0.772
2026-02-24 13:37:27,575 - INFO - epoch=97 train_loss=0.8545(ce=0.7367 kl=23.5589 β=0.0050) train_acc=0.736 val_loss=0.7676(ce=0.6494 kl=23.6292 β=0.0050) val_acc=0.770
2026-02-24 13:38:54,745 - INFO - epoch=98 train_loss=0.8532(ce=0.7357 kl=23.4966 β=0.0050) train_acc=0.737 val_loss=0.7688(ce=0.6505 kl=23.6587 β=0.0050) val_acc=0.770
2026-02-24 13:40:21,619 - INFO - epoch=99 train_loss=0.8516(ce=0.7338 kl=23.5656 β=0.0050) train_acc=0.737 val_loss=0.7588(ce=0.6407 kl=23.6248 β=0.0050) val_acc=0.773
2026-02-24 13:41:48,669 - INFO - epoch=100 train_loss=0.8496(ce=0.7322 kl=23.4911 β=0.0050) train_acc=0.738 val_loss=0.7620(ce=0.6409 kl=24.2296 β=0.0050) val_acc=0.773
2026-02-24 13:43:15,711 - INFO - epoch=101 train_loss=0.8485(ce=0.7309 kl=23.5073 β=0.0050) train_acc=0.738 val_loss=0.7596(ce=0.6428 kl=23.3617 β=0.0050) val_acc=0.772
2026-02-24 13:44:42,509 - INFO - epoch=102 train_loss=0.8472(ce=0.7297 kl=23.5019 β=0.0050) train_acc=0.739 val_loss=0.7594(ce=0.6405 kl=23.7770 β=0.0050) val_acc=0.772
2026-02-24 13:46:09,310 - INFO - epoch=103 train_loss=0.8458(ce=0.7283 kl=23.5036 β=0.0050) train_acc=0.739 val_loss=0.7578(ce=0.6397 kl=23.6135 β=0.0050) val_acc=0.773
2026-02-24 13:47:36,204 - INFO - epoch=104 train_loss=0.8445(ce=0.7271 kl=23.4708 β=0.0050) train_acc=0.739 val_loss=0.7571(ce=0.6375 kl=23.9156 β=0.0050) val_acc=0.774
2026-02-24 13:49:03,044 - INFO - epoch=105 train_loss=0.8425(ce=0.7251 kl=23.4644 β=0.0050) train_acc=0.740 val_loss=0.7626(ce=0.6414 kl=24.2357 β=0.0050) val_acc=0.772
2026-02-24 13:50:29,958 - INFO - epoch=106 train_loss=0.8406(ce=0.7234 kl=23.4376 β=0.0050) train_acc=0.740 val_loss=0.7525(ce=0.6345 kl=23.5941 β=0.0050) val_acc=0.776
2026-02-24 13:51:56,949 - INFO - epoch=107 train_loss=0.8392(ce=0.7218 kl=23.4916 β=0.0050) train_acc=0.741 val_loss=0.7490(ce=0.6322 kl=23.3578 β=0.0050) val_acc=0.775
2026-02-24 13:53:23,839 - INFO - epoch=108 train_loss=0.8377(ce=0.7205 kl=23.4358 β=0.0050) train_acc=0.741 val_loss=0.7538(ce=0.6358 kl=23.5970 β=0.0050) val_acc=0.775
2026-02-24 13:54:50,619 - INFO - epoch=109 train_loss=0.8356(ce=0.7188 kl=23.3550 β=0.0050) train_acc=0.742 val_loss=0.7532(ce=0.6314 kl=24.3566 β=0.0050) val_acc=0.775
2026-02-24 13:56:17,483 - INFO - epoch=110 train_loss=0.8324(ce=0.7154 kl=23.4030 β=0.0050) train_acc=0.743 val_loss=0.7464(ce=0.6303 kl=23.2125 β=0.0050) val_acc=0.776
2026-02-24 13:57:44,574 - INFO - epoch=111 train_loss=0.8317(ce=0.7149 kl=23.3753 β=0.0050) train_acc=0.743 val_loss=0.7483(ce=0.6295 kl=23.7716 β=0.0050) val_acc=0.776
2026-02-24 13:59:11,419 - INFO - epoch=112 train_loss=0.8279(ce=0.7115 kl=23.2901 β=0.0050) train_acc=0.744 val_loss=0.7432(ce=0.6253 kl=23.5689 β=0.0050) val_acc=0.778
2026-02-24 14:00:38,238 - INFO - epoch=113 train_loss=0.8260(ce=0.7099 kl=23.2314 β=0.0050) train_acc=0.745 val_loss=0.7448(ce=0.6266 kl=23.6420 β=0.0050) val_acc=0.777
2026-02-24 14:02:05,038 - INFO - epoch=114 train_loss=0.8228(ce=0.7066 kl=23.2240 β=0.0050) train_acc=0.745 val_loss=0.7404(ce=0.6244 kl=23.2139 β=0.0050) val_acc=0.778
2026-02-24 14:03:32,086 - INFO - epoch=115 train_loss=0.8204(ce=0.7044 kl=23.2132 β=0.0050) train_acc=0.746 val_loss=0.7377(ce=0.6196 kl=23.6130 β=0.0050) val_acc=0.779
2026-02-24 14:04:59,145 - INFO - epoch=116 train_loss=0.8181(ce=0.7020 kl=23.2104 β=0.0050) train_acc=0.747 val_loss=0.7393(ce=0.6202 kl=23.8221 β=0.0050) val_acc=0.778
2026-02-24 14:06:25,925 - INFO - epoch=117 train_loss=0.8162(ce=0.7005 kl=23.1263 β=0.0050) train_acc=0.747 val_loss=0.7379(ce=0.6228 kl=23.0163 β=0.0050) val_acc=0.778
2026-02-24 14:07:52,729 - INFO - epoch=118 train_loss=0.8142(ce=0.6988 kl=23.0721 β=0.0050) train_acc=0.748 val_loss=0.7356(ce=0.6181 kl=23.5008 β=0.0050) val_acc=0.779
2026-02-24 14:09:19,466 - INFO - epoch=119 train_loss=0.8132(ce=0.6975 kl=23.1446 β=0.0050) train_acc=0.748 val_loss=0.7317(ce=0.6158 kl=23.1833 β=0.0050) val_acc=0.779
2026-02-24 14:10:46,397 - INFO - epoch=120 train_loss=0.8104(ce=0.6948 kl=23.1133 β=0.0050) train_acc=0.749 val_loss=0.7309(ce=0.6147 kl=23.2220 β=0.0050) val_acc=0.780
2026-02-24 14:12:13,344 - INFO - epoch=121 train_loss=0.8091(ce=0.6938 kl=23.0537 β=0.0050) train_acc=0.749 val_loss=0.7301(ce=0.6131 kl=23.3973 β=0.0050) val_acc=0.781
2026-02-24 14:13:40,196 - INFO - epoch=122 train_loss=0.8076(ce=0.6921 kl=23.1063 β=0.0050) train_acc=0.750 val_loss=0.7349(ce=0.6177 kl=23.4454 β=0.0050) val_acc=0.780
2026-02-24 14:15:06,885 - INFO - epoch=123 train_loss=0.8058(ce=0.6903 kl=23.0993 β=0.0050) train_acc=0.750 val_loss=0.7321(ce=0.6141 kl=23.6101 β=0.0050) val_acc=0.780
2026-02-24 14:16:33,601 - INFO - epoch=124 train_loss=0.8047(ce=0.6893 kl=23.0739 β=0.0050) train_acc=0.750 val_loss=0.7272(ce=0.6071 kl=24.0208 β=0.0050) val_acc=0.782
2026-02-24 14:18:00,497 - INFO - epoch=125 train_loss=0.8035(ce=0.6883 kl=23.0569 β=0.0050) train_acc=0.751 val_loss=0.7263(ce=0.6118 kl=22.8871 β=0.0050) val_acc=0.782
2026-02-24 14:19:27,176 - INFO - epoch=126 train_loss=0.8011(ce=0.6860 kl=23.0201 β=0.0050) train_acc=0.752 val_loss=0.7313(ce=0.6102 kl=24.2157 β=0.0050) val_acc=0.782
2026-02-24 14:20:54,035 - INFO - epoch=127 train_loss=0.8002(ce=0.6851 kl=23.0279 β=0.0050) train_acc=0.752 val_loss=0.7290(ce=0.6099 kl=23.8243 β=0.0050) val_acc=0.782
2026-02-24 14:22:21,030 - INFO - epoch=128 train_loss=0.7985(ce=0.6832 kl=23.0468 β=0.0050) train_acc=0.753 val_loss=0.7275(ce=0.6109 kl=23.3114 β=0.0050) val_acc=0.782
2026-02-24 14:23:47,934 - INFO - epoch=129 train_loss=0.7972(ce=0.6822 kl=23.0025 β=0.0050) train_acc=0.753 val_loss=0.7250(ce=0.6094 kl=23.1144 β=0.0050) val_acc=0.782
2026-02-24 14:25:14,746 - INFO - epoch=130 train_loss=0.7966(ce=0.6813 kl=23.0695 β=0.0050) train_acc=0.753 val_loss=0.7265(ce=0.6082 kl=23.6477 β=0.0050) val_acc=0.783
2026-02-24 14:26:41,759 - INFO - epoch=131 train_loss=0.7949(ce=0.6798 kl=23.0246 β=0.0050) train_acc=0.754 val_loss=0.7234(ce=0.6040 kl=23.8837 β=0.0050) val_acc=0.783
2026-02-24 14:28:08,747 - INFO - epoch=132 train_loss=0.7935(ce=0.6786 kl=22.9803 β=0.0050) train_acc=0.754 val_loss=0.7252(ce=0.6075 kl=23.5477 β=0.0050) val_acc=0.783
2026-02-24 14:29:35,643 - INFO - epoch=133 train_loss=0.7922(ce=0.6771 kl=23.0153 β=0.0050) train_acc=0.755 val_loss=0.7166(ce=0.6025 kl=22.8246 β=0.0050) val_acc=0.784
2026-02-24 14:31:02,608 - INFO - epoch=134 train_loss=0.7910(ce=0.6760 kl=23.0099 β=0.0050) train_acc=0.755 val_loss=0.7183(ce=0.6036 kl=22.9363 β=0.0050) val_acc=0.783
2026-02-24 14:32:29,646 - INFO - epoch=135 train_loss=0.7896(ce=0.6747 kl=22.9870 β=0.0050) train_acc=0.755 val_loss=0.7160(ce=0.6031 kl=22.5684 β=0.0050) val_acc=0.784
2026-02-24 14:33:56,540 - INFO - epoch=136 train_loss=0.7890(ce=0.6741 kl=22.9863 β=0.0050) train_acc=0.756 val_loss=0.7167(ce=0.6019 kl=22.9572 β=0.0050) val_acc=0.784
2026-02-24 14:35:23,451 - INFO - epoch=137 train_loss=0.7877(ce=0.6725 kl=23.0415 β=0.0050) train_acc=0.756 val_loss=0.7223(ce=0.6028 kl=23.8977 β=0.0050) val_acc=0.784
2026-02-24 14:36:50,396 - INFO - epoch=138 train_loss=0.7863(ce=0.6714 kl=22.9913 β=0.0050) train_acc=0.756 val_loss=0.7213(ce=0.6049 kl=23.2870 β=0.0050) val_acc=0.784
2026-02-24 14:38:17,347 - INFO - epoch=139 train_loss=0.7857(ce=0.6706 kl=23.0260 β=0.0050) train_acc=0.757 val_loss=0.7154(ce=0.5973 kl=23.6212 β=0.0050) val_acc=0.786
2026-02-24 14:39:44,313 - INFO - epoch=140 train_loss=0.7845(ce=0.6696 kl=22.9638 β=0.0050) train_acc=0.757 val_loss=0.7174(ce=0.6002 kl=23.4339 β=0.0050) val_acc=0.785
2026-02-24 14:41:11,172 - INFO - epoch=141 train_loss=0.7831(ce=0.6684 kl=22.9428 β=0.0050) train_acc=0.757 val_loss=0.7149(ce=0.5973 kl=23.5101 β=0.0050) val_acc=0.786
2026-02-24 14:42:38,182 - INFO - epoch=142 train_loss=0.7823(ce=0.6674 kl=22.9872 β=0.0050) train_acc=0.758 val_loss=0.7165(ce=0.6010 kl=23.0967 β=0.0050) val_acc=0.785
2026-02-24 14:44:05,067 - INFO - epoch=143 train_loss=0.7821(ce=0.6673 kl=22.9689 β=0.0050) train_acc=0.758 val_loss=0.7119(ce=0.5986 kl=22.6742 β=0.0050) val_acc=0.785
2026-02-24 14:45:31,941 - INFO - epoch=144 train_loss=0.7801(ce=0.6654 kl=22.9433 β=0.0050) train_acc=0.758 val_loss=0.7102(ce=0.5953 kl=22.9787 β=0.0050) val_acc=0.787
2026-02-24 14:46:58,781 - INFO - epoch=145 train_loss=0.7793(ce=0.6645 kl=22.9559 β=0.0050) train_acc=0.759 val_loss=0.7106(ce=0.5938 kl=23.3687 β=0.0050) val_acc=0.787
2026-02-24 14:48:25,681 - INFO - epoch=146 train_loss=0.7790(ce=0.6643 kl=22.9485 β=0.0050) train_acc=0.759 val_loss=0.7131(ce=0.5933 kl=23.9557 β=0.0050) val_acc=0.787
2026-02-24 14:49:52,646 - INFO - epoch=147 train_loss=0.7774(ce=0.6626 kl=22.9611 β=0.0050) train_acc=0.760 val_loss=0.7142(ce=0.5985 kl=23.1358 β=0.0050) val_acc=0.785
2026-02-24 14:51:19,656 - INFO - epoch=148 train_loss=0.7768(ce=0.6621 kl=22.9515 β=0.0050) train_acc=0.759 val_loss=0.7099(ce=0.5962 kl=22.7464 β=0.0050) val_acc=0.786
2026-02-24 14:52:46,661 - INFO - epoch=149 train_loss=0.7760(ce=0.6612 kl=22.9551 β=0.0050) train_acc=0.760 val_loss=0.7118(ce=0.5934 kl=23.6932 β=0.0050) val_acc=0.787
2026-02-24 14:54:13,394 - INFO - epoch=150 train_loss=0.7745(ce=0.6595 kl=22.9910 β=0.0050) train_acc=0.760 val_loss=0.7130(ce=0.5973 kl=23.1372 β=0.0050) val_acc=0.786
2026-02-24 14:54:13,512 - INFO - saved: _sync/wsa/pi_verify/20260224_porto_beta_vae128_flowmu_s0/A1_beta_vae128_ae/report.json

