[saved] _sync/wsa/pi_verify/20260131_beam_recoverability_and_nonspatial_candq1_past8_len160_allcand_s0/nonspatial_first_div_diag.json
{
  "abs_turn_err_deg_stats": {
    "mean": 9.740319408566998,
    "p50": 3.912782067345651,
    "p90": 16.944310893794324,
    "p95": 33.76137532422687,
    "p99": 90.40359834798599,
    "max": 96.63868544886105
  },
  "abs_turn_err_deg_stats_fail": {
    "mean": 9.637241210431675,
    "p50": 4.112943418812241,
    "p90": 17.13986100536174,
    "p95": 21.548728944833876,
    "p99": 90.18984953569829,
    "max": 90.49520498182359
  },
  "abs_turn_err_deg_stats_succ_diverged": {
    "mean": 9.883820429500487,
    "p50": 2.3751137038490477,
    "p90": 14.825780010129888,
    "p95": 60.39065848681021,
    "p99": 93.21667932767227,
    "max": 96.63868544886105
  },
  "first_div_outdeg_stats": {
    "mean": 2.7131147540983607,
    "p50": 2.0,
    "p90": 4.0,
    "p95": 6.0,
    "p99": 6.789999999999992,
    "max": 7.0
  }
}
