/home/jinlin/miniconda3/envs/dpl/lib/python3.11/site-packages/torch/nn/modules/transformer.py:392: UserWarning: enable_nested_tensor is True, but self.use_nested_tensor is False because encoder_layer.norm_first was True
  warnings.warn(
[city0] start n_routes=5000 K=16
[city0] done=100/5000 sample_sr=0.4700
[city0] done=200/5000 sample_sr=0.4700
[city0] done=300/5000 sample_sr=0.4567
[city0] done=400/5000 sample_sr=0.4500
[city0] done=500/5000 sample_sr=0.4580
[city0] done=600/5000 sample_sr=0.4650
[city0] done=700/5000 sample_sr=0.4614
[city0] done=800/5000 sample_sr=0.4550
[city0] done=900/5000 sample_sr=0.4511
[city0] done=1000/5000 sample_sr=0.4420
[city0] done=1100/5000 sample_sr=0.4427
[city0] done=1200/5000 sample_sr=0.4458
[city0] done=1300/5000 sample_sr=0.4454
[city0] done=1400/5000 sample_sr=0.4464
[city0] done=1500/5000 sample_sr=0.4433
[city0] done=1600/5000 sample_sr=0.4431
[city0] done=1700/5000 sample_sr=0.4435
[city0] done=1800/5000 sample_sr=0.4422
[city0] done=1900/5000 sample_sr=0.4405
[city0] done=2000/5000 sample_sr=0.4415
[city0] done=2100/5000 sample_sr=0.4390
[city0] done=2200/5000 sample_sr=0.4386
[city0] done=2300/5000 sample_sr=0.4400
[city0] done=2400/5000 sample_sr=0.4421
[city0] done=2500/5000 sample_sr=0.4416
[city0] done=2600/5000 sample_sr=0.4419
[city0] done=2700/5000 sample_sr=0.4400
[city0] done=2800/5000 sample_sr=0.4414
[city0] done=2900/5000 sample_sr=0.4414
[city0] done=3000/5000 sample_sr=0.4417
[city0] done=3100/5000 sample_sr=0.4419
[city0] done=3200/5000 sample_sr=0.4384
[city0] done=3300/5000 sample_sr=0.4379
[city0] done=3400/5000 sample_sr=0.4356
[city0] done=3500/5000 sample_sr=0.4340
[city0] done=3600/5000 sample_sr=0.4361
[city0] done=3700/5000 sample_sr=0.4392
[city0] done=3800/5000 sample_sr=0.4387
[city0] done=3900/5000 sample_sr=0.4374
[city0] done=4000/5000 sample_sr=0.4382
[city0] done=4100/5000 sample_sr=0.4393
[city0] done=4200/5000 sample_sr=0.4414
[city0] done=4300/5000 sample_sr=0.4402
[city0] done=4400/5000 sample_sr=0.4405
[city0] done=4500/5000 sample_sr=0.4400
[city0] done=4600/5000 sample_sr=0.4407
[city0] done=4700/5000 sample_sr=0.4385
[city0] done=4800/5000 sample_sr=0.4377
[city0] done=4900/5000 sample_sr=0.4367
[city0] done=5000/5000 sample_sr=0.4348
[OK] saved flat per_route: _sync/wsa/pi_verify/20260221_porto_tf_coverage_probe_s0/tf_coverage_per_route_flat_n5000_k16.json
[OK] saved: _sync/wsa/pi_verify/20260221_porto_tf_coverage_probe_s0/tf_coverage_summary_n5000_k16.json
Teacher-Forcing Probe | sample_arrival=0.4348 | route_any_success=0.4348 | coverage_mean=0.2079 | div_mean=0.2954 | n_od=154
