2026-02-25 00:20:59,459 - INFO - device=cuda
2026-02-25 00:21:00,771 - INFO - split_json=/home/jinlin/data/geoexplicit_data/experiments/icml2026_routegen/WAYCASD0_waydata_porto_seed0/W5_way_routes_strict_gate/od_split_min3_max160_seed0_dev10p.json train_routes=108153 val_routes=13086 => train_idx=107706 val_idx=13041
2026-02-25 00:21:00,776 - INFO - routes: total=1343467 train=107706 val=13041 min_hops=5 max_way_len=160
2026-02-25 00:21:01,800 - WARNING - region_seq_npz filter mismatch: meta(min_hops=3, max_way_len=160) vs train(min_hops=5, max_way_len=160)
/home/jinlin/miniconda3/envs/dpl/lib/python3.11/site-packages/torch/nn/modules/transformer.py:392: UserWarning: enable_nested_tensor is True, but self.use_nested_tensor is False because encoder_layer.norm_first was True
  warnings.warn(
2026-02-25 00:21:02,648 - WARNING - flow_target=vae_mu overrides Flow shape: user(d_model=256,n_latent=64) -> effective(d_model=32,n_latent=1)
2026-02-25 00:21:07,190 - INFO - init best_val_loss=2.587868 from current weights (epoch=0)
2026-02-25 00:21:17,834 - INFO - epoch=1 train_loss=1.9660 val_loss=1.5235
2026-02-25 00:21:27,160 - INFO - epoch=2 train_loss=1.4588 val_loss=1.2716
2026-02-25 00:21:36,813 - INFO - epoch=3 train_loss=1.2939 val_loss=1.1607
2026-02-25 00:21:46,502 - INFO - epoch=4 train_loss=1.2083 val_loss=1.1040
2026-02-25 00:21:58,450 - INFO - epoch=5 train_loss=1.1567 val_loss=1.0647
2026-02-25 00:22:08,482 - INFO - epoch=6 train_loss=1.1101 val_loss=1.0121
2026-02-25 00:22:18,962 - INFO - epoch=7 train_loss=1.0725 val_loss=0.9855
2026-02-25 00:22:29,202 - INFO - epoch=8 train_loss=1.0404 val_loss=0.9555
2026-02-25 00:22:39,183 - INFO - epoch=9 train_loss=1.0100 val_loss=0.9387
2026-02-25 00:22:47,780 - INFO - epoch=10 train_loss=0.9916 val_loss=0.9135
2026-02-25 00:22:57,736 - INFO - epoch=11 train_loss=0.9757 val_loss=0.9045
2026-02-25 00:23:08,650 - INFO - epoch=12 train_loss=0.9626 val_loss=0.8928
2026-02-25 00:23:17,835 - INFO - epoch=13 train_loss=0.9513 val_loss=0.8858
2026-02-25 00:23:28,313 - INFO - epoch=14 train_loss=0.9424 val_loss=0.8826
2026-02-25 00:23:37,410 - INFO - epoch=15 train_loss=0.9374 val_loss=0.8659
2026-02-25 00:23:46,462 - INFO - epoch=16 train_loss=0.9287 val_loss=0.8652
2026-02-25 00:23:56,745 - INFO - epoch=17 train_loss=0.9220 val_loss=0.8583
2026-02-25 00:24:07,105 - INFO - epoch=18 train_loss=0.9167 val_loss=0.8558
2026-02-25 00:24:16,305 - INFO - epoch=19 train_loss=0.9121 val_loss=0.8499
2026-02-25 00:24:27,157 - INFO - epoch=20 train_loss=0.9117 val_loss=0.8524
2026-02-25 00:24:37,703 - INFO - epoch=21 train_loss=0.9054 val_loss=0.8463
2026-02-25 00:24:46,942 - INFO - epoch=22 train_loss=0.9020 val_loss=0.8440
2026-02-25 00:24:56,395 - INFO - epoch=23 train_loss=0.8998 val_loss=0.8412
2026-02-25 00:25:07,508 - INFO - epoch=24 train_loss=0.8958 val_loss=0.8342
2026-02-25 00:25:17,986 - INFO - epoch=25 train_loss=0.8937 val_loss=0.8296
2026-02-25 00:25:28,251 - INFO - epoch=26 train_loss=0.8909 val_loss=0.8355
2026-02-25 00:25:37,269 - INFO - epoch=27 train_loss=0.8872 val_loss=0.8288
2026-02-25 00:25:46,855 - INFO - epoch=28 train_loss=0.8839 val_loss=0.8224
2026-02-25 00:25:56,219 - INFO - epoch=29 train_loss=0.8845 val_loss=0.8177
2026-02-25 00:26:07,023 - INFO - epoch=30 train_loss=0.8787 val_loss=0.8195
2026-02-25 00:26:15,906 - INFO - epoch=31 train_loss=0.8784 val_loss=0.8180
2026-02-25 00:26:25,198 - INFO - epoch=32 train_loss=0.8762 val_loss=0.8160
2026-02-25 00:26:35,312 - INFO - epoch=33 train_loss=0.8722 val_loss=0.8103
2026-02-25 00:26:44,988 - INFO - epoch=34 train_loss=0.8726 val_loss=0.8122
2026-02-25 00:26:54,479 - INFO - epoch=35 train_loss=0.8726 val_loss=0.8125
2026-02-25 00:27:04,054 - INFO - epoch=36 train_loss=0.8689 val_loss=0.7996
2026-02-25 00:27:12,970 - INFO - epoch=37 train_loss=0.8689 val_loss=0.8103
2026-02-25 00:27:22,177 - INFO - epoch=38 train_loss=0.8659 val_loss=0.8049
2026-02-25 00:27:32,189 - INFO - epoch=39 train_loss=0.8664 val_loss=0.8096
2026-02-25 00:27:41,704 - INFO - epoch=40 train_loss=0.8650 val_loss=0.7991
2026-02-25 00:27:51,492 - INFO - epoch=41 train_loss=0.8625 val_loss=0.8006
2026-02-25 00:28:00,781 - INFO - epoch=42 train_loss=0.8624 val_loss=0.8006
2026-02-25 00:28:10,392 - INFO - epoch=43 train_loss=0.8596 val_loss=0.8039
2026-02-25 00:28:19,434 - INFO - epoch=44 train_loss=0.8591 val_loss=0.7900
2026-02-25 00:28:29,253 - INFO - epoch=45 train_loss=0.8588 val_loss=0.7995
2026-02-25 00:28:39,148 - INFO - epoch=46 train_loss=0.8566 val_loss=0.7929
2026-02-25 00:28:49,824 - INFO - epoch=47 train_loss=0.8538 val_loss=0.7899
2026-02-25 00:28:58,925 - INFO - epoch=48 train_loss=0.8515 val_loss=0.7892
2026-02-25 00:29:08,627 - INFO - epoch=49 train_loss=0.8527 val_loss=0.7842
2026-02-25 00:29:18,679 - INFO - epoch=50 train_loss=0.8501 val_loss=0.7870
2026-02-25 00:29:28,382 - INFO - epoch=51 train_loss=0.8503 val_loss=0.7906
2026-02-25 00:29:38,103 - INFO - epoch=52 train_loss=0.8490 val_loss=0.7865
2026-02-25 00:29:47,204 - INFO - epoch=53 train_loss=0.8461 val_loss=0.7820
2026-02-25 00:29:57,273 - INFO - epoch=54 train_loss=0.8466 val_loss=0.7860
2026-02-25 00:30:07,278 - INFO - epoch=55 train_loss=0.8453 val_loss=0.7850
2026-02-25 00:30:16,757 - INFO - epoch=56 train_loss=0.8440 val_loss=0.7800
2026-02-25 00:30:26,857 - INFO - epoch=57 train_loss=0.8443 val_loss=0.7813
2026-02-25 00:30:36,391 - INFO - epoch=58 train_loss=0.8418 val_loss=0.7758
2026-02-25 00:30:45,557 - INFO - epoch=59 train_loss=0.8425 val_loss=0.7765
2026-02-25 00:30:55,943 - INFO - epoch=60 train_loss=0.8404 val_loss=0.7772
2026-02-25 00:31:05,127 - INFO - epoch=61 train_loss=0.8420 val_loss=0.7740
2026-02-25 00:31:15,834 - INFO - epoch=62 train_loss=0.8409 val_loss=0.7807
2026-02-25 00:31:25,952 - INFO - epoch=63 train_loss=0.8395 val_loss=0.7773
2026-02-25 00:31:35,951 - INFO - epoch=64 train_loss=0.8406 val_loss=0.7773
2026-02-25 00:31:44,553 - INFO - epoch=65 train_loss=0.8386 val_loss=0.7694
2026-02-25 00:31:54,581 - INFO - epoch=66 train_loss=0.8367 val_loss=0.7729
2026-02-25 00:32:04,304 - INFO - epoch=67 train_loss=0.8369 val_loss=0.7762
2026-02-25 00:32:13,736 - INFO - epoch=68 train_loss=0.8360 val_loss=0.7680
2026-02-25 00:32:23,951 - INFO - epoch=69 train_loss=0.8339 val_loss=0.7714
2026-02-25 00:32:33,780 - INFO - epoch=70 train_loss=0.8363 val_loss=0.7686
2026-02-25 00:32:44,226 - INFO - epoch=71 train_loss=0.8355 val_loss=0.7706
2026-02-25 00:32:54,102 - INFO - epoch=72 train_loss=0.8343 val_loss=0.7712
2026-02-25 00:33:03,657 - INFO - epoch=73 train_loss=0.8335 val_loss=0.7716
2026-02-25 00:33:14,819 - INFO - epoch=74 train_loss=0.8336 val_loss=0.7642
2026-02-25 00:33:24,564 - INFO - epoch=75 train_loss=0.8316 val_loss=0.7615
2026-02-25 00:33:34,148 - INFO - epoch=76 train_loss=0.8317 val_loss=0.7674
2026-02-25 00:33:44,553 - INFO - epoch=77 train_loss=0.8318 val_loss=0.7647
2026-02-25 00:33:53,880 - INFO - epoch=78 train_loss=0.8314 val_loss=0.7675
2026-02-25 00:34:04,206 - INFO - epoch=79 train_loss=0.8296 val_loss=0.7680
2026-02-25 00:34:14,468 - INFO - epoch=80 train_loss=0.8296 val_loss=0.7688
2026-02-25 00:34:14,504 - INFO - saved: _sync/wsa/pi_verify/20260224_porto_beta_vae32_flowmu_s0/A2_flow_on_mu32/report.json

