2026-01-18 01:55:45,900 - INFO - device=cuda
2026-01-18 01:55:45,911 - INFO - routes: total=7498 train=6748 val=750 max_way_len=128
/home/jinlin/miniconda3/envs/dpl/lib/python3.11/site-packages/torch/nn/modules/transformer.py:392: UserWarning: enable_nested_tensor is True, but self.use_nested_tensor is False because encoder_layer.norm_first was True
  warnings.warn(
2026-01-18 01:55:47,634 - INFO - init best_val_loss=3.534084 from current weights (epoch=0)
2026-01-18 01:55:50,736 - INFO - epoch=1 train_loss=2.7028 val_loss=2.3377
2026-01-18 01:55:53,278 - INFO - epoch=2 train_loss=2.1502 val_loss=2.0509
2026-01-18 01:55:55,828 - INFO - epoch=3 train_loss=2.0028 val_loss=1.9461
2026-01-18 01:55:58,350 - INFO - epoch=4 train_loss=1.9219 val_loss=1.8905
2026-01-18 01:56:00,874 - INFO - epoch=5 train_loss=1.8644 val_loss=1.8381
2026-01-18 01:56:03,444 - INFO - epoch=6 train_loss=1.8307 val_loss=1.8356
2026-01-18 01:56:05,946 - INFO - epoch=7 train_loss=1.8134 val_loss=1.7929
2026-01-18 01:56:08,593 - INFO - epoch=8 train_loss=1.7903 val_loss=1.7622
2026-01-18 01:56:11,153 - INFO - epoch=9 train_loss=1.7609 val_loss=1.7515
2026-01-18 01:56:13,745 - INFO - epoch=10 train_loss=1.7529 val_loss=1.7355
2026-01-18 01:56:16,344 - INFO - epoch=11 train_loss=1.7378 val_loss=1.7118
2026-01-18 01:56:18,925 - INFO - epoch=12 train_loss=1.7324 val_loss=1.6855
2026-01-18 01:56:21,471 - INFO - epoch=13 train_loss=1.7196 val_loss=1.6813
2026-01-18 01:56:24,111 - INFO - epoch=14 train_loss=1.7038 val_loss=1.6739
2026-01-18 01:56:26,720 - INFO - epoch=15 train_loss=1.6895 val_loss=1.6706
2026-01-18 01:56:29,328 - INFO - epoch=16 train_loss=1.6738 val_loss=1.6699
2026-01-18 01:56:31,894 - INFO - epoch=17 train_loss=1.6657 val_loss=1.6811
2026-01-18 01:56:34,526 - INFO - epoch=18 train_loss=1.6629 val_loss=1.6527
2026-01-18 01:56:37,183 - INFO - epoch=19 train_loss=1.6573 val_loss=1.6197
2026-01-18 01:56:39,858 - INFO - epoch=20 train_loss=1.6482 val_loss=1.6247
2026-01-18 01:56:42,460 - INFO - epoch=21 train_loss=1.6422 val_loss=1.6132
2026-01-18 01:56:45,137 - INFO - epoch=22 train_loss=1.6336 val_loss=1.6358
2026-01-18 01:56:47,720 - INFO - epoch=23 train_loss=1.6317 val_loss=1.6106
2026-01-18 01:56:50,379 - INFO - epoch=24 train_loss=1.6129 val_loss=1.6159
2026-01-18 01:56:53,003 - INFO - epoch=25 train_loss=1.6210 val_loss=1.5856
2026-01-18 01:56:55,677 - INFO - epoch=26 train_loss=1.6105 val_loss=1.5812
2026-01-18 01:56:58,253 - INFO - epoch=27 train_loss=1.6134 val_loss=1.5922
2026-01-18 01:57:00,853 - INFO - epoch=28 train_loss=1.5992 val_loss=1.6062
2026-01-18 01:57:03,574 - INFO - epoch=29 train_loss=1.5970 val_loss=1.5695
2026-01-18 01:57:06,258 - INFO - epoch=30 train_loss=1.5841 val_loss=1.5761
2026-01-18 01:57:08,807 - INFO - epoch=31 train_loss=1.5833 val_loss=1.5597
2026-01-18 01:57:11,495 - INFO - epoch=32 train_loss=1.5755 val_loss=1.5726
2026-01-18 01:57:14,147 - INFO - epoch=33 train_loss=1.5758 val_loss=1.5635
2026-01-18 01:57:16,773 - INFO - epoch=34 train_loss=1.5756 val_loss=1.5663
2026-01-18 01:57:19,407 - INFO - epoch=35 train_loss=1.5777 val_loss=1.5570
2026-01-18 01:57:22,040 - INFO - epoch=36 train_loss=1.5607 val_loss=1.5436
2026-01-18 01:57:24,635 - INFO - epoch=37 train_loss=1.5567 val_loss=1.5474
2026-01-18 01:57:27,233 - INFO - epoch=38 train_loss=1.5619 val_loss=1.5264
2026-01-18 01:57:29,888 - INFO - epoch=39 train_loss=1.5503 val_loss=1.5258
2026-01-18 01:57:32,542 - INFO - epoch=40 train_loss=1.5465 val_loss=1.5185
2026-01-18 01:57:35,163 - INFO - epoch=41 train_loss=1.5440 val_loss=1.5144
2026-01-18 01:57:37,786 - INFO - epoch=42 train_loss=1.5339 val_loss=1.5067
2026-01-18 01:57:40,459 - INFO - epoch=43 train_loss=1.5416 val_loss=1.5210
2026-01-18 01:57:43,121 - INFO - epoch=44 train_loss=1.5342 val_loss=1.5050
2026-01-18 01:57:45,744 - INFO - epoch=45 train_loss=1.5277 val_loss=1.5029
2026-01-18 01:57:48,467 - INFO - epoch=46 train_loss=1.5233 val_loss=1.4901
2026-01-18 01:57:51,142 - INFO - epoch=47 train_loss=1.5187 val_loss=1.4796
2026-01-18 01:57:53,843 - INFO - epoch=48 train_loss=1.5122 val_loss=1.5039
2026-01-18 01:57:56,521 - INFO - epoch=49 train_loss=1.5104 val_loss=1.4923
2026-01-18 01:57:59,152 - INFO - epoch=50 train_loss=1.5089 val_loss=1.4851
2026-01-18 01:58:01,839 - INFO - epoch=51 train_loss=1.4966 val_loss=1.4618
2026-01-18 01:58:04,496 - INFO - epoch=52 train_loss=1.4974 val_loss=1.4491
2026-01-18 01:58:07,198 - INFO - epoch=53 train_loss=1.4944 val_loss=1.4647
2026-01-18 01:58:09,938 - INFO - epoch=54 train_loss=1.4863 val_loss=1.4420
2026-01-18 01:58:12,581 - INFO - epoch=55 train_loss=1.4880 val_loss=1.4608
2026-01-18 01:58:15,174 - INFO - epoch=56 train_loss=1.4820 val_loss=1.4317
2026-01-18 01:58:17,798 - INFO - epoch=57 train_loss=1.4749 val_loss=1.4279
2026-01-18 01:58:20,406 - INFO - epoch=58 train_loss=1.4645 val_loss=1.4406
2026-01-18 01:58:22,996 - INFO - epoch=59 train_loss=1.4595 val_loss=1.4560
2026-01-18 01:58:25,686 - INFO - epoch=60 train_loss=1.4516 val_loss=1.4174
2026-01-18 01:58:28,320 - INFO - epoch=61 train_loss=1.4542 val_loss=1.4245
2026-01-18 01:58:30,878 - INFO - epoch=62 train_loss=1.4487 val_loss=1.4004
2026-01-18 01:58:33,551 - INFO - epoch=63 train_loss=1.4318 val_loss=1.3964
2026-01-18 01:58:36,161 - INFO - epoch=64 train_loss=1.4264 val_loss=1.4086
2026-01-18 01:58:38,749 - INFO - epoch=65 train_loss=1.4246 val_loss=1.3748
2026-01-18 01:58:41,343 - INFO - epoch=66 train_loss=1.4129 val_loss=1.3762
2026-01-18 01:58:43,975 - INFO - epoch=67 train_loss=1.4185 val_loss=1.3552
2026-01-18 01:58:46,641 - INFO - epoch=68 train_loss=1.3996 val_loss=1.3349
2026-01-18 01:58:49,313 - INFO - epoch=69 train_loss=1.3996 val_loss=1.3499
2026-01-18 01:58:51,908 - INFO - epoch=70 train_loss=1.3960 val_loss=1.3460
2026-01-18 01:58:54,464 - INFO - epoch=71 train_loss=1.3795 val_loss=1.3322
2026-01-18 01:58:57,086 - INFO - epoch=72 train_loss=1.3704 val_loss=1.3216
2026-01-18 01:58:59,697 - INFO - epoch=73 train_loss=1.3658 val_loss=1.3050
2026-01-18 01:59:02,447 - INFO - epoch=74 train_loss=1.3622 val_loss=1.2985
2026-01-18 01:59:05,085 - INFO - epoch=75 train_loss=1.3547 val_loss=1.2973
2026-01-18 01:59:07,739 - INFO - epoch=76 train_loss=1.3527 val_loss=1.2842
2026-01-18 01:59:10,412 - INFO - epoch=77 train_loss=1.3421 val_loss=1.3015
2026-01-18 01:59:12,973 - INFO - epoch=78 train_loss=1.3290 val_loss=1.2745
2026-01-18 01:59:15,631 - INFO - epoch=79 train_loss=1.3234 val_loss=1.2493
2026-01-18 01:59:18,212 - INFO - epoch=80 train_loss=1.3159 val_loss=1.2357
2026-01-18 01:59:20,812 - INFO - epoch=81 train_loss=1.3074 val_loss=1.2307
2026-01-18 01:59:23,410 - INFO - epoch=82 train_loss=1.3022 val_loss=1.2259
2026-01-18 01:59:26,134 - INFO - epoch=83 train_loss=1.2946 val_loss=1.2207
2026-01-18 01:59:28,778 - INFO - epoch=84 train_loss=1.2881 val_loss=1.2143
2026-01-18 01:59:31,410 - INFO - epoch=85 train_loss=1.2823 val_loss=1.2031
2026-01-18 01:59:34,072 - INFO - epoch=86 train_loss=1.2708 val_loss=1.1913
2026-01-18 01:59:37,026 - INFO - epoch=87 train_loss=1.2711 val_loss=1.1880
2026-01-18 01:59:39,782 - INFO - epoch=88 train_loss=1.2621 val_loss=1.1913
2026-01-18 01:59:42,547 - INFO - epoch=89 train_loss=1.2519 val_loss=1.1639
2026-01-18 01:59:45,348 - INFO - epoch=90 train_loss=1.2483 val_loss=1.1711
2026-01-18 01:59:48,065 - INFO - epoch=91 train_loss=1.2450 val_loss=1.1440
2026-01-18 01:59:50,890 - INFO - epoch=92 train_loss=1.2400 val_loss=1.1455
2026-01-18 01:59:53,580 - INFO - epoch=93 train_loss=1.2305 val_loss=1.1214
2026-01-18 01:59:56,406 - INFO - epoch=94 train_loss=1.2234 val_loss=1.1221
2026-01-18 01:59:59,186 - INFO - epoch=95 train_loss=1.2184 val_loss=1.1157
2026-01-18 02:00:02,083 - INFO - epoch=96 train_loss=1.2124 val_loss=1.1149
2026-01-18 02:00:05,219 - INFO - epoch=97 train_loss=1.2036 val_loss=1.1009
2026-01-18 02:00:08,009 - INFO - epoch=98 train_loss=1.1963 val_loss=1.1061
2026-01-18 02:00:10,886 - INFO - epoch=99 train_loss=1.1955 val_loss=1.0905
2026-01-18 02:00:13,914 - INFO - epoch=100 train_loss=1.1895 val_loss=1.0912
2026-01-18 02:00:17,054 - INFO - epoch=101 train_loss=1.1819 val_loss=1.0894
2026-01-18 02:00:19,818 - INFO - epoch=102 train_loss=1.1861 val_loss=1.0707
2026-01-18 02:00:22,537 - INFO - epoch=103 train_loss=1.1777 val_loss=1.0456
2026-01-18 02:00:25,356 - INFO - epoch=104 train_loss=1.1701 val_loss=1.0490
2026-01-18 02:00:27,980 - INFO - epoch=105 train_loss=1.1643 val_loss=1.0366
2026-01-18 02:00:30,813 - INFO - epoch=106 train_loss=1.1521 val_loss=1.0581
2026-01-18 02:00:33,472 - INFO - epoch=107 train_loss=1.1587 val_loss=1.0433
2026-01-18 02:00:36,140 - INFO - epoch=108 train_loss=1.1511 val_loss=1.0296
2026-01-18 02:00:38,762 - INFO - epoch=109 train_loss=1.1402 val_loss=1.0274
2026-01-18 02:00:41,431 - INFO - epoch=110 train_loss=1.1388 val_loss=1.0180
2026-01-18 02:00:44,004 - INFO - epoch=111 train_loss=1.1354 val_loss=1.0402
2026-01-18 02:00:46,549 - INFO - epoch=112 train_loss=1.1288 val_loss=1.0113
2026-01-18 02:00:49,112 - INFO - epoch=113 train_loss=1.1201 val_loss=0.9997
2026-01-18 02:00:51,682 - INFO - epoch=114 train_loss=1.1189 val_loss=1.0096
2026-01-18 02:00:54,207 - INFO - epoch=115 train_loss=1.1156 val_loss=0.9937
2026-01-18 02:00:56,723 - INFO - epoch=116 train_loss=1.1091 val_loss=0.9963
2026-01-18 02:00:59,329 - INFO - epoch=117 train_loss=1.1133 val_loss=0.9801
2026-01-18 02:01:01,968 - INFO - epoch=118 train_loss=1.1026 val_loss=0.9863
2026-01-18 02:01:04,625 - INFO - epoch=119 train_loss=1.0989 val_loss=0.9879
2026-01-18 02:01:07,278 - INFO - epoch=120 train_loss=1.1011 val_loss=0.9606
2026-01-18 02:01:09,914 - INFO - epoch=121 train_loss=1.0933 val_loss=0.9720
2026-01-18 02:01:12,619 - INFO - epoch=122 train_loss=1.0952 val_loss=0.9598
2026-01-18 02:01:15,547 - INFO - epoch=123 train_loss=1.0864 val_loss=0.9519
2026-01-18 02:01:18,349 - INFO - epoch=124 train_loss=1.0905 val_loss=0.9474
2026-01-18 02:01:21,010 - INFO - epoch=125 train_loss=1.0779 val_loss=0.9534
2026-01-18 02:01:23,808 - INFO - epoch=126 train_loss=1.0762 val_loss=0.9550
2026-01-18 02:01:26,685 - INFO - epoch=127 train_loss=1.0770 val_loss=0.9565
2026-01-18 02:01:29,418 - INFO - epoch=128 train_loss=1.0737 val_loss=0.9340
2026-01-18 02:01:32,131 - INFO - epoch=129 train_loss=1.0731 val_loss=0.9406
2026-01-18 02:01:34,801 - INFO - epoch=130 train_loss=1.0626 val_loss=0.9319
2026-01-18 02:01:37,710 - INFO - epoch=131 train_loss=1.0675 val_loss=0.9143
2026-01-18 02:01:40,544 - INFO - epoch=132 train_loss=1.0644 val_loss=0.9275
2026-01-18 02:01:43,328 - INFO - epoch=133 train_loss=1.0583 val_loss=0.9281
2026-01-18 02:01:46,149 - INFO - epoch=134 train_loss=1.0552 val_loss=0.9047
2026-01-18 02:01:49,392 - INFO - epoch=135 train_loss=1.0533 val_loss=0.9111
2026-01-18 02:01:52,071 - INFO - epoch=136 train_loss=1.0450 val_loss=0.9039
2026-01-18 02:01:55,038 - INFO - epoch=137 train_loss=1.0430 val_loss=0.9115
2026-01-18 02:01:57,923 - INFO - epoch=138 train_loss=1.0439 val_loss=0.9085
2026-01-18 02:02:00,745 - INFO - epoch=139 train_loss=1.0451 val_loss=0.9236
2026-01-18 02:02:03,479 - INFO - epoch=140 train_loss=1.0478 val_loss=0.9171
2026-01-18 02:02:06,301 - INFO - epoch=141 train_loss=1.0508 val_loss=0.9109
2026-01-18 02:02:09,231 - INFO - epoch=142 train_loss=1.0309 val_loss=0.9029
2026-01-18 02:02:11,978 - INFO - epoch=143 train_loss=1.0357 val_loss=0.9285
2026-01-18 02:02:14,596 - INFO - epoch=144 train_loss=1.0355 val_loss=0.8926
2026-01-18 02:02:17,276 - INFO - epoch=145 train_loss=1.0251 val_loss=0.8783
2026-01-18 02:02:19,894 - INFO - epoch=146 train_loss=1.0198 val_loss=0.8859
2026-01-18 02:02:22,520 - INFO - epoch=147 train_loss=1.0277 val_loss=0.8914
2026-01-18 02:02:25,078 - INFO - epoch=148 train_loss=1.0277 val_loss=0.8900
2026-01-18 02:02:27,661 - INFO - epoch=149 train_loss=1.0234 val_loss=0.8972
2026-01-18 02:02:30,188 - INFO - epoch=150 train_loss=1.0215 val_loss=0.8785
2026-01-18 02:02:32,938 - INFO - epoch=151 train_loss=1.0166 val_loss=0.8707
2026-01-18 02:02:35,542 - INFO - epoch=152 train_loss=1.0135 val_loss=0.8643
2026-01-18 02:02:38,203 - INFO - epoch=153 train_loss=1.0153 val_loss=0.8754
2026-01-18 02:02:40,790 - INFO - epoch=154 train_loss=1.0109 val_loss=0.8781
2026-01-18 02:02:43,372 - INFO - epoch=155 train_loss=1.0120 val_loss=0.8844
2026-01-18 02:02:46,001 - INFO - epoch=156 train_loss=1.0128 val_loss=0.8536
2026-01-18 02:02:48,670 - INFO - epoch=157 train_loss=1.0086 val_loss=0.8619
2026-01-18 02:02:51,282 - INFO - epoch=158 train_loss=0.9982 val_loss=0.8604
2026-01-18 02:02:53,948 - INFO - epoch=159 train_loss=1.0020 val_loss=0.8673
2026-01-18 02:02:56,569 - INFO - epoch=160 train_loss=1.0074 val_loss=0.8478
2026-01-18 02:02:59,302 - INFO - epoch=161 train_loss=0.9988 val_loss=0.8558
2026-01-18 02:03:02,013 - INFO - epoch=162 train_loss=1.0009 val_loss=0.8486
2026-01-18 02:03:04,765 - INFO - epoch=163 train_loss=0.9971 val_loss=0.8609
2026-01-18 02:03:07,632 - INFO - epoch=164 train_loss=0.9998 val_loss=0.8445
2026-01-18 02:03:10,336 - INFO - epoch=165 train_loss=0.9934 val_loss=0.8643
2026-01-18 02:03:13,155 - INFO - epoch=166 train_loss=0.9896 val_loss=0.8434
2026-01-18 02:03:15,962 - INFO - epoch=167 train_loss=0.9919 val_loss=0.8368
2026-01-18 02:03:18,713 - INFO - epoch=168 train_loss=0.9902 val_loss=0.8547
2026-01-18 02:03:21,475 - INFO - epoch=169 train_loss=0.9947 val_loss=0.8313
2026-01-18 02:03:24,309 - INFO - epoch=170 train_loss=0.9862 val_loss=0.8447
2026-01-18 02:03:27,012 - INFO - epoch=171 train_loss=0.9894 val_loss=0.8471
2026-01-18 02:03:29,815 - INFO - epoch=172 train_loss=0.9866 val_loss=0.8363
2026-01-18 02:03:32,671 - INFO - epoch=173 train_loss=0.9843 val_loss=0.8747
2026-01-18 02:03:35,523 - INFO - epoch=174 train_loss=0.9851 val_loss=0.8152
2026-01-18 02:03:38,426 - INFO - epoch=175 train_loss=0.9834 val_loss=0.8558
2026-01-18 02:03:41,229 - INFO - epoch=176 train_loss=0.9801 val_loss=0.8219
2026-01-18 02:03:44,110 - INFO - epoch=177 train_loss=0.9817 val_loss=0.8355
2026-01-18 02:03:47,167 - INFO - epoch=178 train_loss=0.9745 val_loss=0.8270
2026-01-18 02:03:49,910 - INFO - epoch=179 train_loss=0.9754 val_loss=0.8239
2026-01-18 02:03:52,642 - INFO - epoch=180 train_loss=0.9711 val_loss=0.8406
2026-01-18 02:03:55,405 - INFO - epoch=181 train_loss=0.9761 val_loss=0.8320
2026-01-18 02:03:58,150 - INFO - epoch=182 train_loss=0.9742 val_loss=0.8128
2026-01-18 02:04:00,984 - INFO - epoch=183 train_loss=0.9675 val_loss=0.8184
2026-01-18 02:04:03,779 - INFO - epoch=184 train_loss=0.9648 val_loss=0.7985
2026-01-18 02:04:06,416 - INFO - epoch=185 train_loss=0.9668 val_loss=0.8258
2026-01-18 02:04:09,128 - INFO - epoch=186 train_loss=0.9640 val_loss=0.8106
2026-01-18 02:04:11,740 - INFO - epoch=187 train_loss=0.9645 val_loss=0.7938
2026-01-18 02:04:14,337 - INFO - epoch=188 train_loss=0.9666 val_loss=0.8278
2026-01-18 02:04:16,861 - INFO - epoch=189 train_loss=0.9604 val_loss=0.8147
2026-01-18 02:04:19,398 - INFO - epoch=190 train_loss=0.9611 val_loss=0.8038
2026-01-18 02:04:21,975 - INFO - epoch=191 train_loss=0.9559 val_loss=0.8150
2026-01-18 02:04:24,589 - INFO - epoch=192 train_loss=0.9613 val_loss=0.8129
2026-01-18 02:04:27,238 - INFO - epoch=193 train_loss=0.9611 val_loss=0.8027
2026-01-18 02:04:29,870 - INFO - epoch=194 train_loss=0.9558 val_loss=0.8016
2026-01-18 02:04:32,462 - INFO - epoch=195 train_loss=0.9537 val_loss=0.7961
2026-01-18 02:04:35,233 - INFO - epoch=196 train_loss=0.9525 val_loss=0.8034
2026-01-18 02:04:38,022 - INFO - epoch=197 train_loss=0.9574 val_loss=0.7953
2026-01-18 02:04:40,707 - INFO - epoch=198 train_loss=0.9517 val_loss=0.7842
2026-01-18 02:04:43,511 - INFO - epoch=199 train_loss=0.9568 val_loss=0.8036
2026-01-18 02:04:46,242 - INFO - epoch=200 train_loss=0.9551 val_loss=0.7951
2026-01-18 02:04:49,103 - INFO - epoch=201 train_loss=0.9432 val_loss=0.7872
2026-01-18 02:04:51,828 - INFO - epoch=202 train_loss=0.9536 val_loss=0.7924
2026-01-18 02:04:54,569 - INFO - epoch=203 train_loss=0.9495 val_loss=0.7954
2026-01-18 02:04:57,345 - INFO - epoch=204 train_loss=0.9515 val_loss=0.7863
2026-01-18 02:05:00,097 - INFO - epoch=205 train_loss=0.9519 val_loss=0.7723
2026-01-18 02:05:02,784 - INFO - epoch=206 train_loss=0.9475 val_loss=0.7842
2026-01-18 02:05:05,629 - INFO - epoch=207 train_loss=0.9434 val_loss=0.8044
2026-01-18 02:05:08,429 - INFO - epoch=208 train_loss=0.9437 val_loss=0.7853
2026-01-18 02:05:11,532 - INFO - epoch=209 train_loss=0.9457 val_loss=0.7955
2026-01-18 02:05:14,258 - INFO - epoch=210 train_loss=0.9514 val_loss=0.7952
2026-01-18 02:05:17,178 - INFO - epoch=211 train_loss=0.9444 val_loss=0.7713
2026-01-18 02:05:20,178 - INFO - epoch=212 train_loss=0.9451 val_loss=0.7732
2026-01-18 02:05:22,932 - INFO - epoch=213 train_loss=0.9366 val_loss=0.7974
2026-01-18 02:05:25,876 - INFO - epoch=214 train_loss=0.9389 val_loss=0.7757
2026-01-18 02:05:28,713 - INFO - epoch=215 train_loss=0.9406 val_loss=0.7867
2026-01-18 02:05:31,544 - INFO - epoch=216 train_loss=0.9430 val_loss=0.7895
2026-01-18 02:05:34,273 - INFO - epoch=217 train_loss=0.9327 val_loss=0.7753
2026-01-18 02:05:37,011 - INFO - epoch=218 train_loss=0.9349 val_loss=0.7653
2026-01-18 02:05:39,765 - INFO - epoch=219 train_loss=0.9273 val_loss=0.7724
2026-01-18 02:05:42,430 - INFO - epoch=220 train_loss=0.9368 val_loss=0.7737
2026-01-18 02:05:45,043 - INFO - epoch=221 train_loss=0.9391 val_loss=0.7845
2026-01-18 02:05:47,641 - INFO - epoch=222 train_loss=0.9311 val_loss=0.7652
2026-01-18 02:05:50,222 - INFO - epoch=223 train_loss=0.9302 val_loss=0.7805
2026-01-18 02:05:52,729 - INFO - epoch=224 train_loss=0.9357 val_loss=0.7597
2026-01-18 02:05:55,322 - INFO - epoch=225 train_loss=0.9357 val_loss=0.7800
2026-01-18 02:05:57,883 - INFO - epoch=226 train_loss=0.9312 val_loss=0.7816
2026-01-18 02:06:00,422 - INFO - epoch=227 train_loss=0.9256 val_loss=0.7937
2026-01-18 02:06:02,960 - INFO - epoch=228 train_loss=0.9318 val_loss=0.7748
2026-01-18 02:06:05,479 - INFO - epoch=229 train_loss=0.9291 val_loss=0.7629
2026-01-18 02:06:08,011 - INFO - epoch=230 train_loss=0.9284 val_loss=0.7651
2026-01-18 02:06:10,591 - INFO - epoch=231 train_loss=0.9271 val_loss=0.7821
2026-01-18 02:06:13,191 - INFO - epoch=232 train_loss=0.9257 val_loss=0.7792
2026-01-18 02:06:15,775 - INFO - epoch=233 train_loss=0.9231 val_loss=0.7548
2026-01-18 02:06:18,474 - INFO - epoch=234 train_loss=0.9190 val_loss=0.7853
2026-01-18 02:06:21,080 - INFO - epoch=235 train_loss=0.9184 val_loss=0.7836
2026-01-18 02:06:23,694 - INFO - epoch=236 train_loss=0.9181 val_loss=0.7702
2026-01-18 02:06:26,355 - INFO - epoch=237 train_loss=0.9152 val_loss=0.7506
2026-01-18 02:06:29,291 - INFO - epoch=238 train_loss=0.9210 val_loss=0.7891
2026-01-18 02:06:32,111 - INFO - epoch=239 train_loss=0.9155 val_loss=0.7767
2026-01-18 02:06:34,800 - INFO - epoch=240 train_loss=0.9220 val_loss=0.7695
2026-01-18 02:06:37,491 - INFO - epoch=241 train_loss=0.9156 val_loss=0.7413
2026-01-18 02:06:40,295 - INFO - epoch=242 train_loss=0.9175 val_loss=0.7660
2026-01-18 02:06:43,104 - INFO - epoch=243 train_loss=0.9133 val_loss=0.7642
2026-01-18 02:06:45,864 - INFO - epoch=244 train_loss=0.9157 val_loss=0.7693
2026-01-18 02:06:48,541 - INFO - epoch=245 train_loss=0.9111 val_loss=0.7313
2026-01-18 02:06:51,316 - INFO - epoch=246 train_loss=0.9162 val_loss=0.7606
2026-01-18 02:06:54,144 - INFO - epoch=247 train_loss=0.9108 val_loss=0.7540
2026-01-18 02:06:57,040 - INFO - epoch=248 train_loss=0.9094 val_loss=0.7762
2026-01-18 02:06:59,904 - INFO - epoch=249 train_loss=0.9065 val_loss=0.7348
2026-01-18 02:07:02,813 - INFO - epoch=250 train_loss=0.9104 val_loss=0.7422
2026-01-18 02:07:05,900 - INFO - epoch=251 train_loss=0.9142 val_loss=0.7602
2026-01-18 02:07:08,946 - INFO - epoch=252 train_loss=0.9081 val_loss=0.7437
2026-01-18 02:07:11,805 - INFO - epoch=253 train_loss=0.9137 val_loss=0.7508
2026-01-18 02:07:14,740 - INFO - epoch=254 train_loss=0.9155 val_loss=0.7635
2026-01-18 02:07:17,559 - INFO - epoch=255 train_loss=0.9218 val_loss=0.7554
2026-01-18 02:07:20,373 - INFO - epoch=256 train_loss=0.9134 val_loss=0.7564
2026-01-18 02:07:23,095 - INFO - epoch=257 train_loss=0.9063 val_loss=0.7447
2026-01-18 02:07:25,771 - INFO - epoch=258 train_loss=0.9055 val_loss=0.7489
2026-01-18 02:07:28,433 - INFO - epoch=259 train_loss=0.9064 val_loss=0.7408
2026-01-18 02:07:31,091 - INFO - epoch=260 train_loss=0.9092 val_loss=0.7646
2026-01-18 02:07:33,738 - INFO - epoch=261 train_loss=0.9116 val_loss=0.7297
2026-01-18 02:07:36,369 - INFO - epoch=262 train_loss=0.9039 val_loss=0.7377
2026-01-18 02:07:38,941 - INFO - epoch=263 train_loss=0.8969 val_loss=0.7362
2026-01-18 02:07:41,547 - INFO - epoch=264 train_loss=0.9033 val_loss=0.7610
2026-01-18 02:07:44,189 - INFO - epoch=265 train_loss=0.9024 val_loss=0.7552
2026-01-18 02:07:46,805 - INFO - epoch=266 train_loss=0.9084 val_loss=0.7326
2026-01-18 02:07:49,390 - INFO - epoch=267 train_loss=0.9074 val_loss=0.7447
2026-01-18 02:07:51,914 - INFO - epoch=268 train_loss=0.8992 val_loss=0.7293
2026-01-18 02:07:54,509 - INFO - epoch=269 train_loss=0.9040 val_loss=0.7350
2026-01-18 02:07:57,067 - INFO - epoch=270 train_loss=0.9025 val_loss=0.7388
2026-01-18 02:07:59,665 - INFO - epoch=271 train_loss=0.8946 val_loss=0.7279
2026-01-18 02:08:02,200 - INFO - epoch=272 train_loss=0.9001 val_loss=0.7662
2026-01-18 02:08:04,919 - INFO - epoch=273 train_loss=0.8970 val_loss=0.7250
2026-01-18 02:08:07,586 - INFO - epoch=274 train_loss=0.8985 val_loss=0.7391
2026-01-18 02:08:10,219 - INFO - epoch=275 train_loss=0.8990 val_loss=0.7449
2026-01-18 02:08:12,920 - INFO - epoch=276 train_loss=0.8935 val_loss=0.7230
2026-01-18 02:08:15,712 - INFO - epoch=277 train_loss=0.8941 val_loss=0.7560
2026-01-18 02:08:18,475 - INFO - epoch=278 train_loss=0.8905 val_loss=0.7316
2026-01-18 02:08:21,234 - INFO - epoch=279 train_loss=0.8938 val_loss=0.7406
2026-01-18 02:08:24,008 - INFO - epoch=280 train_loss=0.8986 val_loss=0.7421
2026-01-18 02:08:26,731 - INFO - epoch=281 train_loss=0.8964 val_loss=0.7373
2026-01-18 02:08:29,474 - INFO - epoch=282 train_loss=0.8907 val_loss=0.7126
2026-01-18 02:08:32,335 - INFO - epoch=283 train_loss=0.8888 val_loss=0.7261
2026-01-18 02:08:35,053 - INFO - epoch=284 train_loss=0.8913 val_loss=0.7091
2026-01-18 02:08:37,912 - INFO - epoch=285 train_loss=0.8992 val_loss=0.7294
2026-01-18 02:08:40,628 - INFO - epoch=286 train_loss=0.8918 val_loss=0.7364
2026-01-18 02:08:43,418 - INFO - epoch=287 train_loss=0.8911 val_loss=0.7127
2026-01-18 02:08:46,266 - INFO - epoch=288 train_loss=0.8927 val_loss=0.7172
2026-01-18 02:08:49,140 - INFO - epoch=289 train_loss=0.8892 val_loss=0.7238
2026-01-18 02:08:52,177 - INFO - epoch=290 train_loss=0.8928 val_loss=0.7146
2026-01-18 02:08:55,086 - INFO - epoch=291 train_loss=0.8839 val_loss=0.7397
2026-01-18 02:08:57,883 - INFO - epoch=292 train_loss=0.8823 val_loss=0.7134
2026-01-18 02:09:00,673 - INFO - epoch=293 train_loss=0.8881 val_loss=0.7366
2026-01-18 02:09:03,483 - INFO - epoch=294 train_loss=0.8844 val_loss=0.7085
2026-01-18 02:09:06,312 - INFO - epoch=295 train_loss=0.8855 val_loss=0.7484
2026-01-18 02:09:09,099 - INFO - epoch=296 train_loss=0.8858 val_loss=0.7292
2026-01-18 02:09:11,765 - INFO - epoch=297 train_loss=0.8855 val_loss=0.7245
2026-01-18 02:09:14,397 - INFO - epoch=298 train_loss=0.8917 val_loss=0.7147
2026-01-18 02:09:17,033 - INFO - epoch=299 train_loss=0.8826 val_loss=0.7067
2026-01-18 02:09:19,696 - INFO - epoch=300 train_loss=0.8842 val_loss=0.7423
2026-01-18 02:09:22,389 - INFO - epoch=301 train_loss=0.8837 val_loss=0.7192
2026-01-18 02:09:25,083 - INFO - epoch=302 train_loss=0.8886 val_loss=0.7171
2026-01-18 02:09:27,646 - INFO - epoch=303 train_loss=0.8868 val_loss=0.7273
2026-01-18 02:09:30,188 - INFO - epoch=304 train_loss=0.8783 val_loss=0.7107
2026-01-18 02:09:32,738 - INFO - epoch=305 train_loss=0.8848 val_loss=0.7316
2026-01-18 02:09:35,394 - INFO - epoch=306 train_loss=0.8842 val_loss=0.7224
2026-01-18 02:09:38,058 - INFO - epoch=307 train_loss=0.8841 val_loss=0.7235
2026-01-18 02:09:40,682 - INFO - epoch=308 train_loss=0.8866 val_loss=0.7041
2026-01-18 02:09:43,286 - INFO - epoch=309 train_loss=0.8762 val_loss=0.7135
2026-01-18 02:09:45,808 - INFO - epoch=310 train_loss=0.8857 val_loss=0.7113
2026-01-18 02:09:48,377 - INFO - epoch=311 train_loss=0.8805 val_loss=0.7193
2026-01-18 02:09:51,058 - INFO - epoch=312 train_loss=0.8793 val_loss=0.7121
2026-01-18 02:09:53,711 - INFO - epoch=313 train_loss=0.8812 val_loss=0.7145
2026-01-18 02:09:56,345 - INFO - epoch=314 train_loss=0.8818 val_loss=0.7182
2026-01-18 02:09:59,007 - INFO - epoch=315 train_loss=0.8802 val_loss=0.7118
2026-01-18 02:10:01,812 - INFO - epoch=316 train_loss=0.8747 val_loss=0.7062
2026-01-18 02:10:04,696 - INFO - epoch=317 train_loss=0.8800 val_loss=0.7313
2026-01-18 02:10:07,393 - INFO - epoch=318 train_loss=0.8818 val_loss=0.6941
2026-01-18 02:10:10,151 - INFO - epoch=319 train_loss=0.8763 val_loss=0.7153
2026-01-18 02:10:12,912 - INFO - epoch=320 train_loss=0.8727 val_loss=0.6854
2026-01-18 02:10:15,826 - INFO - epoch=321 train_loss=0.8783 val_loss=0.7017
2026-01-18 02:10:18,545 - INFO - epoch=322 train_loss=0.8722 val_loss=0.7175
2026-01-18 02:10:21,281 - INFO - epoch=323 train_loss=0.8738 val_loss=0.7172
2026-01-18 02:10:23,981 - INFO - epoch=324 train_loss=0.8763 val_loss=0.7009
2026-01-18 02:10:26,766 - INFO - epoch=325 train_loss=0.8788 val_loss=0.7290
2026-01-18 02:10:29,517 - INFO - epoch=326 train_loss=0.8789 val_loss=0.7170
2026-01-18 02:10:32,455 - INFO - epoch=327 train_loss=0.8714 val_loss=0.6925
2026-01-18 02:10:35,276 - INFO - epoch=328 train_loss=0.8723 val_loss=0.7085
2026-01-18 02:10:38,131 - INFO - epoch=329 train_loss=0.8726 val_loss=0.6954
2026-01-18 02:10:40,937 - INFO - epoch=330 train_loss=0.8726 val_loss=0.7090
2026-01-18 02:10:43,926 - INFO - epoch=331 train_loss=0.8739 val_loss=0.7217
2026-01-18 02:10:46,814 - INFO - epoch=332 train_loss=0.8746 val_loss=0.7151
2026-01-18 02:10:49,566 - INFO - epoch=333 train_loss=0.8697 val_loss=0.7193
2026-01-18 02:10:52,430 - INFO - epoch=334 train_loss=0.8724 val_loss=0.7195
2026-01-18 02:10:55,229 - INFO - epoch=335 train_loss=0.8699 val_loss=0.6948
2026-01-18 02:10:58,004 - INFO - epoch=336 train_loss=0.8718 val_loss=0.6921
2026-01-18 02:11:00,686 - INFO - epoch=337 train_loss=0.8722 val_loss=0.7158
2026-01-18 02:11:03,323 - INFO - epoch=338 train_loss=0.8737 val_loss=0.7096
2026-01-18 02:11:05,960 - INFO - epoch=339 train_loss=0.8692 val_loss=0.7067
2026-01-18 02:11:08,568 - INFO - epoch=340 train_loss=0.8755 val_loss=0.6763
2026-01-18 02:11:11,246 - INFO - epoch=341 train_loss=0.8649 val_loss=0.6957
2026-01-18 02:11:13,797 - INFO - epoch=342 train_loss=0.8693 val_loss=0.7106
2026-01-18 02:11:16,336 - INFO - epoch=343 train_loss=0.8617 val_loss=0.7296
2026-01-18 02:11:18,860 - INFO - epoch=344 train_loss=0.8639 val_loss=0.7123
2026-01-18 02:11:21,405 - INFO - epoch=345 train_loss=0.8603 val_loss=0.6868
2026-01-18 02:11:24,181 - INFO - epoch=346 train_loss=0.8666 val_loss=0.6998
2026-01-18 02:11:26,806 - INFO - epoch=347 train_loss=0.8719 val_loss=0.6923
2026-01-18 02:11:29,310 - INFO - epoch=348 train_loss=0.8595 val_loss=0.6916
2026-01-18 02:11:31,916 - INFO - epoch=349 train_loss=0.8632 val_loss=0.6885
2026-01-18 02:11:34,484 - INFO - epoch=350 train_loss=0.8619 val_loss=0.7063
2026-01-18 02:11:37,230 - INFO - epoch=351 train_loss=0.8705 val_loss=0.7088
2026-01-18 02:11:39,842 - INFO - epoch=352 train_loss=0.8681 val_loss=0.6896
2026-01-18 02:11:42,471 - INFO - epoch=353 train_loss=0.8640 val_loss=0.6920
2026-01-18 02:11:45,150 - INFO - epoch=354 train_loss=0.8648 val_loss=0.6965
2026-01-18 02:11:47,754 - INFO - epoch=355 train_loss=0.8578 val_loss=0.7079
2026-01-18 02:11:50,368 - INFO - epoch=356 train_loss=0.8625 val_loss=0.6890
2026-01-18 02:11:53,057 - INFO - epoch=357 train_loss=0.8573 val_loss=0.6957
2026-01-18 02:11:55,807 - INFO - epoch=358 train_loss=0.8610 val_loss=0.6947
2026-01-18 02:11:58,625 - INFO - epoch=359 train_loss=0.8684 val_loss=0.7118
2026-01-18 02:12:01,367 - INFO - epoch=360 train_loss=0.8583 val_loss=0.6936
2026-01-18 02:12:04,067 - INFO - epoch=361 train_loss=0.8626 val_loss=0.6990
2026-01-18 02:12:06,852 - INFO - epoch=362 train_loss=0.8590 val_loss=0.7086
2026-01-18 02:12:09,543 - INFO - epoch=363 train_loss=0.8672 val_loss=0.6972
2026-01-18 02:12:12,341 - INFO - epoch=364 train_loss=0.8653 val_loss=0.7064
2026-01-18 02:12:15,080 - INFO - epoch=365 train_loss=0.8602 val_loss=0.6976
2026-01-18 02:12:17,794 - INFO - epoch=366 train_loss=0.8582 val_loss=0.6725
2026-01-18 02:12:20,650 - INFO - epoch=367 train_loss=0.8596 val_loss=0.7030
2026-01-18 02:12:23,456 - INFO - epoch=368 train_loss=0.8627 val_loss=0.6925
2026-01-18 02:12:26,343 - INFO - epoch=369 train_loss=0.8543 val_loss=0.6886
2026-01-18 02:12:29,196 - INFO - epoch=370 train_loss=0.8555 val_loss=0.6857
2026-01-18 02:12:32,122 - INFO - epoch=371 train_loss=0.8573 val_loss=0.6920
2026-01-18 02:12:35,209 - INFO - epoch=372 train_loss=0.8614 val_loss=0.6829
2026-01-18 02:12:38,098 - INFO - epoch=373 train_loss=0.8627 val_loss=0.6784
2026-01-18 02:12:40,812 - INFO - epoch=374 train_loss=0.8581 val_loss=0.6806
2026-01-18 02:12:43,724 - INFO - epoch=375 train_loss=0.8564 val_loss=0.6761
2026-01-18 02:12:46,469 - INFO - epoch=376 train_loss=0.8563 val_loss=0.6863
2026-01-18 02:12:49,167 - INFO - epoch=377 train_loss=0.8593 val_loss=0.6678
2026-01-18 02:12:51,893 - INFO - epoch=378 train_loss=0.8520 val_loss=0.6912
2026-01-18 02:12:54,485 - INFO - epoch=379 train_loss=0.8506 val_loss=0.6844
2026-01-18 02:12:57,088 - INFO - epoch=380 train_loss=0.8598 val_loss=0.6902
2026-01-18 02:12:59,680 - INFO - epoch=381 train_loss=0.8563 val_loss=0.6916
2026-01-18 02:13:02,244 - INFO - epoch=382 train_loss=0.8604 val_loss=0.6909
2026-01-18 02:13:04,774 - INFO - epoch=383 train_loss=0.8475 val_loss=0.6916
2026-01-18 02:13:07,350 - INFO - epoch=384 train_loss=0.8615 val_loss=0.6886
2026-01-18 02:13:09,856 - INFO - epoch=385 train_loss=0.8607 val_loss=0.6926
2026-01-18 02:13:12,432 - INFO - epoch=386 train_loss=0.8621 val_loss=0.6763
2026-01-18 02:13:15,077 - INFO - epoch=387 train_loss=0.8588 val_loss=0.6607
2026-01-18 02:13:17,745 - INFO - epoch=388 train_loss=0.8496 val_loss=0.6811
2026-01-18 02:13:20,359 - INFO - epoch=389 train_loss=0.8497 val_loss=0.6817
2026-01-18 02:13:23,002 - INFO - epoch=390 train_loss=0.8483 val_loss=0.6815
2026-01-18 02:13:25,906 - INFO - epoch=391 train_loss=0.8525 val_loss=0.6811
2026-01-18 02:13:28,682 - INFO - epoch=392 train_loss=0.8445 val_loss=0.6749
2026-01-18 02:13:31,315 - INFO - epoch=393 train_loss=0.8515 val_loss=0.7032
2026-01-18 02:13:34,013 - INFO - epoch=394 train_loss=0.8521 val_loss=0.6877
2026-01-18 02:13:36,814 - INFO - epoch=395 train_loss=0.8532 val_loss=0.6819
2026-01-18 02:13:39,673 - INFO - epoch=396 train_loss=0.8566 val_loss=0.6724
2026-01-18 02:13:42,356 - INFO - epoch=397 train_loss=0.8478 val_loss=0.6775
2026-01-18 02:13:45,088 - INFO - epoch=398 train_loss=0.8504 val_loss=0.6856
2026-01-18 02:13:47,961 - INFO - epoch=399 train_loss=0.8549 val_loss=0.6883
2026-01-18 02:13:50,728 - INFO - epoch=400 train_loss=0.8564 val_loss=0.6816
2026-01-18 02:13:53,564 - INFO - epoch=401 train_loss=0.8517 val_loss=0.6856
2026-01-18 02:13:56,352 - INFO - epoch=402 train_loss=0.8495 val_loss=0.6856
2026-01-18 02:13:59,349 - INFO - epoch=403 train_loss=0.8464 val_loss=0.6687
2026-01-18 02:14:02,285 - INFO - epoch=404 train_loss=0.8498 val_loss=0.6704
2026-01-18 02:14:05,248 - INFO - epoch=405 train_loss=0.8502 val_loss=0.6842
2026-01-18 02:14:08,226 - INFO - epoch=406 train_loss=0.8480 val_loss=0.6864
2026-01-18 02:14:10,925 - INFO - epoch=407 train_loss=0.8560 val_loss=0.6735
2026-01-18 02:14:13,648 - INFO - epoch=408 train_loss=0.8460 val_loss=0.7030
2026-01-18 02:14:16,666 - INFO - epoch=409 train_loss=0.8540 val_loss=0.6748
2026-01-18 02:14:19,341 - INFO - epoch=410 train_loss=0.8453 val_loss=0.6812
2026-01-18 02:14:22,028 - INFO - epoch=411 train_loss=0.8501 val_loss=0.6810
2026-01-18 02:14:24,818 - INFO - epoch=412 train_loss=0.8514 val_loss=0.6665
2026-01-18 02:14:27,484 - INFO - epoch=413 train_loss=0.8513 val_loss=0.6973
2026-01-18 02:14:30,156 - INFO - epoch=414 train_loss=0.8511 val_loss=0.6757
2026-01-18 02:14:32,835 - INFO - epoch=415 train_loss=0.8430 val_loss=0.6849
2026-01-18 02:14:35,574 - INFO - epoch=416 train_loss=0.8531 val_loss=0.6735
2026-01-18 02:14:38,251 - INFO - epoch=417 train_loss=0.8556 val_loss=0.6720
2026-01-18 02:14:40,916 - INFO - epoch=418 train_loss=0.8432 val_loss=0.6776
2026-01-18 02:14:43,587 - INFO - epoch=419 train_loss=0.8451 val_loss=0.6682
2026-01-18 02:14:46,143 - INFO - epoch=420 train_loss=0.8437 val_loss=0.6789
2026-01-18 02:14:48,708 - INFO - epoch=421 train_loss=0.8388 val_loss=0.6696
2026-01-18 02:14:51,253 - INFO - epoch=422 train_loss=0.8419 val_loss=0.6696
2026-01-18 02:14:53,822 - INFO - epoch=423 train_loss=0.8503 val_loss=0.6632
2026-01-18 02:14:56,340 - INFO - epoch=424 train_loss=0.8454 val_loss=0.6542
2026-01-18 02:14:58,926 - INFO - epoch=425 train_loss=0.8475 val_loss=0.6806
2026-01-18 02:15:01,445 - INFO - epoch=426 train_loss=0.8469 val_loss=0.6829
2026-01-18 02:15:04,029 - INFO - epoch=427 train_loss=0.8455 val_loss=0.6784
2026-01-18 02:15:06,655 - INFO - epoch=428 train_loss=0.8459 val_loss=0.6583
2026-01-18 02:15:09,258 - INFO - epoch=429 train_loss=0.8456 val_loss=0.6636
2026-01-18 02:15:11,880 - INFO - epoch=430 train_loss=0.8477 val_loss=0.6690
2026-01-18 02:15:14,509 - INFO - epoch=431 train_loss=0.8395 val_loss=0.6682
2026-01-18 02:15:17,078 - INFO - epoch=432 train_loss=0.8418 val_loss=0.6693
2026-01-18 02:15:19,738 - INFO - epoch=433 train_loss=0.8469 val_loss=0.6656
2026-01-18 02:15:22,418 - INFO - epoch=434 train_loss=0.8431 val_loss=0.6760
2026-01-18 02:15:25,071 - INFO - epoch=435 train_loss=0.8457 val_loss=0.6852
2026-01-18 02:15:27,630 - INFO - epoch=436 train_loss=0.8427 val_loss=0.6516
2026-01-18 02:15:30,330 - INFO - epoch=437 train_loss=0.8414 val_loss=0.6697
2026-01-18 02:15:32,874 - INFO - epoch=438 train_loss=0.8418 val_loss=0.6707
2026-01-18 02:15:35,417 - INFO - epoch=439 train_loss=0.8420 val_loss=0.6800
2026-01-18 02:15:38,024 - INFO - epoch=440 train_loss=0.8370 val_loss=0.6760
2026-01-18 02:15:40,669 - INFO - epoch=441 train_loss=0.8416 val_loss=0.6461
2026-01-18 02:15:43,289 - INFO - epoch=442 train_loss=0.8370 val_loss=0.6449
2026-01-18 02:15:45,932 - INFO - epoch=443 train_loss=0.8385 val_loss=0.6720
2026-01-18 02:15:48,494 - INFO - epoch=444 train_loss=0.8387 val_loss=0.6509
2026-01-18 02:15:51,156 - INFO - epoch=445 train_loss=0.8359 val_loss=0.6577
2026-01-18 02:15:53,703 - INFO - epoch=446 train_loss=0.8350 val_loss=0.6863
2026-01-18 02:15:56,315 - INFO - epoch=447 train_loss=0.8435 val_loss=0.6696
2026-01-18 02:15:58,843 - INFO - epoch=448 train_loss=0.8397 val_loss=0.6567
2026-01-18 02:16:01,435 - INFO - epoch=449 train_loss=0.8413 val_loss=0.6665
2026-01-18 02:16:04,027 - INFO - epoch=450 train_loss=0.8378 val_loss=0.6724
2026-01-18 02:16:06,753 - INFO - epoch=451 train_loss=0.8405 val_loss=0.6589
2026-01-18 02:16:09,329 - INFO - epoch=452 train_loss=0.8431 val_loss=0.6675
2026-01-18 02:16:11,941 - INFO - epoch=453 train_loss=0.8286 val_loss=0.6673
2026-01-18 02:16:14,596 - INFO - epoch=454 train_loss=0.8397 val_loss=0.6614
2026-01-18 02:16:17,330 - INFO - epoch=455 train_loss=0.8406 val_loss=0.6636
2026-01-18 02:16:20,141 - INFO - epoch=456 train_loss=0.8381 val_loss=0.6510
2026-01-18 02:16:22,853 - INFO - epoch=457 train_loss=0.8349 val_loss=0.6792
2026-01-18 02:16:25,523 - INFO - epoch=458 train_loss=0.8355 val_loss=0.6710
2026-01-18 02:16:28,235 - INFO - epoch=459 train_loss=0.8332 val_loss=0.6560
2026-01-18 02:16:31,000 - INFO - epoch=460 train_loss=0.8423 val_loss=0.6686
2026-01-18 02:16:33,799 - INFO - epoch=461 train_loss=0.8413 val_loss=0.6866
2026-01-18 02:16:36,567 - INFO - epoch=462 train_loss=0.8321 val_loss=0.6668
2026-01-18 02:16:39,340 - INFO - epoch=463 train_loss=0.8397 val_loss=0.6669
2026-01-18 02:16:42,150 - INFO - epoch=464 train_loss=0.8323 val_loss=0.6549
2026-01-18 02:16:44,948 - INFO - epoch=465 train_loss=0.8410 val_loss=0.6575
2026-01-18 02:16:47,797 - INFO - epoch=466 train_loss=0.8347 val_loss=0.6570
2026-01-18 02:16:50,579 - INFO - epoch=467 train_loss=0.8336 val_loss=0.6614
2026-01-18 02:16:53,532 - INFO - epoch=468 train_loss=0.8402 val_loss=0.6558
2026-01-18 02:16:56,400 - INFO - epoch=469 train_loss=0.8329 val_loss=0.6666
2026-01-18 02:16:59,283 - INFO - epoch=470 train_loss=0.8302 val_loss=0.6569
2026-01-18 02:17:02,001 - INFO - epoch=471 train_loss=0.8373 val_loss=0.6759
2026-01-18 02:17:04,791 - INFO - epoch=472 train_loss=0.8313 val_loss=0.6703
2026-01-18 02:17:07,800 - INFO - epoch=473 train_loss=0.8382 val_loss=0.6577
2026-01-18 02:17:10,593 - INFO - epoch=474 train_loss=0.8356 val_loss=0.6837
2026-01-18 02:17:13,320 - INFO - epoch=475 train_loss=0.8285 val_loss=0.6356
2026-01-18 02:17:16,001 - INFO - epoch=476 train_loss=0.8337 val_loss=0.6893
2026-01-18 02:17:18,742 - INFO - epoch=477 train_loss=0.8348 val_loss=0.6577
2026-01-18 02:17:21,504 - INFO - epoch=478 train_loss=0.8298 val_loss=0.6425
2026-01-18 02:17:24,340 - INFO - epoch=479 train_loss=0.8299 val_loss=0.6614
2026-01-18 02:17:27,018 - INFO - epoch=480 train_loss=0.8285 val_loss=0.6662
2026-01-18 02:17:29,616 - INFO - epoch=481 train_loss=0.8299 val_loss=0.6570
2026-01-18 02:17:32,234 - INFO - epoch=482 train_loss=0.8320 val_loss=0.6567
2026-01-18 02:17:34,864 - INFO - epoch=483 train_loss=0.8380 val_loss=0.6410
2026-01-18 02:17:37,408 - INFO - epoch=484 train_loss=0.8342 val_loss=0.6596
2026-01-18 02:17:39,949 - INFO - epoch=485 train_loss=0.8343 val_loss=0.6464
2026-01-18 02:17:42,445 - INFO - epoch=486 train_loss=0.8282 val_loss=0.6891
2026-01-18 02:17:45,008 - INFO - epoch=487 train_loss=0.8313 val_loss=0.6642
2026-01-18 02:17:47,595 - INFO - epoch=488 train_loss=0.8285 val_loss=0.6662
2026-01-18 02:17:50,169 - INFO - epoch=489 train_loss=0.8347 val_loss=0.6565
2026-01-18 02:17:52,872 - INFO - epoch=490 train_loss=0.8213 val_loss=0.6594
2026-01-18 02:17:55,475 - INFO - epoch=491 train_loss=0.8276 val_loss=0.6552
2026-01-18 02:17:58,085 - INFO - epoch=492 train_loss=0.8283 val_loss=0.6712
2026-01-18 02:18:00,740 - INFO - epoch=493 train_loss=0.8312 val_loss=0.6464
2026-01-18 02:18:03,539 - INFO - epoch=494 train_loss=0.8279 val_loss=0.6640
2026-01-18 02:18:06,265 - INFO - epoch=495 train_loss=0.8282 val_loss=0.6780
2026-01-18 02:18:08,958 - INFO - epoch=496 train_loss=0.8264 val_loss=0.6606
2026-01-18 02:18:11,651 - INFO - epoch=497 train_loss=0.8287 val_loss=0.6577
2026-01-18 02:18:14,495 - INFO - epoch=498 train_loss=0.8250 val_loss=0.6629
2026-01-18 02:18:17,258 - INFO - epoch=499 train_loss=0.8266 val_loss=0.6727
2026-01-18 02:18:19,885 - INFO - epoch=500 train_loss=0.8315 val_loss=0.6560
2026-01-18 02:18:22,622 - INFO - epoch=501 train_loss=0.8270 val_loss=0.6432
2026-01-18 02:18:25,382 - INFO - epoch=502 train_loss=0.8242 val_loss=0.6545
2026-01-18 02:18:28,122 - INFO - epoch=503 train_loss=0.8271 val_loss=0.6585
2026-01-18 02:18:30,780 - INFO - epoch=504 train_loss=0.8314 val_loss=0.6433
2026-01-18 02:18:33,782 - INFO - epoch=505 train_loss=0.8267 val_loss=0.6657
2026-01-18 02:18:36,554 - INFO - epoch=506 train_loss=0.8296 val_loss=0.6320
2026-01-18 02:18:39,516 - INFO - epoch=507 train_loss=0.8264 val_loss=0.6367
2026-01-18 02:18:42,432 - INFO - epoch=508 train_loss=0.8273 val_loss=0.6474
2026-01-18 02:18:45,189 - INFO - epoch=509 train_loss=0.8295 val_loss=0.6614
2026-01-18 02:18:47,972 - INFO - epoch=510 train_loss=0.8260 val_loss=0.6410
2026-01-18 02:18:50,633 - INFO - epoch=511 train_loss=0.8248 val_loss=0.6417
2026-01-18 02:18:53,355 - INFO - epoch=512 train_loss=0.8228 val_loss=0.6721
2026-01-18 02:18:56,114 - INFO - epoch=513 train_loss=0.8318 val_loss=0.6367
2026-01-18 02:18:58,710 - INFO - epoch=514 train_loss=0.8282 val_loss=0.6524
2026-01-18 02:19:01,390 - INFO - epoch=515 train_loss=0.8311 val_loss=0.6502
2026-01-18 02:19:04,033 - INFO - epoch=516 train_loss=0.8289 val_loss=0.6489
2026-01-18 02:19:06,566 - INFO - epoch=517 train_loss=0.8242 val_loss=0.6559
2026-01-18 02:19:09,159 - INFO - epoch=518 train_loss=0.8278 val_loss=0.6530
2026-01-18 02:19:11,713 - INFO - epoch=519 train_loss=0.8267 val_loss=0.6588
2026-01-18 02:19:14,290 - INFO - epoch=520 train_loss=0.8193 val_loss=0.6485
2026-01-18 02:19:16,785 - INFO - epoch=521 train_loss=0.8270 val_loss=0.6477
2026-01-18 02:19:19,278 - INFO - epoch=522 train_loss=0.8240 val_loss=0.6443
2026-01-18 02:19:21,768 - INFO - epoch=523 train_loss=0.8251 val_loss=0.6318
2026-01-18 02:19:24,260 - INFO - epoch=524 train_loss=0.8237 val_loss=0.6336
2026-01-18 02:19:26,942 - INFO - epoch=525 train_loss=0.8250 val_loss=0.6611
2026-01-18 02:19:29,540 - INFO - epoch=526 train_loss=0.8196 val_loss=0.6446
2026-01-18 02:19:32,199 - INFO - epoch=527 train_loss=0.8248 val_loss=0.6638
2026-01-18 02:19:34,898 - INFO - epoch=528 train_loss=0.8218 val_loss=0.6503
2026-01-18 02:19:37,639 - INFO - epoch=529 train_loss=0.8196 val_loss=0.6610
2026-01-18 02:19:40,313 - INFO - epoch=530 train_loss=0.8192 val_loss=0.6486
2026-01-18 02:19:42,923 - INFO - epoch=531 train_loss=0.8200 val_loss=0.6470
2026-01-18 02:19:45,565 - INFO - epoch=532 train_loss=0.8207 val_loss=0.6569
2026-01-18 02:19:48,353 - INFO - epoch=533 train_loss=0.8195 val_loss=0.6518
2026-01-18 02:19:51,130 - INFO - epoch=534 train_loss=0.8154 val_loss=0.6527
2026-01-18 02:19:53,859 - INFO - epoch=535 train_loss=0.8192 val_loss=0.6557
2026-01-18 02:19:56,599 - INFO - epoch=536 train_loss=0.8234 val_loss=0.6256
2026-01-18 02:19:59,352 - INFO - epoch=537 train_loss=0.8166 val_loss=0.6483
2026-01-18 02:20:02,128 - INFO - epoch=538 train_loss=0.8250 val_loss=0.6547
2026-01-18 02:20:04,743 - INFO - epoch=539 train_loss=0.8219 val_loss=0.6736
2026-01-18 02:20:07,474 - INFO - epoch=540 train_loss=0.8280 val_loss=0.6410
2026-01-18 02:20:10,427 - INFO - epoch=541 train_loss=0.8223 val_loss=0.6465
2026-01-18 02:20:13,324 - INFO - epoch=542 train_loss=0.8170 val_loss=0.6316
2026-01-18 02:20:16,074 - INFO - epoch=543 train_loss=0.8234 val_loss=0.6509
2026-01-18 02:20:18,789 - INFO - epoch=544 train_loss=0.8226 val_loss=0.6472
2026-01-18 02:20:21,448 - INFO - epoch=545 train_loss=0.8121 val_loss=0.6388
2026-01-18 02:20:24,243 - INFO - epoch=546 train_loss=0.8259 val_loss=0.6403
2026-01-18 02:20:26,919 - INFO - epoch=547 train_loss=0.8162 val_loss=0.6481
2026-01-18 02:20:29,698 - INFO - epoch=548 train_loss=0.8137 val_loss=0.6518
2026-01-18 02:20:32,357 - INFO - epoch=549 train_loss=0.8175 val_loss=0.6558
2026-01-18 02:20:34,957 - INFO - epoch=550 train_loss=0.8148 val_loss=0.6237
2026-01-18 02:20:37,696 - INFO - epoch=551 train_loss=0.8139 val_loss=0.6420
2026-01-18 02:20:40,295 - INFO - epoch=552 train_loss=0.8197 val_loss=0.6321
2026-01-18 02:20:42,921 - INFO - epoch=553 train_loss=0.8264 val_loss=0.6339
2026-01-18 02:20:45,509 - INFO - epoch=554 train_loss=0.8273 val_loss=0.6449
2026-01-18 02:20:48,071 - INFO - epoch=555 train_loss=0.8185 val_loss=0.6497
2026-01-18 02:20:50,638 - INFO - epoch=556 train_loss=0.8162 val_loss=0.6151
2026-01-18 02:20:53,217 - INFO - epoch=557 train_loss=0.8139 val_loss=0.6373
2026-01-18 02:20:55,752 - INFO - epoch=558 train_loss=0.8235 val_loss=0.6339
2026-01-18 02:20:58,311 - INFO - epoch=559 train_loss=0.8190 val_loss=0.6496
2026-01-18 02:21:00,839 - INFO - epoch=560 train_loss=0.8245 val_loss=0.6435
2026-01-18 02:21:03,358 - INFO - epoch=561 train_loss=0.8177 val_loss=0.6499
2026-01-18 02:21:05,865 - INFO - epoch=562 train_loss=0.8150 val_loss=0.6495
2026-01-18 02:21:08,422 - INFO - epoch=563 train_loss=0.8174 val_loss=0.6459
2026-01-18 02:21:11,045 - INFO - epoch=564 train_loss=0.8135 val_loss=0.6349
2026-01-18 02:21:13,661 - INFO - epoch=565 train_loss=0.8164 val_loss=0.6554
2026-01-18 02:21:16,233 - INFO - epoch=566 train_loss=0.8184 val_loss=0.6393
2026-01-18 02:21:18,818 - INFO - epoch=567 train_loss=0.8196 val_loss=0.6393
2026-01-18 02:21:21,486 - INFO - epoch=568 train_loss=0.8133 val_loss=0.6335
2026-01-18 02:21:24,129 - INFO - epoch=569 train_loss=0.8179 val_loss=0.6573
2026-01-18 02:21:26,756 - INFO - epoch=570 train_loss=0.8164 val_loss=0.6283
2026-01-18 02:21:29,339 - INFO - epoch=571 train_loss=0.8185 val_loss=0.6462
2026-01-18 02:21:31,955 - INFO - epoch=572 train_loss=0.8229 val_loss=0.6477
2026-01-18 02:21:34,630 - INFO - epoch=573 train_loss=0.8169 val_loss=0.6318
2026-01-18 02:21:37,181 - INFO - epoch=574 train_loss=0.8135 val_loss=0.6425
2026-01-18 02:21:39,962 - INFO - epoch=575 train_loss=0.8147 val_loss=0.6262
2026-01-18 02:21:42,592 - INFO - epoch=576 train_loss=0.8177 val_loss=0.6451
2026-01-18 02:21:45,351 - INFO - epoch=577 train_loss=0.8206 val_loss=0.6486
2026-01-18 02:21:47,922 - INFO - epoch=578 train_loss=0.8130 val_loss=0.6601
2026-01-18 02:21:50,648 - INFO - epoch=579 train_loss=0.8089 val_loss=0.6295
2026-01-18 02:21:53,354 - INFO - epoch=580 train_loss=0.8209 val_loss=0.6501
2026-01-18 02:21:55,935 - INFO - epoch=581 train_loss=0.8130 val_loss=0.6275
2026-01-18 02:21:58,468 - INFO - epoch=582 train_loss=0.8143 val_loss=0.6369
2026-01-18 02:22:01,029 - INFO - epoch=583 train_loss=0.8162 val_loss=0.6367
2026-01-18 02:22:03,587 - INFO - epoch=584 train_loss=0.8103 val_loss=0.6329
2026-01-18 02:22:06,166 - INFO - epoch=585 train_loss=0.8196 val_loss=0.6515
2026-01-18 02:22:08,848 - INFO - epoch=586 train_loss=0.8090 val_loss=0.6463
2026-01-18 02:22:11,377 - INFO - epoch=587 train_loss=0.8108 val_loss=0.6214
2026-01-18 02:22:13,916 - INFO - epoch=588 train_loss=0.8174 val_loss=0.6397
2026-01-18 02:22:16,446 - INFO - epoch=589 train_loss=0.8138 val_loss=0.6400
2026-01-18 02:22:18,952 - INFO - epoch=590 train_loss=0.8104 val_loss=0.6337
2026-01-18 02:22:21,544 - INFO - epoch=591 train_loss=0.8119 val_loss=0.6335
2026-01-18 02:22:24,113 - INFO - epoch=592 train_loss=0.8144 val_loss=0.6473
2026-01-18 02:22:26,703 - INFO - epoch=593 train_loss=0.8161 val_loss=0.6288
2026-01-18 02:22:29,258 - INFO - epoch=594 train_loss=0.8088 val_loss=0.6381
2026-01-18 02:22:31,788 - INFO - epoch=595 train_loss=0.8105 val_loss=0.6375
2026-01-18 02:22:34,297 - INFO - epoch=596 train_loss=0.8127 val_loss=0.6397
2026-01-18 02:22:36,837 - INFO - epoch=597 train_loss=0.8102 val_loss=0.6386
2026-01-18 02:22:39,429 - INFO - epoch=598 train_loss=0.8118 val_loss=0.6407
2026-01-18 02:22:42,037 - INFO - epoch=599 train_loss=0.8076 val_loss=0.6432
2026-01-18 02:22:44,596 - INFO - epoch=600 train_loss=0.8123 val_loss=0.6317
2026-01-18 02:22:47,273 - INFO - epoch=601 train_loss=0.8177 val_loss=0.6330
2026-01-18 02:22:49,799 - INFO - epoch=602 train_loss=0.8157 val_loss=0.6488
2026-01-18 02:22:52,404 - INFO - epoch=603 train_loss=0.8217 val_loss=0.6278
2026-01-18 02:22:55,017 - INFO - epoch=604 train_loss=0.8125 val_loss=0.6344
2026-01-18 02:22:57,599 - INFO - epoch=605 train_loss=0.8133 val_loss=0.6476
2026-01-18 02:23:00,198 - INFO - epoch=606 train_loss=0.8077 val_loss=0.6141
2026-01-18 02:23:02,942 - INFO - epoch=607 train_loss=0.8114 val_loss=0.6262
2026-01-18 02:23:05,499 - INFO - epoch=608 train_loss=0.8161 val_loss=0.6278
2026-01-18 02:23:08,050 - INFO - epoch=609 train_loss=0.8111 val_loss=0.6465
2026-01-18 02:23:10,857 - INFO - epoch=610 train_loss=0.8097 val_loss=0.6258
2026-01-18 02:23:13,435 - INFO - epoch=611 train_loss=0.8099 val_loss=0.6437
2026-01-18 02:23:16,124 - INFO - epoch=612 train_loss=0.8121 val_loss=0.6537
2026-01-18 02:23:18,799 - INFO - epoch=613 train_loss=0.8097 val_loss=0.6376
2026-01-18 02:23:21,447 - INFO - epoch=614 train_loss=0.8156 val_loss=0.6526
2026-01-18 02:23:24,009 - INFO - epoch=615 train_loss=0.8135 val_loss=0.6317
2026-01-18 02:23:26,632 - INFO - epoch=616 train_loss=0.8108 val_loss=0.6344
2026-01-18 02:23:29,292 - INFO - epoch=617 train_loss=0.8107 val_loss=0.6229
2026-01-18 02:23:31,852 - INFO - epoch=618 train_loss=0.8056 val_loss=0.6593
2026-01-18 02:23:34,400 - INFO - epoch=619 train_loss=0.8145 val_loss=0.6398
2026-01-18 02:23:36,932 - INFO - epoch=620 train_loss=0.8048 val_loss=0.6337
2026-01-18 02:23:39,471 - INFO - epoch=621 train_loss=0.8058 val_loss=0.6335
2026-01-18 02:23:41,992 - INFO - epoch=622 train_loss=0.8051 val_loss=0.6340
2026-01-18 02:23:44,516 - INFO - epoch=623 train_loss=0.8029 val_loss=0.6428
2026-01-18 02:23:47,065 - INFO - epoch=624 train_loss=0.8102 val_loss=0.6418
2026-01-18 02:23:49,549 - INFO - epoch=625 train_loss=0.8082 val_loss=0.6301
2026-01-18 02:23:52,069 - INFO - epoch=626 train_loss=0.8067 val_loss=0.6342
2026-01-18 02:23:54,613 - INFO - epoch=627 train_loss=0.8078 val_loss=0.6332
2026-01-18 02:23:57,129 - INFO - epoch=628 train_loss=0.8162 val_loss=0.6247
2026-01-18 02:23:59,631 - INFO - epoch=629 train_loss=0.8093 val_loss=0.6267
2026-01-18 02:24:02,148 - INFO - epoch=630 train_loss=0.8123 val_loss=0.6252
2026-01-18 02:24:04,665 - INFO - epoch=631 train_loss=0.8076 val_loss=0.6292
2026-01-18 02:24:07,154 - INFO - epoch=632 train_loss=0.8079 val_loss=0.6224
2026-01-18 02:24:09,646 - INFO - epoch=633 train_loss=0.8046 val_loss=0.6417
2026-01-18 02:24:12,165 - INFO - epoch=634 train_loss=0.8065 val_loss=0.6353
2026-01-18 02:24:14,714 - INFO - epoch=635 train_loss=0.8060 val_loss=0.6411
2026-01-18 02:24:17,340 - INFO - epoch=636 train_loss=0.8130 val_loss=0.6446
2026-01-18 02:24:19,842 - INFO - epoch=637 train_loss=0.8077 val_loss=0.6192
2026-01-18 02:24:22,356 - INFO - epoch=638 train_loss=0.8067 val_loss=0.6437
2026-01-18 02:24:24,928 - INFO - epoch=639 train_loss=0.8094 val_loss=0.6214
2026-01-18 02:24:27,529 - INFO - epoch=640 train_loss=0.8081 val_loss=0.6376
2026-01-18 02:24:30,051 - INFO - epoch=641 train_loss=0.8012 val_loss=0.6076
2026-01-18 02:24:32,596 - INFO - epoch=642 train_loss=0.8084 val_loss=0.6435
2026-01-18 02:24:35,131 - INFO - epoch=643 train_loss=0.8075 val_loss=0.6286
2026-01-18 02:24:37,746 - INFO - epoch=644 train_loss=0.8034 val_loss=0.6340
2026-01-18 02:24:40,309 - INFO - epoch=645 train_loss=0.8030 val_loss=0.6407
2026-01-18 02:24:42,896 - INFO - epoch=646 train_loss=0.8003 val_loss=0.6203
2026-01-18 02:24:45,459 - INFO - epoch=647 train_loss=0.8107 val_loss=0.6241
2026-01-18 02:24:48,025 - INFO - epoch=648 train_loss=0.8054 val_loss=0.6368
2026-01-18 02:24:50,598 - INFO - epoch=649 train_loss=0.8033 val_loss=0.6379
2026-01-18 02:24:53,095 - INFO - epoch=650 train_loss=0.8109 val_loss=0.6246
2026-01-18 02:24:55,662 - INFO - epoch=651 train_loss=0.8034 val_loss=0.6345
2026-01-18 02:24:58,166 - INFO - epoch=652 train_loss=0.8002 val_loss=0.6171
2026-01-18 02:25:00,635 - INFO - epoch=653 train_loss=0.8027 val_loss=0.6246
2026-01-18 02:25:03,121 - INFO - epoch=654 train_loss=0.8042 val_loss=0.6179
2026-01-18 02:25:05,623 - INFO - epoch=655 train_loss=0.8032 val_loss=0.6376
2026-01-18 02:25:08,150 - INFO - epoch=656 train_loss=0.8034 val_loss=0.6402
2026-01-18 02:25:10,687 - INFO - epoch=657 train_loss=0.7967 val_loss=0.6221
2026-01-18 02:25:13,327 - INFO - epoch=658 train_loss=0.8049 val_loss=0.6190
2026-01-18 02:25:15,934 - INFO - epoch=659 train_loss=0.8014 val_loss=0.6528
2026-01-18 02:25:18,525 - INFO - epoch=660 train_loss=0.8026 val_loss=0.6239
2026-01-18 02:25:21,171 - INFO - epoch=661 train_loss=0.8066 val_loss=0.6447
2026-01-18 02:25:23,661 - INFO - epoch=662 train_loss=0.8044 val_loss=0.6365
2026-01-18 02:25:26,124 - INFO - epoch=663 train_loss=0.8014 val_loss=0.6256
2026-01-18 02:25:28,574 - INFO - epoch=664 train_loss=0.8051 val_loss=0.6190
2026-01-18 02:25:31,131 - INFO - epoch=665 train_loss=0.8099 val_loss=0.6275
2026-01-18 02:25:33,648 - INFO - epoch=666 train_loss=0.8063 val_loss=0.6369
2026-01-18 02:25:36,174 - INFO - epoch=667 train_loss=0.8056 val_loss=0.6287
2026-01-18 02:25:38,685 - INFO - epoch=668 train_loss=0.8006 val_loss=0.6060
2026-01-18 02:25:41,225 - INFO - epoch=669 train_loss=0.7961 val_loss=0.6179
2026-01-18 02:25:43,738 - INFO - epoch=670 train_loss=0.8042 val_loss=0.6243
2026-01-18 02:25:46,238 - INFO - epoch=671 train_loss=0.8015 val_loss=0.6333
2026-01-18 02:25:48,708 - INFO - epoch=672 train_loss=0.8102 val_loss=0.6231
2026-01-18 02:25:51,185 - INFO - epoch=673 train_loss=0.8024 val_loss=0.6573
2026-01-18 02:25:53,711 - INFO - epoch=674 train_loss=0.8014 val_loss=0.6128
2026-01-18 02:25:56,278 - INFO - epoch=675 train_loss=0.7967 val_loss=0.6458
2026-01-18 02:25:58,813 - INFO - epoch=676 train_loss=0.8011 val_loss=0.6084
2026-01-18 02:26:01,349 - INFO - epoch=677 train_loss=0.7996 val_loss=0.6096
2026-01-18 02:26:03,848 - INFO - epoch=678 train_loss=0.7936 val_loss=0.6200
2026-01-18 02:26:06,533 - INFO - epoch=679 train_loss=0.8049 val_loss=0.6308
2026-01-18 02:26:09,067 - INFO - epoch=680 train_loss=0.8021 val_loss=0.6339
2026-01-18 02:26:11,553 - INFO - epoch=681 train_loss=0.7976 val_loss=0.6228
2026-01-18 02:26:14,031 - INFO - epoch=682 train_loss=0.8002 val_loss=0.6161
2026-01-18 02:26:16,515 - INFO - epoch=683 train_loss=0.8043 val_loss=0.6404
2026-01-18 02:26:19,059 - INFO - epoch=684 train_loss=0.7999 val_loss=0.6351
2026-01-18 02:26:21,545 - INFO - epoch=685 train_loss=0.7994 val_loss=0.6268
2026-01-18 02:26:24,071 - INFO - epoch=686 train_loss=0.8096 val_loss=0.6125
2026-01-18 02:26:26,618 - INFO - epoch=687 train_loss=0.8009 val_loss=0.6342
2026-01-18 02:26:29,143 - INFO - epoch=688 train_loss=0.8052 val_loss=0.6188
2026-01-18 02:26:31,624 - INFO - epoch=689 train_loss=0.7965 val_loss=0.6274
2026-01-18 02:26:34,150 - INFO - epoch=690 train_loss=0.8049 val_loss=0.6100
2026-01-18 02:26:36,663 - INFO - epoch=691 train_loss=0.8012 val_loss=0.6011
2026-01-18 02:26:39,222 - INFO - epoch=692 train_loss=0.7973 val_loss=0.6330
2026-01-18 02:26:41,736 - INFO - epoch=693 train_loss=0.7946 val_loss=0.6345
2026-01-18 02:26:44,241 - INFO - epoch=694 train_loss=0.8018 val_loss=0.6250
2026-01-18 02:26:46,753 - INFO - epoch=695 train_loss=0.8067 val_loss=0.6310
2026-01-18 02:26:49,282 - INFO - epoch=696 train_loss=0.8013 val_loss=0.6558
2026-01-18 02:26:51,783 - INFO - epoch=697 train_loss=0.8021 val_loss=0.6365
2026-01-18 02:26:54,285 - INFO - epoch=698 train_loss=0.7961 val_loss=0.6247
2026-01-18 02:26:56,747 - INFO - epoch=699 train_loss=0.7992 val_loss=0.6339
2026-01-18 02:26:59,214 - INFO - epoch=700 train_loss=0.7974 val_loss=0.6203
2026-01-18 02:27:01,789 - INFO - epoch=701 train_loss=0.7946 val_loss=0.6161
2026-01-18 02:27:04,262 - INFO - epoch=702 train_loss=0.7954 val_loss=0.6348
2026-01-18 02:27:06,812 - INFO - epoch=703 train_loss=0.7969 val_loss=0.6321
2026-01-18 02:27:09,323 - INFO - epoch=704 train_loss=0.8000 val_loss=0.6272
2026-01-18 02:27:11,846 - INFO - epoch=705 train_loss=0.7992 val_loss=0.6136
2026-01-18 02:27:14,317 - INFO - epoch=706 train_loss=0.7938 val_loss=0.6133
2026-01-18 02:27:16,784 - INFO - epoch=707 train_loss=0.7990 val_loss=0.6158
2026-01-18 02:27:19,279 - INFO - epoch=708 train_loss=0.7930 val_loss=0.6289
2026-01-18 02:27:21,780 - INFO - epoch=709 train_loss=0.7976 val_loss=0.6241
2026-01-18 02:27:24,238 - INFO - epoch=710 train_loss=0.8018 val_loss=0.6012
2026-01-18 02:27:26,769 - INFO - epoch=711 train_loss=0.7947 val_loss=0.6135
2026-01-18 02:27:29,243 - INFO - epoch=712 train_loss=0.7978 val_loss=0.6144
2026-01-18 02:27:31,832 - INFO - epoch=713 train_loss=0.8000 val_loss=0.6214
2026-01-18 02:27:34,382 - INFO - epoch=714 train_loss=0.7971 val_loss=0.6228
2026-01-18 02:27:36,922 - INFO - epoch=715 train_loss=0.8005 val_loss=0.6352
2026-01-18 02:27:39,398 - INFO - epoch=716 train_loss=0.8005 val_loss=0.6057
2026-01-18 02:27:41,854 - INFO - epoch=717 train_loss=0.7972 val_loss=0.6300
2026-01-18 02:27:44,359 - INFO - epoch=718 train_loss=0.7929 val_loss=0.6486
2026-01-18 02:27:46,883 - INFO - epoch=719 train_loss=0.7962 val_loss=0.6227
2026-01-18 02:27:49,360 - INFO - epoch=720 train_loss=0.7948 val_loss=0.6331
2026-01-18 02:27:51,865 - INFO - epoch=721 train_loss=0.8036 val_loss=0.6301
2026-01-18 02:27:54,489 - INFO - epoch=722 train_loss=0.7956 val_loss=0.6175
2026-01-18 02:27:56,992 - INFO - epoch=723 train_loss=0.7949 val_loss=0.6212
2026-01-18 02:27:59,500 - INFO - epoch=724 train_loss=0.7955 val_loss=0.6116
2026-01-18 02:28:02,099 - INFO - epoch=725 train_loss=0.7982 val_loss=0.6391
2026-01-18 02:28:04,741 - INFO - epoch=726 train_loss=0.7893 val_loss=0.6205
2026-01-18 02:28:07,294 - INFO - epoch=727 train_loss=0.7931 val_loss=0.6319
2026-01-18 02:28:09,875 - INFO - epoch=728 train_loss=0.7950 val_loss=0.6167
2026-01-18 02:28:12,404 - INFO - epoch=729 train_loss=0.7928 val_loss=0.6214
2026-01-18 02:28:14,991 - INFO - epoch=730 train_loss=0.7984 val_loss=0.6183
2026-01-18 02:28:17,626 - INFO - epoch=731 train_loss=0.7928 val_loss=0.6278
2026-01-18 02:28:20,257 - INFO - epoch=732 train_loss=0.7924 val_loss=0.6159
2026-01-18 02:28:22,788 - INFO - epoch=733 train_loss=0.7959 val_loss=0.6077
2026-01-18 02:28:25,364 - INFO - epoch=734 train_loss=0.7966 val_loss=0.6072
2026-01-18 02:28:27,970 - INFO - epoch=735 train_loss=0.7967 val_loss=0.6136
2026-01-18 02:28:30,583 - INFO - epoch=736 train_loss=0.7962 val_loss=0.6126
2026-01-18 02:28:33,140 - INFO - epoch=737 train_loss=0.7982 val_loss=0.6338
2026-01-18 02:28:35,734 - INFO - epoch=738 train_loss=0.7951 val_loss=0.6292
2026-01-18 02:28:38,343 - INFO - epoch=739 train_loss=0.7939 val_loss=0.6353
2026-01-18 02:28:40,959 - INFO - epoch=740 train_loss=0.7954 val_loss=0.6327
2026-01-18 02:28:43,650 - INFO - epoch=741 train_loss=0.7961 val_loss=0.6495
2026-01-18 02:28:46,253 - INFO - epoch=742 train_loss=0.7939 val_loss=0.6191
2026-01-18 02:28:48,831 - INFO - epoch=743 train_loss=0.7961 val_loss=0.6334
2026-01-18 02:28:51,415 - INFO - epoch=744 train_loss=0.7941 val_loss=0.6231
2026-01-18 02:28:53,979 - INFO - epoch=745 train_loss=0.7925 val_loss=0.6100
2026-01-18 02:28:56,548 - INFO - epoch=746 train_loss=0.7935 val_loss=0.6272
2026-01-18 02:28:59,115 - INFO - epoch=747 train_loss=0.7999 val_loss=0.6336
2026-01-18 02:29:01,785 - INFO - epoch=748 train_loss=0.7955 val_loss=0.6332
2026-01-18 02:29:04,378 - INFO - epoch=749 train_loss=0.7890 val_loss=0.6123
2026-01-18 02:29:06,987 - INFO - epoch=750 train_loss=0.7924 val_loss=0.6151
2026-01-18 02:29:09,657 - INFO - epoch=751 train_loss=0.7891 val_loss=0.6263
2026-01-18 02:29:12,213 - INFO - epoch=752 train_loss=0.7974 val_loss=0.6194
2026-01-18 02:29:14,841 - INFO - epoch=753 train_loss=0.7951 val_loss=0.6046
2026-01-18 02:29:17,491 - INFO - epoch=754 train_loss=0.7997 val_loss=0.6344
2026-01-18 02:29:20,147 - INFO - epoch=755 train_loss=0.7893 val_loss=0.6047
2026-01-18 02:29:22,754 - INFO - epoch=756 train_loss=0.7927 val_loss=0.6200
2026-01-18 02:29:25,308 - INFO - epoch=757 train_loss=0.7919 val_loss=0.6307
2026-01-18 02:29:27,962 - INFO - epoch=758 train_loss=0.7990 val_loss=0.6104
2026-01-18 02:29:30,578 - INFO - epoch=759 train_loss=0.7922 val_loss=0.6380
2026-01-18 02:29:33,188 - INFO - epoch=760 train_loss=0.7889 val_loss=0.6172
2026-01-18 02:29:35,863 - INFO - epoch=761 train_loss=0.7910 val_loss=0.6182
2026-01-18 02:29:38,480 - INFO - epoch=762 train_loss=0.7938 val_loss=0.6085
2026-01-18 02:29:41,103 - INFO - epoch=763 train_loss=0.7965 val_loss=0.6167
2026-01-18 02:29:43,706 - INFO - epoch=764 train_loss=0.7980 val_loss=0.6412
2026-01-18 02:29:46,312 - INFO - epoch=765 train_loss=0.7949 val_loss=0.6251
2026-01-18 02:29:48,895 - INFO - epoch=766 train_loss=0.7865 val_loss=0.6350
2026-01-18 02:29:51,494 - INFO - epoch=767 train_loss=0.7949 val_loss=0.6235
2026-01-18 02:29:54,135 - INFO - epoch=768 train_loss=0.7961 val_loss=0.6164
2026-01-18 02:29:56,738 - INFO - epoch=769 train_loss=0.7898 val_loss=0.6092
2026-01-18 02:29:59,344 - INFO - epoch=770 train_loss=0.7970 val_loss=0.6281
2026-01-18 02:30:01,968 - INFO - epoch=771 train_loss=0.7965 val_loss=0.6218
2026-01-18 02:30:04,759 - INFO - epoch=772 train_loss=0.7956 val_loss=0.6176
2026-01-18 02:30:07,404 - INFO - epoch=773 train_loss=0.7919 val_loss=0.6245
2026-01-18 02:30:10,052 - INFO - epoch=774 train_loss=0.7908 val_loss=0.6157
2026-01-18 02:30:12,660 - INFO - epoch=775 train_loss=0.7910 val_loss=0.5947
2026-01-18 02:30:15,246 - INFO - epoch=776 train_loss=0.7866 val_loss=0.6121
2026-01-18 02:30:17,853 - INFO - epoch=777 train_loss=0.7928 val_loss=0.6081
2026-01-18 02:30:20,466 - INFO - epoch=778 train_loss=0.7885 val_loss=0.6258
2026-01-18 02:30:23,034 - INFO - epoch=779 train_loss=0.7953 val_loss=0.6092
2026-01-18 02:30:25,664 - INFO - epoch=780 train_loss=0.7895 val_loss=0.6239
2026-01-18 02:30:28,279 - INFO - epoch=781 train_loss=0.7870 val_loss=0.6144
2026-01-18 02:30:30,980 - INFO - epoch=782 train_loss=0.7956 val_loss=0.6287
2026-01-18 02:30:33,626 - INFO - epoch=783 train_loss=0.7949 val_loss=0.6115
2026-01-18 02:30:36,240 - INFO - epoch=784 train_loss=0.7955 val_loss=0.6113
2026-01-18 02:30:38,815 - INFO - epoch=785 train_loss=0.7968 val_loss=0.6165
2026-01-18 02:30:41,352 - INFO - epoch=786 train_loss=0.7902 val_loss=0.6267
2026-01-18 02:30:43,990 - INFO - epoch=787 train_loss=0.7920 val_loss=0.6262
2026-01-18 02:30:46,560 - INFO - epoch=788 train_loss=0.7931 val_loss=0.6084
2026-01-18 02:30:49,158 - INFO - epoch=789 train_loss=0.7960 val_loss=0.6101
2026-01-18 02:30:51,758 - INFO - epoch=790 train_loss=0.7937 val_loss=0.6282
2026-01-18 02:30:54,394 - INFO - epoch=791 train_loss=0.7926 val_loss=0.6330
2026-01-18 02:30:56,987 - INFO - epoch=792 train_loss=0.7905 val_loss=0.6102
2026-01-18 02:30:59,511 - INFO - epoch=793 train_loss=0.7921 val_loss=0.6381
2026-01-18 02:31:02,126 - INFO - epoch=794 train_loss=0.7873 val_loss=0.6245
2026-01-18 02:31:04,802 - INFO - epoch=795 train_loss=0.7947 val_loss=0.6237
2026-01-18 02:31:07,415 - INFO - epoch=796 train_loss=0.7875 val_loss=0.6194
2026-01-18 02:31:10,068 - INFO - epoch=797 train_loss=0.7934 val_loss=0.6139
2026-01-18 02:31:12,764 - INFO - epoch=798 train_loss=0.7858 val_loss=0.6051
2026-01-18 02:31:15,466 - INFO - epoch=799 train_loss=0.7899 val_loss=0.5870
2026-01-18 02:31:18,065 - INFO - epoch=800 train_loss=0.7936 val_loss=0.6006
2026-01-18 02:31:20,743 - INFO - epoch=801 train_loss=0.7976 val_loss=0.6091
2026-01-18 02:31:23,345 - INFO - epoch=802 train_loss=0.7881 val_loss=0.6285
2026-01-18 02:31:25,909 - INFO - epoch=803 train_loss=0.7931 val_loss=0.6154
2026-01-18 02:31:28,508 - INFO - epoch=804 train_loss=0.7864 val_loss=0.6368
2026-01-18 02:31:31,210 - INFO - epoch=805 train_loss=0.7870 val_loss=0.6099
2026-01-18 02:31:33,831 - INFO - epoch=806 train_loss=0.7878 val_loss=0.6203
2026-01-18 02:31:36,485 - INFO - epoch=807 train_loss=0.7892 val_loss=0.6142
2026-01-18 02:31:39,100 - INFO - epoch=808 train_loss=0.7825 val_loss=0.6117
2026-01-18 02:31:41,730 - INFO - epoch=809 train_loss=0.7897 val_loss=0.6074
2026-01-18 02:31:44,609 - INFO - epoch=810 train_loss=0.7937 val_loss=0.6288
2026-01-18 02:31:47,282 - INFO - epoch=811 train_loss=0.7883 val_loss=0.6146
2026-01-18 02:31:50,004 - INFO - epoch=812 train_loss=0.7912 val_loss=0.5981
2026-01-18 02:31:52,788 - INFO - epoch=813 train_loss=0.7848 val_loss=0.6152
2026-01-18 02:31:55,675 - INFO - epoch=814 train_loss=0.7931 val_loss=0.6101
2026-01-18 02:31:58,380 - INFO - epoch=815 train_loss=0.7910 val_loss=0.6087
2026-01-18 02:32:01,159 - INFO - epoch=816 train_loss=0.7902 val_loss=0.6297
2026-01-18 02:32:03,794 - INFO - epoch=817 train_loss=0.7879 val_loss=0.6245
2026-01-18 02:32:06,488 - INFO - epoch=818 train_loss=0.7862 val_loss=0.6202
2026-01-18 02:32:09,230 - INFO - epoch=819 train_loss=0.7884 val_loss=0.6010
2026-01-18 02:32:12,032 - INFO - epoch=820 train_loss=0.7879 val_loss=0.6040
2026-01-18 02:32:14,969 - INFO - epoch=821 train_loss=0.7860 val_loss=0.6104
2026-01-18 02:32:17,799 - INFO - epoch=822 train_loss=0.7880 val_loss=0.6167
2026-01-18 02:32:20,817 - INFO - epoch=823 train_loss=0.7910 val_loss=0.6148
2026-01-18 02:32:23,759 - INFO - epoch=824 train_loss=0.7868 val_loss=0.5954
2026-01-18 02:32:26,463 - INFO - epoch=825 train_loss=0.7901 val_loss=0.6134
2026-01-18 02:32:29,419 - INFO - epoch=826 train_loss=0.7847 val_loss=0.6065
2026-01-18 02:32:32,350 - INFO - epoch=827 train_loss=0.7876 val_loss=0.5988
2026-01-18 02:32:35,073 - INFO - epoch=828 train_loss=0.7839 val_loss=0.6105
2026-01-18 02:32:37,777 - INFO - epoch=829 train_loss=0.7942 val_loss=0.6354
2026-01-18 02:32:40,420 - INFO - epoch=830 train_loss=0.7840 val_loss=0.6070
2026-01-18 02:32:43,093 - INFO - epoch=831 train_loss=0.7884 val_loss=0.6038
2026-01-18 02:32:45,730 - INFO - epoch=832 train_loss=0.7828 val_loss=0.5890
2026-01-18 02:32:48,342 - INFO - epoch=833 train_loss=0.7907 val_loss=0.6356
2026-01-18 02:32:50,987 - INFO - epoch=834 train_loss=0.7827 val_loss=0.6190
2026-01-18 02:32:53,657 - INFO - epoch=835 train_loss=0.7905 val_loss=0.6135
2026-01-18 02:32:56,257 - INFO - epoch=836 train_loss=0.7912 val_loss=0.6167
2026-01-18 02:32:58,782 - INFO - epoch=837 train_loss=0.7869 val_loss=0.6245
2026-01-18 02:33:01,336 - INFO - epoch=838 train_loss=0.7899 val_loss=0.6167
2026-01-18 02:33:03,938 - INFO - epoch=839 train_loss=0.7820 val_loss=0.6260
2026-01-18 02:33:06,510 - INFO - epoch=840 train_loss=0.7874 val_loss=0.6036
2026-01-18 02:33:09,106 - INFO - epoch=841 train_loss=0.7876 val_loss=0.6102
2026-01-18 02:33:11,694 - INFO - epoch=842 train_loss=0.7885 val_loss=0.6102
2026-01-18 02:33:14,320 - INFO - epoch=843 train_loss=0.7917 val_loss=0.6391
2026-01-18 02:33:16,996 - INFO - epoch=844 train_loss=0.7886 val_loss=0.6162
2026-01-18 02:33:19,650 - INFO - epoch=845 train_loss=0.7777 val_loss=0.6130
2026-01-18 02:33:22,331 - INFO - epoch=846 train_loss=0.7885 val_loss=0.5976
2026-01-18 02:33:25,009 - INFO - epoch=847 train_loss=0.7795 val_loss=0.6052
2026-01-18 02:33:27,934 - INFO - epoch=848 train_loss=0.7865 val_loss=0.6077
2026-01-18 02:33:30,730 - INFO - epoch=849 train_loss=0.7834 val_loss=0.6123
2026-01-18 02:33:33,364 - INFO - epoch=850 train_loss=0.7897 val_loss=0.6058
2026-01-18 02:33:36,182 - INFO - epoch=851 train_loss=0.7870 val_loss=0.6153
2026-01-18 02:33:38,849 - INFO - epoch=852 train_loss=0.7845 val_loss=0.6063
2026-01-18 02:33:41,646 - INFO - epoch=853 train_loss=0.7841 val_loss=0.6148
2026-01-18 02:33:44,431 - INFO - epoch=854 train_loss=0.7893 val_loss=0.6069
2026-01-18 02:33:47,105 - INFO - epoch=855 train_loss=0.7815 val_loss=0.6360
2026-01-18 02:33:49,803 - INFO - epoch=856 train_loss=0.7814 val_loss=0.6089
2026-01-18 02:33:52,539 - INFO - epoch=857 train_loss=0.7916 val_loss=0.5966
2026-01-18 02:33:55,248 - INFO - epoch=858 train_loss=0.7849 val_loss=0.5902
2026-01-18 02:33:58,209 - INFO - epoch=859 train_loss=0.7864 val_loss=0.5906
2026-01-18 02:34:01,127 - INFO - epoch=860 train_loss=0.7832 val_loss=0.5937
2026-01-18 02:34:04,018 - INFO - epoch=861 train_loss=0.7832 val_loss=0.5870
2026-01-18 02:34:07,323 - INFO - epoch=862 train_loss=0.7866 val_loss=0.6065
2026-01-18 02:34:09,996 - INFO - epoch=863 train_loss=0.7827 val_loss=0.6093
2026-01-18 02:34:12,721 - INFO - epoch=864 train_loss=0.7772 val_loss=0.6012
2026-01-18 02:34:15,699 - INFO - epoch=865 train_loss=0.7817 val_loss=0.6318
2026-01-18 02:34:18,355 - INFO - epoch=866 train_loss=0.7896 val_loss=0.6203
2026-01-18 02:34:21,047 - INFO - epoch=867 train_loss=0.7871 val_loss=0.6222
2026-01-18 02:34:23,731 - INFO - epoch=868 train_loss=0.7832 val_loss=0.6102
2026-01-18 02:34:26,419 - INFO - epoch=869 train_loss=0.7825 val_loss=0.6140
2026-01-18 02:34:29,029 - INFO - epoch=870 train_loss=0.7823 val_loss=0.6152
2026-01-18 02:34:31,626 - INFO - epoch=871 train_loss=0.7869 val_loss=0.6018
2026-01-18 02:34:34,235 - INFO - epoch=872 train_loss=0.7819 val_loss=0.6320
2026-01-18 02:34:36,868 - INFO - epoch=873 train_loss=0.7854 val_loss=0.6223
2026-01-18 02:34:39,423 - INFO - epoch=874 train_loss=0.7902 val_loss=0.6006
2026-01-18 02:34:41,976 - INFO - epoch=875 train_loss=0.7823 val_loss=0.6176
2026-01-18 02:34:44,470 - INFO - epoch=876 train_loss=0.7784 val_loss=0.6158
2026-01-18 02:34:47,012 - INFO - epoch=877 train_loss=0.7872 val_loss=0.6178
2026-01-18 02:34:49,530 - INFO - epoch=878 train_loss=0.7846 val_loss=0.6034
2026-01-18 02:34:52,162 - INFO - epoch=879 train_loss=0.7841 val_loss=0.6013
2026-01-18 02:34:54,715 - INFO - epoch=880 train_loss=0.7861 val_loss=0.6183
2026-01-18 02:34:57,294 - INFO - epoch=881 train_loss=0.7833 val_loss=0.6186
2026-01-18 02:34:59,914 - INFO - epoch=882 train_loss=0.7890 val_loss=0.6148
2026-01-18 02:35:02,480 - INFO - epoch=883 train_loss=0.7852 val_loss=0.6087
2026-01-18 02:35:05,078 - INFO - epoch=884 train_loss=0.7804 val_loss=0.6009
2026-01-18 02:35:07,770 - INFO - epoch=885 train_loss=0.7816 val_loss=0.5888
2026-01-18 02:35:10,376 - INFO - epoch=886 train_loss=0.7825 val_loss=0.6246
2026-01-18 02:35:13,030 - INFO - epoch=887 train_loss=0.7868 val_loss=0.6123
2026-01-18 02:35:15,747 - INFO - epoch=888 train_loss=0.7772 val_loss=0.6047
2026-01-18 02:35:18,527 - INFO - epoch=889 train_loss=0.7833 val_loss=0.6089
2026-01-18 02:35:21,275 - INFO - epoch=890 train_loss=0.7805 val_loss=0.6208
2026-01-18 02:35:23,936 - INFO - epoch=891 train_loss=0.7799 val_loss=0.6117
2026-01-18 02:35:26,785 - INFO - epoch=892 train_loss=0.7918 val_loss=0.6087
2026-01-18 02:35:29,454 - INFO - epoch=893 train_loss=0.7819 val_loss=0.6338
2026-01-18 02:35:32,225 - INFO - epoch=894 train_loss=0.7792 val_loss=0.5956
2026-01-18 02:35:34,936 - INFO - epoch=895 train_loss=0.7808 val_loss=0.5956
2026-01-18 02:35:37,731 - INFO - epoch=896 train_loss=0.7894 val_loss=0.6225
2026-01-18 02:35:40,432 - INFO - epoch=897 train_loss=0.7746 val_loss=0.6093
2026-01-18 02:35:43,191 - INFO - epoch=898 train_loss=0.7827 val_loss=0.6123
2026-01-18 02:35:45,933 - INFO - epoch=899 train_loss=0.7811 val_loss=0.6019
2026-01-18 02:35:48,713 - INFO - epoch=900 train_loss=0.7838 val_loss=0.6168
2026-01-18 02:35:51,760 - INFO - epoch=901 train_loss=0.7824 val_loss=0.6315
2026-01-18 02:35:54,726 - INFO - epoch=902 train_loss=0.7793 val_loss=0.5865
2026-01-18 02:35:57,686 - INFO - epoch=903 train_loss=0.7864 val_loss=0.6179
2026-01-18 02:36:00,360 - INFO - epoch=904 train_loss=0.7879 val_loss=0.6102
2026-01-18 02:36:03,294 - INFO - epoch=905 train_loss=0.7835 val_loss=0.6062
2026-01-18 02:36:06,272 - INFO - epoch=906 train_loss=0.7860 val_loss=0.6291
2026-01-18 02:36:09,197 - INFO - epoch=907 train_loss=0.7888 val_loss=0.6161
2026-01-18 02:36:11,956 - INFO - epoch=908 train_loss=0.7787 val_loss=0.6118
2026-01-18 02:36:14,714 - INFO - epoch=909 train_loss=0.7829 val_loss=0.5905
2026-01-18 02:36:17,438 - INFO - epoch=910 train_loss=0.7798 val_loss=0.6084
2026-01-18 02:36:20,064 - INFO - epoch=911 train_loss=0.7776 val_loss=0.6065
2026-01-18 02:36:22,690 - INFO - epoch=912 train_loss=0.7873 val_loss=0.6179
2026-01-18 02:36:25,243 - INFO - epoch=913 train_loss=0.7825 val_loss=0.5867
2026-01-18 02:36:27,835 - INFO - epoch=914 train_loss=0.7845 val_loss=0.6124
2026-01-18 02:36:30,395 - INFO - epoch=915 train_loss=0.7818 val_loss=0.6064
2026-01-18 02:36:32,987 - INFO - epoch=916 train_loss=0.7747 val_loss=0.5996
2026-01-18 02:36:35,518 - INFO - epoch=917 train_loss=0.7855 val_loss=0.5979
2026-01-18 02:36:38,071 - INFO - epoch=918 train_loss=0.7780 val_loss=0.6084
2026-01-18 02:36:40,565 - INFO - epoch=919 train_loss=0.7842 val_loss=0.6006
2026-01-18 02:36:43,152 - INFO - epoch=920 train_loss=0.7799 val_loss=0.5873
2026-01-18 02:36:45,783 - INFO - epoch=921 train_loss=0.7831 val_loss=0.6117
2026-01-18 02:36:48,414 - INFO - epoch=922 train_loss=0.7834 val_loss=0.6179
2026-01-18 02:36:51,009 - INFO - epoch=923 train_loss=0.7815 val_loss=0.6149
2026-01-18 02:36:53,521 - INFO - epoch=924 train_loss=0.7814 val_loss=0.6128
2026-01-18 02:36:56,054 - INFO - epoch=925 train_loss=0.7784 val_loss=0.5958
2026-01-18 02:36:58,673 - INFO - epoch=926 train_loss=0.7785 val_loss=0.6035
2026-01-18 02:37:01,330 - INFO - epoch=927 train_loss=0.7785 val_loss=0.5986
2026-01-18 02:37:03,958 - INFO - epoch=928 train_loss=0.7820 val_loss=0.5830
2026-01-18 02:37:06,628 - INFO - epoch=929 train_loss=0.7798 val_loss=0.6150
2026-01-18 02:37:09,262 - INFO - epoch=930 train_loss=0.7827 val_loss=0.5897
2026-01-18 02:37:12,072 - INFO - epoch=931 train_loss=0.7796 val_loss=0.5982
2026-01-18 02:37:14,878 - INFO - epoch=932 train_loss=0.7792 val_loss=0.6025
2026-01-18 02:37:17,557 - INFO - epoch=933 train_loss=0.7794 val_loss=0.5842
2026-01-18 02:37:20,267 - INFO - epoch=934 train_loss=0.7822 val_loss=0.6125
2026-01-18 02:37:23,057 - INFO - epoch=935 train_loss=0.7866 val_loss=0.6041
2026-01-18 02:37:25,749 - INFO - epoch=936 train_loss=0.7738 val_loss=0.6175
2026-01-18 02:37:28,483 - INFO - epoch=937 train_loss=0.7813 val_loss=0.6036
2026-01-18 02:37:31,297 - INFO - epoch=938 train_loss=0.7820 val_loss=0.6156
2026-01-18 02:37:34,074 - INFO - epoch=939 train_loss=0.7794 val_loss=0.5963
2026-01-18 02:37:36,859 - INFO - epoch=940 train_loss=0.7742 val_loss=0.5892
2026-01-18 02:37:39,611 - INFO - epoch=941 train_loss=0.7798 val_loss=0.6168
2026-01-18 02:37:42,544 - INFO - epoch=942 train_loss=0.7765 val_loss=0.6096
2026-01-18 02:37:45,351 - INFO - epoch=943 train_loss=0.7802 val_loss=0.6260
2026-01-18 02:37:48,331 - INFO - epoch=944 train_loss=0.7805 val_loss=0.6081
2026-01-18 02:37:51,200 - INFO - epoch=945 train_loss=0.7801 val_loss=0.6036
2026-01-18 02:37:54,148 - INFO - epoch=946 train_loss=0.7789 val_loss=0.5892
2026-01-18 02:37:56,970 - INFO - epoch=947 train_loss=0.7759 val_loss=0.6102
2026-01-18 02:37:59,827 - INFO - epoch=948 train_loss=0.7841 val_loss=0.6124
2026-01-18 02:38:02,541 - INFO - epoch=949 train_loss=0.7847 val_loss=0.6003
2026-01-18 02:38:05,493 - INFO - epoch=950 train_loss=0.7845 val_loss=0.6200
2026-01-18 02:38:08,194 - INFO - epoch=951 train_loss=0.7759 val_loss=0.6046
2026-01-18 02:38:10,840 - INFO - epoch=952 train_loss=0.7747 val_loss=0.5901
2026-01-18 02:38:13,442 - INFO - epoch=953 train_loss=0.7715 val_loss=0.6002
2026-01-18 02:38:16,061 - INFO - epoch=954 train_loss=0.7753 val_loss=0.6031
2026-01-18 02:38:18,704 - INFO - epoch=955 train_loss=0.7850 val_loss=0.6095
2026-01-18 02:38:21,286 - INFO - epoch=956 train_loss=0.7759 val_loss=0.6003
2026-01-18 02:38:23,903 - INFO - epoch=957 train_loss=0.7838 val_loss=0.6105
2026-01-18 02:38:26,494 - INFO - epoch=958 train_loss=0.7752 val_loss=0.6171
2026-01-18 02:38:29,051 - INFO - epoch=959 train_loss=0.7798 val_loss=0.6281
2026-01-18 02:38:31,735 - INFO - epoch=960 train_loss=0.7832 val_loss=0.6129
2026-01-18 02:38:34,383 - INFO - epoch=961 train_loss=0.7803 val_loss=0.5940
2026-01-18 02:38:37,011 - INFO - epoch=962 train_loss=0.7786 val_loss=0.5914
2026-01-18 02:38:39,777 - INFO - epoch=963 train_loss=0.7789 val_loss=0.5979
2026-01-18 02:38:42,429 - INFO - epoch=964 train_loss=0.7834 val_loss=0.6145
2026-01-18 02:38:45,110 - INFO - epoch=965 train_loss=0.7744 val_loss=0.6113
2026-01-18 02:38:47,903 - INFO - epoch=966 train_loss=0.7754 val_loss=0.5972
2026-01-18 02:38:50,673 - INFO - epoch=967 train_loss=0.7811 val_loss=0.5957
2026-01-18 02:38:53,464 - INFO - epoch=968 train_loss=0.7767 val_loss=0.6009
2026-01-18 02:38:56,112 - INFO - epoch=969 train_loss=0.7793 val_loss=0.5883
2026-01-18 02:38:58,844 - INFO - epoch=970 train_loss=0.7788 val_loss=0.5864
2026-01-18 02:39:01,590 - INFO - epoch=971 train_loss=0.7792 val_loss=0.6068
2026-01-18 02:39:04,406 - INFO - epoch=972 train_loss=0.7820 val_loss=0.6129
2026-01-18 02:39:07,184 - INFO - epoch=973 train_loss=0.7715 val_loss=0.5961
2026-01-18 02:39:09,904 - INFO - epoch=974 train_loss=0.7723 val_loss=0.6028
2026-01-18 02:39:12,602 - INFO - epoch=975 train_loss=0.7796 val_loss=0.6101
2026-01-18 02:39:15,299 - INFO - epoch=976 train_loss=0.7780 val_loss=0.5874
2026-01-18 02:39:18,193 - INFO - epoch=977 train_loss=0.7763 val_loss=0.6063
2026-01-18 02:39:21,063 - INFO - epoch=978 train_loss=0.7763 val_loss=0.5899
2026-01-18 02:39:23,810 - INFO - epoch=979 train_loss=0.7822 val_loss=0.6088
2026-01-18 02:39:26,726 - INFO - epoch=980 train_loss=0.7694 val_loss=0.5868
2026-01-18 02:39:29,726 - INFO - epoch=981 train_loss=0.7730 val_loss=0.5903
2026-01-18 02:39:32,622 - INFO - epoch=982 train_loss=0.7747 val_loss=0.6032
2026-01-18 02:39:35,588 - INFO - epoch=983 train_loss=0.7752 val_loss=0.5901
2026-01-18 02:39:38,476 - INFO - epoch=984 train_loss=0.7750 val_loss=0.6138
2026-01-18 02:39:41,200 - INFO - epoch=985 train_loss=0.7781 val_loss=0.6035
2026-01-18 02:39:43,950 - INFO - epoch=986 train_loss=0.7818 val_loss=0.6266
2026-01-18 02:39:46,755 - INFO - epoch=987 train_loss=0.7782 val_loss=0.5969
2026-01-18 02:39:49,429 - INFO - epoch=988 train_loss=0.7803 val_loss=0.6254
2026-01-18 02:39:52,189 - INFO - epoch=989 train_loss=0.7846 val_loss=0.5861
2026-01-18 02:39:55,114 - INFO - epoch=990 train_loss=0.7820 val_loss=0.6083
2026-01-18 02:39:57,828 - INFO - epoch=991 train_loss=0.7792 val_loss=0.6111
2026-01-18 02:40:00,546 - INFO - epoch=992 train_loss=0.7714 val_loss=0.6040
2026-01-18 02:40:03,153 - INFO - epoch=993 train_loss=0.7758 val_loss=0.6131
2026-01-18 02:40:05,736 - INFO - epoch=994 train_loss=0.7805 val_loss=0.6071
2026-01-18 02:40:08,287 - INFO - epoch=995 train_loss=0.7745 val_loss=0.6054
2026-01-18 02:40:10,861 - INFO - epoch=996 train_loss=0.7719 val_loss=0.6123
2026-01-18 02:40:13,417 - INFO - epoch=997 train_loss=0.7763 val_loss=0.5814
2026-01-18 02:40:16,018 - INFO - epoch=998 train_loss=0.7769 val_loss=0.6118
2026-01-18 02:40:18,634 - INFO - epoch=999 train_loss=0.7838 val_loss=0.5979
2026-01-18 02:40:21,236 - INFO - epoch=1000 train_loss=0.7843 val_loss=0.6033
2026-01-18 02:40:21,384 - INFO - saved: /home/jinlin/data/geoexplicit_data/experiments/icml2026_routegen/WAYCASD3_xattn_nL64_rustbelt_seed0_e1000/W7_train_flow/report.json
