usage: unified_binned_eval.py [-h] --method
                              {shortest_path,rnn_ar,transformer_ar,gtg,difftraj}
                              [--ckpt CKPT] --way_routes_npz WAY_ROUTES_NPZ
                              --way_graph_npz WAY_GRAPH_NPZ --way_features_npz
                              WAY_FEATURES_NPZ --out_json OUT_JSON
                              [--seed SEED] [--device DEVICE]
                              [--tz_offset_hours TZ_OFFSET_HOURS]
                              [--n_routes N_ROUTES] [--min_hops MIN_HOPS]
                              [--max_way_len MAX_WAY_LEN]
                              [--max_decode_len MAX_DECODE_LEN]
                              [--decode_max_candidates DECODE_MAX_CANDIDATES]
                              [--beam_size BEAM_SIZE] [--no_compare_beam]
                              [--n_samples_per_route N_SAMPLES_PER_ROUTE]
                              [--sample_select {first,best}]
                              [--difftraj_sample_steps DIFFTRAJ_SAMPLE_STEPS]
                              [--difftraj_disconnected_fail DIFFTRAJ_DISCONNECTED_FAIL]
                              [--snap_cell_size SNAP_CELL_SIZE]
                              [--snap_max_radius SNAP_MAX_RADIUS]
                              [--dump_way_seqs] [--split_json SPLIT_JSON]
                              [--split_part {train,val,test}]
                              [--city_grid_meta CITY_GRID_META]
unified_binned_eval.py: error: unrecognized arguments: --out_per_route_json _sync/wsa/pi_verify/20260211_porto_phase2_s0/phaseBC_n200_s0/phaseB/per_route_rnn_beam16_n200.json
