2026-01-16 10:08:26,095 - INFO - device=cuda
2026-01-16 10:08:26,113 - INFO - routes: total=7501 train=6751 val=750 max_way_len=160
/home/jinlin/miniconda3/envs/dpl/lib/python3.11/site-packages/torch/nn/modules/transformer.py:392: UserWarning: enable_nested_tensor is True, but self.use_nested_tensor is False because encoder_layer.norm_first was True
  warnings.warn(
2026-01-16 10:08:32,072 - INFO - epoch=1 train_loss=7.6635 val_loss=6.5901
2026-01-16 10:08:33,332 - INFO - epoch=2 train_loss=6.4864 val_loss=6.0769
2026-01-16 10:08:34,461 - INFO - epoch=3 train_loss=6.1840 val_loss=5.9210
2026-01-16 10:08:35,652 - INFO - epoch=4 train_loss=6.0087 val_loss=5.7984
2026-01-16 10:08:37,074 - INFO - epoch=5 train_loss=5.9293 val_loss=5.7198
2026-01-16 10:08:38,456 - INFO - epoch=6 train_loss=5.8788 val_loss=5.6366
2026-01-16 10:08:39,860 - INFO - epoch=7 train_loss=5.8349 val_loss=5.6810
2026-01-16 10:08:40,965 - INFO - epoch=8 train_loss=5.8203 val_loss=5.6204
2026-01-16 10:08:42,131 - INFO - epoch=9 train_loss=5.7622 val_loss=5.5586
2026-01-16 10:08:43,328 - INFO - epoch=10 train_loss=5.7368 val_loss=5.5278
2026-01-16 10:08:44,516 - INFO - epoch=11 train_loss=5.7176 val_loss=5.5226
2026-01-16 10:08:45,720 - INFO - epoch=12 train_loss=5.7189 val_loss=5.5024
2026-01-16 10:08:47,030 - INFO - epoch=13 train_loss=5.6747 val_loss=5.4950
2026-01-16 10:08:48,310 - INFO - epoch=14 train_loss=5.6720 val_loss=5.4509
2026-01-16 10:08:49,614 - INFO - epoch=15 train_loss=5.6501 val_loss=5.4211
2026-01-16 10:08:50,729 - INFO - epoch=16 train_loss=5.6318 val_loss=5.4412
2026-01-16 10:08:51,890 - INFO - epoch=17 train_loss=5.6209 val_loss=5.4181
2026-01-16 10:08:53,104 - INFO - epoch=18 train_loss=5.5953 val_loss=5.3493
2026-01-16 10:08:54,330 - INFO - epoch=19 train_loss=5.5672 val_loss=5.3913
2026-01-16 10:08:55,702 - INFO - epoch=20 train_loss=5.5641 val_loss=5.3564
2026-01-16 10:08:57,183 - INFO - epoch=21 train_loss=5.5405 val_loss=5.3824
2026-01-16 10:08:58,360 - INFO - epoch=22 train_loss=5.5259 val_loss=5.3555
2026-01-16 10:08:59,518 - INFO - epoch=23 train_loss=5.5171 val_loss=5.2916
2026-01-16 10:09:00,781 - INFO - epoch=24 train_loss=5.5138 val_loss=5.3203
2026-01-16 10:09:01,903 - INFO - epoch=25 train_loss=5.4856 val_loss=5.2715
2026-01-16 10:09:03,207 - INFO - epoch=26 train_loss=5.4851 val_loss=5.2583
2026-01-16 10:09:04,679 - INFO - epoch=27 train_loss=5.4503 val_loss=5.2721
2026-01-16 10:09:05,891 - INFO - epoch=28 train_loss=5.4426 val_loss=5.2547
2026-01-16 10:09:07,231 - INFO - epoch=29 train_loss=5.4109 val_loss=5.2202
2026-01-16 10:09:08,466 - INFO - epoch=30 train_loss=5.3874 val_loss=5.2056
2026-01-16 10:09:09,618 - INFO - epoch=31 train_loss=5.3897 val_loss=5.1847
2026-01-16 10:09:10,819 - INFO - epoch=32 train_loss=5.3567 val_loss=5.1756
2026-01-16 10:09:11,997 - INFO - epoch=33 train_loss=5.3818 val_loss=5.1982
2026-01-16 10:09:13,308 - INFO - epoch=34 train_loss=5.3679 val_loss=5.1820
2026-01-16 10:09:14,558 - INFO - epoch=35 train_loss=5.3351 val_loss=5.1234
2026-01-16 10:09:15,860 - INFO - epoch=36 train_loss=5.3183 val_loss=5.2097
2026-01-16 10:09:17,034 - INFO - epoch=37 train_loss=5.2940 val_loss=5.1417
2026-01-16 10:09:18,151 - INFO - epoch=38 train_loss=5.2774 val_loss=5.0962
2026-01-16 10:09:19,449 - INFO - epoch=39 train_loss=5.2791 val_loss=5.0927
2026-01-16 10:09:20,799 - INFO - epoch=40 train_loss=5.2706 val_loss=5.0885
2026-01-16 10:09:22,028 - INFO - epoch=41 train_loss=5.2439 val_loss=5.0608
2026-01-16 10:09:23,343 - INFO - epoch=42 train_loss=5.2396 val_loss=5.0496
2026-01-16 10:09:24,599 - INFO - epoch=43 train_loss=5.2251 val_loss=4.9989
2026-01-16 10:09:25,819 - INFO - epoch=44 train_loss=5.2046 val_loss=5.0036
2026-01-16 10:09:26,965 - INFO - epoch=45 train_loss=5.1910 val_loss=4.9948
2026-01-16 10:09:28,360 - INFO - epoch=46 train_loss=5.1674 val_loss=4.9909
2026-01-16 10:09:29,642 - INFO - epoch=47 train_loss=5.1666 val_loss=4.9925
2026-01-16 10:09:30,720 - INFO - epoch=48 train_loss=5.1689 val_loss=4.9864
2026-01-16 10:09:32,022 - INFO - epoch=49 train_loss=5.1254 val_loss=4.9526
2026-01-16 10:09:33,254 - INFO - epoch=50 train_loss=5.1144 val_loss=4.9375
2026-01-16 10:09:34,499 - INFO - epoch=51 train_loss=5.1052 val_loss=4.9459
2026-01-16 10:09:35,599 - INFO - epoch=52 train_loss=5.1286 val_loss=4.9264
2026-01-16 10:09:36,850 - INFO - epoch=53 train_loss=5.0878 val_loss=4.9501
2026-01-16 10:09:38,131 - INFO - epoch=54 train_loss=5.0873 val_loss=4.9047
2026-01-16 10:09:39,391 - INFO - epoch=55 train_loss=5.0807 val_loss=4.9024
2026-01-16 10:09:40,767 - INFO - epoch=56 train_loss=5.0720 val_loss=4.8863
2026-01-16 10:09:42,044 - INFO - epoch=57 train_loss=5.0593 val_loss=4.8422
2026-01-16 10:09:43,255 - INFO - epoch=58 train_loss=5.0222 val_loss=4.8630
2026-01-16 10:09:44,565 - INFO - epoch=59 train_loss=5.0352 val_loss=4.8371
2026-01-16 10:09:45,930 - INFO - epoch=60 train_loss=5.0063 val_loss=4.8710
2026-01-16 10:09:47,177 - INFO - epoch=61 train_loss=5.0104 val_loss=4.8209
2026-01-16 10:09:48,387 - INFO - epoch=62 train_loss=4.9952 val_loss=4.8031
2026-01-16 10:09:49,571 - INFO - epoch=63 train_loss=4.9820 val_loss=4.8060
2026-01-16 10:09:50,608 - INFO - epoch=64 train_loss=4.9501 val_loss=4.7761
2026-01-16 10:09:51,942 - INFO - epoch=65 train_loss=4.9572 val_loss=4.7855
2026-01-16 10:09:53,212 - INFO - epoch=66 train_loss=4.9451 val_loss=4.7837
2026-01-16 10:09:54,396 - INFO - epoch=67 train_loss=4.9354 val_loss=4.7255
2026-01-16 10:09:55,572 - INFO - epoch=68 train_loss=4.9378 val_loss=4.7543
2026-01-16 10:09:56,677 - INFO - epoch=69 train_loss=4.8822 val_loss=4.6881
2026-01-16 10:09:57,888 - INFO - epoch=70 train_loss=4.8937 val_loss=4.7049
2026-01-16 10:09:59,227 - INFO - epoch=71 train_loss=4.8845 val_loss=4.6891
2026-01-16 10:10:00,532 - INFO - epoch=72 train_loss=4.8617 val_loss=4.7098
2026-01-16 10:10:01,742 - INFO - epoch=73 train_loss=4.8637 val_loss=4.6659
2026-01-16 10:10:02,924 - INFO - epoch=74 train_loss=4.8458 val_loss=4.6621
2026-01-16 10:10:04,122 - INFO - epoch=75 train_loss=4.8284 val_loss=4.6708
2026-01-16 10:10:05,335 - INFO - epoch=76 train_loss=4.8289 val_loss=4.6102
2026-01-16 10:10:06,621 - INFO - epoch=77 train_loss=4.8263 val_loss=4.6411
2026-01-16 10:10:07,855 - INFO - epoch=78 train_loss=4.8183 val_loss=4.6105
2026-01-16 10:10:09,014 - INFO - epoch=79 train_loss=4.7935 val_loss=4.6246
2026-01-16 10:10:10,245 - INFO - epoch=80 train_loss=4.7847 val_loss=4.6202
2026-01-16 10:10:10,248 - INFO - saved: /home/jinlin/data/geoexplicit_data/experiments/icml2026_routegen/WAYCASD2_waydata_rustbelt_seed0_d2dest/W7_train_flow_ep80/report.json
