2026-02-19 09:28:02,920 - INFO - device=cuda
2026-02-19 09:28:03,735 - INFO - split_json=/home/jinlin/data/geoexplicit_data/experiments/icml2026_routegen/WAYCASD0_waydata_porto_seed0/W5_way_routes_strict_gate/od_split_min3_max160_seed0_dev10p.json train_routes=108153 val_routes=13086 => train_idx=107706 val_idx=13041
2026-02-19 09:28:03,737 - INFO - routes: total=1343467 train=107706 val=13041 min_hops=5 max_way_len=160
2026-02-19 09:28:04,364 - WARNING - region_seq_npz filter mismatch: meta(min_hops=3, max_way_len=160) vs train(min_hops=5, max_way_len=160)
/home/jinlin/miniconda3/envs/dpl/lib/python3.11/site-packages/torch/nn/modules/transformer.py:392: UserWarning: enable_nested_tensor is True, but self.use_nested_tensor is False because encoder_layer.norm_first was True
  warnings.warn(
2026-02-19 09:28:06,537 - INFO - init best_val_loss=1.524384 from current weights (epoch=0)
2026-02-19 09:28:12,967 - INFO - epoch=1 train_loss=0.4250 val_loss=0.3090
2026-02-19 09:28:18,941 - INFO - epoch=2 train_loss=0.3056 val_loss=0.2694
2026-02-19 09:28:25,104 - INFO - epoch=3 train_loss=0.2726 val_loss=0.2401
2026-02-19 09:28:31,110 - INFO - epoch=4 train_loss=0.2491 val_loss=0.2233
2026-02-19 09:28:37,142 - INFO - epoch=5 train_loss=0.2319 val_loss=0.2085
2026-02-19 09:28:43,224 - INFO - epoch=6 train_loss=0.2157 val_loss=0.1963
2026-02-19 09:28:49,185 - INFO - epoch=7 train_loss=0.2034 val_loss=0.1849
2026-02-19 09:28:55,263 - INFO - epoch=8 train_loss=0.1927 val_loss=0.1724
2026-02-19 09:29:01,325 - INFO - epoch=9 train_loss=0.1849 val_loss=0.1707
2026-02-19 09:29:07,489 - INFO - epoch=10 train_loss=0.1797 val_loss=0.1643
2026-02-19 09:29:13,692 - INFO - epoch=11 train_loss=0.1763 val_loss=0.1610
2026-02-19 09:29:19,769 - INFO - epoch=12 train_loss=0.1736 val_loss=0.1584
2026-02-19 09:29:25,728 - INFO - epoch=13 train_loss=0.1700 val_loss=0.1543
2026-02-19 09:29:31,792 - INFO - epoch=14 train_loss=0.1694 val_loss=0.1555
2026-02-19 09:29:37,848 - INFO - epoch=15 train_loss=0.1680 val_loss=0.1494
2026-02-19 09:29:43,927 - INFO - epoch=16 train_loss=0.1647 val_loss=0.1514
2026-02-19 09:29:49,857 - INFO - epoch=17 train_loss=0.1625 val_loss=0.1499
2026-02-19 09:29:55,841 - INFO - epoch=18 train_loss=0.1617 val_loss=0.1484
2026-02-19 09:30:01,918 - INFO - epoch=19 train_loss=0.1607 val_loss=0.1458
2026-02-19 09:30:07,948 - INFO - epoch=20 train_loss=0.1590 val_loss=0.1462
2026-02-19 09:30:14,018 - INFO - epoch=21 train_loss=0.1589 val_loss=0.1433
2026-02-19 09:30:20,124 - INFO - epoch=22 train_loss=0.1572 val_loss=0.1429
2026-02-19 09:30:26,228 - INFO - epoch=23 train_loss=0.1555 val_loss=0.1476
2026-02-19 09:30:32,253 - INFO - epoch=24 train_loss=0.1565 val_loss=0.1409
2026-02-19 09:30:38,285 - INFO - epoch=25 train_loss=0.1544 val_loss=0.1433
2026-02-19 09:30:44,479 - INFO - epoch=26 train_loss=0.1548 val_loss=0.1416
2026-02-19 09:30:49,819 - INFO - epoch=27 train_loss=0.1532 val_loss=0.1381
2026-02-19 09:30:55,368 - INFO - epoch=28 train_loss=0.1525 val_loss=0.1401
2026-02-19 09:31:00,748 - INFO - epoch=29 train_loss=0.1540 val_loss=0.1414
2026-02-19 09:31:06,253 - INFO - epoch=30 train_loss=0.1516 val_loss=0.1380
2026-02-19 09:31:11,831 - INFO - epoch=31 train_loss=0.1516 val_loss=0.1361
2026-02-19 09:31:17,435 - INFO - epoch=32 train_loss=0.1497 val_loss=0.1390
2026-02-19 09:31:22,894 - INFO - epoch=33 train_loss=0.1504 val_loss=0.1389
2026-02-19 09:31:28,274 - INFO - epoch=34 train_loss=0.1497 val_loss=0.1375
2026-02-19 09:31:33,833 - INFO - epoch=35 train_loss=0.1503 val_loss=0.1387
2026-02-19 09:31:39,386 - INFO - epoch=36 train_loss=0.1489 val_loss=0.1362
2026-02-19 09:31:44,745 - INFO - epoch=37 train_loss=0.1479 val_loss=0.1362
2026-02-19 09:31:50,347 - INFO - epoch=38 train_loss=0.1483 val_loss=0.1355
2026-02-19 09:31:55,887 - INFO - epoch=39 train_loss=0.1486 val_loss=0.1363
2026-02-19 09:32:01,416 - INFO - epoch=40 train_loss=0.1484 val_loss=0.1341
2026-02-19 09:32:06,957 - INFO - epoch=41 train_loss=0.1474 val_loss=0.1350
2026-02-19 09:32:12,306 - INFO - epoch=42 train_loss=0.1464 val_loss=0.1322
2026-02-19 09:32:17,737 - INFO - epoch=43 train_loss=0.1461 val_loss=0.1315
2026-02-19 09:32:23,145 - INFO - epoch=44 train_loss=0.1467 val_loss=0.1314
2026-02-19 09:32:28,740 - INFO - epoch=45 train_loss=0.1458 val_loss=0.1333
2026-02-19 09:32:34,322 - INFO - epoch=46 train_loss=0.1450 val_loss=0.1331
2026-02-19 09:32:39,682 - INFO - epoch=47 train_loss=0.1459 val_loss=0.1341
2026-02-19 09:32:45,101 - INFO - epoch=48 train_loss=0.1457 val_loss=0.1337
2026-02-19 09:32:50,632 - INFO - epoch=49 train_loss=0.1448 val_loss=0.1312
2026-02-19 09:32:56,126 - INFO - epoch=50 train_loss=0.1440 val_loss=0.1336
2026-02-19 09:33:01,565 - INFO - epoch=51 train_loss=0.1446 val_loss=0.1316
2026-02-19 09:33:07,043 - INFO - epoch=52 train_loss=0.1435 val_loss=0.1300
2026-02-19 09:33:12,499 - INFO - epoch=53 train_loss=0.1440 val_loss=0.1289
2026-02-19 09:33:17,947 - INFO - epoch=54 train_loss=0.1441 val_loss=0.1345
2026-02-19 09:33:23,429 - INFO - epoch=55 train_loss=0.1426 val_loss=0.1328
2026-02-19 09:33:29,050 - INFO - epoch=56 train_loss=0.1435 val_loss=0.1316
2026-02-19 09:33:34,502 - INFO - epoch=57 train_loss=0.1432 val_loss=0.1305
2026-02-19 09:33:40,005 - INFO - epoch=58 train_loss=0.1430 val_loss=0.1314
2026-02-19 09:33:45,476 - INFO - epoch=59 train_loss=0.1430 val_loss=0.1303
2026-02-19 09:33:50,925 - INFO - epoch=60 train_loss=0.1425 val_loss=0.1298
2026-02-19 09:33:51,026 - INFO - saved: _sync/wsa/pi_verify/20260219_porto_d1_nlatent8_s0/D2_flow_nL8/report.json

