2026-02-24 00:38:12,350 - INFO - device=cuda
2026-02-24 00:38:13,095 - INFO - split_json=/home/jinlin/data/geoexplicit_data/experiments/icml2026_routegen/WAYCASD0_waydata_porto_seed0/W5_way_routes_strict_gate/od_split_min3_max160_seed0_dev10p.json train_routes=108153 val_routes=13086 => train_idx=107706 val_idx=13041
2026-02-24 00:38:13,096 - INFO - routes: total=1343467 train=107706 val=13041 min_hops=5 max_way_len=160
/home/jinlin/miniconda3/envs/dpl/lib/python3.11/site-packages/torch/nn/modules/transformer.py:392: UserWarning: enable_nested_tensor is True, but self.use_nested_tensor is False because encoder_layer.norm_first was True
  warnings.warn(
2026-02-24 00:38:17,356 - INFO - init best_val_loss=3.212452 from current weights (epoch=0)
2026-02-24 00:39:33,606 - INFO - epoch=1 train_loss=2.4565(ce=2.4565 kl=1568.5737 β=0.0000) train_acc=0.202 val_loss=2.1550(ce=2.1550 kl=927.5360 β=0.0000) val_acc=0.284
2026-02-24 00:40:56,030 - INFO - epoch=2 train_loss=2.1288(ce=2.0750 kl=156.1464 β=0.0003) train_acc=0.304 val_loss=1.9108(ce=1.8639 kl=136.0499 β=0.0003) val_acc=0.373
2026-02-24 00:42:21,072 - INFO - epoch=3 train_loss=1.9375(ce=1.8634 kl=107.4129 β=0.0007) train_acc=0.369 val_loss=1.7353(ce=1.6623 kl=105.9050 β=0.0007) val_acc=0.437
2026-02-24 00:43:46,789 - INFO - epoch=4 train_loss=1.8247(ce=1.7294 kl=92.1224 β=0.0010) train_acc=0.413 val_loss=1.6345(ce=1.5382 kl=93.1093 β=0.0010) val_acc=0.480
2026-02-24 00:45:12,735 - INFO - epoch=5 train_loss=1.7416(ce=1.6280 kl=82.3329 β=0.0014) train_acc=0.446 val_loss=1.5376(ce=1.4215 kl=84.2162 β=0.0014) val_acc=0.522
2026-02-24 00:46:38,274 - INFO - epoch=6 train_loss=1.6096(ce=1.4839 kl=72.9537 β=0.0017) train_acc=0.493 val_loss=1.3454(ce=1.2222 kl=71.4455 β=0.0017) val_acc=0.585
2026-02-24 00:48:03,095 - INFO - epoch=7 train_loss=1.3917(ce=1.2624 kl=62.4676 β=0.0021) train_acc=0.564 val_loss=1.1793(ce=1.0535 kl=60.7950 β=0.0021) val_acc=0.634
2026-02-24 00:49:27,976 - INFO - epoch=8 train_loss=1.2892(ce=1.1562 kl=55.1062 β=0.0024) train_acc=0.598 val_loss=1.1291(ce=0.9941 kl=55.9372 β=0.0024) val_acc=0.657
2026-02-24 00:50:52,901 - INFO - epoch=9 train_loss=1.2432(ce=1.1066 kl=49.5204 β=0.0028) train_acc=0.615 val_loss=1.0804(ce=0.9442 kl=49.3560 β=0.0028) val_acc=0.672
2026-02-24 00:52:17,806 - INFO - epoch=10 train_loss=1.2137(ce=1.0749 kl=44.7298 β=0.0031) train_acc=0.626 val_loss=1.0544(ce=0.9181 kl=43.9135 β=0.0031) val_acc=0.681
2026-02-24 00:53:42,893 - INFO - epoch=11 train_loss=1.1919(ce=1.0515 kl=40.7023 β=0.0034) train_acc=0.635 val_loss=1.0421(ce=0.9050 kl=39.7575 β=0.0034) val_acc=0.687
2026-02-24 00:55:08,033 - INFO - epoch=12 train_loss=1.1758(ce=1.0347 kl=37.2082 β=0.0038) train_acc=0.641 val_loss=1.0266(ce=0.8840 kl=37.5920 β=0.0038) val_acc=0.692
2026-02-24 00:56:33,257 - INFO - epoch=13 train_loss=1.1614(ce=1.0202 kl=34.1108 β=0.0041) train_acc=0.646 val_loss=1.0134(ce=0.8702 kl=34.6107 β=0.0041) val_acc=0.698
2026-02-24 00:57:58,416 - INFO - epoch=14 train_loss=1.1509(ce=1.0104 kl=31.3422 β=0.0045) train_acc=0.650 val_loss=1.0023(ce=0.8621 kl=31.2714 β=0.0045) val_acc=0.702
2026-02-24 00:59:23,606 - INFO - epoch=15 train_loss=1.1403(ce=1.0011 kl=28.8270 β=0.0048) train_acc=0.654 val_loss=0.9911(ce=0.8499 kl=29.2444 β=0.0048) val_acc=0.705
2026-02-24 01:00:48,789 - INFO - epoch=16 train_loss=1.1322(ce=0.9947 kl=26.5829 β=0.0052) train_acc=0.656 val_loss=0.9853(ce=0.8485 kl=26.4365 β=0.0052) val_acc=0.707
2026-02-24 01:02:13,822 - INFO - epoch=17 train_loss=1.1245(ce=0.9897 kl=24.4380 β=0.0055) train_acc=0.658 val_loss=0.9802(ce=0.8467 kl=24.2033 β=0.0055) val_acc=0.707
2026-02-24 01:03:39,081 - INFO - epoch=18 train_loss=1.1168(ce=0.9851 kl=22.4667 β=0.0059) train_acc=0.660 val_loss=0.9724(ce=0.8432 kl=22.0419 β=0.0059) val_acc=0.709
2026-02-24 01:05:04,204 - INFO - epoch=19 train_loss=1.1084(ce=0.9801 kl=20.6728 β=0.0062) train_acc=0.662 val_loss=0.9626(ce=0.8366 kl=20.3059 β=0.0062) val_acc=0.710
2026-02-24 01:06:29,442 - INFO - epoch=20 train_loss=1.1034(ce=0.9785 kl=19.0729 β=0.0066) train_acc=0.663 val_loss=0.9640(ce=0.8410 kl=18.7739 β=0.0066) val_acc=0.710
2026-02-24 01:07:54,669 - INFO - epoch=21 train_loss=1.0960(ce=0.9755 kl=17.4639 β=0.0069) train_acc=0.664 val_loss=0.9579(ce=0.8358 kl=17.7094 β=0.0069) val_acc=0.713
2026-02-24 01:09:19,847 - INFO - epoch=22 train_loss=1.0901(ce=0.9738 kl=16.0570 β=0.0072) train_acc=0.666 val_loss=0.9492(ce=0.8332 kl=16.0232 β=0.0072) val_acc=0.712
2026-02-24 01:10:45,010 - INFO - epoch=23 train_loss=1.0832(ce=0.9717 kl=14.7014 β=0.0076) train_acc=0.666 val_loss=0.9504(ce=0.8346 kl=15.2634 β=0.0076) val_acc=0.713
2026-02-24 01:12:10,037 - INFO - epoch=24 train_loss=1.0773(ce=0.9705 kl=13.4649 β=0.0079) train_acc=0.667 val_loss=0.9512(ce=0.8423 kl=13.7391 β=0.0079) val_acc=0.710
2026-02-24 01:13:34,978 - INFO - epoch=25 train_loss=1.0720(ce=0.9702 kl=12.3024 β=0.0083) train_acc=0.668 val_loss=0.9408(ce=0.8387 kl=12.3411 β=0.0083) val_acc=0.712
2026-02-24 01:15:00,032 - INFO - epoch=26 train_loss=1.0662(ce=0.9693 kl=11.2332 β=0.0086) train_acc=0.669 val_loss=0.9377(ce=0.8430 kl=10.9863 β=0.0086) val_acc=0.709
2026-02-24 01:16:25,371 - INFO - epoch=27 train_loss=1.0613(ce=0.9689 kl=10.3011 β=0.0090) train_acc=0.669 val_loss=0.9302(ce=0.8397 kl=10.0955 β=0.0090) val_acc=0.711
2026-02-24 01:17:50,774 - INFO - epoch=28 train_loss=1.0551(ce=0.9674 kl=9.4226 β=0.0093) train_acc=0.670 val_loss=0.9376(ce=0.8459 kl=9.8503 β=0.0093) val_acc=0.709
2026-02-24 01:19:16,043 - INFO - epoch=29 train_loss=1.0510(ce=0.9674 kl=8.6656 β=0.0097) train_acc=0.670 val_loss=0.9299(ce=0.8442 kl=8.8849 β=0.0097) val_acc=0.710
2026-02-24 01:20:41,120 - INFO - epoch=30 train_loss=1.0460(ce=0.9667 kl=7.9380 β=0.0100) train_acc=0.670 val_loss=0.9277(ce=0.8477 kl=7.9957 β=0.0100) val_acc=0.710
2026-02-24 01:22:06,463 - INFO - epoch=31 train_loss=1.0390(ce=0.9630 kl=7.5924 β=0.0100) train_acc=0.671 val_loss=0.9245(ce=0.8487 kl=7.5794 β=0.0100) val_acc=0.710
2026-02-24 01:23:31,686 - INFO - epoch=32 train_loss=1.0321(ce=0.9583 kl=7.3773 β=0.0100) train_acc=0.673 val_loss=0.9216(ce=0.8493 kl=7.2327 β=0.0100) val_acc=0.707
2026-02-24 01:24:56,981 - INFO - epoch=33 train_loss=1.0265(ce=0.9541 kl=7.2408 β=0.0100) train_acc=0.674 val_loss=0.9144(ce=0.8400 kl=7.4472 β=0.0100) val_acc=0.711
2026-02-24 01:26:22,367 - INFO - epoch=34 train_loss=1.0194(ce=0.9484 kl=7.1004 β=0.0100) train_acc=0.676 val_loss=0.9122(ce=0.8387 kl=7.3505 β=0.0100) val_acc=0.713
2026-02-24 01:27:47,675 - INFO - epoch=35 train_loss=1.0145(ce=0.9448 kl=6.9771 β=0.0100) train_acc=0.677 val_loss=0.9075(ce=0.8378 kl=6.9631 β=0.0100) val_acc=0.713
2026-02-24 01:29:13,081 - INFO - epoch=36 train_loss=1.0089(ce=0.9401 kl=6.8858 β=0.0100) train_acc=0.678 val_loss=0.9056(ce=0.8378 kl=6.7735 β=0.0100) val_acc=0.712
2026-02-24 01:30:38,290 - INFO - epoch=37 train_loss=1.0031(ce=0.9352 kl=6.7971 β=0.0100) train_acc=0.679 val_loss=0.9003(ce=0.8301 kl=7.0134 β=0.0100) val_acc=0.714
2026-02-24 01:32:03,404 - INFO - epoch=38 train_loss=0.9986(ce=0.9315 kl=6.7081 β=0.0100) train_acc=0.680 val_loss=0.8952(ce=0.8266 kl=6.8570 β=0.0100) val_acc=0.714
2026-02-24 01:33:28,665 - INFO - epoch=39 train_loss=0.9944(ce=0.9279 kl=6.6450 β=0.0100) train_acc=0.681 val_loss=0.8968(ce=0.8282 kl=6.8647 β=0.0100) val_acc=0.715
2026-02-24 01:34:54,118 - INFO - epoch=40 train_loss=0.9889(ce=0.9228 kl=6.6086 β=0.0100) train_acc=0.683 val_loss=0.8842(ce=0.8190 kl=6.5241 β=0.0100) val_acc=0.716
2026-02-24 01:36:19,477 - INFO - epoch=41 train_loss=0.9844(ce=0.9190 kl=6.5384 β=0.0100) train_acc=0.684 val_loss=0.8783(ce=0.8106 kl=6.7762 β=0.0100) val_acc=0.719
2026-02-24 01:37:44,619 - INFO - epoch=42 train_loss=0.9800(ce=0.9153 kl=6.4660 β=0.0100) train_acc=0.685 val_loss=0.8807(ce=0.8122 kl=6.8528 β=0.0100) val_acc=0.719
2026-02-24 01:39:09,792 - INFO - epoch=43 train_loss=0.9755(ce=0.9112 kl=6.4263 β=0.0100) train_acc=0.686 val_loss=0.8758(ce=0.8129 kl=6.2849 β=0.0100) val_acc=0.719
2026-02-24 01:40:34,930 - INFO - epoch=44 train_loss=0.9716(ce=0.9076 kl=6.3957 β=0.0100) train_acc=0.687 val_loss=0.8735(ce=0.8093 kl=6.4193 β=0.0100) val_acc=0.721
2026-02-24 01:42:00,169 - INFO - epoch=45 train_loss=0.9676(ce=0.9040 kl=6.3618 β=0.0100) train_acc=0.688 val_loss=0.8731(ce=0.8086 kl=6.4482 β=0.0100) val_acc=0.719
2026-02-24 01:43:25,291 - INFO - epoch=46 train_loss=0.9621(ce=0.8987 kl=6.3394 β=0.0100) train_acc=0.689 val_loss=0.8714(ce=0.8066 kl=6.4808 β=0.0100) val_acc=0.720
2026-02-24 01:44:50,318 - INFO - epoch=47 train_loss=0.9577(ce=0.8947 kl=6.2924 β=0.0100) train_acc=0.690 val_loss=0.8624(ce=0.7976 kl=6.4809 β=0.0100) val_acc=0.724
2026-02-24 01:46:15,380 - INFO - epoch=48 train_loss=0.9516(ce=0.8891 kl=6.2545 β=0.0100) train_acc=0.692 val_loss=0.8577(ce=0.7927 kl=6.4956 β=0.0100) val_acc=0.723
2026-02-24 01:47:40,677 - INFO - epoch=49 train_loss=0.9444(ce=0.8822 kl=6.2175 β=0.0100) train_acc=0.693 val_loss=0.8530(ce=0.7924 kl=6.0556 β=0.0100) val_acc=0.724
2026-02-24 01:49:05,870 - INFO - epoch=50 train_loss=0.9383(ce=0.8769 kl=6.1455 β=0.0100) train_acc=0.695 val_loss=0.8458(ce=0.7828 kl=6.3011 β=0.0100) val_acc=0.726
2026-02-24 01:50:31,162 - INFO - epoch=51 train_loss=0.9322(ce=0.8711 kl=6.1122 β=0.0100) train_acc=0.696 val_loss=0.8410(ce=0.7808 kl=6.0163 β=0.0100) val_acc=0.726
2026-02-24 01:51:56,287 - INFO - epoch=52 train_loss=0.9265(ce=0.8658 kl=6.0773 β=0.0100) train_acc=0.697 val_loss=0.8342(ce=0.7733 kl=6.0954 β=0.0100) val_acc=0.730
2026-02-24 01:53:21,359 - INFO - epoch=53 train_loss=0.9214(ce=0.8609 kl=6.0502 β=0.0100) train_acc=0.699 val_loss=0.8326(ce=0.7727 kl=5.9884 β=0.0100) val_acc=0.729
2026-02-24 01:54:46,502 - INFO - epoch=54 train_loss=0.9172(ce=0.8572 kl=6.0013 β=0.0100) train_acc=0.700 val_loss=0.8325(ce=0.7680 kl=6.4471 β=0.0100) val_acc=0.730
2026-02-24 01:56:11,768 - INFO - epoch=55 train_loss=0.9135(ce=0.8534 kl=6.0083 β=0.0100) train_acc=0.701 val_loss=0.8276(ce=0.7689 kl=5.8702 β=0.0100) val_acc=0.730
2026-02-24 01:57:36,992 - INFO - epoch=56 train_loss=0.9101(ce=0.8502 kl=5.9911 β=0.0100) train_acc=0.702 val_loss=0.8237(ce=0.7639 kl=5.9832 β=0.0100) val_acc=0.731
2026-02-24 01:59:02,218 - INFO - epoch=57 train_loss=0.9069(ce=0.8470 kl=5.9915 β=0.0100) train_acc=0.703 val_loss=0.8216(ce=0.7587 kl=6.2891 β=0.0100) val_acc=0.734
2026-02-24 02:00:27,686 - INFO - epoch=58 train_loss=0.9038(ce=0.8440 kl=5.9796 β=0.0100) train_acc=0.703 val_loss=0.8229(ce=0.7637 kl=5.9222 β=0.0100) val_acc=0.731
2026-02-24 02:01:52,915 - INFO - epoch=59 train_loss=0.9005(ce=0.8409 kl=5.9616 β=0.0100) train_acc=0.704 val_loss=0.8188(ce=0.7590 kl=5.9710 β=0.0100) val_acc=0.734
2026-02-24 02:03:18,064 - INFO - epoch=60 train_loss=0.8981(ce=0.8388 kl=5.9245 β=0.0100) train_acc=0.705 val_loss=0.8168(ce=0.7532 kl=6.3695 β=0.0100) val_acc=0.735
2026-02-24 02:04:43,277 - INFO - epoch=61 train_loss=0.8954(ce=0.8363 kl=5.9169 β=0.0100) train_acc=0.706 val_loss=0.8105(ce=0.7508 kl=5.9713 β=0.0100) val_acc=0.736
2026-02-24 02:06:08,590 - INFO - epoch=62 train_loss=0.8921(ce=0.8329 kl=5.9207 β=0.0100) train_acc=0.706 val_loss=0.8140(ce=0.7522 kl=6.1792 β=0.0100) val_acc=0.735
2026-02-24 02:07:33,701 - INFO - epoch=63 train_loss=0.8897(ce=0.8307 kl=5.9054 β=0.0100) train_acc=0.707 val_loss=0.8065(ce=0.7481 kl=5.8423 β=0.0100) val_acc=0.736
2026-02-24 02:08:58,890 - INFO - epoch=64 train_loss=0.8871(ce=0.8279 kl=5.9120 β=0.0100) train_acc=0.708 val_loss=0.8059(ce=0.7445 kl=6.1487 β=0.0100) val_acc=0.737
2026-02-24 02:10:24,212 - INFO - epoch=65 train_loss=0.8846(ce=0.8255 kl=5.9067 β=0.0100) train_acc=0.709 val_loss=0.8046(ce=0.7464 kl=5.8221 β=0.0100) val_acc=0.736
2026-02-24 02:11:49,641 - INFO - epoch=66 train_loss=0.8822(ce=0.8234 kl=5.8784 β=0.0100) train_acc=0.709 val_loss=0.8056(ce=0.7458 kl=5.9784 β=0.0100) val_acc=0.736
2026-02-24 02:13:15,085 - INFO - epoch=67 train_loss=0.8802(ce=0.8215 kl=5.8748 β=0.0100) train_acc=0.710 val_loss=0.8019(ce=0.7431 kl=5.8852 β=0.0100) val_acc=0.737
2026-02-24 02:14:40,215 - INFO - epoch=68 train_loss=0.8784(ce=0.8196 kl=5.8805 β=0.0100) train_acc=0.711 val_loss=0.7998(ce=0.7402 kl=5.9618 β=0.0100) val_acc=0.739
2026-02-24 02:16:05,307 - INFO - epoch=69 train_loss=0.8758(ce=0.8174 kl=5.8470 β=0.0100) train_acc=0.711 val_loss=0.7988(ce=0.7424 kl=5.6339 β=0.0100) val_acc=0.737
2026-02-24 02:17:30,482 - INFO - epoch=70 train_loss=0.8734(ce=0.8148 kl=5.8610 β=0.0100) train_acc=0.712 val_loss=0.7996(ce=0.7411 kl=5.8524 β=0.0100) val_acc=0.739
2026-02-24 02:18:55,818 - INFO - epoch=71 train_loss=0.8723(ce=0.8135 kl=5.8767 β=0.0100) train_acc=0.713 val_loss=0.7995(ce=0.7381 kl=6.1418 β=0.0100) val_acc=0.739
2026-02-24 02:20:21,040 - INFO - epoch=72 train_loss=0.8702(ce=0.8116 kl=5.8672 β=0.0100) train_acc=0.713 val_loss=0.7955(ce=0.7354 kl=6.0110 β=0.0100) val_acc=0.740
2026-02-24 02:21:46,380 - INFO - epoch=73 train_loss=0.8679(ce=0.8093 kl=5.8592 β=0.0100) train_acc=0.714 val_loss=0.7944(ce=0.7357 kl=5.8616 β=0.0100) val_acc=0.740
2026-02-24 02:23:11,619 - INFO - epoch=74 train_loss=0.8660(ce=0.8075 kl=5.8568 β=0.0100) train_acc=0.714 val_loss=0.7945(ce=0.7344 kl=6.0096 β=0.0100) val_acc=0.740
2026-02-24 02:24:36,972 - INFO - epoch=75 train_loss=0.8643(ce=0.8058 kl=5.8540 β=0.0100) train_acc=0.715 val_loss=0.7920(ce=0.7317 kl=6.0342 β=0.0100) val_acc=0.741
2026-02-24 02:26:02,202 - INFO - epoch=76 train_loss=0.8630(ce=0.8043 kl=5.8699 β=0.0100) train_acc=0.715 val_loss=0.7888(ce=0.7306 kl=5.8245 β=0.0100) val_acc=0.742
2026-02-24 02:27:27,752 - INFO - epoch=77 train_loss=0.8611(ce=0.8025 kl=5.8521 β=0.0100) train_acc=0.716 val_loss=0.7907(ce=0.7305 kl=6.0147 β=0.0100) val_acc=0.742
2026-02-24 02:28:52,982 - INFO - epoch=78 train_loss=0.8600(ce=0.8014 kl=5.8627 β=0.0100) train_acc=0.716 val_loss=0.7829(ce=0.7254 kl=5.7484 β=0.0100) val_acc=0.744
2026-02-24 02:30:18,101 - INFO - epoch=79 train_loss=0.8581(ce=0.7994 kl=5.8651 β=0.0100) train_acc=0.716 val_loss=0.7852(ce=0.7255 kl=5.9696 β=0.0100) val_acc=0.743
2026-02-24 02:31:43,248 - INFO - epoch=80 train_loss=0.8562(ce=0.7976 kl=5.8605 β=0.0100) train_acc=0.717 val_loss=0.7839(ce=0.7247 kl=5.9129 β=0.0100) val_acc=0.743
2026-02-24 02:33:08,507 - INFO - epoch=81 train_loss=0.8544(ce=0.7958 kl=5.8578 β=0.0100) train_acc=0.718 val_loss=0.7810(ce=0.7228 kl=5.8199 β=0.0100) val_acc=0.744
2026-02-24 02:34:33,554 - INFO - epoch=82 train_loss=0.8533(ce=0.7949 kl=5.8413 β=0.0100) train_acc=0.718 val_loss=0.7824(ce=0.7234 kl=5.8915 β=0.0100) val_acc=0.743
2026-02-24 02:35:58,658 - INFO - epoch=83 train_loss=0.8521(ce=0.7938 kl=5.8247 β=0.0100) train_acc=0.719 val_loss=0.7842(ce=0.7261 kl=5.8089 β=0.0100) val_acc=0.742
2026-02-24 02:37:24,148 - INFO - epoch=84 train_loss=0.8504(ce=0.7921 kl=5.8312 β=0.0100) train_acc=0.719 val_loss=0.7797(ce=0.7224 kl=5.7311 β=0.0100) val_acc=0.743
2026-02-24 02:38:49,560 - INFO - epoch=85 train_loss=0.8480(ce=0.7894 kl=5.8572 β=0.0100) train_acc=0.720 val_loss=0.7880(ce=0.7283 kl=5.9708 β=0.0100) val_acc=0.742
2026-02-24 02:40:14,753 - INFO - epoch=86 train_loss=0.8474(ce=0.7889 kl=5.8512 β=0.0100) train_acc=0.720 val_loss=0.7812(ce=0.7205 kl=6.0650 β=0.0100) val_acc=0.745
2026-02-24 02:41:40,317 - INFO - epoch=87 train_loss=0.8460(ce=0.7873 kl=5.8647 β=0.0100) train_acc=0.720 val_loss=0.7746(ce=0.7135 kl=6.1023 β=0.0100) val_acc=0.747
2026-02-24 02:43:05,636 - INFO - epoch=88 train_loss=0.8445(ce=0.7860 kl=5.8498 β=0.0100) train_acc=0.721 val_loss=0.7781(ce=0.7196 kl=5.8547 β=0.0100) val_acc=0.745
2026-02-24 02:44:30,855 - INFO - epoch=89 train_loss=0.8425(ce=0.7841 kl=5.8428 β=0.0100) train_acc=0.721 val_loss=0.7733(ce=0.7164 kl=5.6865 β=0.0100) val_acc=0.746
2026-02-24 02:45:56,362 - INFO - epoch=90 train_loss=0.8420(ce=0.7837 kl=5.8328 β=0.0100) train_acc=0.721 val_loss=0.7742(ce=0.7150 kl=5.9162 β=0.0100) val_acc=0.746
2026-02-24 02:47:21,675 - INFO - epoch=91 train_loss=0.8411(ce=0.7826 kl=5.8511 β=0.0100) train_acc=0.722 val_loss=0.7735(ce=0.7133 kl=6.0145 β=0.0100) val_acc=0.747
2026-02-24 02:48:46,896 - INFO - epoch=92 train_loss=0.8394(ce=0.7809 kl=5.8555 β=0.0100) train_acc=0.722 val_loss=0.7730(ce=0.7147 kl=5.8388 β=0.0100) val_acc=0.746
2026-02-24 02:50:12,119 - INFO - epoch=93 train_loss=0.8389(ce=0.7802 kl=5.8687 β=0.0100) train_acc=0.722 val_loss=0.7739(ce=0.7154 kl=5.8464 β=0.0100) val_acc=0.746
2026-02-24 02:51:37,203 - INFO - epoch=94 train_loss=0.8374(ce=0.7788 kl=5.8642 β=0.0100) train_acc=0.723 val_loss=0.7710(ce=0.7136 kl=5.7345 β=0.0100) val_acc=0.746
2026-02-24 02:53:02,297 - INFO - epoch=95 train_loss=0.8356(ce=0.7771 kl=5.8478 β=0.0100) train_acc=0.723 val_loss=0.7714(ce=0.7108 kl=6.0653 β=0.0100) val_acc=0.747
2026-02-24 02:54:27,502 - INFO - epoch=96 train_loss=0.8345(ce=0.7760 kl=5.8561 β=0.0100) train_acc=0.724 val_loss=0.7691(ce=0.7105 kl=5.8615 β=0.0100) val_acc=0.748
2026-02-24 02:55:52,847 - INFO - epoch=97 train_loss=0.8338(ce=0.7749 kl=5.8933 β=0.0100) train_acc=0.724 val_loss=0.7678(ce=0.7099 kl=5.7899 β=0.0100) val_acc=0.748
2026-02-24 02:57:18,280 - INFO - epoch=98 train_loss=0.8323(ce=0.7736 kl=5.8747 β=0.0100) train_acc=0.724 val_loss=0.7774(ce=0.7190 kl=5.8404 β=0.0100) val_acc=0.744
2026-02-24 02:58:43,415 - INFO - epoch=99 train_loss=0.8312(ce=0.7723 kl=5.8883 β=0.0100) train_acc=0.724 val_loss=0.7671(ce=0.7073 kl=5.9734 β=0.0100) val_acc=0.749
2026-02-24 03:00:08,535 - INFO - epoch=100 train_loss=0.8292(ce=0.7707 kl=5.8527 β=0.0100) train_acc=0.725 val_loss=0.7707(ce=0.7107 kl=5.9958 β=0.0100) val_acc=0.748
2026-02-24 03:00:08,642 - INFO - saved: _sync/wsa/pi_verify/20260223_porto_beta_vae_flowmu_s0/A1_beta_vae_ae/report.json

