2026-01-31 09:10:44,324 - INFO - device=cuda
2026-01-31 09:10:44,330 - INFO - loaded way_semantic: n_channels=5
2026-01-31 09:10:44,336 - INFO - routes: total=5392 train=4853 val=539 max_way_len=160
/home/jinlin/miniconda3/envs/dpl/lib/python3.11/site-packages/torch/nn/modules/transformer.py:392: UserWarning: enable_nested_tensor is True, but self.use_nested_tensor is False because encoder_layer.norm_first was True
  warnings.warn(
2026-01-31 09:10:45,655 - INFO - init best_val_loss=0.332551 from current weights (epoch=0)
2026-01-31 09:10:49,443 - INFO - epoch=1 train_loss=0.3117 train_acc=0.805 val_loss=0.3261 val_acc=0.790
2026-01-31 09:10:52,752 - INFO - epoch=2 train_loss=0.3096 train_acc=0.805 val_loss=0.3247 val_acc=0.788
2026-01-31 09:10:56,073 - INFO - epoch=3 train_loss=0.3074 train_acc=0.807 val_loss=0.3198 val_acc=0.799
2026-01-31 09:10:59,407 - INFO - epoch=4 train_loss=0.3014 train_acc=0.810 val_loss=0.3135 val_acc=0.802
2026-01-31 09:11:02,744 - INFO - epoch=5 train_loss=0.2965 train_acc=0.814 val_loss=0.3087 val_acc=0.807
2026-01-31 09:11:06,087 - INFO - epoch=6 train_loss=0.2924 train_acc=0.819 val_loss=0.3054 val_acc=0.815
2026-01-31 09:11:09,442 - INFO - epoch=7 train_loss=0.2891 train_acc=0.822 val_loss=0.3022 val_acc=0.816
2026-01-31 09:11:12,803 - INFO - epoch=8 train_loss=0.2856 train_acc=0.825 val_loss=0.3006 val_acc=0.817
2026-01-31 09:11:16,167 - INFO - epoch=9 train_loss=0.2826 train_acc=0.829 val_loss=0.2965 val_acc=0.819
2026-01-31 09:11:19,566 - INFO - epoch=10 train_loss=0.2795 train_acc=0.831 val_loss=0.2944 val_acc=0.823
2026-01-31 09:11:22,987 - INFO - epoch=11 train_loss=0.2768 train_acc=0.833 val_loss=0.2918 val_acc=0.824
2026-01-31 09:11:26,419 - INFO - epoch=12 train_loss=0.2754 train_acc=0.834 val_loss=0.2900 val_acc=0.828
2026-01-31 09:11:29,857 - INFO - epoch=13 train_loss=0.2722 train_acc=0.837 val_loss=0.2891 val_acc=0.828
2026-01-31 09:11:33,324 - INFO - epoch=14 train_loss=0.2691 train_acc=0.838 val_loss=0.2855 val_acc=0.831
2026-01-31 09:11:36,801 - INFO - epoch=15 train_loss=0.2661 train_acc=0.842 val_loss=0.2825 val_acc=0.835
2026-01-31 09:11:40,292 - INFO - epoch=16 train_loss=0.2636 train_acc=0.844 val_loss=0.2814 val_acc=0.837
2026-01-31 09:11:43,802 - INFO - epoch=17 train_loss=0.2618 train_acc=0.846 val_loss=0.2806 val_acc=0.837
2026-01-31 09:11:47,293 - INFO - epoch=18 train_loss=0.2599 train_acc=0.847 val_loss=0.2825 val_acc=0.839
2026-01-31 09:11:50,773 - INFO - epoch=19 train_loss=0.2579 train_acc=0.851 val_loss=0.2772 val_acc=0.844
2026-01-31 09:11:54,315 - INFO - epoch=20 train_loss=0.2544 train_acc=0.856 val_loss=0.2763 val_acc=0.847
2026-01-31 09:11:57,899 - INFO - epoch=21 train_loss=0.2526 train_acc=0.857 val_loss=0.2700 val_acc=0.854
2026-01-31 09:12:01,480 - INFO - epoch=22 train_loss=0.2491 train_acc=0.863 val_loss=0.2650 val_acc=0.858
2026-01-31 09:12:05,078 - INFO - epoch=23 train_loss=0.2450 train_acc=0.868 val_loss=0.2653 val_acc=0.861
2026-01-31 09:12:08,621 - INFO - epoch=24 train_loss=0.2411 train_acc=0.874 val_loss=0.2574 val_acc=0.869
2026-01-31 09:12:12,187 - INFO - epoch=25 train_loss=0.2372 train_acc=0.878 val_loss=0.2557 val_acc=0.875
2026-01-31 09:12:15,773 - INFO - epoch=26 train_loss=0.2323 train_acc=0.882 val_loss=0.2516 val_acc=0.878
2026-01-31 09:12:19,396 - INFO - epoch=27 train_loss=0.2306 train_acc=0.884 val_loss=0.2459 val_acc=0.882
2026-01-31 09:12:23,023 - INFO - epoch=28 train_loss=0.2257 train_acc=0.888 val_loss=0.2460 val_acc=0.885
2026-01-31 09:12:26,672 - INFO - epoch=29 train_loss=0.2209 train_acc=0.891 val_loss=0.2355 val_acc=0.891
2026-01-31 09:12:30,304 - INFO - epoch=30 train_loss=0.2154 train_acc=0.896 val_loss=0.2290 val_acc=0.896
2026-01-31 09:12:33,951 - INFO - epoch=31 train_loss=0.2108 train_acc=0.899 val_loss=0.2241 val_acc=0.900
2026-01-31 09:12:37,577 - INFO - epoch=32 train_loss=0.2056 train_acc=0.902 val_loss=0.2204 val_acc=0.899
2026-01-31 09:12:41,253 - INFO - epoch=33 train_loss=0.2001 train_acc=0.904 val_loss=0.2142 val_acc=0.905
2026-01-31 09:12:44,902 - INFO - epoch=34 train_loss=0.1959 train_acc=0.906 val_loss=0.2108 val_acc=0.909
2026-01-31 09:12:48,525 - INFO - epoch=35 train_loss=0.1917 train_acc=0.909 val_loss=0.2081 val_acc=0.906
2026-01-31 09:12:52,180 - INFO - epoch=36 train_loss=0.1892 train_acc=0.910 val_loss=0.2044 val_acc=0.911
2026-01-31 09:12:55,860 - INFO - epoch=37 train_loss=0.1849 train_acc=0.912 val_loss=0.2028 val_acc=0.908
2026-01-31 09:12:59,539 - INFO - epoch=38 train_loss=0.1815 train_acc=0.914 val_loss=0.1990 val_acc=0.909
2026-01-31 09:13:03,225 - INFO - epoch=39 train_loss=0.1775 train_acc=0.916 val_loss=0.1916 val_acc=0.915
2026-01-31 09:13:06,904 - INFO - epoch=40 train_loss=0.1732 train_acc=0.918 val_loss=0.1902 val_acc=0.914
2026-01-31 09:13:10,637 - INFO - epoch=41 train_loss=0.1719 train_acc=0.919 val_loss=0.1896 val_acc=0.915
2026-01-31 09:13:14,323 - INFO - epoch=42 train_loss=0.1697 train_acc=0.920 val_loss=0.1876 val_acc=0.916
2026-01-31 09:13:18,020 - INFO - epoch=43 train_loss=0.1666 train_acc=0.921 val_loss=0.1857 val_acc=0.918
2026-01-31 09:13:21,701 - INFO - epoch=44 train_loss=0.1627 train_acc=0.923 val_loss=0.1851 val_acc=0.917
2026-01-31 09:13:25,367 - INFO - epoch=45 train_loss=0.1584 train_acc=0.926 val_loss=0.1800 val_acc=0.918
2026-01-31 09:13:29,057 - INFO - epoch=46 train_loss=0.1548 train_acc=0.927 val_loss=0.1742 val_acc=0.923
2026-01-31 09:13:32,772 - INFO - epoch=47 train_loss=0.1525 train_acc=0.928 val_loss=0.1730 val_acc=0.924
2026-01-31 09:13:36,450 - INFO - epoch=48 train_loss=0.1499 train_acc=0.929 val_loss=0.1703 val_acc=0.925
2026-01-31 09:13:40,140 - INFO - epoch=49 train_loss=0.1474 train_acc=0.931 val_loss=0.1713 val_acc=0.924
2026-01-31 09:13:43,833 - INFO - epoch=50 train_loss=0.1473 train_acc=0.931 val_loss=0.1704 val_acc=0.923
2026-01-31 09:13:47,521 - INFO - epoch=51 train_loss=0.1431 train_acc=0.932 val_loss=0.1735 val_acc=0.924
2026-01-31 09:13:51,210 - INFO - epoch=52 train_loss=0.1411 train_acc=0.933 val_loss=0.1666 val_acc=0.928
2026-01-31 09:13:54,896 - INFO - epoch=53 train_loss=0.1392 train_acc=0.935 val_loss=0.1655 val_acc=0.929
2026-01-31 09:13:58,600 - INFO - epoch=54 train_loss=0.1382 train_acc=0.935 val_loss=0.1652 val_acc=0.929
2026-01-31 09:14:02,332 - INFO - epoch=55 train_loss=0.1362 train_acc=0.937 val_loss=0.1603 val_acc=0.931
2026-01-31 09:14:06,055 - INFO - epoch=56 train_loss=0.1315 train_acc=0.939 val_loss=0.1567 val_acc=0.933
2026-01-31 09:14:09,811 - INFO - epoch=57 train_loss=0.1301 train_acc=0.939 val_loss=0.1561 val_acc=0.936
2026-01-31 09:14:13,535 - INFO - epoch=58 train_loss=0.1280 train_acc=0.941 val_loss=0.1548 val_acc=0.935
2026-01-31 09:14:17,255 - INFO - epoch=59 train_loss=0.1261 train_acc=0.941 val_loss=0.1561 val_acc=0.934
2026-01-31 09:14:20,954 - INFO - epoch=60 train_loss=0.1276 train_acc=0.941 val_loss=0.1549 val_acc=0.935
2026-01-31 09:14:24,750 - INFO - epoch=61 train_loss=0.1260 train_acc=0.942 val_loss=0.1562 val_acc=0.934
2026-01-31 09:14:28,460 - INFO - epoch=62 train_loss=0.1222 train_acc=0.944 val_loss=0.1539 val_acc=0.936
2026-01-31 09:14:32,174 - INFO - epoch=63 train_loss=0.1201 train_acc=0.945 val_loss=0.1496 val_acc=0.940
2026-01-31 09:14:35,926 - INFO - epoch=64 train_loss=0.1178 train_acc=0.946 val_loss=0.1511 val_acc=0.939
2026-01-31 09:14:39,647 - INFO - epoch=65 train_loss=0.1161 train_acc=0.947 val_loss=0.1510 val_acc=0.938
2026-01-31 09:14:43,374 - INFO - epoch=66 train_loss=0.1148 train_acc=0.947 val_loss=0.1457 val_acc=0.942
2026-01-31 09:14:47,114 - INFO - epoch=67 train_loss=0.1137 train_acc=0.947 val_loss=0.1479 val_acc=0.940
2026-01-31 09:14:50,848 - INFO - epoch=68 train_loss=0.1112 train_acc=0.949 val_loss=0.1456 val_acc=0.940
2026-01-31 09:14:54,522 - INFO - epoch=69 train_loss=0.1104 train_acc=0.949 val_loss=0.1489 val_acc=0.940
2026-01-31 09:14:58,227 - INFO - epoch=70 train_loss=0.1064 train_acc=0.951 val_loss=0.1507 val_acc=0.938
2026-01-31 09:15:01,930 - INFO - epoch=71 train_loss=0.1067 train_acc=0.951 val_loss=0.1491 val_acc=0.939
2026-01-31 09:15:05,661 - INFO - epoch=72 train_loss=0.1070 train_acc=0.951 val_loss=0.1484 val_acc=0.939
2026-01-31 09:15:09,427 - INFO - epoch=73 train_loss=0.1055 train_acc=0.952 val_loss=0.1493 val_acc=0.942
2026-01-31 09:15:13,179 - INFO - epoch=74 train_loss=0.1028 train_acc=0.954 val_loss=0.1485 val_acc=0.941
2026-01-31 09:15:16,937 - INFO - epoch=75 train_loss=0.1011 train_acc=0.954 val_loss=0.1447 val_acc=0.941
2026-01-31 09:15:20,670 - INFO - epoch=76 train_loss=0.1013 train_acc=0.954 val_loss=0.1446 val_acc=0.942
2026-01-31 09:15:24,410 - INFO - epoch=77 train_loss=0.0988 train_acc=0.955 val_loss=0.1437 val_acc=0.944
2026-01-31 09:15:28,172 - INFO - epoch=78 train_loss=0.0972 train_acc=0.956 val_loss=0.1467 val_acc=0.943
2026-01-31 09:15:31,902 - INFO - epoch=79 train_loss=0.0970 train_acc=0.956 val_loss=0.1414 val_acc=0.944
2026-01-31 09:15:35,662 - INFO - epoch=80 train_loss=0.0945 train_acc=0.957 val_loss=0.1451 val_acc=0.944
2026-01-31 09:15:39,492 - INFO - epoch=81 train_loss=0.0953 train_acc=0.957 val_loss=0.1470 val_acc=0.945
2026-01-31 09:15:43,203 - INFO - epoch=82 train_loss=0.0933 train_acc=0.958 val_loss=0.1437 val_acc=0.946
2026-01-31 09:15:46,923 - INFO - epoch=83 train_loss=0.0928 train_acc=0.958 val_loss=0.1413 val_acc=0.945
2026-01-31 09:15:50,670 - INFO - epoch=84 train_loss=0.0913 train_acc=0.959 val_loss=0.1426 val_acc=0.945
2026-01-31 09:15:54,420 - INFO - epoch=85 train_loss=0.0914 train_acc=0.959 val_loss=0.1420 val_acc=0.946
2026-01-31 09:15:58,150 - INFO - epoch=86 train_loss=0.0902 train_acc=0.960 val_loss=0.1472 val_acc=0.945
2026-01-31 09:16:01,907 - INFO - epoch=87 train_loss=0.0938 train_acc=0.958 val_loss=0.1453 val_acc=0.946
2026-01-31 09:16:05,622 - INFO - epoch=88 train_loss=0.0919 train_acc=0.959 val_loss=0.1387 val_acc=0.948
2026-01-31 09:16:09,346 - INFO - epoch=89 train_loss=0.0882 train_acc=0.961 val_loss=0.1421 val_acc=0.947
2026-01-31 09:16:13,286 - INFO - epoch=90 train_loss=0.0874 train_acc=0.961 val_loss=0.1416 val_acc=0.948
2026-01-31 09:16:17,038 - INFO - epoch=91 train_loss=0.0850 train_acc=0.962 val_loss=0.1425 val_acc=0.949
2026-01-31 09:16:20,782 - INFO - epoch=92 train_loss=0.0841 train_acc=0.962 val_loss=0.1428 val_acc=0.949
2026-01-31 09:16:24,491 - INFO - epoch=93 train_loss=0.0838 train_acc=0.962 val_loss=0.1406 val_acc=0.950
2026-01-31 09:16:28,224 - INFO - epoch=94 train_loss=0.0838 train_acc=0.962 val_loss=0.1414 val_acc=0.950
2026-01-31 09:16:31,935 - INFO - epoch=95 train_loss=0.0827 train_acc=0.963 val_loss=0.1430 val_acc=0.949
2026-01-31 09:16:35,688 - INFO - epoch=96 train_loss=0.0798 train_acc=0.964 val_loss=0.1461 val_acc=0.948
2026-01-31 09:16:39,440 - INFO - epoch=97 train_loss=0.0823 train_acc=0.963 val_loss=0.1445 val_acc=0.948
2026-01-31 09:16:43,152 - INFO - epoch=98 train_loss=0.0820 train_acc=0.964 val_loss=0.1400 val_acc=0.948
2026-01-31 09:16:46,884 - INFO - epoch=99 train_loss=0.0803 train_acc=0.964 val_loss=0.1422 val_acc=0.949
2026-01-31 09:16:50,628 - INFO - epoch=100 train_loss=0.0801 train_acc=0.964 val_loss=0.1447 val_acc=0.949
2026-01-31 09:16:50,727 - INFO - saved: _sync/wsa/paper_final/20260131_paper_cfg_candq1_past8_destdist_beam_s0/train/report.json
