2026-01-23 00:04:22,585 - INFO - device=cuda
2026-01-23 00:04:22,595 - INFO - routes: total=5391 train=4852 val=539 max_way_len=128
2026-01-23 00:04:23,913 - INFO - init best_val_loss=0.319251 from current weights (epoch=0)
2026-01-23 00:04:26,718 - INFO - epoch=1 train_loss=0.3117 train_acc=0.804 val_loss=0.3135 val_acc=0.797
2026-01-23 00:04:29,218 - INFO - epoch=2 train_loss=0.3082 train_acc=0.806 val_loss=0.3091 val_acc=0.800
2026-01-23 00:04:31,714 - INFO - epoch=3 train_loss=0.3059 train_acc=0.808 val_loss=0.3071 val_acc=0.808
2026-01-23 00:04:34,238 - INFO - epoch=4 train_loss=0.3032 train_acc=0.809 val_loss=0.3038 val_acc=0.813
2026-01-23 00:04:36,755 - INFO - epoch=5 train_loss=0.3011 train_acc=0.811 val_loss=0.3016 val_acc=0.816
2026-01-23 00:04:39,236 - INFO - epoch=6 train_loss=0.2997 train_acc=0.813 val_loss=0.3007 val_acc=0.818
2026-01-23 00:04:41,739 - INFO - epoch=7 train_loss=0.2987 train_acc=0.815 val_loss=0.2994 val_acc=0.819
2026-01-23 00:04:44,242 - INFO - epoch=8 train_loss=0.2969 train_acc=0.817 val_loss=0.2976 val_acc=0.820
2026-01-23 00:04:46,722 - INFO - epoch=9 train_loss=0.2949 train_acc=0.818 val_loss=0.2950 val_acc=0.817
2026-01-23 00:04:49,218 - INFO - epoch=10 train_loss=0.2931 train_acc=0.817 val_loss=0.2931 val_acc=0.820
2026-01-23 00:04:51,734 - INFO - epoch=11 train_loss=0.2907 train_acc=0.822 val_loss=0.2918 val_acc=0.827
2026-01-23 00:04:54,227 - INFO - epoch=12 train_loss=0.2878 train_acc=0.828 val_loss=0.2888 val_acc=0.835
2026-01-23 00:04:56,721 - INFO - epoch=13 train_loss=0.2857 train_acc=0.831 val_loss=0.2851 val_acc=0.837
2026-01-23 00:04:59,237 - INFO - epoch=14 train_loss=0.2826 train_acc=0.835 val_loss=0.2830 val_acc=0.840
2026-01-23 00:05:01,774 - INFO - epoch=15 train_loss=0.2802 train_acc=0.838 val_loss=0.2798 val_acc=0.842
2026-01-23 00:05:04,342 - INFO - epoch=16 train_loss=0.2770 train_acc=0.843 val_loss=0.2784 val_acc=0.846
2026-01-23 00:05:06,906 - INFO - epoch=17 train_loss=0.2737 train_acc=0.845 val_loss=0.2769 val_acc=0.847
2026-01-23 00:05:09,425 - INFO - epoch=18 train_loss=0.2715 train_acc=0.847 val_loss=0.2744 val_acc=0.847
2026-01-23 00:05:11,989 - INFO - epoch=19 train_loss=0.2691 train_acc=0.849 val_loss=0.2724 val_acc=0.852
2026-01-23 00:05:14,529 - INFO - epoch=20 train_loss=0.2668 train_acc=0.851 val_loss=0.2729 val_acc=0.850
2026-01-23 00:05:17,097 - INFO - epoch=21 train_loss=0.2654 train_acc=0.852 val_loss=0.2690 val_acc=0.854
2026-01-23 00:05:19,856 - INFO - epoch=22 train_loss=0.2622 train_acc=0.854 val_loss=0.2689 val_acc=0.853
2026-01-23 00:05:22,408 - INFO - epoch=23 train_loss=0.2607 train_acc=0.855 val_loss=0.2666 val_acc=0.855
2026-01-23 00:05:25,007 - INFO - epoch=24 train_loss=0.2591 train_acc=0.855 val_loss=0.2645 val_acc=0.856
2026-01-23 00:05:27,594 - INFO - epoch=25 train_loss=0.2568 train_acc=0.857 val_loss=0.2622 val_acc=0.857
2026-01-23 00:05:30,163 - INFO - epoch=26 train_loss=0.2548 train_acc=0.858 val_loss=0.2604 val_acc=0.858
2026-01-23 00:05:32,765 - INFO - epoch=27 train_loss=0.2534 train_acc=0.860 val_loss=0.2640 val_acc=0.856
2026-01-23 00:05:35,373 - INFO - epoch=28 train_loss=0.2521 train_acc=0.861 val_loss=0.2619 val_acc=0.857
2026-01-23 00:05:38,005 - INFO - epoch=29 train_loss=0.2507 train_acc=0.863 val_loss=0.2570 val_acc=0.861
2026-01-23 00:05:40,618 - INFO - epoch=30 train_loss=0.2485 train_acc=0.863 val_loss=0.2578 val_acc=0.862
2026-01-23 00:05:43,243 - INFO - epoch=31 train_loss=0.2478 train_acc=0.862 val_loss=0.2595 val_acc=0.860
2026-01-23 00:05:45,846 - INFO - epoch=32 train_loss=0.2473 train_acc=0.864 val_loss=0.2578 val_acc=0.861
2026-01-23 00:05:48,448 - INFO - epoch=33 train_loss=0.2466 train_acc=0.863 val_loss=0.2590 val_acc=0.860
2026-01-23 00:05:51,091 - INFO - epoch=34 train_loss=0.2431 train_acc=0.866 val_loss=0.2553 val_acc=0.862
2026-01-23 00:05:53,699 - INFO - epoch=35 train_loss=0.2416 train_acc=0.866 val_loss=0.2553 val_acc=0.862
2026-01-23 00:05:56,314 - INFO - epoch=36 train_loss=0.2399 train_acc=0.868 val_loss=0.2534 val_acc=0.862
2026-01-23 00:05:58,996 - INFO - epoch=37 train_loss=0.2395 train_acc=0.868 val_loss=0.2564 val_acc=0.863
2026-01-23 00:06:01,658 - INFO - epoch=38 train_loss=0.2376 train_acc=0.869 val_loss=0.2544 val_acc=0.862
2026-01-23 00:06:04,311 - INFO - epoch=39 train_loss=0.2366 train_acc=0.869 val_loss=0.2522 val_acc=0.863
2026-01-23 00:06:07,006 - INFO - epoch=40 train_loss=0.2358 train_acc=0.870 val_loss=0.2529 val_acc=0.867
2026-01-23 00:06:09,672 - INFO - epoch=41 train_loss=0.2336 train_acc=0.872 val_loss=0.2562 val_acc=0.865
2026-01-23 00:06:12,363 - INFO - epoch=42 train_loss=0.2336 train_acc=0.871 val_loss=0.2520 val_acc=0.865
2026-01-23 00:06:15,031 - INFO - epoch=43 train_loss=0.2320 train_acc=0.873 val_loss=0.2510 val_acc=0.865
2026-01-23 00:06:17,727 - INFO - epoch=44 train_loss=0.2312 train_acc=0.873 val_loss=0.2497 val_acc=0.865
2026-01-23 00:06:20,386 - INFO - epoch=45 train_loss=0.2300 train_acc=0.872 val_loss=0.2502 val_acc=0.867
2026-01-23 00:06:23,074 - INFO - epoch=46 train_loss=0.2291 train_acc=0.873 val_loss=0.2524 val_acc=0.864
2026-01-23 00:06:25,748 - INFO - epoch=47 train_loss=0.2286 train_acc=0.875 val_loss=0.2553 val_acc=0.868
2026-01-23 00:06:28,412 - INFO - epoch=48 train_loss=0.2274 train_acc=0.875 val_loss=0.2492 val_acc=0.870
2026-01-23 00:06:31,090 - INFO - epoch=49 train_loss=0.2254 train_acc=0.876 val_loss=0.2511 val_acc=0.870
2026-01-23 00:06:33,743 - INFO - epoch=50 train_loss=0.2252 train_acc=0.876 val_loss=0.2539 val_acc=0.869
2026-01-23 00:06:36,438 - INFO - epoch=51 train_loss=0.2239 train_acc=0.876 val_loss=0.2506 val_acc=0.868
2026-01-23 00:06:39,150 - INFO - epoch=52 train_loss=0.2236 train_acc=0.878 val_loss=0.2478 val_acc=0.871
2026-01-23 00:06:41,854 - INFO - epoch=53 train_loss=0.2228 train_acc=0.878 val_loss=0.2494 val_acc=0.871
2026-01-23 00:06:44,573 - INFO - epoch=54 train_loss=0.2212 train_acc=0.878 val_loss=0.2520 val_acc=0.870
2026-01-23 00:06:47,248 - INFO - epoch=55 train_loss=0.2197 train_acc=0.879 val_loss=0.2474 val_acc=0.869
2026-01-23 00:06:49,953 - INFO - epoch=56 train_loss=0.2188 train_acc=0.880 val_loss=0.2506 val_acc=0.869
2026-01-23 00:06:52,654 - INFO - epoch=57 train_loss=0.2177 train_acc=0.880 val_loss=0.2486 val_acc=0.870
2026-01-23 00:06:55,361 - INFO - epoch=58 train_loss=0.2170 train_acc=0.880 val_loss=0.2460 val_acc=0.871
2026-01-23 00:06:58,040 - INFO - epoch=59 train_loss=0.2161 train_acc=0.881 val_loss=0.2539 val_acc=0.871
2026-01-23 00:07:00,722 - INFO - epoch=60 train_loss=0.2163 train_acc=0.881 val_loss=0.2458 val_acc=0.872
2026-01-23 00:07:03,431 - INFO - epoch=61 train_loss=0.2139 train_acc=0.884 val_loss=0.2460 val_acc=0.874
2026-01-23 00:07:06,118 - INFO - epoch=62 train_loss=0.2136 train_acc=0.882 val_loss=0.2500 val_acc=0.872
2026-01-23 00:07:08,797 - INFO - epoch=63 train_loss=0.2135 train_acc=0.883 val_loss=0.2468 val_acc=0.874
2026-01-23 00:07:11,490 - INFO - epoch=64 train_loss=0.2111 train_acc=0.883 val_loss=0.2479 val_acc=0.873
2026-01-23 00:07:14,182 - INFO - epoch=65 train_loss=0.2108 train_acc=0.884 val_loss=0.2460 val_acc=0.873
2026-01-23 00:07:16,880 - INFO - epoch=66 train_loss=0.2108 train_acc=0.886 val_loss=0.2447 val_acc=0.876
2026-01-23 00:07:19,573 - INFO - epoch=67 train_loss=0.2097 train_acc=0.885 val_loss=0.2465 val_acc=0.874
2026-01-23 00:07:22,259 - INFO - epoch=68 train_loss=0.2110 train_acc=0.884 val_loss=0.2463 val_acc=0.873
2026-01-23 00:07:24,945 - INFO - epoch=69 train_loss=0.2101 train_acc=0.884 val_loss=0.2510 val_acc=0.873
2026-01-23 00:07:27,646 - INFO - epoch=70 train_loss=0.2085 train_acc=0.885 val_loss=0.2435 val_acc=0.876
2026-01-23 00:07:30,337 - INFO - epoch=71 train_loss=0.2084 train_acc=0.885 val_loss=0.2468 val_acc=0.877
2026-01-23 00:07:33,039 - INFO - epoch=72 train_loss=0.2075 train_acc=0.887 val_loss=0.2467 val_acc=0.875
2026-01-23 00:07:35,745 - INFO - epoch=73 train_loss=0.2067 train_acc=0.888 val_loss=0.2501 val_acc=0.875
2026-01-23 00:07:38,456 - INFO - epoch=74 train_loss=0.2063 train_acc=0.888 val_loss=0.2461 val_acc=0.877
2026-01-23 00:07:41,206 - INFO - epoch=75 train_loss=0.2053 train_acc=0.887 val_loss=0.2498 val_acc=0.876
2026-01-23 00:07:43,903 - INFO - epoch=76 train_loss=0.2043 train_acc=0.888 val_loss=0.2476 val_acc=0.878
2026-01-23 00:07:46,597 - INFO - epoch=77 train_loss=0.2044 train_acc=0.888 val_loss=0.2458 val_acc=0.878
2026-01-23 00:07:49,339 - INFO - epoch=78 train_loss=0.2033 train_acc=0.889 val_loss=0.2468 val_acc=0.875
2026-01-23 00:07:52,062 - INFO - epoch=79 train_loss=0.2028 train_acc=0.889 val_loss=0.2467 val_acc=0.875
2026-01-23 00:07:54,780 - INFO - epoch=80 train_loss=0.2020 train_acc=0.890 val_loss=0.2530 val_acc=0.879
2026-01-23 00:07:57,528 - INFO - epoch=81 train_loss=0.2017 train_acc=0.889 val_loss=0.2411 val_acc=0.880
2026-01-23 00:08:00,261 - INFO - epoch=82 train_loss=0.2005 train_acc=0.890 val_loss=0.2482 val_acc=0.878
2026-01-23 00:08:03,003 - INFO - epoch=83 train_loss=0.2017 train_acc=0.890 val_loss=0.2479 val_acc=0.879
2026-01-23 00:08:05,743 - INFO - epoch=84 train_loss=0.1999 train_acc=0.892 val_loss=0.2445 val_acc=0.880
2026-01-23 00:08:08,458 - INFO - epoch=85 train_loss=0.1992 train_acc=0.891 val_loss=0.2466 val_acc=0.877
2026-01-23 00:08:11,165 - INFO - epoch=86 train_loss=0.1987 train_acc=0.892 val_loss=0.2483 val_acc=0.881
2026-01-23 00:08:13,864 - INFO - epoch=87 train_loss=0.1985 train_acc=0.892 val_loss=0.2467 val_acc=0.879
2026-01-23 00:08:16,573 - INFO - epoch=88 train_loss=0.1969 train_acc=0.892 val_loss=0.2475 val_acc=0.878
2026-01-23 00:08:19,295 - INFO - epoch=89 train_loss=0.1972 train_acc=0.894 val_loss=0.2492 val_acc=0.879
2026-01-23 00:08:22,009 - INFO - epoch=90 train_loss=0.1968 train_acc=0.893 val_loss=0.2510 val_acc=0.878
2026-01-23 00:08:24,703 - INFO - epoch=91 train_loss=0.1962 train_acc=0.893 val_loss=0.2500 val_acc=0.879
2026-01-23 00:08:27,439 - INFO - epoch=92 train_loss=0.1953 train_acc=0.894 val_loss=0.2445 val_acc=0.880
2026-01-23 00:08:30,170 - INFO - epoch=93 train_loss=0.1937 train_acc=0.895 val_loss=0.2492 val_acc=0.879
2026-01-23 00:08:32,884 - INFO - epoch=94 train_loss=0.1951 train_acc=0.895 val_loss=0.2485 val_acc=0.879
2026-01-23 00:08:35,608 - INFO - epoch=95 train_loss=0.1934 train_acc=0.895 val_loss=0.2499 val_acc=0.877
2026-01-23 00:08:38,334 - INFO - epoch=96 train_loss=0.1930 train_acc=0.895 val_loss=0.2438 val_acc=0.878
2026-01-23 00:08:41,051 - INFO - epoch=97 train_loss=0.1937 train_acc=0.894 val_loss=0.2507 val_acc=0.878
2026-01-23 00:08:43,755 - INFO - epoch=98 train_loss=0.1929 train_acc=0.896 val_loss=0.2504 val_acc=0.877
2026-01-23 00:08:46,500 - INFO - epoch=99 train_loss=0.1927 train_acc=0.895 val_loss=0.2482 val_acc=0.879
2026-01-23 00:08:49,240 - INFO - epoch=100 train_loss=0.1911 train_acc=0.896 val_loss=0.2507 val_acc=0.881
2026-01-23 00:08:52,010 - INFO - epoch=101 train_loss=0.1909 train_acc=0.896 val_loss=0.2442 val_acc=0.881
2026-01-23 00:08:54,729 - INFO - epoch=102 train_loss=0.1893 train_acc=0.897 val_loss=0.2514 val_acc=0.880
2026-01-23 00:08:57,474 - INFO - epoch=103 train_loss=0.1907 train_acc=0.896 val_loss=0.2463 val_acc=0.878
2026-01-23 00:09:00,219 - INFO - epoch=104 train_loss=0.1898 train_acc=0.897 val_loss=0.2457 val_acc=0.881
2026-01-23 00:09:02,916 - INFO - epoch=105 train_loss=0.1886 train_acc=0.897 val_loss=0.2475 val_acc=0.880
2026-01-23 00:09:05,651 - INFO - epoch=106 train_loss=0.1884 train_acc=0.898 val_loss=0.2500 val_acc=0.880
2026-01-23 00:09:08,418 - INFO - epoch=107 train_loss=0.1880 train_acc=0.897 val_loss=0.2499 val_acc=0.881
2026-01-23 00:09:11,126 - INFO - epoch=108 train_loss=0.1873 train_acc=0.899 val_loss=0.2475 val_acc=0.882
2026-01-23 00:09:13,831 - INFO - epoch=109 train_loss=0.1881 train_acc=0.898 val_loss=0.2532 val_acc=0.881
2026-01-23 00:09:16,535 - INFO - epoch=110 train_loss=0.1873 train_acc=0.898 val_loss=0.2471 val_acc=0.881
2026-01-23 00:09:19,271 - INFO - epoch=111 train_loss=0.1863 train_acc=0.899 val_loss=0.2466 val_acc=0.882
2026-01-23 00:09:22,003 - INFO - epoch=112 train_loss=0.1856 train_acc=0.899 val_loss=0.2502 val_acc=0.883
2026-01-23 00:09:24,752 - INFO - epoch=113 train_loss=0.1855 train_acc=0.898 val_loss=0.2492 val_acc=0.880
2026-01-23 00:09:27,475 - INFO - epoch=114 train_loss=0.1849 train_acc=0.899 val_loss=0.2515 val_acc=0.882
2026-01-23 00:09:30,216 - INFO - epoch=115 train_loss=0.1836 train_acc=0.900 val_loss=0.2493 val_acc=0.881
2026-01-23 00:09:32,931 - INFO - epoch=116 train_loss=0.1833 train_acc=0.900 val_loss=0.2519 val_acc=0.882
2026-01-23 00:09:35,657 - INFO - epoch=117 train_loss=0.1822 train_acc=0.901 val_loss=0.2509 val_acc=0.882
2026-01-23 00:09:38,402 - INFO - epoch=118 train_loss=0.1833 train_acc=0.901 val_loss=0.2478 val_acc=0.881
2026-01-23 00:09:41,121 - INFO - epoch=119 train_loss=0.1810 train_acc=0.903 val_loss=0.2518 val_acc=0.880
2026-01-23 00:09:43,836 - INFO - epoch=120 train_loss=0.1828 train_acc=0.901 val_loss=0.2483 val_acc=0.882
2026-01-23 00:09:46,633 - INFO - epoch=121 train_loss=0.1817 train_acc=0.901 val_loss=0.2487 val_acc=0.882
2026-01-23 00:09:49,376 - INFO - epoch=122 train_loss=0.1808 train_acc=0.902 val_loss=0.2476 val_acc=0.881
2026-01-23 00:09:52,129 - INFO - epoch=123 train_loss=0.1821 train_acc=0.902 val_loss=0.2476 val_acc=0.881
2026-01-23 00:09:54,887 - INFO - epoch=124 train_loss=0.1819 train_acc=0.901 val_loss=0.2507 val_acc=0.883
2026-01-23 00:09:57,638 - INFO - epoch=125 train_loss=0.1799 train_acc=0.903 val_loss=0.2508 val_acc=0.884
2026-01-23 00:10:00,403 - INFO - epoch=126 train_loss=0.1791 train_acc=0.903 val_loss=0.2526 val_acc=0.882
2026-01-23 00:10:03,129 - INFO - epoch=127 train_loss=0.1824 train_acc=0.902 val_loss=0.2496 val_acc=0.882
2026-01-23 00:10:05,844 - INFO - epoch=128 train_loss=0.1797 train_acc=0.903 val_loss=0.2479 val_acc=0.884
2026-01-23 00:10:08,554 - INFO - epoch=129 train_loss=0.1794 train_acc=0.902 val_loss=0.2505 val_acc=0.881
2026-01-23 00:10:11,278 - INFO - epoch=130 train_loss=0.1794 train_acc=0.903 val_loss=0.2487 val_acc=0.884
2026-01-23 00:10:14,018 - INFO - epoch=131 train_loss=0.1781 train_acc=0.904 val_loss=0.2466 val_acc=0.882
2026-01-23 00:10:16,765 - INFO - epoch=132 train_loss=0.1780 train_acc=0.903 val_loss=0.2488 val_acc=0.883
2026-01-23 00:10:19,497 - INFO - epoch=133 train_loss=0.1781 train_acc=0.904 val_loss=0.2512 val_acc=0.882
2026-01-23 00:10:22,215 - INFO - epoch=134 train_loss=0.1771 train_acc=0.905 val_loss=0.2507 val_acc=0.884
2026-01-23 00:10:24,958 - INFO - epoch=135 train_loss=0.1761 train_acc=0.904 val_loss=0.2505 val_acc=0.885
2026-01-23 00:10:27,717 - INFO - epoch=136 train_loss=0.1747 train_acc=0.904 val_loss=0.2506 val_acc=0.884
2026-01-23 00:10:30,433 - INFO - epoch=137 train_loss=0.1749 train_acc=0.905 val_loss=0.2538 val_acc=0.882
2026-01-23 00:10:33,138 - INFO - epoch=138 train_loss=0.1763 train_acc=0.905 val_loss=0.2513 val_acc=0.885
2026-01-23 00:10:35,883 - INFO - epoch=139 train_loss=0.1762 train_acc=0.905 val_loss=0.2551 val_acc=0.886
2026-01-23 00:10:38,619 - INFO - epoch=140 train_loss=0.1747 train_acc=0.905 val_loss=0.2514 val_acc=0.885
2026-01-23 00:10:41,410 - INFO - epoch=141 train_loss=0.1739 train_acc=0.906 val_loss=0.2493 val_acc=0.884
2026-01-23 00:10:44,174 - INFO - epoch=142 train_loss=0.1733 train_acc=0.906 val_loss=0.2502 val_acc=0.883
2026-01-23 00:10:46,897 - INFO - epoch=143 train_loss=0.1737 train_acc=0.906 val_loss=0.2572 val_acc=0.884
2026-01-23 00:10:49,654 - INFO - epoch=144 train_loss=0.1742 train_acc=0.906 val_loss=0.2516 val_acc=0.884
2026-01-23 00:10:52,400 - INFO - epoch=145 train_loss=0.1737 train_acc=0.906 val_loss=0.2507 val_acc=0.886
2026-01-23 00:10:55,124 - INFO - epoch=146 train_loss=0.1743 train_acc=0.906 val_loss=0.2480 val_acc=0.886
2026-01-23 00:10:57,866 - INFO - epoch=147 train_loss=0.1727 train_acc=0.907 val_loss=0.2524 val_acc=0.886
2026-01-23 00:11:00,616 - INFO - epoch=148 train_loss=0.1708 train_acc=0.907 val_loss=0.2559 val_acc=0.885
2026-01-23 00:11:03,350 - INFO - epoch=149 train_loss=0.1720 train_acc=0.907 val_loss=0.2543 val_acc=0.885
2026-01-23 00:11:06,075 - INFO - epoch=150 train_loss=0.1708 train_acc=0.908 val_loss=0.2558 val_acc=0.886
2026-01-23 00:11:08,787 - INFO - epoch=151 train_loss=0.1703 train_acc=0.909 val_loss=0.2484 val_acc=0.884
2026-01-23 00:11:11,562 - INFO - epoch=152 train_loss=0.1717 train_acc=0.907 val_loss=0.2512 val_acc=0.884
2026-01-23 00:11:14,269 - INFO - epoch=153 train_loss=0.1703 train_acc=0.908 val_loss=0.2557 val_acc=0.886
2026-01-23 00:11:17,024 - INFO - epoch=154 train_loss=0.1688 train_acc=0.909 val_loss=0.2611 val_acc=0.885
2026-01-23 00:11:19,799 - INFO - epoch=155 train_loss=0.1691 train_acc=0.908 val_loss=0.2546 val_acc=0.886
2026-01-23 00:11:22,498 - INFO - epoch=156 train_loss=0.1697 train_acc=0.908 val_loss=0.2556 val_acc=0.887
2026-01-23 00:11:25,237 - INFO - epoch=157 train_loss=0.1696 train_acc=0.909 val_loss=0.2489 val_acc=0.887
2026-01-23 00:11:27,950 - INFO - epoch=158 train_loss=0.1683 train_acc=0.909 val_loss=0.2497 val_acc=0.887
2026-01-23 00:11:30,680 - INFO - epoch=159 train_loss=0.1698 train_acc=0.908 val_loss=0.2481 val_acc=0.886
2026-01-23 00:11:33,400 - INFO - epoch=160 train_loss=0.1675 train_acc=0.910 val_loss=0.2575 val_acc=0.885
2026-01-23 00:11:36,168 - INFO - epoch=161 train_loss=0.1677 train_acc=0.910 val_loss=0.2613 val_acc=0.886
2026-01-23 00:11:38,885 - INFO - epoch=162 train_loss=0.1681 train_acc=0.910 val_loss=0.2584 val_acc=0.888
2026-01-23 00:11:41,641 - INFO - epoch=163 train_loss=0.1679 train_acc=0.910 val_loss=0.2546 val_acc=0.888
2026-01-23 00:11:44,368 - INFO - epoch=164 train_loss=0.1660 train_acc=0.911 val_loss=0.2575 val_acc=0.885
2026-01-23 00:11:47,134 - INFO - epoch=165 train_loss=0.1663 train_acc=0.912 val_loss=0.2604 val_acc=0.885
2026-01-23 00:11:49,874 - INFO - epoch=166 train_loss=0.1679 train_acc=0.910 val_loss=0.2571 val_acc=0.886
2026-01-23 00:11:52,601 - INFO - epoch=167 train_loss=0.1664 train_acc=0.911 val_loss=0.2565 val_acc=0.887
2026-01-23 00:11:55,335 - INFO - epoch=168 train_loss=0.1662 train_acc=0.910 val_loss=0.2547 val_acc=0.886
2026-01-23 00:11:58,074 - INFO - epoch=169 train_loss=0.1661 train_acc=0.911 val_loss=0.2546 val_acc=0.886
2026-01-23 00:12:00,812 - INFO - epoch=170 train_loss=0.1641 train_acc=0.912 val_loss=0.2598 val_acc=0.887
2026-01-23 00:12:03,527 - INFO - epoch=171 train_loss=0.1628 train_acc=0.912 val_loss=0.2580 val_acc=0.887
2026-01-23 00:12:06,282 - INFO - epoch=172 train_loss=0.1648 train_acc=0.912 val_loss=0.2585 val_acc=0.885
2026-01-23 00:12:09,022 - INFO - epoch=173 train_loss=0.1654 train_acc=0.911 val_loss=0.2606 val_acc=0.885
2026-01-23 00:12:11,769 - INFO - epoch=174 train_loss=0.1652 train_acc=0.911 val_loss=0.2545 val_acc=0.887
2026-01-23 00:12:14,544 - INFO - epoch=175 train_loss=0.1631 train_acc=0.912 val_loss=0.2593 val_acc=0.886
2026-01-23 00:12:17,319 - INFO - epoch=176 train_loss=0.1639 train_acc=0.912 val_loss=0.2594 val_acc=0.887
2026-01-23 00:12:20,099 - INFO - epoch=177 train_loss=0.1622 train_acc=0.913 val_loss=0.2628 val_acc=0.889
2026-01-23 00:12:22,858 - INFO - epoch=178 train_loss=0.1616 train_acc=0.913 val_loss=0.2648 val_acc=0.886
2026-01-23 00:12:25,576 - INFO - epoch=179 train_loss=0.1618 train_acc=0.913 val_loss=0.2635 val_acc=0.886
2026-01-23 00:12:28,333 - INFO - epoch=180 train_loss=0.1609 train_acc=0.914 val_loss=0.2610 val_acc=0.888
2026-01-23 00:12:31,082 - INFO - epoch=181 train_loss=0.1623 train_acc=0.913 val_loss=0.2627 val_acc=0.887
2026-01-23 00:12:33,794 - INFO - epoch=182 train_loss=0.1618 train_acc=0.913 val_loss=0.2589 val_acc=0.888
2026-01-23 00:12:36,518 - INFO - epoch=183 train_loss=0.1629 train_acc=0.913 val_loss=0.2615 val_acc=0.889
2026-01-23 00:12:39,269 - INFO - epoch=184 train_loss=0.1607 train_acc=0.913 val_loss=0.2651 val_acc=0.886
2026-01-23 00:12:42,023 - INFO - epoch=185 train_loss=0.1618 train_acc=0.913 val_loss=0.2581 val_acc=0.886
2026-01-23 00:12:44,755 - INFO - epoch=186 train_loss=0.1616 train_acc=0.913 val_loss=0.2643 val_acc=0.886
2026-01-23 00:12:47,490 - INFO - epoch=187 train_loss=0.1599 train_acc=0.914 val_loss=0.2641 val_acc=0.889
2026-01-23 00:12:50,249 - INFO - epoch=188 train_loss=0.1589 train_acc=0.915 val_loss=0.2603 val_acc=0.890
2026-01-23 00:12:52,990 - INFO - epoch=189 train_loss=0.1592 train_acc=0.915 val_loss=0.2641 val_acc=0.887
2026-01-23 00:12:55,707 - INFO - epoch=190 train_loss=0.1589 train_acc=0.915 val_loss=0.2659 val_acc=0.889
2026-01-23 00:12:58,449 - INFO - epoch=191 train_loss=0.1596 train_acc=0.915 val_loss=0.2592 val_acc=0.888
2026-01-23 00:13:01,187 - INFO - epoch=192 train_loss=0.1584 train_acc=0.915 val_loss=0.2588 val_acc=0.887
2026-01-23 00:13:03,947 - INFO - epoch=193 train_loss=0.1584 train_acc=0.915 val_loss=0.2632 val_acc=0.888
2026-01-23 00:13:06,729 - INFO - epoch=194 train_loss=0.1565 train_acc=0.916 val_loss=0.2720 val_acc=0.887
2026-01-23 00:13:09,483 - INFO - epoch=195 train_loss=0.1566 train_acc=0.916 val_loss=0.2612 val_acc=0.888
2026-01-23 00:13:12,231 - INFO - epoch=196 train_loss=0.1569 train_acc=0.916 val_loss=0.2704 val_acc=0.887
2026-01-23 00:13:14,976 - INFO - epoch=197 train_loss=0.1565 train_acc=0.915 val_loss=0.2722 val_acc=0.890
2026-01-23 00:13:17,728 - INFO - epoch=198 train_loss=0.1562 train_acc=0.916 val_loss=0.2645 val_acc=0.888
2026-01-23 00:13:20,441 - INFO - epoch=199 train_loss=0.1566 train_acc=0.916 val_loss=0.2679 val_acc=0.889
2026-01-23 00:13:23,158 - INFO - epoch=200 train_loss=0.1568 train_acc=0.916 val_loss=0.2711 val_acc=0.889
2026-01-23 00:13:23,224 - INFO - saved: /home/jinlin/data/geoexplicit_data/experiments/icml2026_routegen/WAYCASD_STRICT_AE_ablate_latent/nL128/report.json
