2026-02-06 12:31:44,403 - INFO - device=cuda
2026-02-06 12:31:44,408 - INFO - loaded way_semantic: n_channels=5
2026-02-06 12:31:44,413 - INFO - routes: total=5022 train=4520 val=502 min_hops=5 max_way_len=160
/home/jinlin/miniconda3/envs/dpl/lib/python3.11/site-packages/torch/nn/modules/transformer.py:392: UserWarning: enable_nested_tensor is True, but self.use_nested_tensor is False because encoder_layer.norm_first was True
  warnings.warn(
2026-02-06 12:31:45,436 - INFO - init best_val_loss=3.910712 from current weights (epoch=0)
2026-02-06 12:31:46,862 - INFO - epoch=1 train_loss=2.7622 val_loss=2.1648
2026-02-06 12:31:48,070 - INFO - epoch=2 train_loss=2.0135 val_loss=1.8165
2026-02-06 12:31:49,291 - INFO - epoch=3 train_loss=1.8086 val_loss=1.7134
2026-02-06 12:31:50,510 - INFO - epoch=4 train_loss=1.7259 val_loss=1.6953
2026-02-06 12:31:51,723 - INFO - epoch=5 train_loss=1.6761 val_loss=1.6351
2026-02-06 12:31:52,940 - INFO - epoch=6 train_loss=1.6502 val_loss=1.5921
2026-02-06 12:31:54,160 - INFO - epoch=7 train_loss=1.6188 val_loss=1.5845
2026-02-06 12:31:55,396 - INFO - epoch=8 train_loss=1.6013 val_loss=1.5429
2026-02-06 12:31:56,625 - INFO - epoch=9 train_loss=1.5721 val_loss=1.5463
2026-02-06 12:31:57,827 - INFO - epoch=10 train_loss=1.5599 val_loss=1.5422
2026-02-06 12:31:59,050 - INFO - epoch=11 train_loss=1.5517 val_loss=1.5067
2026-02-06 12:32:00,294 - INFO - epoch=12 train_loss=1.5401 val_loss=1.5079
2026-02-06 12:32:01,496 - INFO - epoch=13 train_loss=1.5335 val_loss=1.4824
2026-02-06 12:32:02,740 - INFO - epoch=14 train_loss=1.5190 val_loss=1.4903
2026-02-06 12:32:03,941 - INFO - epoch=15 train_loss=1.5072 val_loss=1.4804
2026-02-06 12:32:05,170 - INFO - epoch=16 train_loss=1.5108 val_loss=1.4667
2026-02-06 12:32:06,415 - INFO - epoch=17 train_loss=1.5028 val_loss=1.4746
2026-02-06 12:32:07,640 - INFO - epoch=18 train_loss=1.4953 val_loss=1.4460
2026-02-06 12:32:08,895 - INFO - epoch=19 train_loss=1.4846 val_loss=1.4624
2026-02-06 12:32:10,126 - INFO - epoch=20 train_loss=1.4758 val_loss=1.4464
2026-02-06 12:32:11,415 - INFO - epoch=21 train_loss=1.4804 val_loss=1.4388
2026-02-06 12:32:12,688 - INFO - epoch=22 train_loss=1.4648 val_loss=1.4357
2026-02-06 12:32:13,948 - INFO - epoch=23 train_loss=1.4697 val_loss=1.4240
2026-02-06 12:32:15,215 - INFO - epoch=24 train_loss=1.4647 val_loss=1.4345
2026-02-06 12:32:16,452 - INFO - epoch=25 train_loss=1.4662 val_loss=1.4126
2026-02-06 12:32:17,733 - INFO - epoch=26 train_loss=1.4418 val_loss=1.4145
2026-02-06 12:32:18,978 - INFO - epoch=27 train_loss=1.4466 val_loss=1.4184
2026-02-06 12:32:20,248 - INFO - epoch=28 train_loss=1.4359 val_loss=1.4404
2026-02-06 12:32:21,510 - INFO - epoch=29 train_loss=1.4217 val_loss=1.4029
2026-02-06 12:32:22,812 - INFO - epoch=30 train_loss=1.4380 val_loss=1.3980
2026-02-06 12:32:24,104 - INFO - epoch=31 train_loss=1.4243 val_loss=1.3798
2026-02-06 12:32:25,404 - INFO - epoch=32 train_loss=1.4272 val_loss=1.4183
2026-02-06 12:32:26,664 - INFO - epoch=33 train_loss=1.4185 val_loss=1.3861
2026-02-06 12:32:27,922 - INFO - epoch=34 train_loss=1.4111 val_loss=1.3897
2026-02-06 12:32:29,202 - INFO - epoch=35 train_loss=1.4093 val_loss=1.3757
2026-02-06 12:32:30,506 - INFO - epoch=36 train_loss=1.4074 val_loss=1.3759
2026-02-06 12:32:31,764 - INFO - epoch=37 train_loss=1.4146 val_loss=1.3782
2026-02-06 12:32:33,051 - INFO - epoch=38 train_loss=1.3990 val_loss=1.3657
2026-02-06 12:32:34,351 - INFO - epoch=39 train_loss=1.4059 val_loss=1.3556
2026-02-06 12:32:35,666 - INFO - epoch=40 train_loss=1.3944 val_loss=1.3654
2026-02-06 12:32:37,065 - INFO - epoch=41 train_loss=1.3893 val_loss=1.3604
2026-02-06 12:32:38,345 - INFO - epoch=42 train_loss=1.3989 val_loss=1.3581
2026-02-06 12:32:39,643 - INFO - epoch=43 train_loss=1.3950 val_loss=1.3870
2026-02-06 12:32:40,969 - INFO - epoch=44 train_loss=1.3901 val_loss=1.3370
2026-02-06 12:32:42,308 - INFO - epoch=45 train_loss=1.3799 val_loss=1.3458
2026-02-06 12:32:43,604 - INFO - epoch=46 train_loss=1.3857 val_loss=1.3439
2026-02-06 12:32:44,908 - INFO - epoch=47 train_loss=1.3900 val_loss=1.4137
2026-02-06 12:32:46,201 - INFO - epoch=48 train_loss=1.3810 val_loss=1.3514
2026-02-06 12:32:47,508 - INFO - epoch=49 train_loss=1.3706 val_loss=1.3406
2026-02-06 12:32:48,807 - INFO - epoch=50 train_loss=1.3710 val_loss=1.3491
2026-02-06 12:32:50,107 - INFO - epoch=51 train_loss=1.3795 val_loss=1.3198
2026-02-06 12:32:51,440 - INFO - epoch=52 train_loss=1.3642 val_loss=1.3237
2026-02-06 12:32:52,742 - INFO - epoch=53 train_loss=1.3647 val_loss=1.3283
2026-02-06 12:32:54,042 - INFO - epoch=54 train_loss=1.3646 val_loss=1.3699
2026-02-06 12:32:55,345 - INFO - epoch=55 train_loss=1.3595 val_loss=1.3256
2026-02-06 12:32:56,646 - INFO - epoch=56 train_loss=1.3561 val_loss=1.3109
2026-02-06 12:32:57,981 - INFO - epoch=57 train_loss=1.3581 val_loss=1.3273
2026-02-06 12:32:59,286 - INFO - epoch=58 train_loss=1.3623 val_loss=1.3430
2026-02-06 12:33:00,596 - INFO - epoch=59 train_loss=1.3587 val_loss=1.3219
2026-02-06 12:33:01,905 - INFO - epoch=60 train_loss=1.3533 val_loss=1.3208
2026-02-06 12:33:02,102 - INFO - saved: /home/jinlin/data/geoexplicit_data/experiments/icml2026_routegen/WAYCASD1_waydata_rustbelt_seed0_strict_v1/W12_train_flow_deeperL8_s0/report.json
