2026-01-28 20:42:50,310 - INFO - device=cuda
2026-01-28 20:42:50,316 - INFO - loaded way_semantic: n_channels=5
2026-01-28 20:42:50,322 - INFO - routes: total=5392 train=4853 val=539 max_way_len=160
/home/jinlin/miniconda3/envs/dpl/lib/python3.11/site-packages/torch/nn/modules/transformer.py:392: UserWarning: enable_nested_tensor is True, but self.use_nested_tensor is False because encoder_layer.norm_first was True
  warnings.warn(
2026-01-28 20:42:51,600 - INFO - init best_val_loss=0.333894 from current weights (epoch=0)
2026-01-28 20:42:55,974 - INFO - epoch=1 train_loss=0.3110 train_acc=0.805 val_loss=0.3244 val_acc=0.789
2026-01-28 20:42:59,783 - INFO - epoch=2 train_loss=0.3038 train_acc=0.808 val_loss=0.3153 val_acc=0.799
2026-01-28 20:43:03,609 - INFO - epoch=3 train_loss=0.2976 train_acc=0.815 val_loss=0.3111 val_acc=0.805
2026-01-28 20:43:07,440 - INFO - epoch=4 train_loss=0.2938 train_acc=0.818 val_loss=0.3075 val_acc=0.812
2026-01-28 20:43:11,349 - INFO - epoch=5 train_loss=0.2895 train_acc=0.823 val_loss=0.3017 val_acc=0.821
2026-01-28 20:43:15,253 - INFO - epoch=6 train_loss=0.2844 train_acc=0.829 val_loss=0.2979 val_acc=0.818
2026-01-28 20:43:19,077 - INFO - epoch=7 train_loss=0.2802 train_acc=0.830 val_loss=0.2956 val_acc=0.821
2026-01-28 20:43:22,974 - INFO - epoch=8 train_loss=0.2754 train_acc=0.834 val_loss=0.2893 val_acc=0.825
2026-01-28 20:43:26,865 - INFO - epoch=9 train_loss=0.2708 train_acc=0.838 val_loss=0.2865 val_acc=0.833
2026-01-28 20:43:30,715 - INFO - epoch=10 train_loss=0.2669 train_acc=0.844 val_loss=0.2842 val_acc=0.840
2026-01-28 20:43:34,604 - INFO - epoch=11 train_loss=0.2625 train_acc=0.851 val_loss=0.2797 val_acc=0.845
2026-01-28 20:43:38,505 - INFO - epoch=12 train_loss=0.2568 train_acc=0.859 val_loss=0.2729 val_acc=0.862
2026-01-28 20:43:42,407 - INFO - epoch=13 train_loss=0.2485 train_acc=0.871 val_loss=0.2629 val_acc=0.866
2026-01-28 20:43:46,242 - INFO - epoch=14 train_loss=0.2408 train_acc=0.878 val_loss=0.2558 val_acc=0.874
2026-01-28 20:43:50,120 - INFO - epoch=15 train_loss=0.2343 train_acc=0.884 val_loss=0.2480 val_acc=0.880
2026-01-28 20:43:54,046 - INFO - epoch=16 train_loss=0.2263 train_acc=0.890 val_loss=0.2417 val_acc=0.884
2026-01-28 20:43:57,960 - INFO - epoch=17 train_loss=0.2203 train_acc=0.894 val_loss=0.2378 val_acc=0.888
2026-01-28 20:44:01,803 - INFO - epoch=18 train_loss=0.2123 train_acc=0.899 val_loss=0.2315 val_acc=0.894
2026-01-28 20:44:05,672 - INFO - epoch=19 train_loss=0.2090 train_acc=0.901 val_loss=0.2291 val_acc=0.893
2026-01-28 20:44:09,600 - INFO - epoch=20 train_loss=0.2026 train_acc=0.906 val_loss=0.2234 val_acc=0.899
2026-01-28 20:44:13,516 - INFO - epoch=21 train_loss=0.1965 train_acc=0.908 val_loss=0.2187 val_acc=0.900
2026-01-28 20:44:17,418 - INFO - epoch=22 train_loss=0.1917 train_acc=0.911 val_loss=0.2135 val_acc=0.904
2026-01-28 20:44:21,278 - INFO - epoch=23 train_loss=0.1893 train_acc=0.913 val_loss=0.2113 val_acc=0.905
2026-01-28 20:44:25,136 - INFO - epoch=24 train_loss=0.1846 train_acc=0.916 val_loss=0.2101 val_acc=0.908
2026-01-28 20:44:29,002 - INFO - epoch=25 train_loss=0.1794 train_acc=0.918 val_loss=0.2098 val_acc=0.910
2026-01-28 20:44:32,926 - INFO - epoch=26 train_loss=0.1763 train_acc=0.920 val_loss=0.2045 val_acc=0.912
2026-01-28 20:44:36,834 - INFO - epoch=27 train_loss=0.1726 train_acc=0.922 val_loss=0.1997 val_acc=0.915
2026-01-28 20:44:40,720 - INFO - epoch=28 train_loss=0.1677 train_acc=0.923 val_loss=0.2008 val_acc=0.913
2026-01-28 20:44:44,569 - INFO - epoch=29 train_loss=0.1653 train_acc=0.925 val_loss=0.1974 val_acc=0.914
2026-01-28 20:44:48,475 - INFO - epoch=30 train_loss=0.1621 train_acc=0.927 val_loss=0.1976 val_acc=0.917
2026-01-28 20:44:52,371 - INFO - epoch=31 train_loss=0.1590 train_acc=0.928 val_loss=0.1928 val_acc=0.920
2026-01-28 20:44:56,273 - INFO - epoch=32 train_loss=0.1564 train_acc=0.930 val_loss=0.1934 val_acc=0.918
2026-01-28 20:45:00,190 - INFO - epoch=33 train_loss=0.1527 train_acc=0.930 val_loss=0.1957 val_acc=0.918
2026-01-28 20:45:04,094 - INFO - epoch=34 train_loss=0.1499 train_acc=0.932 val_loss=0.1908 val_acc=0.921
2026-01-28 20:45:07,965 - INFO - epoch=35 train_loss=0.1454 train_acc=0.934 val_loss=0.1909 val_acc=0.922
2026-01-28 20:45:11,842 - INFO - epoch=36 train_loss=0.1443 train_acc=0.935 val_loss=0.1922 val_acc=0.924
2026-01-28 20:45:15,757 - INFO - epoch=37 train_loss=0.1411 train_acc=0.938 val_loss=0.1860 val_acc=0.927
2026-01-28 20:45:19,629 - INFO - epoch=38 train_loss=0.1384 train_acc=0.939 val_loss=0.1855 val_acc=0.926
2026-01-28 20:45:23,576 - INFO - epoch=39 train_loss=0.1370 train_acc=0.939 val_loss=0.1912 val_acc=0.923
2026-01-28 20:45:27,429 - INFO - epoch=40 train_loss=0.1354 train_acc=0.940 val_loss=0.1868 val_acc=0.929
2026-01-28 20:45:31,349 - INFO - epoch=41 train_loss=0.1323 train_acc=0.942 val_loss=0.1895 val_acc=0.927
2026-01-28 20:45:35,231 - INFO - epoch=42 train_loss=0.1291 train_acc=0.943 val_loss=0.1846 val_acc=0.930
2026-01-28 20:45:39,131 - INFO - epoch=43 train_loss=0.1279 train_acc=0.944 val_loss=0.1916 val_acc=0.928
2026-01-28 20:45:43,035 - INFO - epoch=44 train_loss=0.1265 train_acc=0.945 val_loss=0.1831 val_acc=0.930
2026-01-28 20:45:46,910 - INFO - epoch=45 train_loss=0.1226 train_acc=0.947 val_loss=0.1825 val_acc=0.933
2026-01-28 20:45:50,808 - INFO - epoch=46 train_loss=0.1198 train_acc=0.947 val_loss=0.1849 val_acc=0.934
2026-01-28 20:45:54,657 - INFO - epoch=47 train_loss=0.1169 train_acc=0.949 val_loss=0.1897 val_acc=0.931
2026-01-28 20:45:58,546 - INFO - epoch=48 train_loss=0.1161 train_acc=0.950 val_loss=0.1834 val_acc=0.934
2026-01-28 20:46:02,404 - INFO - epoch=49 train_loss=0.1150 train_acc=0.950 val_loss=0.1866 val_acc=0.930
2026-01-28 20:46:06,287 - INFO - epoch=50 train_loss=0.1122 train_acc=0.951 val_loss=0.1870 val_acc=0.934
2026-01-28 20:46:10,193 - INFO - epoch=51 train_loss=0.1110 train_acc=0.952 val_loss=0.1820 val_acc=0.934
2026-01-28 20:46:14,060 - INFO - epoch=52 train_loss=0.1092 train_acc=0.953 val_loss=0.1885 val_acc=0.932
2026-01-28 20:46:17,934 - INFO - epoch=53 train_loss=0.1067 train_acc=0.954 val_loss=0.1942 val_acc=0.933
2026-01-28 20:46:21,814 - INFO - epoch=54 train_loss=0.1044 train_acc=0.955 val_loss=0.1895 val_acc=0.937
2026-01-28 20:46:25,699 - INFO - epoch=55 train_loss=0.1034 train_acc=0.955 val_loss=0.1914 val_acc=0.933
2026-01-28 20:46:29,581 - INFO - epoch=56 train_loss=0.1029 train_acc=0.956 val_loss=0.1920 val_acc=0.935
2026-01-28 20:46:33,469 - INFO - epoch=57 train_loss=0.0998 train_acc=0.957 val_loss=0.1874 val_acc=0.938
2026-01-28 20:46:37,392 - INFO - epoch=58 train_loss=0.0993 train_acc=0.957 val_loss=0.1891 val_acc=0.936
2026-01-28 20:46:41,312 - INFO - epoch=59 train_loss=0.1000 train_acc=0.957 val_loss=0.1850 val_acc=0.939
2026-01-28 20:46:45,226 - INFO - epoch=60 train_loss=0.0967 train_acc=0.959 val_loss=0.1906 val_acc=0.937
2026-01-28 20:46:49,127 - INFO - epoch=61 train_loss=0.0942 train_acc=0.961 val_loss=0.1852 val_acc=0.939
2026-01-28 20:46:53,036 - INFO - epoch=62 train_loss=0.0940 train_acc=0.961 val_loss=0.1934 val_acc=0.938
2026-01-28 20:46:56,914 - INFO - epoch=63 train_loss=0.0928 train_acc=0.962 val_loss=0.1946 val_acc=0.937
2026-01-28 20:47:00,767 - INFO - epoch=64 train_loss=0.0892 train_acc=0.962 val_loss=0.1978 val_acc=0.937
2026-01-28 20:47:04,686 - INFO - epoch=65 train_loss=0.0891 train_acc=0.962 val_loss=0.1944 val_acc=0.940
2026-01-28 20:47:08,592 - INFO - epoch=66 train_loss=0.0881 train_acc=0.963 val_loss=0.1999 val_acc=0.940
2026-01-28 20:47:12,478 - INFO - epoch=67 train_loss=0.0894 train_acc=0.963 val_loss=0.1998 val_acc=0.937
2026-01-28 20:47:16,351 - INFO - epoch=68 train_loss=0.0873 train_acc=0.964 val_loss=0.1952 val_acc=0.941
2026-01-28 20:47:20,217 - INFO - epoch=69 train_loss=0.0845 train_acc=0.965 val_loss=0.1937 val_acc=0.940
2026-01-28 20:47:24,112 - INFO - epoch=70 train_loss=0.0831 train_acc=0.966 val_loss=0.1973 val_acc=0.942
2026-01-28 20:47:28,034 - INFO - epoch=71 train_loss=0.0811 train_acc=0.966 val_loss=0.1937 val_acc=0.940
2026-01-28 20:47:31,968 - INFO - epoch=72 train_loss=0.0804 train_acc=0.967 val_loss=0.2015 val_acc=0.941
2026-01-28 20:47:35,866 - INFO - epoch=73 train_loss=0.0789 train_acc=0.968 val_loss=0.1946 val_acc=0.941
2026-01-28 20:47:39,762 - INFO - epoch=74 train_loss=0.0781 train_acc=0.968 val_loss=0.1972 val_acc=0.942
2026-01-28 20:47:43,640 - INFO - epoch=75 train_loss=0.0768 train_acc=0.969 val_loss=0.1966 val_acc=0.943
2026-01-28 20:47:47,526 - INFO - epoch=76 train_loss=0.0768 train_acc=0.968 val_loss=0.2009 val_acc=0.941
2026-01-28 20:47:51,512 - INFO - epoch=77 train_loss=0.0760 train_acc=0.968 val_loss=0.2036 val_acc=0.942
2026-01-28 20:47:55,440 - INFO - epoch=78 train_loss=0.0747 train_acc=0.970 val_loss=0.2029 val_acc=0.943
2026-01-28 20:47:59,287 - INFO - epoch=79 train_loss=0.0734 train_acc=0.970 val_loss=0.2010 val_acc=0.944
2026-01-28 20:48:03,140 - INFO - epoch=80 train_loss=0.0710 train_acc=0.971 val_loss=0.2037 val_acc=0.943
2026-01-28 20:48:07,100 - INFO - epoch=81 train_loss=0.0697 train_acc=0.971 val_loss=0.2025 val_acc=0.944
2026-01-28 20:48:11,019 - INFO - epoch=82 train_loss=0.0693 train_acc=0.972 val_loss=0.2041 val_acc=0.945
2026-01-28 20:48:14,951 - INFO - epoch=83 train_loss=0.0696 train_acc=0.971 val_loss=0.2034 val_acc=0.942
2026-01-28 20:48:18,790 - INFO - epoch=84 train_loss=0.0686 train_acc=0.972 val_loss=0.2147 val_acc=0.941
2026-01-28 20:48:22,662 - INFO - epoch=85 train_loss=0.0703 train_acc=0.971 val_loss=0.2019 val_acc=0.946
2026-01-28 20:48:26,555 - INFO - epoch=86 train_loss=0.0684 train_acc=0.972 val_loss=0.2086 val_acc=0.943
2026-01-28 20:48:30,456 - INFO - epoch=87 train_loss=0.0660 train_acc=0.973 val_loss=0.2116 val_acc=0.944
2026-01-28 20:48:34,320 - INFO - epoch=88 train_loss=0.0660 train_acc=0.973 val_loss=0.2106 val_acc=0.943
2026-01-28 20:48:38,212 - INFO - epoch=89 train_loss=0.0655 train_acc=0.973 val_loss=0.2082 val_acc=0.943
2026-01-28 20:48:42,101 - INFO - epoch=90 train_loss=0.0644 train_acc=0.974 val_loss=0.2185 val_acc=0.945
2026-01-28 20:48:45,975 - INFO - epoch=91 train_loss=0.0639 train_acc=0.974 val_loss=0.2052 val_acc=0.947
2026-01-28 20:48:49,852 - INFO - epoch=92 train_loss=0.0631 train_acc=0.974 val_loss=0.2146 val_acc=0.946
2026-01-28 20:48:53,749 - INFO - epoch=93 train_loss=0.0606 train_acc=0.975 val_loss=0.2080 val_acc=0.947
2026-01-28 20:48:57,612 - INFO - epoch=94 train_loss=0.0612 train_acc=0.975 val_loss=0.2199 val_acc=0.945
2026-01-28 20:49:01,460 - INFO - epoch=95 train_loss=0.0601 train_acc=0.976 val_loss=0.2182 val_acc=0.947
2026-01-28 20:49:05,322 - INFO - epoch=96 train_loss=0.0588 train_acc=0.977 val_loss=0.2252 val_acc=0.946
2026-01-28 20:49:09,228 - INFO - epoch=97 train_loss=0.0595 train_acc=0.976 val_loss=0.2165 val_acc=0.946
2026-01-28 20:49:13,093 - INFO - epoch=98 train_loss=0.0588 train_acc=0.977 val_loss=0.2219 val_acc=0.946
2026-01-28 20:49:16,971 - INFO - epoch=99 train_loss=0.0590 train_acc=0.976 val_loss=0.2205 val_acc=0.946
2026-01-28 20:49:20,816 - INFO - epoch=100 train_loss=0.0579 train_acc=0.976 val_loss=0.2310 val_acc=0.946
2026-01-28 20:49:20,902 - INFO - saved: /home/jinlin/data/geoexplicit_data/experiments/icml2026_routegen/WAYCASD_AB_dirhint_B_dirq_strict_sem5_seed0_e100/W6_train_ae/report.json
