2026-01-18 01:27:53,964 - INFO - device=cuda
2026-01-18 01:27:53,976 - INFO - routes: total=7498 train=6748 val=750 max_way_len=128
2026-01-18 01:27:55,690 - INFO - init best_val_loss=0.323594 from current weights (epoch=0)
2026-01-18 01:28:01,887 - INFO - epoch=1 train_loss=0.3173 train_acc=0.801 val_loss=0.3118 val_acc=0.803
2026-01-18 01:28:07,493 - INFO - epoch=2 train_loss=0.3120 train_acc=0.805 val_loss=0.3075 val_acc=0.806
2026-01-18 01:28:13,199 - INFO - epoch=3 train_loss=0.3088 train_acc=0.808 val_loss=0.3041 val_acc=0.808
2026-01-18 01:28:18,800 - INFO - epoch=4 train_loss=0.3056 train_acc=0.811 val_loss=0.3020 val_acc=0.812
2026-01-18 01:28:24,513 - INFO - epoch=5 train_loss=0.3040 train_acc=0.811 val_loss=0.3002 val_acc=0.814
2026-01-18 01:28:30,133 - INFO - epoch=6 train_loss=0.3023 train_acc=0.813 val_loss=0.2982 val_acc=0.815
2026-01-18 01:28:35,839 - INFO - epoch=7 train_loss=0.3006 train_acc=0.816 val_loss=0.2957 val_acc=0.816
2026-01-18 01:28:41,607 - INFO - epoch=8 train_loss=0.2975 train_acc=0.819 val_loss=0.2920 val_acc=0.821
2026-01-18 01:28:47,480 - INFO - epoch=9 train_loss=0.2941 train_acc=0.822 val_loss=0.2884 val_acc=0.836
2026-01-18 01:28:53,320 - INFO - epoch=10 train_loss=0.2908 train_acc=0.829 val_loss=0.2836 val_acc=0.840
2026-01-18 01:28:58,967 - INFO - epoch=11 train_loss=0.2872 train_acc=0.835 val_loss=0.2810 val_acc=0.846
2026-01-18 01:29:04,717 - INFO - epoch=12 train_loss=0.2839 train_acc=0.838 val_loss=0.2789 val_acc=0.845
2026-01-18 01:29:10,364 - INFO - epoch=13 train_loss=0.2809 train_acc=0.842 val_loss=0.2749 val_acc=0.851
2026-01-18 01:29:16,016 - INFO - epoch=14 train_loss=0.2783 train_acc=0.845 val_loss=0.2720 val_acc=0.851
2026-01-18 01:29:21,417 - INFO - epoch=15 train_loss=0.2754 train_acc=0.847 val_loss=0.2710 val_acc=0.852
2026-01-18 01:29:27,099 - INFO - epoch=16 train_loss=0.2729 train_acc=0.849 val_loss=0.2674 val_acc=0.856
2026-01-18 01:29:32,713 - INFO - epoch=17 train_loss=0.2696 train_acc=0.852 val_loss=0.2674 val_acc=0.857
2026-01-18 01:29:38,392 - INFO - epoch=18 train_loss=0.2675 train_acc=0.853 val_loss=0.2645 val_acc=0.856
2026-01-18 01:29:43,980 - INFO - epoch=19 train_loss=0.2654 train_acc=0.855 val_loss=0.2604 val_acc=0.860
2026-01-18 01:29:49,412 - INFO - epoch=20 train_loss=0.2626 train_acc=0.857 val_loss=0.2576 val_acc=0.862
2026-01-18 01:29:54,929 - INFO - epoch=21 train_loss=0.2605 train_acc=0.858 val_loss=0.2567 val_acc=0.863
2026-01-18 01:30:00,547 - INFO - epoch=22 train_loss=0.2579 train_acc=0.860 val_loss=0.2533 val_acc=0.866
2026-01-18 01:30:06,113 - INFO - epoch=23 train_loss=0.2566 train_acc=0.861 val_loss=0.2517 val_acc=0.865
2026-01-18 01:30:11,683 - INFO - epoch=24 train_loss=0.2544 train_acc=0.862 val_loss=0.2493 val_acc=0.869
2026-01-18 01:30:17,357 - INFO - epoch=25 train_loss=0.2524 train_acc=0.863 val_loss=0.2477 val_acc=0.870
2026-01-18 01:30:22,936 - INFO - epoch=26 train_loss=0.2505 train_acc=0.866 val_loss=0.2465 val_acc=0.870
2026-01-18 01:30:28,687 - INFO - epoch=27 train_loss=0.2484 train_acc=0.867 val_loss=0.2445 val_acc=0.870
2026-01-18 01:30:34,409 - INFO - epoch=28 train_loss=0.2464 train_acc=0.867 val_loss=0.2428 val_acc=0.871
2026-01-18 01:30:40,406 - INFO - epoch=29 train_loss=0.2455 train_acc=0.868 val_loss=0.2412 val_acc=0.873
2026-01-18 01:30:46,254 - INFO - epoch=30 train_loss=0.2439 train_acc=0.868 val_loss=0.2407 val_acc=0.873
2026-01-18 01:30:51,897 - INFO - epoch=31 train_loss=0.2417 train_acc=0.870 val_loss=0.2397 val_acc=0.874
2026-01-18 01:30:57,564 - INFO - epoch=32 train_loss=0.2404 train_acc=0.870 val_loss=0.2382 val_acc=0.874
2026-01-18 01:31:03,144 - INFO - epoch=33 train_loss=0.2395 train_acc=0.871 val_loss=0.2367 val_acc=0.875
2026-01-18 01:31:08,684 - INFO - epoch=34 train_loss=0.2368 train_acc=0.873 val_loss=0.2358 val_acc=0.875
2026-01-18 01:31:14,302 - INFO - epoch=35 train_loss=0.2358 train_acc=0.873 val_loss=0.2353 val_acc=0.876
2026-01-18 01:31:19,943 - INFO - epoch=36 train_loss=0.2345 train_acc=0.875 val_loss=0.2334 val_acc=0.877
2026-01-18 01:31:25,588 - INFO - epoch=37 train_loss=0.2329 train_acc=0.874 val_loss=0.2328 val_acc=0.878
2026-01-18 01:31:31,152 - INFO - epoch=38 train_loss=0.2322 train_acc=0.875 val_loss=0.2331 val_acc=0.877
2026-01-18 01:31:36,633 - INFO - epoch=39 train_loss=0.2305 train_acc=0.876 val_loss=0.2306 val_acc=0.878
2026-01-18 01:31:42,405 - INFO - epoch=40 train_loss=0.2285 train_acc=0.877 val_loss=0.2309 val_acc=0.877
2026-01-18 01:31:48,079 - INFO - epoch=41 train_loss=0.2288 train_acc=0.877 val_loss=0.2305 val_acc=0.878
2026-01-18 01:31:53,799 - INFO - epoch=42 train_loss=0.2277 train_acc=0.877 val_loss=0.2297 val_acc=0.879
2026-01-18 01:31:59,536 - INFO - epoch=43 train_loss=0.2259 train_acc=0.878 val_loss=0.2316 val_acc=0.879
2026-01-18 01:32:05,258 - INFO - epoch=44 train_loss=0.2248 train_acc=0.879 val_loss=0.2296 val_acc=0.879
2026-01-18 01:32:11,045 - INFO - epoch=45 train_loss=0.2242 train_acc=0.879 val_loss=0.2300 val_acc=0.880
2026-01-18 01:32:17,312 - INFO - epoch=46 train_loss=0.2231 train_acc=0.880 val_loss=0.2267 val_acc=0.880
2026-01-18 01:32:23,114 - INFO - epoch=47 train_loss=0.2208 train_acc=0.881 val_loss=0.2262 val_acc=0.880
2026-01-18 01:32:28,779 - INFO - epoch=48 train_loss=0.2203 train_acc=0.882 val_loss=0.2252 val_acc=0.881
2026-01-18 01:32:34,415 - INFO - epoch=49 train_loss=0.2199 train_acc=0.882 val_loss=0.2279 val_acc=0.881
2026-01-18 01:32:40,003 - INFO - epoch=50 train_loss=0.2191 train_acc=0.882 val_loss=0.2251 val_acc=0.882
2026-01-18 01:32:45,549 - INFO - epoch=51 train_loss=0.2174 train_acc=0.883 val_loss=0.2235 val_acc=0.882
2026-01-18 01:32:51,082 - INFO - epoch=52 train_loss=0.2166 train_acc=0.883 val_loss=0.2234 val_acc=0.883
2026-01-18 01:32:56,681 - INFO - epoch=53 train_loss=0.2157 train_acc=0.883 val_loss=0.2235 val_acc=0.883
2026-01-18 01:33:02,333 - INFO - epoch=54 train_loss=0.2145 train_acc=0.884 val_loss=0.2239 val_acc=0.884
2026-01-18 01:33:07,999 - INFO - epoch=55 train_loss=0.2139 train_acc=0.885 val_loss=0.2209 val_acc=0.885
2026-01-18 01:33:13,439 - INFO - epoch=56 train_loss=0.2127 train_acc=0.885 val_loss=0.2260 val_acc=0.884
2026-01-18 01:33:18,924 - INFO - epoch=57 train_loss=0.2124 train_acc=0.887 val_loss=0.2237 val_acc=0.882
2026-01-18 01:33:24,572 - INFO - epoch=58 train_loss=0.2110 train_acc=0.888 val_loss=0.2227 val_acc=0.883
2026-01-18 01:33:30,169 - INFO - epoch=59 train_loss=0.2104 train_acc=0.887 val_loss=0.2228 val_acc=0.885
2026-01-18 01:33:35,779 - INFO - epoch=60 train_loss=0.2098 train_acc=0.888 val_loss=0.2199 val_acc=0.884
2026-01-18 01:33:41,500 - INFO - epoch=61 train_loss=0.2078 train_acc=0.889 val_loss=0.2217 val_acc=0.884
2026-01-18 01:33:47,239 - INFO - epoch=62 train_loss=0.2084 train_acc=0.889 val_loss=0.2231 val_acc=0.885
2026-01-18 01:33:53,165 - INFO - epoch=63 train_loss=0.2080 train_acc=0.888 val_loss=0.2218 val_acc=0.885
2026-01-18 01:33:58,858 - INFO - epoch=64 train_loss=0.2063 train_acc=0.889 val_loss=0.2185 val_acc=0.886
2026-01-18 01:34:04,617 - INFO - epoch=65 train_loss=0.2049 train_acc=0.890 val_loss=0.2191 val_acc=0.886
2026-01-18 01:34:10,564 - INFO - epoch=66 train_loss=0.2044 train_acc=0.890 val_loss=0.2198 val_acc=0.886
2026-01-18 01:34:16,198 - INFO - epoch=67 train_loss=0.2033 train_acc=0.891 val_loss=0.2195 val_acc=0.886
2026-01-18 01:34:21,883 - INFO - epoch=68 train_loss=0.2041 train_acc=0.891 val_loss=0.2173 val_acc=0.887
2026-01-18 01:34:27,501 - INFO - epoch=69 train_loss=0.2024 train_acc=0.892 val_loss=0.2186 val_acc=0.887
2026-01-18 01:34:32,994 - INFO - epoch=70 train_loss=0.2020 train_acc=0.892 val_loss=0.2176 val_acc=0.888
2026-01-18 01:34:38,451 - INFO - epoch=71 train_loss=0.2007 train_acc=0.893 val_loss=0.2196 val_acc=0.889
2026-01-18 01:34:43,942 - INFO - epoch=72 train_loss=0.2003 train_acc=0.893 val_loss=0.2185 val_acc=0.886
2026-01-18 01:34:49,368 - INFO - epoch=73 train_loss=0.2004 train_acc=0.893 val_loss=0.2180 val_acc=0.886
2026-01-18 01:34:54,841 - INFO - epoch=74 train_loss=0.1990 train_acc=0.894 val_loss=0.2181 val_acc=0.888
2026-01-18 01:35:00,378 - INFO - epoch=75 train_loss=0.1975 train_acc=0.894 val_loss=0.2184 val_acc=0.889
2026-01-18 01:35:05,914 - INFO - epoch=76 train_loss=0.1975 train_acc=0.895 val_loss=0.2172 val_acc=0.889
2026-01-18 01:35:11,477 - INFO - epoch=77 train_loss=0.1970 train_acc=0.894 val_loss=0.2207 val_acc=0.887
2026-01-18 01:35:17,102 - INFO - epoch=78 train_loss=0.1959 train_acc=0.895 val_loss=0.2204 val_acc=0.887
2026-01-18 01:35:22,720 - INFO - epoch=79 train_loss=0.1959 train_acc=0.895 val_loss=0.2178 val_acc=0.889
2026-01-18 01:35:28,286 - INFO - epoch=80 train_loss=0.1949 train_acc=0.895 val_loss=0.2181 val_acc=0.888
2026-01-18 01:35:34,138 - INFO - epoch=81 train_loss=0.1952 train_acc=0.895 val_loss=0.2177 val_acc=0.891
2026-01-18 01:35:39,836 - INFO - epoch=82 train_loss=0.1933 train_acc=0.895 val_loss=0.2189 val_acc=0.890
2026-01-18 01:35:46,014 - INFO - epoch=83 train_loss=0.1928 train_acc=0.897 val_loss=0.2178 val_acc=0.889
2026-01-18 01:35:51,866 - INFO - epoch=84 train_loss=0.1919 train_acc=0.898 val_loss=0.2179 val_acc=0.890
2026-01-18 01:35:57,534 - INFO - epoch=85 train_loss=0.1919 train_acc=0.898 val_loss=0.2172 val_acc=0.889
2026-01-18 01:36:03,313 - INFO - epoch=86 train_loss=0.1914 train_acc=0.898 val_loss=0.2192 val_acc=0.891
2026-01-18 01:36:09,012 - INFO - epoch=87 train_loss=0.1907 train_acc=0.898 val_loss=0.2179 val_acc=0.890
2026-01-18 01:36:14,631 - INFO - epoch=88 train_loss=0.1894 train_acc=0.899 val_loss=0.2187 val_acc=0.890
2026-01-18 01:36:20,132 - INFO - epoch=89 train_loss=0.1891 train_acc=0.898 val_loss=0.2185 val_acc=0.889
2026-01-18 01:36:25,810 - INFO - epoch=90 train_loss=0.1885 train_acc=0.900 val_loss=0.2159 val_acc=0.892
2026-01-18 01:36:31,327 - INFO - epoch=91 train_loss=0.1871 train_acc=0.899 val_loss=0.2156 val_acc=0.892
2026-01-18 01:36:36,838 - INFO - epoch=92 train_loss=0.1869 train_acc=0.900 val_loss=0.2189 val_acc=0.890
2026-01-18 01:36:42,506 - INFO - epoch=93 train_loss=0.1871 train_acc=0.900 val_loss=0.2169 val_acc=0.892
2026-01-18 01:36:48,104 - INFO - epoch=94 train_loss=0.1865 train_acc=0.900 val_loss=0.2164 val_acc=0.891
2026-01-18 01:36:53,549 - INFO - epoch=95 train_loss=0.1866 train_acc=0.900 val_loss=0.2155 val_acc=0.894
2026-01-18 01:36:59,123 - INFO - epoch=96 train_loss=0.1855 train_acc=0.901 val_loss=0.2128 val_acc=0.892
2026-01-18 01:37:04,772 - INFO - epoch=97 train_loss=0.1844 train_acc=0.902 val_loss=0.2157 val_acc=0.892
2026-01-18 01:37:10,431 - INFO - epoch=98 train_loss=0.1841 train_acc=0.901 val_loss=0.2188 val_acc=0.892
2026-01-18 01:37:16,065 - INFO - epoch=99 train_loss=0.1843 train_acc=0.901 val_loss=0.2206 val_acc=0.893
2026-01-18 01:37:21,734 - INFO - epoch=100 train_loss=0.1830 train_acc=0.902 val_loss=0.2186 val_acc=0.893
2026-01-18 01:37:27,451 - INFO - epoch=101 train_loss=0.1814 train_acc=0.902 val_loss=0.2166 val_acc=0.891
2026-01-18 01:37:33,268 - INFO - epoch=102 train_loss=0.1825 train_acc=0.903 val_loss=0.2195 val_acc=0.891
2026-01-18 01:37:39,186 - INFO - epoch=103 train_loss=0.1818 train_acc=0.903 val_loss=0.2155 val_acc=0.892
2026-01-18 01:37:44,955 - INFO - epoch=104 train_loss=0.1814 train_acc=0.903 val_loss=0.2187 val_acc=0.893
2026-01-18 01:37:50,745 - INFO - epoch=105 train_loss=0.1812 train_acc=0.903 val_loss=0.2186 val_acc=0.892
2026-01-18 01:37:56,526 - INFO - epoch=106 train_loss=0.1820 train_acc=0.902 val_loss=0.2184 val_acc=0.891
2026-01-18 01:38:02,133 - INFO - epoch=107 train_loss=0.1816 train_acc=0.903 val_loss=0.2194 val_acc=0.893
2026-01-18 01:38:07,671 - INFO - epoch=108 train_loss=0.1807 train_acc=0.903 val_loss=0.2191 val_acc=0.894
2026-01-18 01:38:13,198 - INFO - epoch=109 train_loss=0.1784 train_acc=0.905 val_loss=0.2164 val_acc=0.892
2026-01-18 01:38:18,837 - INFO - epoch=110 train_loss=0.1770 train_acc=0.906 val_loss=0.2187 val_acc=0.893
2026-01-18 01:38:24,425 - INFO - epoch=111 train_loss=0.1777 train_acc=0.905 val_loss=0.2169 val_acc=0.892
2026-01-18 01:38:29,985 - INFO - epoch=112 train_loss=0.1771 train_acc=0.905 val_loss=0.2146 val_acc=0.893
2026-01-18 01:38:35,592 - INFO - epoch=113 train_loss=0.1765 train_acc=0.907 val_loss=0.2168 val_acc=0.896
2026-01-18 01:38:41,050 - INFO - epoch=114 train_loss=0.1764 train_acc=0.906 val_loss=0.2192 val_acc=0.892
2026-01-18 01:38:46,534 - INFO - epoch=115 train_loss=0.1771 train_acc=0.906 val_loss=0.2164 val_acc=0.893
2026-01-18 01:38:52,219 - INFO - epoch=116 train_loss=0.1766 train_acc=0.906 val_loss=0.2180 val_acc=0.895
2026-01-18 01:38:57,819 - INFO - epoch=117 train_loss=0.1750 train_acc=0.906 val_loss=0.2184 val_acc=0.895
2026-01-18 01:39:03,487 - INFO - epoch=118 train_loss=0.1743 train_acc=0.907 val_loss=0.2175 val_acc=0.895
2026-01-18 01:39:09,062 - INFO - epoch=119 train_loss=0.1736 train_acc=0.907 val_loss=0.2184 val_acc=0.894
2026-01-18 01:39:14,723 - INFO - epoch=120 train_loss=0.1741 train_acc=0.907 val_loss=0.2166 val_acc=0.896
2026-01-18 01:39:20,513 - INFO - epoch=121 train_loss=0.1729 train_acc=0.908 val_loss=0.2161 val_acc=0.897
2026-01-18 01:39:26,373 - INFO - epoch=122 train_loss=0.1730 train_acc=0.907 val_loss=0.2208 val_acc=0.894
2026-01-18 01:39:32,236 - INFO - epoch=123 train_loss=0.1712 train_acc=0.909 val_loss=0.2175 val_acc=0.896
2026-01-18 01:39:38,242 - INFO - epoch=124 train_loss=0.1720 train_acc=0.908 val_loss=0.2163 val_acc=0.895
2026-01-18 01:39:43,769 - INFO - epoch=125 train_loss=0.1710 train_acc=0.908 val_loss=0.2191 val_acc=0.895
2026-01-18 01:39:49,290 - INFO - epoch=126 train_loss=0.1713 train_acc=0.908 val_loss=0.2214 val_acc=0.894
2026-01-18 01:39:54,872 - INFO - epoch=127 train_loss=0.1702 train_acc=0.909 val_loss=0.2216 val_acc=0.896
2026-01-18 01:40:00,464 - INFO - epoch=128 train_loss=0.1701 train_acc=0.909 val_loss=0.2219 val_acc=0.894
2026-01-18 01:40:05,962 - INFO - epoch=129 train_loss=0.1702 train_acc=0.910 val_loss=0.2205 val_acc=0.893
2026-01-18 01:40:11,350 - INFO - epoch=130 train_loss=0.1693 train_acc=0.909 val_loss=0.2225 val_acc=0.895
2026-01-18 01:40:16,896 - INFO - epoch=131 train_loss=0.1690 train_acc=0.910 val_loss=0.2261 val_acc=0.896
2026-01-18 01:40:22,564 - INFO - epoch=132 train_loss=0.1687 train_acc=0.910 val_loss=0.2204 val_acc=0.896
2026-01-18 01:40:28,164 - INFO - epoch=133 train_loss=0.1670 train_acc=0.911 val_loss=0.2199 val_acc=0.896
2026-01-18 01:40:33,766 - INFO - epoch=134 train_loss=0.1673 train_acc=0.911 val_loss=0.2198 val_acc=0.896
2026-01-18 01:40:39,285 - INFO - epoch=135 train_loss=0.1675 train_acc=0.911 val_loss=0.2212 val_acc=0.896
2026-01-18 01:40:44,845 - INFO - epoch=136 train_loss=0.1671 train_acc=0.911 val_loss=0.2216 val_acc=0.895
2026-01-18 01:40:50,462 - INFO - epoch=137 train_loss=0.1672 train_acc=0.910 val_loss=0.2191 val_acc=0.895
2026-01-18 01:40:56,149 - INFO - epoch=138 train_loss=0.1656 train_acc=0.911 val_loss=0.2194 val_acc=0.896
2026-01-18 01:41:01,815 - INFO - epoch=139 train_loss=0.1650 train_acc=0.912 val_loss=0.2209 val_acc=0.895
2026-01-18 01:41:07,478 - INFO - epoch=140 train_loss=0.1655 train_acc=0.911 val_loss=0.2212 val_acc=0.895
2026-01-18 01:41:13,260 - INFO - epoch=141 train_loss=0.1653 train_acc=0.911 val_loss=0.2227 val_acc=0.897
2026-01-18 01:41:19,054 - INFO - epoch=142 train_loss=0.1642 train_acc=0.912 val_loss=0.2202 val_acc=0.897
2026-01-18 01:41:25,037 - INFO - epoch=143 train_loss=0.1638 train_acc=0.912 val_loss=0.2253 val_acc=0.896
2026-01-18 01:41:30,761 - INFO - epoch=144 train_loss=0.1638 train_acc=0.912 val_loss=0.2181 val_acc=0.896
2026-01-18 01:41:36,548 - INFO - epoch=145 train_loss=0.1633 train_acc=0.913 val_loss=0.2246 val_acc=0.896
2026-01-18 01:41:42,330 - INFO - epoch=146 train_loss=0.1627 train_acc=0.913 val_loss=0.2206 val_acc=0.896
2026-01-18 01:41:47,879 - INFO - epoch=147 train_loss=0.1630 train_acc=0.912 val_loss=0.2225 val_acc=0.897
2026-01-18 01:41:53,587 - INFO - epoch=148 train_loss=0.1619 train_acc=0.913 val_loss=0.2247 val_acc=0.896
2026-01-18 01:41:59,120 - INFO - epoch=149 train_loss=0.1619 train_acc=0.914 val_loss=0.2223 val_acc=0.897
2026-01-18 01:42:04,605 - INFO - epoch=150 train_loss=0.1609 train_acc=0.914 val_loss=0.2208 val_acc=0.895
2026-01-18 01:42:10,304 - INFO - epoch=151 train_loss=0.1632 train_acc=0.913 val_loss=0.2255 val_acc=0.896
2026-01-18 01:42:15,802 - INFO - epoch=152 train_loss=0.1613 train_acc=0.914 val_loss=0.2219 val_acc=0.897
2026-01-18 01:42:21,373 - INFO - epoch=153 train_loss=0.1612 train_acc=0.914 val_loss=0.2255 val_acc=0.896
2026-01-18 01:42:27,107 - INFO - epoch=154 train_loss=0.1605 train_acc=0.914 val_loss=0.2194 val_acc=0.897
2026-01-18 01:42:32,665 - INFO - epoch=155 train_loss=0.1598 train_acc=0.915 val_loss=0.2251 val_acc=0.896
2026-01-18 01:42:38,270 - INFO - epoch=156 train_loss=0.1594 train_acc=0.915 val_loss=0.2280 val_acc=0.897
2026-01-18 01:42:43,859 - INFO - epoch=157 train_loss=0.1590 train_acc=0.915 val_loss=0.2222 val_acc=0.897
2026-01-18 01:42:49,565 - INFO - epoch=158 train_loss=0.1579 train_acc=0.915 val_loss=0.2220 val_acc=0.896
2026-01-18 01:42:55,186 - INFO - epoch=159 train_loss=0.1579 train_acc=0.916 val_loss=0.2259 val_acc=0.897
2026-01-18 01:43:01,097 - INFO - epoch=160 train_loss=0.1585 train_acc=0.916 val_loss=0.2296 val_acc=0.895
2026-01-18 01:43:07,110 - INFO - epoch=161 train_loss=0.1580 train_acc=0.916 val_loss=0.2254 val_acc=0.898
2026-01-18 01:43:13,022 - INFO - epoch=162 train_loss=0.1574 train_acc=0.916 val_loss=0.2245 val_acc=0.896
2026-01-18 01:43:18,772 - INFO - epoch=163 train_loss=0.1576 train_acc=0.917 val_loss=0.2267 val_acc=0.897
2026-01-18 01:43:24,386 - INFO - epoch=164 train_loss=0.1575 train_acc=0.916 val_loss=0.2232 val_acc=0.898
2026-01-18 01:43:29,883 - INFO - epoch=165 train_loss=0.1564 train_acc=0.916 val_loss=0.2226 val_acc=0.897
2026-01-18 01:43:35,443 - INFO - epoch=166 train_loss=0.1569 train_acc=0.917 val_loss=0.2238 val_acc=0.897
2026-01-18 01:43:41,099 - INFO - epoch=167 train_loss=0.1562 train_acc=0.916 val_loss=0.2226 val_acc=0.898
2026-01-18 01:43:46,718 - INFO - epoch=168 train_loss=0.1573 train_acc=0.916 val_loss=0.2260 val_acc=0.897
2026-01-18 01:43:52,364 - INFO - epoch=169 train_loss=0.1551 train_acc=0.917 val_loss=0.2269 val_acc=0.899
2026-01-18 01:43:57,835 - INFO - epoch=170 train_loss=0.1542 train_acc=0.918 val_loss=0.2268 val_acc=0.899
2026-01-18 01:44:03,311 - INFO - epoch=171 train_loss=0.1533 train_acc=0.918 val_loss=0.2246 val_acc=0.899
2026-01-18 01:44:08,865 - INFO - epoch=172 train_loss=0.1544 train_acc=0.918 val_loss=0.2256 val_acc=0.898
2026-01-18 01:44:14,551 - INFO - epoch=173 train_loss=0.1535 train_acc=0.918 val_loss=0.2270 val_acc=0.898
2026-01-18 01:44:20,095 - INFO - epoch=174 train_loss=0.1533 train_acc=0.919 val_loss=0.2252 val_acc=0.901
2026-01-18 01:44:25,744 - INFO - epoch=175 train_loss=0.1527 train_acc=0.918 val_loss=0.2256 val_acc=0.898
2026-01-18 01:44:31,405 - INFO - epoch=176 train_loss=0.1536 train_acc=0.918 val_loss=0.2286 val_acc=0.896
2026-01-18 01:44:37,167 - INFO - epoch=177 train_loss=0.1528 train_acc=0.918 val_loss=0.2273 val_acc=0.898
2026-01-18 01:44:42,815 - INFO - epoch=178 train_loss=0.1525 train_acc=0.919 val_loss=0.2284 val_acc=0.900
2026-01-18 01:44:48,774 - INFO - epoch=179 train_loss=0.1516 train_acc=0.919 val_loss=0.2255 val_acc=0.899
2026-01-18 01:44:54,624 - INFO - epoch=180 train_loss=0.1519 train_acc=0.919 val_loss=0.2279 val_acc=0.899
2026-01-18 01:45:00,255 - INFO - epoch=181 train_loss=0.1509 train_acc=0.920 val_loss=0.2270 val_acc=0.897
2026-01-18 01:45:05,858 - INFO - epoch=182 train_loss=0.1515 train_acc=0.919 val_loss=0.2243 val_acc=0.900
2026-01-18 01:45:11,517 - INFO - epoch=183 train_loss=0.1503 train_acc=0.920 val_loss=0.2312 val_acc=0.898
2026-01-18 01:45:17,010 - INFO - epoch=184 train_loss=0.1510 train_acc=0.920 val_loss=0.2279 val_acc=0.899
2026-01-18 01:45:22,590 - INFO - epoch=185 train_loss=0.1512 train_acc=0.919 val_loss=0.2278 val_acc=0.900
2026-01-18 01:45:28,114 - INFO - epoch=186 train_loss=0.1509 train_acc=0.920 val_loss=0.2211 val_acc=0.900
2026-01-18 01:45:33,637 - INFO - epoch=187 train_loss=0.1501 train_acc=0.920 val_loss=0.2220 val_acc=0.900
2026-01-18 01:45:39,156 - INFO - epoch=188 train_loss=0.1497 train_acc=0.920 val_loss=0.2232 val_acc=0.900
2026-01-18 01:45:44,715 - INFO - epoch=189 train_loss=0.1492 train_acc=0.921 val_loss=0.2249 val_acc=0.900
2026-01-18 01:45:50,417 - INFO - epoch=190 train_loss=0.1498 train_acc=0.920 val_loss=0.2293 val_acc=0.898
2026-01-18 01:45:56,004 - INFO - epoch=191 train_loss=0.1490 train_acc=0.920 val_loss=0.2311 val_acc=0.901
2026-01-18 01:46:01,549 - INFO - epoch=192 train_loss=0.1488 train_acc=0.920 val_loss=0.2310 val_acc=0.901
2026-01-18 01:46:07,132 - INFO - epoch=193 train_loss=0.1480 train_acc=0.922 val_loss=0.2265 val_acc=0.900
2026-01-18 01:46:12,640 - INFO - epoch=194 train_loss=0.1479 train_acc=0.921 val_loss=0.2337 val_acc=0.901
2026-01-18 01:46:18,213 - INFO - epoch=195 train_loss=0.1479 train_acc=0.921 val_loss=0.2289 val_acc=0.901
2026-01-18 01:46:23,796 - INFO - epoch=196 train_loss=0.1480 train_acc=0.921 val_loss=0.2285 val_acc=0.900
2026-01-18 01:46:29,336 - INFO - epoch=197 train_loss=0.1491 train_acc=0.920 val_loss=0.2235 val_acc=0.901
2026-01-18 01:46:34,898 - INFO - epoch=198 train_loss=0.1470 train_acc=0.921 val_loss=0.2303 val_acc=0.900
2026-01-18 01:46:40,557 - INFO - epoch=199 train_loss=0.1467 train_acc=0.923 val_loss=0.2283 val_acc=0.902
2026-01-18 01:46:46,257 - INFO - epoch=200 train_loss=0.1472 train_acc=0.921 val_loss=0.2337 val_acc=0.900
2026-01-18 01:46:52,090 - INFO - epoch=201 train_loss=0.1460 train_acc=0.922 val_loss=0.2331 val_acc=0.900
2026-01-18 01:46:58,046 - INFO - epoch=202 train_loss=0.1458 train_acc=0.922 val_loss=0.2326 val_acc=0.902
2026-01-18 01:47:03,709 - INFO - epoch=203 train_loss=0.1452 train_acc=0.922 val_loss=0.2333 val_acc=0.901
2026-01-18 01:47:09,365 - INFO - epoch=204 train_loss=0.1460 train_acc=0.922 val_loss=0.2358 val_acc=0.901
2026-01-18 01:47:14,848 - INFO - epoch=205 train_loss=0.1446 train_acc=0.923 val_loss=0.2330 val_acc=0.900
2026-01-18 01:47:20,417 - INFO - epoch=206 train_loss=0.1452 train_acc=0.923 val_loss=0.2315 val_acc=0.901
2026-01-18 01:47:25,927 - INFO - epoch=207 train_loss=0.1446 train_acc=0.923 val_loss=0.2360 val_acc=0.899
2026-01-18 01:47:31,324 - INFO - epoch=208 train_loss=0.1451 train_acc=0.922 val_loss=0.2314 val_acc=0.901
2026-01-18 01:47:36,979 - INFO - epoch=209 train_loss=0.1442 train_acc=0.923 val_loss=0.2343 val_acc=0.900
2026-01-18 01:47:42,657 - INFO - epoch=210 train_loss=0.1452 train_acc=0.922 val_loss=0.2306 val_acc=0.903
2026-01-18 01:47:48,306 - INFO - epoch=211 train_loss=0.1436 train_acc=0.923 val_loss=0.2326 val_acc=0.902
2026-01-18 01:47:53,928 - INFO - epoch=212 train_loss=0.1435 train_acc=0.923 val_loss=0.2347 val_acc=0.901
2026-01-18 01:47:59,506 - INFO - epoch=213 train_loss=0.1434 train_acc=0.923 val_loss=0.2332 val_acc=0.901
2026-01-18 01:48:05,223 - INFO - epoch=214 train_loss=0.1439 train_acc=0.924 val_loss=0.2321 val_acc=0.900
2026-01-18 01:48:10,977 - INFO - epoch=215 train_loss=0.1436 train_acc=0.924 val_loss=0.2284 val_acc=0.901
2026-01-18 01:48:16,608 - INFO - epoch=216 train_loss=0.1431 train_acc=0.924 val_loss=0.2340 val_acc=0.900
2026-01-18 01:48:22,117 - INFO - epoch=217 train_loss=0.1441 train_acc=0.924 val_loss=0.2319 val_acc=0.901
2026-01-18 01:48:27,598 - INFO - epoch=218 train_loss=0.1425 train_acc=0.924 val_loss=0.2349 val_acc=0.901
2026-01-18 01:48:33,070 - INFO - epoch=219 train_loss=0.1411 train_acc=0.925 val_loss=0.2354 val_acc=0.902
2026-01-18 01:48:38,572 - INFO - epoch=220 train_loss=0.1412 train_acc=0.925 val_loss=0.2326 val_acc=0.903
2026-01-18 01:48:44,168 - INFO - epoch=221 train_loss=0.1419 train_acc=0.925 val_loss=0.2368 val_acc=0.900
2026-01-18 01:48:49,773 - INFO - epoch=222 train_loss=0.1434 train_acc=0.923 val_loss=0.2367 val_acc=0.901
2026-01-18 01:48:55,197 - INFO - epoch=223 train_loss=0.1416 train_acc=0.925 val_loss=0.2319 val_acc=0.900
2026-01-18 01:49:00,837 - INFO - epoch=224 train_loss=0.1410 train_acc=0.925 val_loss=0.2344 val_acc=0.903
2026-01-18 01:49:06,343 - INFO - epoch=225 train_loss=0.1407 train_acc=0.925 val_loss=0.2339 val_acc=0.902
2026-01-18 01:49:11,734 - INFO - epoch=226 train_loss=0.1401 train_acc=0.925 val_loss=0.2412 val_acc=0.903
2026-01-18 01:49:17,103 - INFO - epoch=227 train_loss=0.1404 train_acc=0.926 val_loss=0.2354 val_acc=0.903
2026-01-18 01:49:22,740 - INFO - epoch=228 train_loss=0.1394 train_acc=0.926 val_loss=0.2330 val_acc=0.902
2026-01-18 01:49:28,357 - INFO - epoch=229 train_loss=0.1408 train_acc=0.925 val_loss=0.2377 val_acc=0.902
2026-01-18 01:49:33,981 - INFO - epoch=230 train_loss=0.1388 train_acc=0.927 val_loss=0.2360 val_acc=0.902
2026-01-18 01:49:39,730 - INFO - epoch=231 train_loss=0.1399 train_acc=0.926 val_loss=0.2358 val_acc=0.902
2026-01-18 01:49:45,471 - INFO - epoch=232 train_loss=0.1385 train_acc=0.926 val_loss=0.2369 val_acc=0.902
2026-01-18 01:49:51,161 - INFO - epoch=233 train_loss=0.1401 train_acc=0.925 val_loss=0.2335 val_acc=0.902
2026-01-18 01:49:56,906 - INFO - epoch=234 train_loss=0.1380 train_acc=0.927 val_loss=0.2395 val_acc=0.901
2026-01-18 01:50:02,499 - INFO - epoch=235 train_loss=0.1371 train_acc=0.928 val_loss=0.2376 val_acc=0.902
2026-01-18 01:50:08,105 - INFO - epoch=236 train_loss=0.1383 train_acc=0.927 val_loss=0.2364 val_acc=0.903
2026-01-18 01:50:13,500 - INFO - epoch=237 train_loss=0.1383 train_acc=0.926 val_loss=0.2382 val_acc=0.903
2026-01-18 01:50:19,114 - INFO - epoch=238 train_loss=0.1377 train_acc=0.926 val_loss=0.2391 val_acc=0.903
2026-01-18 01:50:24,669 - INFO - epoch=239 train_loss=0.1376 train_acc=0.927 val_loss=0.2351 val_acc=0.902
2026-01-18 01:50:30,151 - INFO - epoch=240 train_loss=0.1362 train_acc=0.928 val_loss=0.2435 val_acc=0.903
2026-01-18 01:50:35,767 - INFO - epoch=241 train_loss=0.1369 train_acc=0.928 val_loss=0.2358 val_acc=0.901
2026-01-18 01:50:41,379 - INFO - epoch=242 train_loss=0.1373 train_acc=0.927 val_loss=0.2386 val_acc=0.902
2026-01-18 01:50:46,963 - INFO - epoch=243 train_loss=0.1366 train_acc=0.928 val_loss=0.2379 val_acc=0.902
2026-01-18 01:50:52,558 - INFO - epoch=244 train_loss=0.1371 train_acc=0.927 val_loss=0.2400 val_acc=0.902
2026-01-18 01:50:58,165 - INFO - epoch=245 train_loss=0.1364 train_acc=0.927 val_loss=0.2412 val_acc=0.901
2026-01-18 01:51:03,794 - INFO - epoch=246 train_loss=0.1348 train_acc=0.929 val_loss=0.2371 val_acc=0.901
2026-01-18 01:51:09,376 - INFO - epoch=247 train_loss=0.1355 train_acc=0.928 val_loss=0.2369 val_acc=0.902
2026-01-18 01:51:14,984 - INFO - epoch=248 train_loss=0.1363 train_acc=0.928 val_loss=0.2479 val_acc=0.901
2026-01-18 01:51:20,550 - INFO - epoch=249 train_loss=0.1356 train_acc=0.928 val_loss=0.2389 val_acc=0.901
2026-01-18 01:51:26,188 - INFO - epoch=250 train_loss=0.1360 train_acc=0.928 val_loss=0.2447 val_acc=0.901
2026-01-18 01:51:31,945 - INFO - epoch=251 train_loss=0.1353 train_acc=0.928 val_loss=0.2473 val_acc=0.901
2026-01-18 01:51:37,659 - INFO - epoch=252 train_loss=0.1347 train_acc=0.929 val_loss=0.2461 val_acc=0.902
2026-01-18 01:51:43,323 - INFO - epoch=253 train_loss=0.1340 train_acc=0.929 val_loss=0.2473 val_acc=0.902
2026-01-18 01:51:49,069 - INFO - epoch=254 train_loss=0.1339 train_acc=0.929 val_loss=0.2443 val_acc=0.901
2026-01-18 01:51:54,742 - INFO - epoch=255 train_loss=0.1345 train_acc=0.929 val_loss=0.2417 val_acc=0.902
2026-01-18 01:52:00,442 - INFO - epoch=256 train_loss=0.1343 train_acc=0.929 val_loss=0.2415 val_acc=0.903
2026-01-18 01:52:06,235 - INFO - epoch=257 train_loss=0.1341 train_acc=0.929 val_loss=0.2435 val_acc=0.903
2026-01-18 01:52:11,859 - INFO - epoch=258 train_loss=0.1336 train_acc=0.930 val_loss=0.2438 val_acc=0.904
2026-01-18 01:52:17,381 - INFO - epoch=259 train_loss=0.1335 train_acc=0.929 val_loss=0.2452 val_acc=0.903
2026-01-18 01:52:22,801 - INFO - epoch=260 train_loss=0.1342 train_acc=0.929 val_loss=0.2428 val_acc=0.903
2026-01-18 01:52:28,315 - INFO - epoch=261 train_loss=0.1327 train_acc=0.930 val_loss=0.2446 val_acc=0.902
2026-01-18 01:52:33,742 - INFO - epoch=262 train_loss=0.1338 train_acc=0.929 val_loss=0.2494 val_acc=0.902
2026-01-18 01:52:39,381 - INFO - epoch=263 train_loss=0.1333 train_acc=0.929 val_loss=0.2468 val_acc=0.903
2026-01-18 01:52:45,095 - INFO - epoch=264 train_loss=0.1344 train_acc=0.929 val_loss=0.2427 val_acc=0.903
2026-01-18 01:52:50,760 - INFO - epoch=265 train_loss=0.1326 train_acc=0.930 val_loss=0.2473 val_acc=0.902
2026-01-18 01:52:56,420 - INFO - epoch=266 train_loss=0.1330 train_acc=0.929 val_loss=0.2426 val_acc=0.902
2026-01-18 01:53:02,044 - INFO - epoch=267 train_loss=0.1327 train_acc=0.930 val_loss=0.2413 val_acc=0.903
2026-01-18 01:53:07,627 - INFO - epoch=268 train_loss=0.1314 train_acc=0.931 val_loss=0.2472 val_acc=0.903
2026-01-18 01:53:13,229 - INFO - epoch=269 train_loss=0.1319 train_acc=0.930 val_loss=0.2440 val_acc=0.903
2026-01-18 01:53:18,856 - INFO - epoch=270 train_loss=0.1319 train_acc=0.930 val_loss=0.2359 val_acc=0.903
2026-01-18 01:53:24,464 - INFO - epoch=271 train_loss=0.1313 train_acc=0.931 val_loss=0.2386 val_acc=0.903
2026-01-18 01:53:30,051 - INFO - epoch=272 train_loss=0.1314 train_acc=0.930 val_loss=0.2425 val_acc=0.904
2026-01-18 01:53:35,745 - INFO - epoch=273 train_loss=0.1315 train_acc=0.930 val_loss=0.2439 val_acc=0.903
2026-01-18 01:53:41,373 - INFO - epoch=274 train_loss=0.1309 train_acc=0.931 val_loss=0.2443 val_acc=0.903
2026-01-18 01:53:47,106 - INFO - epoch=275 train_loss=0.1310 train_acc=0.931 val_loss=0.2411 val_acc=0.903
2026-01-18 01:53:52,833 - INFO - epoch=276 train_loss=0.1313 train_acc=0.931 val_loss=0.2422 val_acc=0.903
2026-01-18 01:53:58,428 - INFO - epoch=277 train_loss=0.1310 train_acc=0.931 val_loss=0.2439 val_acc=0.902
2026-01-18 01:54:03,988 - INFO - epoch=278 train_loss=0.1296 train_acc=0.931 val_loss=0.2454 val_acc=0.903
2026-01-18 01:54:09,594 - INFO - epoch=279 train_loss=0.1304 train_acc=0.931 val_loss=0.2473 val_acc=0.903
2026-01-18 01:54:15,097 - INFO - epoch=280 train_loss=0.1307 train_acc=0.931 val_loss=0.2480 val_acc=0.903
2026-01-18 01:54:20,622 - INFO - epoch=281 train_loss=0.1310 train_acc=0.930 val_loss=0.2469 val_acc=0.902
2026-01-18 01:54:26,176 - INFO - epoch=282 train_loss=0.1297 train_acc=0.931 val_loss=0.2410 val_acc=0.904
2026-01-18 01:54:31,680 - INFO - epoch=283 train_loss=0.1297 train_acc=0.931 val_loss=0.2452 val_acc=0.904
2026-01-18 01:54:37,226 - INFO - epoch=284 train_loss=0.1294 train_acc=0.932 val_loss=0.2498 val_acc=0.902
2026-01-18 01:54:42,782 - INFO - epoch=285 train_loss=0.1302 train_acc=0.931 val_loss=0.2425 val_acc=0.902
2026-01-18 01:54:48,360 - INFO - epoch=286 train_loss=0.1289 train_acc=0.932 val_loss=0.2525 val_acc=0.902
2026-01-18 01:54:53,951 - INFO - epoch=287 train_loss=0.1293 train_acc=0.931 val_loss=0.2498 val_acc=0.903
2026-01-18 01:54:59,486 - INFO - epoch=288 train_loss=0.1284 train_acc=0.932 val_loss=0.2499 val_acc=0.903
2026-01-18 01:55:05,041 - INFO - epoch=289 train_loss=0.1292 train_acc=0.931 val_loss=0.2451 val_acc=0.904
2026-01-18 01:55:10,620 - INFO - epoch=290 train_loss=0.1293 train_acc=0.932 val_loss=0.2484 val_acc=0.904
2026-01-18 01:55:16,245 - INFO - epoch=291 train_loss=0.1283 train_acc=0.932 val_loss=0.2497 val_acc=0.903
2026-01-18 01:55:21,836 - INFO - epoch=292 train_loss=0.1275 train_acc=0.933 val_loss=0.2523 val_acc=0.903
2026-01-18 01:55:27,403 - INFO - epoch=293 train_loss=0.1276 train_acc=0.932 val_loss=0.2489 val_acc=0.904
2026-01-18 01:55:33,031 - INFO - epoch=294 train_loss=0.1283 train_acc=0.932 val_loss=0.2519 val_acc=0.903
2026-01-18 01:55:38,614 - INFO - epoch=295 train_loss=0.1280 train_acc=0.933 val_loss=0.2461 val_acc=0.904
2026-01-18 01:55:44,240 - INFO - epoch=296 train_loss=0.1273 train_acc=0.933 val_loss=0.2451 val_acc=0.904
2026-01-18 01:55:44,241 - INFO - early_stop: patience=200 reached (best_epoch=96 best_val_loss=0.212836)
2026-01-18 01:55:44,274 - INFO - saved: /home/jinlin/data/geoexplicit_data/experiments/icml2026_routegen/WAYCASD3_xattn_nL64_rustbelt_seed0_e1000/W6_train_ae/report.json
