2026-02-23 20:57:55,431 - INFO - device=cuda
2026-02-23 20:57:56,155 - INFO - split_json=/home/jinlin/data/geoexplicit_data/experiments/icml2026_routegen/WAYCASD0_waydata_porto_seed0/W5_way_routes_strict_gate/od_split_min3_max160_seed0_dev10p.json train_routes=108153 val_routes=13086 => train_idx=108153 val_idx=13086
2026-02-23 20:57:56,156 - INFO - routes: total=1350143 train=108153 val=13086 min_hops=1 max_way_len=160
/home/jinlin/miniconda3/envs/dpl/lib/python3.11/site-packages/torch/nn/modules/transformer.py:392: UserWarning: enable_nested_tensor is True, but self.use_nested_tensor is False because encoder_layer.norm_first was True
  warnings.warn(
2026-02-23 20:58:00,575 - INFO - init best_val_loss=3.158648 from current weights (epoch=0)
2026-02-23 20:59:17,637 - INFO - epoch=1 train_loss=2.5791 train_acc=0.166 val_loss=2.2720 val_acc=0.247
2026-02-23 21:00:41,696 - INFO - epoch=2 train_loss=2.1863 train_acc=0.258 val_loss=2.0474 val_acc=0.297
2026-02-23 21:02:08,189 - INFO - epoch=3 train_loss=2.0382 train_acc=0.298 val_loss=1.9024 val_acc=0.340
2026-02-23 21:03:35,524 - INFO - epoch=4 train_loss=1.9053 train_acc=0.338 val_loss=1.7500 val_acc=0.391
2026-02-23 21:05:03,258 - INFO - epoch=5 train_loss=1.7824 train_acc=0.375 val_loss=1.6173 val_acc=0.433
2026-02-23 21:06:30,391 - INFO - epoch=6 train_loss=1.6937 train_acc=0.404 val_loss=1.5303 val_acc=0.463
2026-02-23 21:07:57,401 - INFO - epoch=7 train_loss=1.6265 train_acc=0.428 val_loss=1.4604 val_acc=0.489
2026-02-23 21:09:24,555 - INFO - epoch=8 train_loss=1.5691 train_acc=0.448 val_loss=1.3966 val_acc=0.512
2026-02-23 21:10:51,805 - INFO - epoch=9 train_loss=1.5216 train_acc=0.464 val_loss=1.3524 val_acc=0.529
2026-02-23 21:12:18,901 - INFO - epoch=10 train_loss=1.4782 train_acc=0.479 val_loss=1.3101 val_acc=0.546
2026-02-23 21:13:46,010 - INFO - epoch=11 train_loss=1.4399 train_acc=0.493 val_loss=1.2582 val_acc=0.561
2026-02-23 21:15:13,150 - INFO - epoch=12 train_loss=1.4050 train_acc=0.505 val_loss=1.2327 val_acc=0.572
2026-02-23 21:16:40,286 - INFO - epoch=13 train_loss=1.3725 train_acc=0.516 val_loss=1.1935 val_acc=0.585
2026-02-23 21:18:07,489 - INFO - epoch=14 train_loss=1.3401 train_acc=0.527 val_loss=1.1597 val_acc=0.598
2026-02-23 21:19:34,746 - INFO - epoch=15 train_loss=1.3091 train_acc=0.538 val_loss=1.1350 val_acc=0.604
2026-02-23 21:21:01,887 - INFO - epoch=16 train_loss=1.2766 train_acc=0.549 val_loss=1.0929 val_acc=0.624
2026-02-23 21:22:29,174 - INFO - epoch=17 train_loss=1.2288 train_acc=0.566 val_loss=1.0348 val_acc=0.642
2026-02-23 21:23:56,376 - INFO - epoch=18 train_loss=1.1525 train_acc=0.591 val_loss=0.9566 val_acc=0.664
2026-02-23 21:25:23,563 - INFO - epoch=19 train_loss=1.0714 train_acc=0.618 val_loss=0.8857 val_acc=0.689
2026-02-23 21:26:50,680 - INFO - epoch=20 train_loss=1.0042 train_acc=0.640 val_loss=0.8446 val_acc=0.701
2026-02-23 21:28:17,811 - INFO - epoch=21 train_loss=0.9530 train_acc=0.657 val_loss=0.8043 val_acc=0.715
2026-02-23 21:29:44,853 - INFO - epoch=22 train_loss=0.9148 train_acc=0.670 val_loss=0.7745 val_acc=0.725
2026-02-23 21:31:12,097 - INFO - epoch=23 train_loss=0.8854 train_acc=0.681 val_loss=0.7502 val_acc=0.734
2026-02-23 21:32:39,109 - INFO - epoch=24 train_loss=0.8610 train_acc=0.689 val_loss=0.7390 val_acc=0.737
2026-02-23 21:34:06,111 - INFO - epoch=25 train_loss=0.8406 train_acc=0.696 val_loss=0.7176 val_acc=0.744
2026-02-23 21:35:32,979 - INFO - epoch=26 train_loss=0.8229 train_acc=0.703 val_loss=0.6956 val_acc=0.753
2026-02-23 21:36:59,953 - INFO - epoch=27 train_loss=0.8079 train_acc=0.708 val_loss=0.6834 val_acc=0.757
2026-02-23 21:38:27,004 - INFO - epoch=28 train_loss=0.7937 train_acc=0.713 val_loss=0.6778 val_acc=0.758
2026-02-23 21:39:54,215 - INFO - epoch=29 train_loss=0.7797 train_acc=0.718 val_loss=0.6664 val_acc=0.763
2026-02-23 21:41:21,208 - INFO - epoch=30 train_loss=0.7696 train_acc=0.721 val_loss=0.6630 val_acc=0.764
2026-02-23 21:42:48,183 - INFO - epoch=31 train_loss=0.7592 train_acc=0.725 val_loss=0.6424 val_acc=0.771
2026-02-23 21:44:15,051 - INFO - epoch=32 train_loss=0.7487 train_acc=0.729 val_loss=0.6435 val_acc=0.772
2026-02-23 21:45:42,069 - INFO - epoch=33 train_loss=0.7393 train_acc=0.732 val_loss=0.6256 val_acc=0.777
2026-02-23 21:47:08,959 - INFO - epoch=34 train_loss=0.7329 train_acc=0.734 val_loss=0.6326 val_acc=0.774
2026-02-23 21:48:35,853 - INFO - epoch=35 train_loss=0.7239 train_acc=0.738 val_loss=0.6188 val_acc=0.779
2026-02-23 21:50:02,796 - INFO - epoch=36 train_loss=0.7163 train_acc=0.740 val_loss=0.6188 val_acc=0.780
2026-02-23 21:51:29,718 - INFO - epoch=37 train_loss=0.7088 train_acc=0.742 val_loss=0.6055 val_acc=0.784
2026-02-23 21:52:56,646 - INFO - epoch=38 train_loss=0.7023 train_acc=0.745 val_loss=0.5973 val_acc=0.787
2026-02-23 21:54:23,581 - INFO - epoch=39 train_loss=0.6955 train_acc=0.748 val_loss=0.5981 val_acc=0.786
2026-02-23 21:55:50,477 - INFO - epoch=40 train_loss=0.6894 train_acc=0.750 val_loss=0.5944 val_acc=0.787
2026-02-23 21:55:50,591 - INFO - saved: _sync/wsa/pi_verify/20260219_porto_d1_nlatent8_s0/D7_noise_ae/ae_nL8_noise1p0/report.json
