Encoded 5000 routes
Running true z_enc (batched)...
[true] batch 1/7 routes 768/5000 elapsed=182.0s eta=1002.7s
[true] batch 7/7 routes 5000/5000 elapsed=1059.8s eta=0.0s
Running shuffle z_enc (batched)...
[shuffle] batch 1/7 routes 768/5000 elapsed=187.7s eta=1034.5s
[shuffle] batch 7/7 routes 5000/5000 elapsed=1346.0s eta=0.0s
Running zero z_enc (batched)...
[zero] batch 1/7 routes 768/5000 elapsed=242.6s eta=1337.0s
[zero] batch 7/7 routes 5000/5000 elapsed=1357.9s eta=0.0s
Saved to _sync/wsa/pi_verify/20260219_porto_d1_nlatent8_s0/D7_noise_ae/zenc_info_noiseAE_nL8_n5000.json

============================================================
z_enc Informativeness Diagnostic Results
============================================================
  true    : success=29.22%, jaccard=0.2876
  shuffle : success=1.14%, jaccard=0.0503
  zero    : success=4.22%, jaccard=0.0364
------------------------------------------------------------
  [city0] true:29.22%/0.288 | shuffle:1.14%/0.050 | zero:4.22%/0.036
  [city1] true:0.00%/0.000 | shuffle:0.00%/0.000 | zero:0.00%/0.000
------------------------------------------------------------
  → true > shuffle (+28.08%): z_enc 携带可用路径信息，问题在解码策略
============================================================

/home/jinlin/miniconda3/envs/dpl/lib/python3.11/site-packages/torch/nn/modules/transformer.py:392: UserWarning: enable_nested_tensor is True, but self.use_nested_tensor is False because encoder_layer.norm_first was True
  warnings.warn(

