2026-02-04 13:48:37,330 - INFO - device=cuda
2026-02-04 13:48:37,336 - INFO - loaded way_semantic: n_channels=5
2026-02-04 13:48:37,341 - INFO - routes: total=5022 train=4520 val=502 min_hops=5 max_way_len=160
/home/jinlin/miniconda3/envs/dpl/lib/python3.11/site-packages/torch/nn/modules/transformer.py:392: UserWarning: enable_nested_tensor is True, but self.use_nested_tensor is False because encoder_layer.norm_first was True
  warnings.warn(
2026-02-04 13:48:38,594 - INFO - init best_val_loss=3.653772 from current weights (epoch=0)
2026-02-04 13:48:39,689 - INFO - epoch=1 train_loss=2.4754 val_loss=1.9309
2026-02-04 13:48:40,462 - INFO - epoch=2 train_loss=1.8650 val_loss=1.7355
2026-02-04 13:48:41,232 - INFO - epoch=3 train_loss=1.7184 val_loss=1.6823
2026-02-04 13:48:42,003 - INFO - epoch=4 train_loss=1.6818 val_loss=1.6035
2026-02-04 13:48:42,767 - INFO - epoch=5 train_loss=1.6366 val_loss=1.5877
2026-02-04 13:48:43,534 - INFO - epoch=6 train_loss=1.6203 val_loss=1.5399
2026-02-04 13:48:44,303 - INFO - epoch=7 train_loss=1.5949 val_loss=1.5707
2026-02-04 13:48:45,072 - INFO - epoch=8 train_loss=1.5712 val_loss=1.4845
2026-02-04 13:48:45,861 - INFO - epoch=9 train_loss=1.5607 val_loss=1.5031
2026-02-04 13:48:46,591 - INFO - epoch=10 train_loss=1.5275 val_loss=1.4925
2026-02-04 13:48:47,307 - INFO - epoch=11 train_loss=1.5280 val_loss=1.4852
2026-02-04 13:48:48,030 - INFO - epoch=12 train_loss=1.5162 val_loss=1.4604
2026-02-04 13:48:48,767 - INFO - epoch=13 train_loss=1.5099 val_loss=1.4581
2026-02-04 13:48:49,508 - INFO - epoch=14 train_loss=1.4905 val_loss=1.4683
2026-02-04 13:48:50,247 - INFO - epoch=15 train_loss=1.4945 val_loss=1.4268
2026-02-04 13:48:50,974 - INFO - epoch=16 train_loss=1.4874 val_loss=1.4339
2026-02-04 13:48:51,687 - INFO - epoch=17 train_loss=1.4717 val_loss=1.4199
2026-02-04 13:48:52,427 - INFO - epoch=18 train_loss=1.4657 val_loss=1.4200
2026-02-04 13:48:53,157 - INFO - epoch=19 train_loss=1.4624 val_loss=1.4284
2026-02-04 13:48:53,885 - INFO - epoch=20 train_loss=1.4451 val_loss=1.4085
2026-02-04 13:48:54,658 - INFO - epoch=21 train_loss=1.4444 val_loss=1.4018
2026-02-04 13:48:55,403 - INFO - epoch=22 train_loss=1.4432 val_loss=1.4351
2026-02-04 13:48:56,118 - INFO - epoch=23 train_loss=1.4403 val_loss=1.3801
2026-02-04 13:48:56,858 - INFO - epoch=24 train_loss=1.4223 val_loss=1.3766
2026-02-04 13:48:57,598 - INFO - epoch=25 train_loss=1.4259 val_loss=1.3628
2026-02-04 13:48:58,339 - INFO - epoch=26 train_loss=1.4217 val_loss=1.3546
2026-02-04 13:48:59,077 - INFO - epoch=27 train_loss=1.4117 val_loss=1.3645
2026-02-04 13:48:59,821 - INFO - epoch=28 train_loss=1.4146 val_loss=1.3509
2026-02-04 13:49:00,567 - INFO - epoch=29 train_loss=1.4096 val_loss=1.3366
2026-02-04 13:49:01,298 - INFO - epoch=30 train_loss=1.4024 val_loss=1.3666
2026-02-04 13:49:02,032 - INFO - epoch=31 train_loss=1.4102 val_loss=1.3502
2026-02-04 13:49:02,769 - INFO - epoch=32 train_loss=1.4048 val_loss=1.3521
2026-02-04 13:49:03,507 - INFO - epoch=33 train_loss=1.4117 val_loss=1.3501
2026-02-04 13:49:04,246 - INFO - epoch=34 train_loss=1.3900 val_loss=1.3280
2026-02-04 13:49:04,992 - INFO - epoch=35 train_loss=1.3943 val_loss=1.3649
2026-02-04 13:49:05,727 - INFO - epoch=36 train_loss=1.3924 val_loss=1.3445
2026-02-04 13:49:06,470 - INFO - epoch=37 train_loss=1.3925 val_loss=1.3252
2026-02-04 13:49:07,211 - INFO - epoch=38 train_loss=1.3925 val_loss=1.3524
2026-02-04 13:49:07,936 - INFO - epoch=39 train_loss=1.3773 val_loss=1.3189
2026-02-04 13:49:08,696 - INFO - epoch=40 train_loss=1.3949 val_loss=1.3418
2026-02-04 13:49:09,484 - INFO - epoch=41 train_loss=1.3855 val_loss=1.3439
2026-02-04 13:49:10,230 - INFO - epoch=42 train_loss=1.3721 val_loss=1.3016
2026-02-04 13:49:11,000 - INFO - epoch=43 train_loss=1.3743 val_loss=1.3342
2026-02-04 13:49:11,744 - INFO - epoch=44 train_loss=1.3617 val_loss=1.3430
2026-02-04 13:49:12,485 - INFO - epoch=45 train_loss=1.3657 val_loss=1.3475
2026-02-04 13:49:13,225 - INFO - epoch=46 train_loss=1.3648 val_loss=1.2928
2026-02-04 13:49:13,991 - INFO - epoch=47 train_loss=1.3616 val_loss=1.3217
2026-02-04 13:49:14,743 - INFO - epoch=48 train_loss=1.3537 val_loss=1.3082
2026-02-04 13:49:15,481 - INFO - epoch=49 train_loss=1.3577 val_loss=1.3451
2026-02-04 13:49:16,230 - INFO - epoch=50 train_loss=1.3544 val_loss=1.2880
2026-02-04 13:49:16,997 - INFO - epoch=51 train_loss=1.3687 val_loss=1.3082
2026-02-04 13:49:17,750 - INFO - epoch=52 train_loss=1.3648 val_loss=1.3112
2026-02-04 13:49:18,503 - INFO - epoch=53 train_loss=1.3590 val_loss=1.3172
2026-02-04 13:49:19,249 - INFO - epoch=54 train_loss=1.3547 val_loss=1.2943
2026-02-04 13:49:20,004 - INFO - epoch=55 train_loss=1.3551 val_loss=1.3131
2026-02-04 13:49:20,757 - INFO - epoch=56 train_loss=1.3461 val_loss=1.2989
2026-02-04 13:49:21,511 - INFO - epoch=57 train_loss=1.3431 val_loss=1.3063
2026-02-04 13:49:22,274 - INFO - epoch=58 train_loss=1.3441 val_loss=1.2961
2026-02-04 13:49:23,034 - INFO - epoch=59 train_loss=1.3488 val_loss=1.2833
2026-02-04 13:49:23,796 - INFO - epoch=60 train_loss=1.3332 val_loss=1.3000
2026-02-04 13:49:23,915 - INFO - saved: /home/jinlin/data/geoexplicit_data/experiments/icml2026_routegen/WAYCASD1_waydata_rustbelt_seed0_strict_v1/W9_train_flow_E5_past16_s0_retrain_v2/report.json
