2026-02-24 21:26:54,769 - INFO - device=cuda
2026-02-24 21:26:55,757 - INFO - split_json=/home/jinlin/data/geoexplicit_data/experiments/icml2026_routegen/WAYCASD0_waydata_porto_seed0/W5_way_routes_strict_gate/od_split_min3_max160_seed0_dev10p.json train_routes=108153 val_routes=13086 => train_idx=107706 val_idx=13041
2026-02-24 21:26:55,759 - INFO - routes: total=1343467 train=107706 val=13041 min_hops=5 max_way_len=160
/home/jinlin/miniconda3/envs/dpl/lib/python3.11/site-packages/torch/nn/modules/transformer.py:392: UserWarning: enable_nested_tensor is True, but self.use_nested_tensor is False because encoder_layer.norm_first was True
  warnings.warn(
2026-02-24 21:27:00,605 - INFO - init best_val_loss=3.188777 from current weights (epoch=0)
2026-02-24 21:28:17,435 - INFO - epoch=1 train_loss=2.6096(ce=2.6096 kl=1826.9956 β=0.0000) train_acc=0.160 val_loss=2.3502(ce=2.3502 kl=862.7204 β=0.0000) val_acc=0.238
2026-02-24 21:29:41,328 - INFO - epoch=2 train_loss=2.3383(ce=2.3017 kl=106.3416 β=0.0003) train_acc=0.240 val_loss=2.1664(ce=2.1333 kl=95.8714 β=0.0003) val_acc=0.289
2026-02-24 21:31:07,488 - INFO - epoch=3 train_loss=2.1512(ce=2.1003 kl=73.8062 β=0.0007) train_acc=0.295 val_loss=1.9818(ce=1.9320 kl=72.2247 β=0.0007) val_acc=0.351
2026-02-24 21:32:34,515 - INFO - epoch=4 train_loss=2.0188(ce=1.9524 kl=64.1508 β=0.0010) train_acc=0.343 val_loss=1.8566(ce=1.7898 kl=64.6078 β=0.0010) val_acc=0.400
2026-02-24 21:34:01,573 - INFO - epoch=5 train_loss=1.9269(ce=1.8471 kl=57.8476 β=0.0014) train_acc=0.377 val_loss=1.7570(ce=1.6769 kl=58.0075 β=0.0014) val_acc=0.438
2026-02-24 21:35:28,777 - INFO - epoch=6 train_loss=1.8567(ce=1.7646 kl=53.4190 β=0.0017) train_acc=0.405 val_loss=1.6922(ce=1.5994 kl=53.8044 β=0.0017) val_acc=0.465
2026-02-24 21:36:55,455 - INFO - epoch=7 train_loss=1.8006(ce=1.6978 kl=49.6856 β=0.0021) train_acc=0.428 val_loss=1.6413(ce=1.5369 kl=50.4676 β=0.0021) val_acc=0.489
2026-02-24 21:38:22,392 - INFO - epoch=8 train_loss=1.7489(ce=1.6366 kl=46.5249 β=0.0024) train_acc=0.448 val_loss=1.5773(ce=1.4636 kl=47.1075 β=0.0024) val_acc=0.516
2026-02-24 21:39:49,240 - INFO - epoch=9 train_loss=1.6840(ce=1.5637 kl=43.6185 β=0.0028) train_acc=0.473 val_loss=1.4757(ce=1.3568 kl=43.1037 β=0.0028) val_acc=0.549
2026-02-24 21:41:16,044 - INFO - epoch=10 train_loss=1.5607(ce=1.4361 kl=40.1319 β=0.0031) train_acc=0.514 val_loss=1.3464(ce=1.2264 kl=38.6833 β=0.0031) val_acc=0.590
2026-02-24 21:42:42,780 - INFO - epoch=11 train_loss=1.4365(ce=1.3098 kl=36.7524 β=0.0034) train_acc=0.554 val_loss=1.2499(ce=1.1242 kl=36.4713 β=0.0034) val_acc=0.621
2026-02-24 21:44:09,477 - INFO - epoch=12 train_loss=1.3538(ce=1.2251 kl=33.9350 β=0.0038) train_acc=0.581 val_loss=1.1858(ce=1.0579 kl=33.7156 β=0.0038) val_acc=0.641
2026-02-24 21:45:36,108 - INFO - epoch=13 train_loss=1.3065(ce=1.1758 kl=31.5843 β=0.0041) train_acc=0.597 val_loss=1.1661(ce=1.0339 kl=31.9492 β=0.0041) val_acc=0.647
2026-02-24 21:47:02,876 - INFO - epoch=14 train_loss=1.2745(ce=1.1421 kl=29.5312 β=0.0045) train_acc=0.608 val_loss=1.1278(ce=0.9904 kl=30.6442 β=0.0045) val_acc=0.661
2026-02-24 21:48:29,664 - INFO - epoch=15 train_loss=1.2509(ce=1.1176 kl=27.6085 β=0.0048) train_acc=0.616 val_loss=1.1079(ce=0.9726 kl=28.0163 β=0.0048) val_acc=0.667
2026-02-24 21:49:56,357 - INFO - epoch=16 train_loss=1.2327(ce=1.0992 kl=25.8070 β=0.0052) train_acc=0.623 val_loss=1.0982(ce=0.9627 kl=26.1920 β=0.0052) val_acc=0.672
2026-02-24 21:51:23,109 - INFO - epoch=17 train_loss=1.2188(ce=1.0853 kl=24.1925 β=0.0055) train_acc=0.627 val_loss=1.0737(ce=0.9377 kl=24.6484 β=0.0055) val_acc=0.676
2026-02-24 21:52:49,879 - INFO - epoch=18 train_loss=1.2053(ce=1.0729 kl=22.5887 β=0.0059) train_acc=0.631 val_loss=1.0650(ce=0.9321 kl=22.6731 β=0.0059) val_acc=0.680
2026-02-24 21:54:16,519 - INFO - epoch=19 train_loss=1.1942(ce=1.0630 kl=21.1307 β=0.0062) train_acc=0.635 val_loss=1.0473(ce=0.9169 kl=21.0116 β=0.0062) val_acc=0.684
2026-02-24 21:55:43,096 - INFO - epoch=20 train_loss=1.1842(ce=1.0543 kl=19.8321 β=0.0066) train_acc=0.638 val_loss=1.0415(ce=0.9149 kl=19.3213 β=0.0066) val_acc=0.686
2026-02-24 21:57:09,958 - INFO - epoch=21 train_loss=1.1755(ce=1.0484 kl=18.4308 β=0.0069) train_acc=0.641 val_loss=1.0354(ce=0.9060 kl=18.7653 β=0.0069) val_acc=0.690
2026-02-24 21:58:36,814 - INFO - epoch=22 train_loss=1.1672(ce=1.0423 kl=17.2432 β=0.0072) train_acc=0.644 val_loss=1.0309(ce=0.9058 kl=17.2722 β=0.0072) val_acc=0.689
2026-02-24 22:00:03,683 - INFO - epoch=23 train_loss=1.1596(ce=1.0375 kl=16.1014 β=0.0076) train_acc=0.645 val_loss=1.0145(ce=0.8929 kl=16.0345 β=0.0076) val_acc=0.693
2026-02-24 22:01:30,537 - INFO - epoch=24 train_loss=1.1531(ce=1.0344 kl=14.9721 β=0.0079) train_acc=0.647 val_loss=1.0089(ce=0.8882 kl=15.2233 β=0.0079) val_acc=0.694
2026-02-24 22:02:57,477 - INFO - epoch=25 train_loss=1.1449(ce=1.0297 kl=13.9229 β=0.0083) train_acc=0.649 val_loss=1.0015(ce=0.8878 kl=13.7398 β=0.0083) val_acc=0.695
2026-02-24 22:04:24,485 - INFO - epoch=26 train_loss=1.1376(ce=1.0261 kl=12.9418 β=0.0086) train_acc=0.650 val_loss=0.9978(ce=0.8864 kl=12.9162 β=0.0086) val_acc=0.696
2026-02-24 22:05:51,661 - INFO - epoch=27 train_loss=1.1313(ce=1.0237 kl=12.0016 β=0.0090) train_acc=0.651 val_loss=0.9912(ce=0.8856 kl=11.7788 β=0.0090) val_acc=0.697
2026-02-24 22:07:18,590 - INFO - epoch=28 train_loss=1.1252(ce=1.0221 kl=11.0693 β=0.0093) train_acc=0.652 val_loss=0.9871(ce=0.8810 kl=11.3949 β=0.0093) val_acc=0.699
2026-02-24 22:08:45,455 - INFO - epoch=29 train_loss=1.1188(ce=1.0203 kl=10.2015 β=0.0097) train_acc=0.653 val_loss=0.9859(ce=0.8858 kl=10.3670 β=0.0097) val_acc=0.698
2026-02-24 22:10:12,524 - INFO - epoch=30 train_loss=1.1131(ce=1.0192 kl=9.3923 β=0.0100) train_acc=0.654 val_loss=0.9848(ce=0.8887 kl=9.6151 β=0.0100) val_acc=0.697
2026-02-24 22:11:39,499 - INFO - epoch=31 train_loss=1.1030(ce=1.0129 kl=9.0072 β=0.0100) train_acc=0.656 val_loss=0.9723(ce=0.8793 kl=9.3034 β=0.0100) val_acc=0.699
2026-02-24 22:13:06,307 - INFO - epoch=32 train_loss=1.0948(ce=1.0077 kl=8.7085 β=0.0100) train_acc=0.658 val_loss=0.9719(ce=0.8810 kl=9.0945 β=0.0100) val_acc=0.698
2026-02-24 22:14:33,140 - INFO - epoch=33 train_loss=1.0873(ce=1.0027 kl=8.4570 β=0.0100) train_acc=0.659 val_loss=0.9674(ce=0.8765 kl=9.0830 β=0.0100) val_acc=0.702
2026-02-24 22:16:00,109 - INFO - epoch=34 train_loss=1.0797(ce=0.9970 kl=8.2720 β=0.0100) train_acc=0.661 val_loss=0.9593(ce=0.8716 kl=8.7610 β=0.0100) val_acc=0.702
2026-02-24 22:17:27,088 - INFO - epoch=35 train_loss=1.0730(ce=0.9919 kl=8.1144 β=0.0100) train_acc=0.663 val_loss=0.9578(ce=0.8766 kl=8.1151 β=0.0100) val_acc=0.699
2026-02-24 22:18:54,068 - INFO - epoch=36 train_loss=1.0655(ce=0.9862 kl=7.9303 β=0.0100) train_acc=0.664 val_loss=0.9457(ce=0.8637 kl=8.2008 β=0.0100) val_acc=0.705
2026-02-24 22:20:21,011 - INFO - epoch=37 train_loss=1.0598(ce=0.9815 kl=7.8299 β=0.0100) train_acc=0.666 val_loss=0.9387(ce=0.8595 kl=7.9188 β=0.0100) val_acc=0.705
2026-02-24 22:21:47,863 - INFO - epoch=38 train_loss=1.0545(ce=0.9774 kl=7.7048 β=0.0100) train_acc=0.667 val_loss=0.9402(ce=0.8599 kl=8.0236 β=0.0100) val_acc=0.705
2026-02-24 22:23:14,873 - INFO - epoch=39 train_loss=1.0491(ce=0.9732 kl=7.5888 β=0.0100) train_acc=0.668 val_loss=0.9270(ce=0.8471 kl=7.9832 β=0.0100) val_acc=0.709
2026-02-24 22:24:41,805 - INFO - epoch=40 train_loss=1.0432(ce=0.9682 kl=7.4968 β=0.0100) train_acc=0.669 val_loss=0.9266(ce=0.8506 kl=7.6025 β=0.0100) val_acc=0.709
2026-02-24 22:26:08,751 - INFO - epoch=41 train_loss=1.0376(ce=0.9634 kl=7.4219 β=0.0100) train_acc=0.671 val_loss=0.9268(ce=0.8489 kl=7.7826 β=0.0100) val_acc=0.709
2026-02-24 22:27:35,703 - INFO - epoch=42 train_loss=1.0326(ce=0.9592 kl=7.3435 β=0.0100) train_acc=0.672 val_loss=0.9182(ce=0.8451 kl=7.3133 β=0.0100) val_acc=0.710
2026-02-24 22:29:02,699 - INFO - epoch=43 train_loss=1.0280(ce=0.9557 kl=7.2322 β=0.0100) train_acc=0.673 val_loss=0.9152(ce=0.8411 kl=7.4084 β=0.0100) val_acc=0.711
2026-02-24 22:30:29,613 - INFO - epoch=44 train_loss=1.0240(ce=0.9519 kl=7.2078 β=0.0100) train_acc=0.674 val_loss=0.9152(ce=0.8416 kl=7.3678 β=0.0100) val_acc=0.711
2026-02-24 22:31:56,561 - INFO - epoch=45 train_loss=1.0198(ce=0.9481 kl=7.1723 β=0.0100) train_acc=0.675 val_loss=0.9179(ce=0.8409 kl=7.6992 β=0.0100) val_acc=0.712
2026-02-24 22:33:23,451 - INFO - epoch=46 train_loss=1.0150(ce=0.9442 kl=7.0791 β=0.0100) train_acc=0.676 val_loss=0.9030(ce=0.8319 kl=7.1161 β=0.0100) val_acc=0.714
2026-02-24 22:34:50,530 - INFO - epoch=47 train_loss=1.0106(ce=0.9401 kl=7.0506 β=0.0100) train_acc=0.677 val_loss=0.9020(ce=0.8308 kl=7.1188 β=0.0100) val_acc=0.714
2026-02-24 22:36:17,558 - INFO - epoch=48 train_loss=1.0066(ce=0.9366 kl=7.0035 β=0.0100) train_acc=0.679 val_loss=0.9031(ce=0.8314 kl=7.1730 β=0.0100) val_acc=0.715
2026-02-24 22:37:44,641 - INFO - epoch=49 train_loss=1.0029(ce=0.9332 kl=6.9694 β=0.0100) train_acc=0.680 val_loss=0.8982(ce=0.8260 kl=7.2118 β=0.0100) val_acc=0.715
2026-02-24 22:39:11,639 - INFO - epoch=50 train_loss=0.9984(ce=0.9291 kl=6.9332 β=0.0100) train_acc=0.680 val_loss=0.8954(ce=0.8251 kl=7.0278 β=0.0100) val_acc=0.715
2026-02-24 22:40:38,711 - INFO - epoch=51 train_loss=0.9953(ce=0.9268 kl=6.8571 β=0.0100) train_acc=0.681 val_loss=0.8934(ce=0.8231 kl=7.0365 β=0.0100) val_acc=0.716
2026-02-24 22:42:05,766 - INFO - epoch=52 train_loss=0.9920(ce=0.9235 kl=6.8548 β=0.0100) train_acc=0.682 val_loss=0.8854(ce=0.8133 kl=7.2149 β=0.0100) val_acc=0.718
2026-02-24 22:43:32,845 - INFO - epoch=53 train_loss=0.9889(ce=0.9205 kl=6.8340 β=0.0100) train_acc=0.683 val_loss=0.8845(ce=0.8156 kl=6.8918 β=0.0100) val_acc=0.718
2026-02-24 22:44:59,891 - INFO - epoch=54 train_loss=0.9855(ce=0.9174 kl=6.8132 β=0.0100) train_acc=0.684 val_loss=0.8831(ce=0.8142 kl=6.8871 β=0.0100) val_acc=0.719
2026-02-24 22:46:26,920 - INFO - epoch=55 train_loss=0.9822(ce=0.9144 kl=6.7812 β=0.0100) train_acc=0.685 val_loss=0.8806(ce=0.8102 kl=7.0369 β=0.0100) val_acc=0.719
2026-02-24 22:47:54,232 - INFO - epoch=56 train_loss=0.9794(ce=0.9118 kl=6.7636 β=0.0100) train_acc=0.685 val_loss=0.8803(ce=0.8094 kl=7.0948 β=0.0100) val_acc=0.720
2026-02-24 22:49:21,351 - INFO - epoch=57 train_loss=0.9757(ce=0.9080 kl=6.7661 β=0.0100) train_acc=0.687 val_loss=0.8762(ce=0.8087 kl=6.7431 β=0.0100) val_acc=0.721
2026-02-24 22:50:48,398 - INFO - epoch=58 train_loss=0.9729(ce=0.9056 kl=6.7308 β=0.0100) train_acc=0.687 val_loss=0.8755(ce=0.8067 kl=6.8745 β=0.0100) val_acc=0.720
2026-02-24 22:52:15,678 - INFO - epoch=59 train_loss=0.9710(ce=0.9040 kl=6.7020 β=0.0100) train_acc=0.688 val_loss=0.8700(ce=0.8007 kl=6.9375 β=0.0100) val_acc=0.722
2026-02-24 22:53:43,014 - INFO - epoch=60 train_loss=0.9677(ce=0.9008 kl=6.6901 β=0.0100) train_acc=0.688 val_loss=0.8657(ce=0.7960 kl=6.9736 β=0.0100) val_acc=0.723
2026-02-24 22:55:10,219 - INFO - epoch=61 train_loss=0.9648(ce=0.8979 kl=6.6955 β=0.0100) train_acc=0.689 val_loss=0.8684(ce=0.8006 kl=6.7796 β=0.0100) val_acc=0.722
2026-02-24 22:56:37,424 - INFO - epoch=62 train_loss=0.9624(ce=0.8957 kl=6.6608 β=0.0100) train_acc=0.690 val_loss=0.8664(ce=0.7970 kl=6.9464 β=0.0100) val_acc=0.724
2026-02-24 22:58:04,758 - INFO - epoch=63 train_loss=0.9591(ce=0.8926 kl=6.6459 β=0.0100) train_acc=0.691 val_loss=0.8623(ce=0.7987 kl=6.3623 β=0.0100) val_acc=0.723
2026-02-24 22:59:32,043 - INFO - epoch=64 train_loss=0.9570(ce=0.8908 kl=6.6177 β=0.0100) train_acc=0.691 val_loss=0.8643(ce=0.7934 kl=7.0855 β=0.0100) val_acc=0.725
2026-02-24 23:00:59,286 - INFO - epoch=65 train_loss=0.9551(ce=0.8888 kl=6.6366 β=0.0100) train_acc=0.692 val_loss=0.8579(ce=0.7925 kl=6.5421 β=0.0100) val_acc=0.725
2026-02-24 23:02:26,615 - INFO - epoch=66 train_loss=0.9525(ce=0.8862 kl=6.6299 β=0.0100) train_acc=0.692 val_loss=0.8608(ce=0.7902 kl=7.0586 β=0.0100) val_acc=0.725
2026-02-24 23:03:54,007 - INFO - epoch=67 train_loss=0.9508(ce=0.8848 kl=6.6008 β=0.0100) train_acc=0.693 val_loss=0.8556(ce=0.7875 kl=6.8060 β=0.0100) val_acc=0.726
2026-02-24 23:05:21,203 - INFO - epoch=68 train_loss=0.9480(ce=0.8819 kl=6.6130 β=0.0100) train_acc=0.694 val_loss=0.8508(ce=0.7841 kl=6.6704 β=0.0100) val_acc=0.727
2026-02-24 23:06:48,210 - INFO - epoch=69 train_loss=0.9453(ce=0.8793 kl=6.6013 β=0.0100) train_acc=0.694 val_loss=0.8472(ce=0.7807 kl=6.6456 β=0.0100) val_acc=0.728
2026-02-24 23:08:15,326 - INFO - epoch=70 train_loss=0.9437(ce=0.8781 kl=6.5637 β=0.0100) train_acc=0.695 val_loss=0.8474(ce=0.7799 kl=6.7463 β=0.0100) val_acc=0.728
2026-02-24 23:09:42,308 - INFO - epoch=71 train_loss=0.9415(ce=0.8758 kl=6.5673 β=0.0100) train_acc=0.695 val_loss=0.8459(ce=0.7790 kl=6.6906 β=0.0100) val_acc=0.729
2026-02-24 23:11:09,331 - INFO - epoch=72 train_loss=0.9396(ce=0.8738 kl=6.5818 β=0.0100) train_acc=0.696 val_loss=0.8453(ce=0.7799 kl=6.5417 β=0.0100) val_acc=0.729
2026-02-24 23:12:36,506 - INFO - epoch=73 train_loss=0.9375(ce=0.8718 kl=6.5730 β=0.0100) train_acc=0.697 val_loss=0.8450(ce=0.7789 kl=6.6071 β=0.0100) val_acc=0.729
2026-02-24 23:14:03,623 - INFO - epoch=74 train_loss=0.9356(ce=0.8702 kl=6.5393 β=0.0100) train_acc=0.697 val_loss=0.8484(ce=0.7823 kl=6.6135 β=0.0100) val_acc=0.727
2026-02-24 23:15:30,612 - INFO - epoch=75 train_loss=0.9325(ce=0.8670 kl=6.5529 β=0.0100) train_acc=0.698 val_loss=0.8440(ce=0.7733 kl=7.0632 β=0.0100) val_acc=0.730
2026-02-24 23:16:57,649 - INFO - epoch=76 train_loss=0.9314(ce=0.8658 kl=6.5555 β=0.0100) train_acc=0.698 val_loss=0.8440(ce=0.7766 kl=6.7391 β=0.0100) val_acc=0.729
2026-02-24 23:18:24,682 - INFO - epoch=77 train_loss=0.9298(ce=0.8643 kl=6.5455 β=0.0100) train_acc=0.699 val_loss=0.8429(ce=0.7737 kl=6.9159 β=0.0100) val_acc=0.731
2026-02-24 23:19:51,787 - INFO - epoch=78 train_loss=0.9276(ce=0.8621 kl=6.5449 β=0.0100) train_acc=0.699 val_loss=0.8399(ce=0.7731 kl=6.6784 β=0.0100) val_acc=0.731
2026-02-24 23:21:18,800 - INFO - epoch=79 train_loss=0.9256(ce=0.8600 kl=6.5516 β=0.0100) train_acc=0.700 val_loss=0.8356(ce=0.7682 kl=6.7447 β=0.0100) val_acc=0.732
2026-02-24 23:22:45,827 - INFO - epoch=80 train_loss=0.9239(ce=0.8583 kl=6.5655 β=0.0100) train_acc=0.700 val_loss=0.8333(ce=0.7677 kl=6.5553 β=0.0100) val_acc=0.732
2026-02-24 23:24:13,041 - INFO - epoch=81 train_loss=0.9221(ce=0.8568 kl=6.5359 β=0.0100) train_acc=0.701 val_loss=0.8350(ce=0.7688 kl=6.6180 β=0.0100) val_acc=0.731
2026-02-24 23:25:39,884 - INFO - epoch=82 train_loss=0.9191(ce=0.8538 kl=6.5216 β=0.0100) train_acc=0.702 val_loss=0.8366(ce=0.7670 kl=6.9619 β=0.0100) val_acc=0.732
2026-02-24 23:27:06,729 - INFO - epoch=83 train_loss=0.9178(ce=0.8525 kl=6.5308 β=0.0100) train_acc=0.702 val_loss=0.8260(ce=0.7613 kl=6.4681 β=0.0100) val_acc=0.734
2026-02-24 23:28:33,530 - INFO - epoch=84 train_loss=0.9159(ce=0.8506 kl=6.5268 β=0.0100) train_acc=0.702 val_loss=0.8256(ce=0.7588 kl=6.6782 β=0.0100) val_acc=0.735
2026-02-24 23:30:00,434 - INFO - epoch=85 train_loss=0.9142(ce=0.8490 kl=6.5232 β=0.0100) train_acc=0.703 val_loss=0.8273(ce=0.7583 kl=6.8989 β=0.0100) val_acc=0.734
2026-02-24 23:31:27,287 - INFO - epoch=86 train_loss=0.9119(ce=0.8465 kl=6.5358 β=0.0100) train_acc=0.703 val_loss=0.8269(ce=0.7604 kl=6.6576 β=0.0100) val_acc=0.733
2026-02-24 23:32:54,208 - INFO - epoch=87 train_loss=0.9098(ce=0.8445 kl=6.5302 β=0.0100) train_acc=0.704 val_loss=0.8221(ce=0.7580 kl=6.4100 β=0.0100) val_acc=0.734
2026-02-24 23:34:21,106 - INFO - epoch=88 train_loss=0.9073(ce=0.8423 kl=6.5007 β=0.0100) train_acc=0.705 val_loss=0.8229(ce=0.7536 kl=6.9362 β=0.0100) val_acc=0.736
2026-02-24 23:35:48,071 - INFO - epoch=89 train_loss=0.9043(ce=0.8394 kl=6.4962 β=0.0100) train_acc=0.706 val_loss=0.8185(ce=0.7556 kl=6.2895 β=0.0100) val_acc=0.734
2026-02-24 23:37:14,986 - INFO - epoch=90 train_loss=0.9018(ce=0.8370 kl=6.4795 β=0.0100) train_acc=0.706 val_loss=0.8158(ce=0.7483 kl=6.7503 β=0.0100) val_acc=0.737
2026-02-24 23:38:42,071 - INFO - epoch=91 train_loss=0.8998(ce=0.8346 kl=6.5199 β=0.0100) train_acc=0.707 val_loss=0.8190(ce=0.7537 kl=6.5224 β=0.0100) val_acc=0.735
2026-02-24 23:40:08,883 - INFO - epoch=92 train_loss=0.8966(ce=0.8319 kl=6.4677 β=0.0100) train_acc=0.707 val_loss=0.8169(ce=0.7512 kl=6.5685 β=0.0100) val_acc=0.735
2026-02-24 23:41:35,781 - INFO - epoch=93 train_loss=0.8941(ce=0.8294 kl=6.4720 β=0.0100) train_acc=0.708 val_loss=0.8127(ce=0.7453 kl=6.7370 β=0.0100) val_acc=0.736
2026-02-24 23:43:02,772 - INFO - epoch=94 train_loss=0.8913(ce=0.8267 kl=6.4541 β=0.0100) train_acc=0.709 val_loss=0.8152(ce=0.7466 kl=6.8554 β=0.0100) val_acc=0.737
2026-02-24 23:44:29,706 - INFO - epoch=95 train_loss=0.8891(ce=0.8244 kl=6.4650 β=0.0100) train_acc=0.709 val_loss=0.8049(ce=0.7397 kl=6.5251 β=0.0100) val_acc=0.739
2026-02-24 23:45:56,442 - INFO - epoch=96 train_loss=0.8862(ce=0.8217 kl=6.4498 β=0.0100) train_acc=0.710 val_loss=0.8086(ce=0.7447 kl=6.3871 β=0.0100) val_acc=0.738
2026-02-24 23:47:23,280 - INFO - epoch=97 train_loss=0.8848(ce=0.8202 kl=6.4666 β=0.0100) train_acc=0.711 val_loss=0.8051(ce=0.7368 kl=6.8300 β=0.0100) val_acc=0.739
2026-02-24 23:48:50,125 - INFO - epoch=98 train_loss=0.8828(ce=0.8180 kl=6.4787 β=0.0100) train_acc=0.711 val_loss=0.8037(ce=0.7388 kl=6.4899 β=0.0100) val_acc=0.738
2026-02-24 23:50:17,113 - INFO - epoch=99 train_loss=0.8802(ce=0.8156 kl=6.4600 β=0.0100) train_acc=0.712 val_loss=0.8006(ce=0.7356 kl=6.5013 β=0.0100) val_acc=0.740
2026-02-24 23:51:43,940 - INFO - epoch=100 train_loss=0.8792(ce=0.8146 kl=6.4625 β=0.0100) train_acc=0.712 val_loss=0.7998(ce=0.7342 kl=6.5591 β=0.0100) val_acc=0.741
2026-02-24 23:53:11,009 - INFO - epoch=101 train_loss=0.8770(ce=0.8125 kl=6.4533 β=0.0100) train_acc=0.712 val_loss=0.8002(ce=0.7329 kl=6.7242 β=0.0100) val_acc=0.740
2026-02-24 23:54:37,854 - INFO - epoch=102 train_loss=0.8751(ce=0.8104 kl=6.4688 β=0.0100) train_acc=0.713 val_loss=0.7974(ce=0.7310 kl=6.6462 β=0.0100) val_acc=0.742
2026-02-24 23:56:04,715 - INFO - epoch=103 train_loss=0.8732(ce=0.8087 kl=6.4539 β=0.0100) train_acc=0.714 val_loss=0.7968(ce=0.7315 kl=6.5335 β=0.0100) val_acc=0.741
2026-02-24 23:57:31,553 - INFO - epoch=104 train_loss=0.8718(ce=0.8069 kl=6.4843 β=0.0100) train_acc=0.714 val_loss=0.7935(ce=0.7277 kl=6.5802 β=0.0100) val_acc=0.743
2026-02-24 23:58:58,398 - INFO - epoch=105 train_loss=0.8701(ce=0.8057 kl=6.4381 β=0.0100) train_acc=0.714 val_loss=0.7949(ce=0.7267 kl=6.8200 β=0.0100) val_acc=0.742
2026-02-25 00:00:25,676 - INFO - epoch=106 train_loss=0.8689(ce=0.8043 kl=6.4598 β=0.0100) train_acc=0.715 val_loss=0.7910(ce=0.7251 kl=6.5933 β=0.0100) val_acc=0.743
2026-02-25 00:01:52,897 - INFO - epoch=107 train_loss=0.8659(ce=0.8012 kl=6.4702 β=0.0100) train_acc=0.716 val_loss=0.7908(ce=0.7248 kl=6.6052 β=0.0100) val_acc=0.743
2026-02-25 00:03:20,499 - INFO - epoch=108 train_loss=0.8652(ce=0.8005 kl=6.4654 β=0.0100) train_acc=0.716 val_loss=0.7879(ce=0.7218 kl=6.6146 β=0.0100) val_acc=0.744
2026-02-25 00:04:47,876 - INFO - epoch=109 train_loss=0.8639(ce=0.7993 kl=6.4528 β=0.0100) train_acc=0.716 val_loss=0.7898(ce=0.7234 kl=6.6418 β=0.0100) val_acc=0.744
2026-02-25 00:06:15,245 - INFO - epoch=110 train_loss=0.8631(ce=0.7988 kl=6.4376 β=0.0100) train_acc=0.717 val_loss=0.7903(ce=0.7258 kl=6.4567 β=0.0100) val_acc=0.743
2026-02-25 00:07:42,992 - INFO - epoch=111 train_loss=0.8616(ce=0.7972 kl=6.4422 β=0.0100) train_acc=0.717 val_loss=0.7895(ce=0.7248 kl=6.4729 β=0.0100) val_acc=0.743
2026-02-25 00:09:10,567 - INFO - epoch=112 train_loss=0.8605(ce=0.7959 kl=6.4648 β=0.0100) train_acc=0.717 val_loss=0.7843(ce=0.7200 kl=6.4336 β=0.0100) val_acc=0.745
2026-02-25 00:10:38,293 - INFO - epoch=113 train_loss=0.8588(ce=0.7942 kl=6.4683 β=0.0100) train_acc=0.718 val_loss=0.7890(ce=0.7242 kl=6.4886 β=0.0100) val_acc=0.743
2026-02-25 00:12:05,875 - INFO - epoch=114 train_loss=0.8575(ce=0.7928 kl=6.4709 β=0.0100) train_acc=0.718 val_loss=0.7896(ce=0.7233 kl=6.6307 β=0.0100) val_acc=0.744
2026-02-25 00:13:33,219 - INFO - epoch=115 train_loss=0.8565(ce=0.7919 kl=6.4646 β=0.0100) train_acc=0.719 val_loss=0.7858(ce=0.7190 kl=6.6754 β=0.0100) val_acc=0.745
2026-02-25 00:15:00,574 - INFO - epoch=116 train_loss=0.8544(ce=0.7900 kl=6.4436 β=0.0100) train_acc=0.719 val_loss=0.7867(ce=0.7181 kl=6.8674 β=0.0100) val_acc=0.745
2026-02-25 00:16:28,055 - INFO - epoch=117 train_loss=0.8537(ce=0.7890 kl=6.4658 β=0.0100) train_acc=0.720 val_loss=0.7858(ce=0.7184 kl=6.7463 β=0.0100) val_acc=0.746
2026-02-25 00:17:56,055 - INFO - epoch=118 train_loss=0.8525(ce=0.7878 kl=6.4698 β=0.0100) train_acc=0.720 val_loss=0.7805(ce=0.7137 kl=6.6852 β=0.0100) val_acc=0.747
2026-02-25 00:19:24,319 - INFO - epoch=119 train_loss=0.8512(ce=0.7865 kl=6.4714 β=0.0100) train_acc=0.720 val_loss=0.7868(ce=0.7158 kl=7.0950 β=0.0100) val_acc=0.747
2026-02-25 00:20:52,404 - INFO - epoch=120 train_loss=0.8505(ce=0.7858 kl=6.4726 β=0.0100) train_acc=0.720 val_loss=0.7806(ce=0.7151 kl=6.5419 β=0.0100) val_acc=0.746
2026-02-25 00:20:52,570 - INFO - saved: _sync/wsa/pi_verify/20260224_porto_beta_vae32_flowmu_s0/A1_beta_vae32_ae/report.json

