/home/jinlin/miniconda3/envs/dpl/lib/python3.11/site-packages/torch/nn/modules/transformer.py:392: UserWarning: enable_nested_tensor is True, but self.use_nested_tensor is False because encoder_layer.norm_first was True
  warnings.warn(
[city0] start n_routes=5000 K=16
[city0] done=100/5000 sample_sr=0.4562
[city0] done=200/5000 sample_sr=0.4763
[city0] done=300/5000 sample_sr=0.4673
[city0] done=400/5000 sample_sr=0.4656
[city0] done=500/5000 sample_sr=0.4705
[city0] done=600/5000 sample_sr=0.4664
[city0] done=700/5000 sample_sr=0.4641
[city0] done=800/5000 sample_sr=0.4618
[city0] done=900/5000 sample_sr=0.4606
[city0] done=1000/5000 sample_sr=0.4481
[city0] done=1100/5000 sample_sr=0.4505
[city0] done=1200/5000 sample_sr=0.4519
[city0] done=1300/5000 sample_sr=0.4525
[city0] done=1400/5000 sample_sr=0.4483
[city0] done=1500/5000 sample_sr=0.4472
[city0] done=1600/5000 sample_sr=0.4518
[city0] done=1700/5000 sample_sr=0.4524
[city0] done=1800/5000 sample_sr=0.4502
[city0] done=1900/5000 sample_sr=0.4493
[city0] done=2000/5000 sample_sr=0.4487
[city0] done=2100/5000 sample_sr=0.4484
[city0] done=2200/5000 sample_sr=0.4479
[city0] done=2300/5000 sample_sr=0.4498
[city0] done=2400/5000 sample_sr=0.4515
[city0] done=2500/5000 sample_sr=0.4503
[city0] done=2600/5000 sample_sr=0.4511
[city0] done=2700/5000 sample_sr=0.4507
[city0] done=2800/5000 sample_sr=0.4531
[city0] done=2900/5000 sample_sr=0.4525
[city0] done=3000/5000 sample_sr=0.4541
[city0] done=3100/5000 sample_sr=0.4561
[city0] done=3200/5000 sample_sr=0.4539
[city0] done=3300/5000 sample_sr=0.4530
[city0] done=3400/5000 sample_sr=0.4505
[city0] done=3500/5000 sample_sr=0.4507
[city0] done=3600/5000 sample_sr=0.4509
[city0] done=3700/5000 sample_sr=0.4527
[city0] done=3800/5000 sample_sr=0.4522
[city0] done=3900/5000 sample_sr=0.4510
[city0] done=4000/5000 sample_sr=0.4512
[city0] done=4100/5000 sample_sr=0.4528
[city0] done=4200/5000 sample_sr=0.4555
[city0] done=4300/5000 sample_sr=0.4540
[city0] done=4400/5000 sample_sr=0.4531
[city0] done=4500/5000 sample_sr=0.4519
[city0] done=4600/5000 sample_sr=0.4518
[city0] done=4700/5000 sample_sr=0.4501
[city0] done=4800/5000 sample_sr=0.4498
[city0] done=4900/5000 sample_sr=0.4492
[city0] done=5000/5000 sample_sr=0.4471
[OK] saved flat per_route: _sync/wsa/pi_verify/20260222_porto_tf_cov_noise01_k16_s0/tf_cov_noise01_k16_cand32_n5000_flat.json
[OK] saved: _sync/wsa/pi_verify/20260222_porto_tf_cov_noise01_k16_s0/tf_cov_noise01_k16_cand32_n5000.json
Teacher-Forcing Probe | sample_arrival=0.4471 | route_any_success=0.4584 | coverage_mean=0.0746 | div_mean=0.0300 | n_od=154
