2026-01-16 08:40:46,205 - INFO - device=cuda
2026-01-16 08:40:46,217 - INFO - routes: total=7501 train=6751 val=750 max_way_len=160
/home/jinlin/miniconda3/envs/dpl/lib/python3.11/site-packages/torch/nn/modules/transformer.py:392: UserWarning: enable_nested_tensor is True, but self.use_nested_tensor is False because encoder_layer.norm_first was True
  warnings.warn(
2026-01-16 08:40:48,613 - INFO - epoch=1 train_loss=7.4800 val_loss=6.3640
2026-01-16 08:40:49,525 - INFO - epoch=2 train_loss=6.2559 val_loss=5.8646
2026-01-16 08:40:50,474 - INFO - epoch=3 train_loss=5.9576 val_loss=5.7197
2026-01-16 08:40:51,410 - INFO - epoch=4 train_loss=5.8276 val_loss=5.5980
2026-01-16 08:40:52,305 - INFO - epoch=5 train_loss=5.7183 val_loss=5.5174
2026-01-16 08:40:53,205 - INFO - epoch=6 train_loss=5.6986 val_loss=5.4450
2026-01-16 08:40:54,109 - INFO - epoch=7 train_loss=5.6649 val_loss=5.4778
2026-01-16 08:40:54,983 - INFO - epoch=8 train_loss=5.6188 val_loss=5.4237
2026-01-16 08:40:55,932 - INFO - epoch=9 train_loss=5.5801 val_loss=5.3632
2026-01-16 08:40:56,853 - INFO - epoch=10 train_loss=5.5478 val_loss=5.3285
2026-01-16 08:40:57,749 - INFO - epoch=11 train_loss=5.5293 val_loss=5.3214
2026-01-16 08:40:58,686 - INFO - epoch=12 train_loss=5.5162 val_loss=5.3042
2026-01-16 08:40:59,619 - INFO - epoch=13 train_loss=5.4879 val_loss=5.2915
2026-01-16 08:41:00,556 - INFO - epoch=14 train_loss=5.4978 val_loss=5.2585
2026-01-16 08:41:01,466 - INFO - epoch=15 train_loss=5.4562 val_loss=5.2357
2026-01-16 08:41:02,371 - INFO - epoch=16 train_loss=5.4510 val_loss=5.2617
2026-01-16 08:41:03,249 - INFO - epoch=17 train_loss=5.4275 val_loss=5.2133
2026-01-16 08:41:04,159 - INFO - epoch=18 train_loss=5.4066 val_loss=5.1813
2026-01-16 08:41:05,091 - INFO - epoch=19 train_loss=5.4006 val_loss=5.1909
2026-01-16 08:41:05,984 - INFO - epoch=20 train_loss=5.3699 val_loss=5.1801
2026-01-16 08:41:06,928 - INFO - epoch=21 train_loss=5.3412 val_loss=5.1920
2026-01-16 08:41:07,801 - INFO - epoch=22 train_loss=5.3282 val_loss=5.1516
2026-01-16 08:41:08,709 - INFO - epoch=23 train_loss=5.3234 val_loss=5.1023
2026-01-16 08:41:09,640 - INFO - epoch=24 train_loss=5.3069 val_loss=5.1312
2026-01-16 08:41:10,514 - INFO - epoch=25 train_loss=5.2857 val_loss=5.0903
2026-01-16 08:41:11,400 - INFO - epoch=26 train_loss=5.2712 val_loss=5.0801
2026-01-16 08:41:12,343 - INFO - epoch=27 train_loss=5.2774 val_loss=5.0679
2026-01-16 08:41:13,240 - INFO - epoch=28 train_loss=5.2572 val_loss=5.0730
2026-01-16 08:41:14,120 - INFO - epoch=29 train_loss=5.2415 val_loss=5.0309
2026-01-16 08:41:15,039 - INFO - epoch=30 train_loss=5.2002 val_loss=5.0200
2026-01-16 08:41:15,957 - INFO - epoch=31 train_loss=5.1813 val_loss=4.9961
2026-01-16 08:41:16,859 - INFO - epoch=32 train_loss=5.1867 val_loss=4.9841
2026-01-16 08:41:17,784 - INFO - epoch=33 train_loss=5.1849 val_loss=4.9920
2026-01-16 08:41:18,695 - INFO - epoch=34 train_loss=5.1774 val_loss=4.9803
2026-01-16 08:41:19,622 - INFO - epoch=35 train_loss=5.1405 val_loss=4.9400
2026-01-16 08:41:20,527 - INFO - epoch=36 train_loss=5.1358 val_loss=5.0011
2026-01-16 08:41:21,432 - INFO - epoch=37 train_loss=5.1087 val_loss=4.9613
2026-01-16 08:41:22,319 - INFO - epoch=38 train_loss=5.0856 val_loss=4.9137
2026-01-16 08:41:23,240 - INFO - epoch=39 train_loss=5.0942 val_loss=4.9047
2026-01-16 08:41:24,168 - INFO - epoch=40 train_loss=5.0864 val_loss=4.8925
2026-01-16 08:41:25,103 - INFO - epoch=41 train_loss=5.0692 val_loss=4.8620
2026-01-16 08:41:26,019 - INFO - epoch=42 train_loss=5.0457 val_loss=4.8559
2026-01-16 08:41:26,988 - INFO - epoch=43 train_loss=5.0266 val_loss=4.8101
2026-01-16 08:41:27,925 - INFO - epoch=44 train_loss=5.0179 val_loss=4.8077
2026-01-16 08:41:28,855 - INFO - epoch=45 train_loss=5.0032 val_loss=4.7958
2026-01-16 08:41:29,748 - INFO - epoch=46 train_loss=4.9887 val_loss=4.7949
2026-01-16 08:41:30,672 - INFO - epoch=47 train_loss=4.9704 val_loss=4.7951
2026-01-16 08:41:31,567 - INFO - epoch=48 train_loss=4.9474 val_loss=4.7878
2026-01-16 08:41:32,507 - INFO - epoch=49 train_loss=4.9397 val_loss=4.7544
2026-01-16 08:41:33,417 - INFO - epoch=50 train_loss=4.9378 val_loss=4.7458
2026-01-16 08:41:34,350 - INFO - epoch=51 train_loss=4.9248 val_loss=4.7357
2026-01-16 08:41:35,277 - INFO - epoch=52 train_loss=4.9186 val_loss=4.7447
2026-01-16 08:41:36,151 - INFO - epoch=53 train_loss=4.8928 val_loss=4.7447
2026-01-16 08:41:37,076 - INFO - epoch=54 train_loss=4.8927 val_loss=4.7045
2026-01-16 08:41:38,007 - INFO - epoch=55 train_loss=4.8742 val_loss=4.7028
2026-01-16 08:41:38,940 - INFO - epoch=56 train_loss=4.8693 val_loss=4.6827
2026-01-16 08:41:39,862 - INFO - epoch=57 train_loss=4.8618 val_loss=4.6558
2026-01-16 08:41:40,773 - INFO - epoch=58 train_loss=4.8376 val_loss=4.6826
2026-01-16 08:41:41,673 - INFO - epoch=59 train_loss=4.8237 val_loss=4.6484
2026-01-16 08:41:42,636 - INFO - epoch=60 train_loss=4.8083 val_loss=4.6604
2026-01-16 08:41:42,637 - INFO - saved: /home/jinlin/data/geoexplicit_data/experiments/icml2026_routegen/WAYCASD1_waydata_rustbelt_seed0/W7_train_flow_ep60/report.json
